
running 11 tests
test a_ballot_and_an_uncoloured_collapse_do_not_fabricate_a_movement_takeover ... ok
test a9_four_coups_in_five_strike_nations_under_8000_a_head ... ok
A9: 193/193 = 1.000 of coups in nations under $8,000 a head
A4: median 1990 regimes electoral at end-1996 15
s0 coupEl 10 annul 3 regCoup 10 take [0, 0, 13, 1, 0] upr [1, 0, 2, 1, 0, 8] open96 14 a6 0/1 big8 8 poor 23/23 a10 +0.333 top3 0.60
s1 coupEl 5 annul 2 regCoup 7 take [0, 0, 8, 1, 1] upr [0, 0, 2, 1, 1, 7] open96 13 a6 0/1 big8 8 poor 14/14 a10 +0.331 top3 0.60
s2 coupEl 7 annul 2 regCoup 7 take [0, 0, 10, 1, 1] upr [0, 0, 2, 1, 1, 4] open96 17 a6 0/1 big8 8 poor 16/16 a10 +0.357 top3 0.71
s3 coupEl 7 annul 2 regCoup 5 take [0, 0, 9, 0, 1] upr [0, 0, 1, 0, 1, 4] open96 14 a6 0/1 big8 8 poor 14/14 a10 +0.336 top3 0.43
s4 coupEl 7 annul 3 regCoup 4 take [0, 0, 10, 0, 1] upr [2, 0, 1, 0, 1, 3] open96 15 a6 0/1 big8 8 poor 14/14 a10 +0.336 top3 0.57
s5 coupEl 8 annul 3 regCoup 6 take [0, 0, 9, 1, 1] upr [2, 0, 0, 1, 1, 8] open96 16 a6 0/1 big8 8 poor 17/17 a10 +0.301 top3 0.62
s6 coupEl 8 annul 3 regCoup 7 take [0, 0, 13, 1, 0] upr [0, 0, 3, 1, 0, 8] open96 14 a6 0/1 big8 8 poor 18/18 a10 +0.354 top3 0.62
s7 coupEl 7 annul 3 regCoup 7 take [0, 0, 10, 1, 1] upr [1, 0, 2, 1, 1, 7] open96 16 a6 0/1 big8 8 poor 17/17 a10 +0.310 top3 0.57
s8 coupEl 7 annul 2 regCoup 4 take [0, 0, 8, 1, 1] upr [0, 0, 1, 1, 1, 3] open96 18 a6 0/1 big8 8 poor 13/13 a10 +0.339 top3 0.43
s9 coupEl 7 annul 2 regCoup 7 take [0, 0, 9, 0, 1] upr [0, 0, 1, 0, 1, 5] open96 15 a6 0/1 big8 8 poor 16/16 a10 +0.336 top3 0.57
s10 coupEl 8 annul 2 regCoup 6 take [0, 0, 10, 1, 1] upr [2, 0, 1, 1, 1, 7] open96 17 a6 0/1 big8 8 poor 16/16 a10 +0.336 top3 0.62
s11 coupEl 6 annul 2 regCoup 7 take [0, 0, 8, 1, 1] upr [0, 0, 1, 1, 1, 7] open96 15 a6 0/1 big8 8 poor 15/15 a10 +0.327 top3 0.50
test a4_the_democratisation_wave_opens_fifteen_regimes_by_1996 ... ok
A5: 12/12 seeds with a flagged successor party led back into government by ballot in >= 3 ex-communist states by 1996
s0 coupEl 10 annul 3 regCoup 10 take [0, 0, 13, 1, 0] upr [1, 0, 2, 1, 0, 8] open96 14 a6 0/1 big8 8 poor 23/23 a10 +0.333 top3 0.60
s1 coupEl 5 annul 2 regCoup 7 take [0, 0, 8, 1, 1] upr [0, 0, 2, 1, 1, 7] open96 13 a6 0/1 big8 8 poor 14/14 a10 +0.331 top3 0.60
s2 coupEl 7 annul 2 regCoup 7 take [0, 0, 10, 1, 1] upr [0, 0, 2, 1, 1, 4] open96 17 a6 0/1 big8 8 poor 16/16 a10 +0.357 top3 0.71
s3 coupEl 7 annul 2 regCoup 5 take [0, 0, 9, 0, 1] upr [0, 0, 1, 0, 1, 4] open96 14 a6 0/1 big8 8 poor 14/14 a10 +0.336 top3 0.43
s4 coupEl 7 annul 3 regCoup 4 take [0, 0, 10, 0, 1] upr [2, 0, 1, 0, 1, 3] open96 15 a6 0/1 big8 8 poor 14/14 a10 +0.336 top3 0.57
s5 coupEl 8 annul 3 regCoup 6 take [0, 0, 9, 1, 1] upr [2, 0, 0, 1, 1, 8] open96 16 a6 0/1 big8 8 poor 17/17 a10 +0.301 top3 0.62
s6 coupEl 8 annul 3 regCoup 7 take [0, 0, 13, 1, 0] upr [0, 0, 3, 1, 0, 8] open96 14 a6 0/1 big8 8 poor 18/18 a10 +0.354 top3 0.62
s7 coupEl 7 annul 3 regCoup 7 take [0, 0, 10, 1, 1] upr [1, 0, 2, 1, 1, 7] open96 16 a6 0/1 big8 8 poor 17/17 a10 +0.310 top3 0.57
s8 coupEl 7 annul 2 regCoup 4 take [0, 0, 8, 1, 1] upr [0, 0, 1, 1, 1, 3] open96 18 a6 0/1 big8 8 poor 13/13 a10 +0.339 top3 0.43
s9 coupEl 7 annul 2 regCoup 7 take [0, 0, 9, 0, 1] upr [0, 0, 1, 0, 1, 5] open96 15 a6 0/1 big8 8 poor 16/16 a10 +0.336 top3 0.57
s10 coupEl 8 annul 2 regCoup 6 take [0, 0, 10, 1, 1] upr [2, 0, 1, 1, 1, 7] open96 17 a6 0/1 big8 8 poor 16/16 a10 +0.336 top3 0.62
s11 coupEl 6 annul 2 regCoup 7 take [0, 0, 8, 1, 1] upr [0, 0, 1, 1, 1, 7] open96 15 a6 0/1 big8 8 poor 15/15 a10 +0.327 top3 0.50
test a5_ex_communists_return_by_ballot_in_most_seeds ... ok
A10: median discontent lead 0.336 over 12 seeds ([0.33341456126668745, 0.33104810396799245, 0.35670630425800604, 0.33577484778301514, 0.3357723098778521, 0.3007995143443215, 0.35432617767836094, 0.31010827116205064, 0.3386345352567025, 0.3360175856984459, 0.3363010949676545, 0.32729452049986185])
test a10_discontent_leads_the_roster_by_a_quarter_before_a_takeover ... ok
A2: 8/12 seeds; Algeria Islamist 0/12 annulled 12/12
s0 coupEl 10 annul 3 regCoup 10 take [0, 0, 13, 1, 0] upr [1, 0, 2, 1, 0, 8] open96 14 a6 0/1 big8 8 poor 23/23 a10 +0.333 top3 0.60
s1 coupEl 5 annul 2 regCoup 7 take [0, 0, 8, 1, 1] upr [0, 0, 2, 1, 1, 7] open96 13 a6 0/1 big8 8 poor 14/14 a10 +0.331 top3 0.60
s2 coupEl 7 annul 2 regCoup 7 take [0, 0, 10, 1, 1] upr [0, 0, 2, 1, 1, 4] open96 17 a6 0/1 big8 8 poor 16/16 a10 +0.357 top3 0.71
s3 coupEl 7 annul 2 regCoup 5 take [0, 0, 9, 0, 1] upr [0, 0, 1, 0, 1, 4] open96 14 a6 0/1 big8 8 poor 14/14 a10 +0.336 top3 0.43
s4 coupEl 7 annul 3 regCoup 4 take [0, 0, 10, 0, 1] upr [2, 0, 1, 0, 1, 3] open96 15 a6 0/1 big8 8 poor 14/14 a10 +0.336 top3 0.57
s5 coupEl 8 annul 3 regCoup 6 take [0, 0, 9, 1, 1] upr [2, 0, 0, 1, 1, 8] open96 16 a6 0/1 big8 8 poor 17/17 a10 +0.301 top3 0.62
s6 coupEl 8 annul 3 regCoup 7 take [0, 0, 13, 1, 0] upr [0, 0, 3, 1, 0, 8] open96 14 a6 0/1 big8 8 poor 18/18 a10 +0.354 top3 0.62
s7 coupEl 7 annul 3 regCoup 7 take [0, 0, 10, 1, 1] upr [1, 0, 2, 1, 1, 7] open96 16 a6 0/1 big8 8 poor 17/17 a10 +0.310 top3 0.57
s8 coupEl 7 annul 2 regCoup 4 take [0, 0, 8, 1, 1] upr [0, 0, 1, 1, 1, 3] open96 18 a6 0/1 big8 8 poor 13/13 a10 +0.339 top3 0.43
s9 coupEl 7 annul 2 regCoup 7 take [0, 0, 9, 0, 1] upr [0, 0, 1, 0, 1, 5] open96 15 a6 0/1 big8 8 poor 16/16 a10 +0.336 top3 0.57
s10 coupEl 8 annul 2 regCoup 6 take [0, 0, 10, 1, 1] upr [2, 0, 1, 1, 1, 7] open96 17 a6 0/1 big8 8 poor 16/16 a10 +0.336 top3 0.62
s11 coupEl 6 annul 2 regCoup 7 take [0, 0, 8, 1, 1] upr [0, 0, 1, 1, 1, 7] open96 15 a6 0/1 big8 8 poor 15/15 a10 +0.327 top3 0.50
test a2_an_islamist_takeover_without_a_ballot_in_most_seeds_by_2000 ... ok
A7: median ballot-flips / takeovers 7.893 ([8.428571428571429, 10.3, 5.083333333333333, 5.9, 5.2727272727272725, 10.909090909090908, 7.785714285714286, 8.0, 7.3, 5.8, 9.416666666666666, 12.1])
s0 coupEl 10 annul 3 regCoup 10 take [0, 0, 13, 1, 0] upr [1, 0, 2, 1, 0, 8] open96 14 a6 0/1 big8 8 poor 23/23 a10 +0.333 top3 0.60
s1 coupEl 5 annul 2 regCoup 7 take [0, 0, 8, 1, 1] upr [0, 0, 2, 1, 1, 7] open96 13 a6 0/1 big8 8 poor 14/14 a10 +0.331 top3 0.60
s2 coupEl 7 annul 2 regCoup 7 take [0, 0, 10, 1, 1] upr [0, 0, 2, 1, 1, 4] open96 17 a6 0/1 big8 8 poor 16/16 a10 +0.357 top3 0.71
s3 coupEl 7 annul 2 regCoup 5 take [0, 0, 9, 0, 1] upr [0, 0, 1, 0, 1, 4] open96 14 a6 0/1 big8 8 poor 14/14 a10 +0.336 top3 0.43
s4 coupEl 7 annul 3 regCoup 4 take [0, 0, 10, 0, 1] upr [2, 0, 1, 0, 1, 3] open96 15 a6 0/1 big8 8 poor 14/14 a10 +0.336 top3 0.57
s5 coupEl 8 annul 3 regCoup 6 take [0, 0, 9, 1, 1] upr [2, 0, 0, 1, 1, 8] open96 16 a6 0/1 big8 8 poor 17/17 a10 +0.301 top3 0.62
s6 coupEl 8 annul 3 regCoup 7 take [0, 0, 13, 1, 0] upr [0, 0, 3, 1, 0, 8] open96 14 a6 0/1 big8 8 poor 18/18 a10 +0.354 top3 0.62
s7 coupEl 7 annul 3 regCoup 7 take [0, 0, 10, 1, 1] upr [1, 0, 2, 1, 1, 7] open96 16 a6 0/1 big8 8 poor 17/17 a10 +0.310 top3 0.57
s8 coupEl 7 annul 2 regCoup 4 take [0, 0, 8, 1, 1] upr [0, 0, 1, 1, 1, 3] open96 18 a6 0/1 big8 8 poor 13/13 a10 +0.339 top3 0.43
s9 coupEl 7 annul 2 regCoup 7 take [0, 0, 9, 0, 1] upr [0, 0, 1, 0, 1, 5] open96 15 a6 0/1 big8 8 poor 16/16 a10 +0.336 top3 0.57
s10 coupEl 8 annul 2 regCoup 6 take [0, 0, 10, 1, 1] upr [2, 0, 1, 1, 1, 7] open96 17 a6 0/1 big8 8 poor 16/16 a10 +0.336 top3 0.62
s11 coupEl 6 annul 2 regCoup 7 take [0, 0, 8, 1, 1] upr [0, 0, 1, 1, 1, 7] open96 15 a6 0/1 big8 8 poor 15/15 a10 +0.327 top3 0.50
test a7_ballots_flip_the_ruling_bloc_three_times_as_often_as_takeovers ... ok
A1: median coups 7 top-3 share median 0.59
s0 coupEl 10 annul 3 regCoup 10 take [0, 0, 13, 1, 0] upr [1, 0, 2, 1, 0, 8] open96 14 a6 0/1 big8 8 poor 23/23 a10 +0.333 top3 0.60
s1 coupEl 5 annul 2 regCoup 7 take [0, 0, 8, 1, 1] upr [0, 0, 2, 1, 1, 7] open96 13 a6 0/1 big8 8 poor 14/14 a10 +0.331 top3 0.60
s2 coupEl 7 annul 2 regCoup 7 take [0, 0, 10, 1, 1] upr [0, 0, 2, 1, 1, 4] open96 17 a6 0/1 big8 8 poor 16/16 a10 +0.357 top3 0.71
s3 coupEl 7 annul 2 regCoup 5 take [0, 0, 9, 0, 1] upr [0, 0, 1, 0, 1, 4] open96 14 a6 0/1 big8 8 poor 14/14 a10 +0.336 top3 0.43
s4 coupEl 7 annul 3 regCoup 4 take [0, 0, 10, 0, 1] upr [2, 0, 1, 0, 1, 3] open96 15 a6 0/1 big8 8 poor 14/14 a10 +0.336 top3 0.57
s5 coupEl 8 annul 3 regCoup 6 take [0, 0, 9, 1, 1] upr [2, 0, 0, 1, 1, 8] open96 16 a6 0/1 big8 8 poor 17/17 a10 +0.301 top3 0.62
s6 coupEl 8 annul 3 regCoup 7 take [0, 0, 13, 1, 0] upr [0, 0, 3, 1, 0, 8] open96 14 a6 0/1 big8 8 poor 18/18 a10 +0.354 top3 0.62
s7 coupEl 7 annul 3 regCoup 7 take [0, 0, 10, 1, 1] upr [1, 0, 2, 1, 1, 7] open96 16 a6 0/1 big8 8 poor 17/17 a10 +0.310 top3 0.57
s8 coupEl 7 annul 2 regCoup 4 take [0, 0, 8, 1, 1] upr [0, 0, 1, 1, 1, 3] open96 18 a6 0/1 big8 8 poor 13/13 a10 +0.339 top3 0.43
s9 coupEl 7 annul 2 regCoup 7 take [0, 0, 9, 0, 1] upr [0, 0, 1, 0, 1, 5] open96 15 a6 0/1 big8 8 poor 16/16 a10 +0.336 top3 0.57
s10 coupEl 8 annul 2 regCoup 6 take [0, 0, 10, 1, 1] upr [2, 0, 1, 1, 1, 7] open96 17 a6 0/1 big8 8 poor 16/16 a10 +0.336 top3 0.62
s11 coupEl 6 annul 2 regCoup 7 take [0, 0, 8, 1, 1] upr [0, 0, 1, 1, 1, 7] open96 15 a6 0/1 big8 8 poor 15/15 a10 +0.327 top3 0.50

thread 'a1_coups_against_elected_governments_are_spread_not_three_micro_polities' (31572) panicked at spheres-sim\tests\bloc_census.rs:992:5:
three nations hold 0.59 of a seed's coups
note: run with `RUST_BACKTRACE=1` environment variable to display a backtrace
test a1_coups_against_elected_governments_are_spread_not_three_micro_polities ... FAILED
A3: 1/20 seeds with a Communist non-ballot takeover
test a3_a_communist_takeover_without_a_ballot_is_rare ... ok
s0 coupEl 10 annul 3 regCoup 10 take [0, 0, 13, 1, 0] upr [1, 0, 2, 1, 0, 8] open96 14 a6 0/1 big8 8 poor 23/23 a10 +0.333 top3 0.60
s1 coupEl 5 annul 2 regCoup 7 take [0, 0, 8, 1, 1] upr [0, 0, 2, 1, 1, 7] open96 13 a6 0/1 big8 8 poor 14/14 a10 +0.331 top3 0.60
s2 coupEl 7 annul 2 regCoup 7 take [0, 0, 10, 1, 1] upr [0, 0, 2, 1, 1, 4] open96 17 a6 0/1 big8 8 poor 16/16 a10 +0.357 top3 0.71
s3 coupEl 7 annul 2 regCoup 5 take [0, 0, 9, 0, 1] upr [0, 0, 1, 0, 1, 4] open96 14 a6 0/1 big8 8 poor 14/14 a10 +0.336 top3 0.43
s4 coupEl 7 annul 3 regCoup 4 take [0, 0, 10, 0, 1] upr [2, 0, 1, 0, 1, 3] open96 15 a6 0/1 big8 8 poor 14/14 a10 +0.336 top3 0.57
s5 coupEl 8 annul 3 regCoup 6 take [0, 0, 9, 1, 1] upr [2, 0, 0, 1, 1, 8] open96 16 a6 0/1 big8 8 poor 17/17 a10 +0.301 top3 0.62
s6 coupEl 8 annul 3 regCoup 7 take [0, 0, 13, 1, 0] upr [0, 0, 3, 1, 0, 8] open96 14 a6 0/1 big8 8 poor 18/18 a10 +0.354 top3 0.62
s7 coupEl 7 annul 3 regCoup 7 take [0, 0, 10, 1, 1] upr [1, 0, 2, 1, 1, 7] open96 16 a6 0/1 big8 8 poor 17/17 a10 +0.310 top3 0.57
s8 coupEl 7 annul 2 regCoup 4 take [0, 0, 8, 1, 1] upr [0, 0, 1, 1, 1, 3] open96 18 a6 0/1 big8 8 poor 13/13 a10 +0.339 top3 0.43
s9 coupEl 7 annul 2 regCoup 7 take [0, 0, 9, 0, 1] upr [0, 0, 1, 0, 1, 5] open96 15 a6 0/1 big8 8 poor 16/16 a10 +0.336 top3 0.57
s10 coupEl 8 annul 2 regCoup 6 take [0, 0, 10, 1, 1] upr [2, 0, 1, 1, 1, 7] open96 17 a6 0/1 big8 8 poor 16/16 a10 +0.336 top3 0.62
s11 coupEl 6 annul 2 regCoup 7 take [0, 0, 8, 1, 1] upr [0, 0, 1, 1, 1, 7] open96 15 a6 0/1 big8 8 poor 15/15 a10 +0.327 top3 0.50
s12 coupEl 9 annul 2 regCoup 4 take [0, 0, 12, 0, 1] upr [1, 0, 2, 0, 1, 3] open96 18 a6 0/1 big8 8 poor 15/15 a10 +0.318 top3 0.67
s13 coupEl 9 annul 2 regCoup 6 take [0, 1, 13, 1, 0] upr [0, 1, 3, 1, 0, 8] open96 15 a6 0/1 big8 8 poor 17/17 a10 +0.345 top3 0.67
s14 coupEl 9 annul 2 regCoup 7 take [0, 0, 9, 1, 1] upr [0, 0, 0, 1, 1, 7] open96 15 a6 0/1 big8 8 poor 18/18 a10 +0.363 top3 0.56
s15 coupEl 8 annul 2 regCoup 5 take [0, 0, 9, 0, 1] upr [0, 0, 1, 0, 1, 3] open96 18 a6 0/1 big8 8 poor 15/15 a10 +0.343 top3 0.50
s16 coupEl 7 annul 2 regCoup 5 take [0, 0, 8, 0, 1] upr [0, 0, 1, 0, 1, 3] open96 17 a6 0/1 big8 8 poor 14/14 a10 +0.317 top3 0.43
s17 coupEl 9 annul 4 regCoup 8 take [0, 0, 11, 1, 0] upr [1, 0, 1, 1, 0, 8] open96 15 a6 0/1 big8 8 poor 21/21 a10 +0.293 top3 0.56
s18 coupEl 7 annul 2 regCoup 5 take [0, 0, 11, 0, 1] upr [1, 0, 3, 0, 1, 3] open96 15 a6 0/1 big8 8 poor 14/14 a10 +0.368 top3 0.57
s19 coupEl 7 annul 2 regCoup 7 take [0, 0, 10, 1, 1] upr [2, 0, 2, 1, 1, 7] open96 16 a6 0/1 big8 8 poor 16/16 a10 +0.342 top3 0.57
A6 at 420 months: route events 0 in 12/12 seeds; pre-existing collapses beside [1, 1, 1, 1, 1, 1, 1, 1, 1, 1, 1, 1]
test a6_no_road_reaches_a_1990_democracy_in_thirty_five_years ... ok
A8: 40/40 seeds keep >= 6 of 8; per seed [8, 8, 8, 8, 8, 8, 8, 8, 8, 8, 8, 8, 8, 8, 8, 8, 8, 8, 8, 8, 8, 8, 8, 8, 8, 8, 8, 8, 8, 8, 8, 8, 8, 8, 8, 8, 8, 8, 8, 8]
test a8_six_of_the_eight_big_regimes_keep_their_bloc_in_most_seeds ... ok

failures:

failures:
    a1_coups_against_elected_governments_are_spread_not_three_micro_polities

test result: FAILED. 10 passed; 1 failed; 0 ignored; 0 measured; 1 filtered out; finished in 31.01s

