
running 1 test
S22 diagnosis day 1/31: 1 Jan 2015 -> 2 Jan 2015, observed 475.748 ms, native 556.656 ms; exact world/headlines
S22 diagnosis day 2/31: 2 Jan 2015 -> 3 Jan 2015, observed 324.289 ms, native 310.290 ms; exact world/headlines
S22 diagnosis day 3/31: 3 Jan 2015 -> 4 Jan 2015, observed 348.992 ms, native 334.398 ms; exact world/headlines
S22 diagnosis day 4/31: 4 Jan 2015 -> 5 Jan 2015, observed 244.831 ms, native 274.831 ms; exact world/headlines
S22 diagnosis day 5/31: 5 Jan 2015 -> 6 Jan 2015, observed 326.197 ms, native 336.011 ms; exact world/headlines
S22 diagnosis day 6/31: 6 Jan 2015 -> 7 Jan 2015, observed 287.829 ms, native 234.858 ms; exact world/headlines
S22 diagnosis day 7/31: 7 Jan 2015 -> 8 Jan 2015, observed 262.956 ms, native 247.585 ms; exact world/headlines
S22 diagnosis day 8/31: 8 Jan 2015 -> 9 Jan 2015, observed 347.208 ms, native 346.477 ms; exact world/headlines
S22 diagnosis day 9/31: 9 Jan 2015 -> 10 Jan 2015, observed 350.085 ms, native 360.335 ms; exact world/headlines
S22 diagnosis day 10/31: 10 Jan 2015 -> 11 Jan 2015, observed 347.611 ms, native 347.623 ms; exact world/headlines
S22 diagnosis day 11/31: 11 Jan 2015 -> 12 Jan 2015, observed 354.412 ms, native 354.510 ms; exact world/headlines
S22 diagnosis day 12/31: 12 Jan 2015 -> 13 Jan 2015, observed 391.187 ms, native 365.225 ms; exact world/headlines
S22 diagnosis day 13/31: 13 Jan 2015 -> 14 Jan 2015, observed 339.641 ms, native 337.119 ms; exact world/headlines
S22 diagnosis day 14/31: 14 Jan 2015 -> 15 Jan 2015, observed 347.811 ms, native 355.577 ms; exact world/headlines
S22 diagnosis day 15/31: 15 Jan 2015 -> 16 Jan 2015, observed 328.853 ms, native 325.976 ms; exact world/headlines
S22 diagnosis day 16/31: 16 Jan 2015 -> 17 Jan 2015, observed 341.020 ms, native 334.896 ms; exact world/headlines
S22 diagnosis day 17/31: 17 Jan 2015 -> 18 Jan 2015, observed 486.517 ms, native 481.923 ms; exact world/headlines
S22 diagnosis day 18/31: 18 Jan 2015 -> 19 Jan 2015, observed 309.997 ms, native 320.731 ms; exact world/headlines
S22 diagnosis day 19/31: 19 Jan 2015 -> 20 Jan 2015, observed 307.369 ms, native 325.620 ms; exact world/headlines
S22 diagnosis day 20/31: 20 Jan 2015 -> 21 Jan 2015, observed 292.729 ms, native 324.032 ms; exact world/headlines
S22 diagnosis day 21/31: 21 Jan 2015 -> 22 Jan 2015, observed 314.472 ms, native 300.970 ms; exact world/headlines
S22 diagnosis day 22/31: 22 Jan 2015 -> 23 Jan 2015, observed 336.976 ms, native 303.598 ms; exact world/headlines
S22 diagnosis day 23/31: 23 Jan 2015 -> 24 Jan 2015, observed 352.237 ms, native 344.992 ms; exact world/headlines
S22 diagnosis day 24/31: 24 Jan 2015 -> 25 Jan 2015, observed 347.537 ms, native 336.296 ms; exact world/headlines
S22 diagnosis day 25/31: 25 Jan 2015 -> 26 Jan 2015, observed 324.525 ms, native 355.318 ms; exact world/headlines
S22 diagnosis day 26/31: 26 Jan 2015 -> 27 Jan 2015, observed 338.272 ms, native 331.679 ms; exact world/headlines
S22 diagnosis day 27/31: 27 Jan 2015 -> 28 Jan 2015, observed 477.796 ms, native 472.030 ms; exact world/headlines
S22 diagnosis day 28/31: 28 Jan 2015 -> 29 Jan 2015, observed 327.255 ms, native 340.498 ms; exact world/headlines
S22 diagnosis day 29/31: 29 Jan 2015 -> 30 Jan 2015, observed 318.466 ms, native 321.855 ms; exact world/headlines
S22 diagnosis day 30/31: 30 Jan 2015 -> 31 Jan 2015, observed 296.132 ms, native 314.155 ms; exact world/headlines
S22 diagnosis day 31/31: 31 Jan 2015 -> 1 Feb 2015, observed 664.027 ms, native 660.727 ms; exact world/headlines
test performance::s22_daily_subsystem_diagnosis ... ok

test result: ok. 1 passed; 0 failed; 0 ignored; 0 measured; 450 filtered out; finished in 72.92s

