✔ designer starts from the server balanced preset and renders supplied ratings and costs without recalculating (14.7945ms)
✔ starting from a legacy model uses its supplied separate specifications and preserves the original (8.3272ms)
✔ independent new specifications are submitted separately and grouped for review (11.7333ms)
✔ aviation family uses supplied defaults, clears ground slots and groups all eight independent specifications (274.1108ms)
✔ aircraft part inspection focuses its group and payload edits submit all eight slots to a pure fresh review (230.9186ms)
✔ aviation readiness precedes maintenance, preserves server loadout readings and navigates through captured actions (2.6477ms)
✔ 3D preview retains one live host and camera across pricing responses, typing, and component changes (10.0032ms)
✔ model controls retain focus across a repaint and expose keyboard, camera, finish, and download actions (3.6244ms)
✔ leaving the designer and closing release the model exactly once while returning remounts it (4.2512ms)
✔ same campaign state refresh keeps the preview but switching nations disposes before the new response arrives (9.0785ms)
✔ an unavailable or failed renderer leaves the configuration and priced review usable (3.5958ms)
✔ component choice permits a future draft but invalidates old effects and uses a pure server review (7.362ms)
✔ name and search edits preserve caret and never create orders or discard the draft on tab navigation (5.0203ms)
✔ development, manufacturing and service show dated receipts, preserved platform age and real funding labels (1.664ms)
✔ unknown supplied metrics and costs remain unknown; all unsafe names, notes and attributes are escaped (1.3342ms)
✔ research links navigate to exact technology without acquiring it or changing allocations (3.8406ms)
✔ save and programme actions require an explicit review confirmation and send exactly the supplied command (7.2063ms)
✔ quantity, site and daily funding changes request a new quote before an exact committed order (10.3401ms)
✔ late order quotes cannot re-enable a commit after input edits, tab navigation or closing (3.7804ms)
✔ an invalid order quote or unknown number never falls back to a zero-cost accepted order (6.0626ms)
✔ stale state, pending orders and replacement payloads block captured buttons and direct confirmations (19.363ms)
✔ reads and previews validate session identity and rejected previews cannot expose a legal action (7.9233ms)
✔ new campaign removes old drafts and holdings immediately while same-campaign refresh preserves work (7.287ms)
✔ an old design quote loses to the latest draft and cannot survive closing (7.5982ms)
✔ refresh failures remain explicit and retryable without losing a draft or creating a polling loop (8.793ms)
✔ tabs support roving keyboard focus and details, scroll and refresh focus survive repaint (4.6525ms)
✔ explicit opening uses root visibility, respects requested tabs and makes one snapshot read (4.6948ms)
✔ published assets parse and retain scoped responsive controls without an alternative command channel (1.2555ms)
✔ order review reveals itself from a long catalogue and retains its raw-input requirements through requotes (4.7508ms)
✔ active equipment campaigns expose supplied funding and plant navigation without inventing orders (1.6497ms)
✔ fullscreen bridge mounts outside the inert game, closes other rooms, and preserves the draft on return (15.1306ms)
✔ shell commands use the existing channel and adopted response while preserving local drafts and policy queues (8.138ms)
✔ reviewed retirement reaches the real command bridge and reports immediate fleet changes (5.2624ms)
✔ refused, uncertain and cross-campaign command responses never adopt or announce a successful order (9.4516ms)
✔ research navigation keeps equipment-only integrations local and pins a genuine prerequisite in its real domain (3.9562ms)
✔ funding and plant shortcuts retain exact backend targets and never issue equipment commands (2.2883ms)
✔ fullscreen equipment consumes world shortcuts, permits native input, pauses a running clock and closes on Escape (4.0787ms)
✔ raw-input navigation opens Resources without orders or loss of an unsaved equipment draft (2.5107ms)
✔ the published shell includes reachable research and manufacturing entrances plus session and modal hooks (12.598ms)
✔ legacy manufacturing holdings distinguish complete vehicles from legacy equipment equivalents (2.0379ms)
✔ research branches expose real prerequisites, unlocks and four states with independent filters (4.5309ms)
✔ research review buttons and prerequisite links retain campaign freshness guards after filtering (1.2058ms)
✔ research connectors represent only actual visible prerequisite edges (1.0544ms)
✔ vehicle family changes preserve compatible parts and discard incompatible slots and source revisions (7.7224ms)
✔ platform changes update untouched starting names while retaining typed and saved names (16.762ms)
✔ fractional ratings display at most three decimals while preserving precise server comparison data (1.2907ms)
✔ comparison uses supplied numbers, directional tradeoffs and component changes with a persistent baseline (12.6198ms)
✔ late comparison responses cannot price a different baseline or enable its old actions (7.1626ms)
✔ modernization gives reasons and tradeoffs and opens a local proposal without issuing an order (6.7869ms)
✔ model part events open and focus their specification without repricing or remounting the camera (3.3959ms)
✔ production supply precedes project cards and shows server quantities with separate physical units (4.3178ms)
✔ per-project supply expands and keeps its exact resource target without placing an order (1.5735ms)
✔ optional supply data preserves old responses and explicit empty stages without inventing requirements (1.2293ms)
✔ supply navigation rejects stale data, replaced readings, pending orders and command-shaped actions (9.9605ms)
✔ order supply appears before confirmation and invalid orders may review resources without submitting (3.1603ms)
✔ quoted supply links require the captured quote and current order settings even when campaign data is fresh (19.5942ms)
✔ supply text and attributes escape unsafe server content while small physical requirements remain visible (2.7547ms)
✔ commodity navigation reaches the exact resource and preserves unsaved designs while refusing pending navigation (3.2746ms)
✔ material tables contain horizontal scrolling and retain readable narrow controls (1.3254ms)
✔ service overview precedes modernization and displays supplied fleet counts and role capabilities (1.7032ms)
✔ service navigation preserves a local design and refuses stale readings or command-shaped shortcuts (11.4269ms)
✔ retirement effects and permanent loss are reviewed before any command and quantity edits require a new captured quote (10.9269ms)
✔ invalid retirement reviews keep effects visible but cannot remove vehicles (2.502ms)
✔ retirement confirmation from a dismissed review cannot confirm another current review (3.6469ms)
✔ fleet shortcuts switch only recognized equipment tabs while preserving the open room and unsaved design (7.6302ms)
✔ service overview and effects escape labels, role detail and attributes while optional responses stay usable (1.6867ms)
✔ maintenance, supply and target confirmations use the real command bridge with accurate outcomes (7.211ms)
✔ maintenance and target planning show authoritative figures without issuing orders on navigation (7.0529ms)
✔ supply horizon keeps its numeric type and editing the cash cap invalidates the previous purchase review (7.6304ms)
✔ ammunition is a separate keyboard workflow with server figures, action paths and one search (4.627ms)
✔ ammunition order edits require a new captured quote before submitting the server command (7.0189ms)
✔ ammunition activation and batch controls remain reviewed and reject stale board actions (4.5773ms)
✔ all ammunition bridge commands report their own result and preserve unrelated drafts and queues (18.2938ms)
✔ ammunition empty states, filtering and server text stay usable and escaped (3.3101ms)
✔ ammunition reserve cards share search counts and retain authoritative values and original action indexes (7.2909ms)
✔ reserve target and Boolean automation edits invalidate captured quotes before exact confirmation (13.9084ms)
✔ reserve removal requires its own fresh quote and stale reserve cards cannot send commands (11.9743ms)
✔ reserve bridge distinguishes manual, automatic and removal outcomes and returns to ammunition only on success (14.3589ms)
✔ material purchasing policy precedes manual purchases and shows three recent receipts with preserved history paths (3.1308ms)
✔ optional material purchasing data keeps old payloads usable, escapes receipt text and avoids duplicated ammunition history (2.6696ms)
✔ material purchasing authorization uses exact edited Boolean and numeric values only after a fresh quote (14.956ms)
✔ material purchasing reviews reject stale or pending confirmations and invalid authorization quotes (28.4757ms)
✔ clearing the material purchasing policy requires a fresh explicit review (9.7313ms)
✔ material purchasing bridge distinguishes disabled, enabled and cleared policies and returns to Production (15.8615ms)
✔ supplier market leads with actual foreign stock and separates company administration and paid arrivals (5.4927ms)
✔ supplier location and affordable filters use native quantities and retain original offer action paths (24.2532ms)
✔ foreign model inspection uses the seller specification without unlocking parts or replacing the draft (6.1419ms)
✔ supplier commissioning is shown as paid work rather than invented ready inventory or dates (1.7214ms)
✔ import cancellation reviews blocked access and dated refund terms before issuing the exact command (27.7154ms)
✔ import filters and reviews cannot act across replaced campaigns, stale dates or pending receipts (22.1392ms)
✔ market zero matches keeps an explicit route to unavailable offers and restores focused filters (5.9493ms)
✔ domestic and foreign paid deliveries retain separate original action paths outside the offer filters (7.3755ms)
✔ import ammunition preserves exact family and store units without a guessed vehicle or researched components (4.6029ms)
✔ paused supplier programmes link to existing Exchange enrollment without adopting rules or spending (4.219ms)
✔ new import commands use the existing transaction channel without modifying drafts or research (7.7705ms)
✔ companies explain separate ownership and show server-priced stock, delivery and fleet need without issuing orders (4.382ms)
✔ company model inspection uses frozen specifications while preserving an unfinished design and one live renderer (7.5293ms)
✔ company establishment name, facility and paid capital remain editable and are sent only after a fresh review (12.0858ms)
✔ manufacturer selection keeps numeric identity and quotes development separately from stock purchases (10.7228ms)
✔ company purchase quantity changes invalidate the old sale quote and show delivery and upkeep before confirmation (13.3477ms)
✔ company purchases cannot commit insufficient stock or funding and old inputs cannot alter another review (8.7291ms)
✔ company buttons and reviewed purchase reject replaced state, old campaigns and pending orders (33.9233ms)
✔ company renderers escape all supplier, specification, milestone and offer text and tolerate old payloads (2.2008ms)
✔ company command bridge uses the existing transaction channel and returns to procurement only after success (34.4678ms)
✔ companies navigation stays in the equipment room, preserves drafts and has visible entry points (5.9039ms)
✔ a tank draft survives the no-manufacturer route and returns to the same editable specifications (5.2332ms)
✔ establishment with no eligible plant shows an explained unavailable select and keeps the server refusal visible (11.0449ms)
✔ company family filters use supplied categories and keep accounts and paid deliveries visible (303.0358ms)
✔ mixed supplier 3D inspection retains exact aircraft and specialist specs without touching the local tank draft (270.9012ms)
✔ filtered aircraft purchases retain original action identity and require a new review after changing model family (277.9639ms)
✔ company search combines with family filtering while empty results remove a previous 3D model and preserve the draft (262.5009ms)
✔ family fallback requires known catalogue metadata and campaign changes reset the filter and selected model (295.9336ms)
✔ ammunition supplier shelf shows authoritative stock, reserve reasons and arrivals ahead of preserved public batches (271.8855ms)
✔ ammunition supplier search keeps original offer paths and combines supplier, family and paid-delivery records (258.4844ms)
✔ reviewed ammunition stock quantity invalidates previous quotes and confirms only the exact fresh supplier command (275.023ms)
✔ supplier ammunition commissioning and failed purchases use standard review guards without replacing old public batch controls (279.0348ms)
✔ company ammunition filtering never fabricates a vehicle preview and rejects captured hidden vehicle controls (270.4064ms)
✔ supplier ammunition empty and unavailable records retain explanations, escape text and invent no prices or model units (1.7878ms)
✔ all company ammunition bridge commands preserve payloads and drafts and return to the ammunition shelf only on success (784.0478ms)
✔ converted ammunition reserve plans follow served manual controls while existing public batches remain separately controllable (261.4206ms)
✔ a supplier reserve preserves the actual suspended automatic preference and confirms without claiming replenishment was enabled (298.3585ms)
✔ manufacturer refit contracts render in both service and companies with original action paths and retained public work (273.0342ms)
✔ refit contracts are optional for old saves and empty state guides the available fleet without inventing work (2.3162ms)
✔ manufacturer refit review shows authoritative escrow, readiness, queue and exact profile comparison before spending (280.7191ms)
✔ source and target inspection keep one exact aircraft or ground model and preserve unfinished designer specifications (507.0656ms)
✔ changing refit target or quantity hides stale identity and rejects old model controls and confirmation (297.3401ms)
✔ refit cancellation reviews released and finishing quantities plus deferred refunds without a daily funding control (274.6983ms)
✔ unavailable refit offers and changed campaigns block spending while unknown or ammunition specs never get a guessed vehicle model (766.1713ms)
✔ company refit bridge retains reviewed fixed-price commands, pending refunds and drafts through the transaction channel (537.4041ms)
✔ s09 guidance displays native conditions and costs and replacement is a cancellable local review (13.2442ms)
✔ s09 captured recommendation and replacement controls reject stale campaign, preview and draft identities (32.2148ms)
✔ s09 presets and exact saved library rows ask before discarding an unsaved design (11.1669ms)
✔ s09 save status is exact native identity, never a local acknowledgement or automatic save (11.3972ms)
✔ s09 accepted save becomes saved only when its exact name and specification appear in the refreshed native library (11.074ms)
✔ s09 research effects explore an actual compatible part without teaching it or replacing edits before confirmation (15.0889ms)
✔ s09 unlock exploration refuses invented compatibility and stale buttons while future preview blockers remain authoritative (6.2558ms)
✔ s09 named saved drafts reopen by actual ID after load while unsaved memory and replacement proposals are cleared (19.0175ms)
✔ s09 guidance and research details escape supplied text and keep optional older payloads usable (7.6374ms)
✔ s09 rich research lists disclose five parts first and retain every later component identity and expanded state (4.4231ms)
✔ s09 current-design costs have a separate escaped heading and guidance uses the served art route (1.9055ms)
ℹ tests 140
ℹ suites 0
ℹ pass 140
ℹ fail 0
ℹ cancelled 0
ℹ skipped 0
ℹ todo 0
ℹ duration_ms 8633.1891
