
running 1 test
S22 diagnosis day 1/31: 30 Nov 2035 -> 1 Dec 2035, observed 342.473 ms, native 339.697 ms; exact world/headlines
S22 diagnosis day 2/31: 1 Dec 2035 -> 2 Dec 2035, observed 384.297 ms, native 393.367 ms; exact world/headlines
S22 diagnosis day 3/31: 2 Dec 2035 -> 3 Dec 2035, observed 283.550 ms, native 292.067 ms; exact world/headlines
S22 diagnosis day 4/31: 3 Dec 2035 -> 4 Dec 2035, observed 282.766 ms, native 276.823 ms; exact world/headlines
S22 diagnosis day 5/31: 4 Dec 2035 -> 5 Dec 2035, observed 282.972 ms, native 305.642 ms; exact world/headlines
S22 diagnosis day 6/31: 5 Dec 2035 -> 6 Dec 2035, observed 253.113 ms, native 290.733 ms; exact world/headlines
S22 diagnosis day 7/31: 6 Dec 2035 -> 7 Dec 2035, observed 282.320 ms, native 296.979 ms; exact world/headlines
S22 diagnosis day 8/31: 7 Dec 2035 -> 8 Dec 2035, observed 265.408 ms, native 280.647 ms; exact world/headlines
S22 diagnosis day 9/31: 8 Dec 2035 -> 9 Dec 2035, observed 259.692 ms, native 194.788 ms; exact world/headlines
S22 diagnosis day 10/31: 9 Dec 2035 -> 10 Dec 2035, observed 299.843 ms, native 296.630 ms; exact world/headlines
S22 diagnosis day 11/31: 10 Dec 2035 -> 11 Dec 2035, observed 298.534 ms, native 252.751 ms; exact world/headlines
S22 diagnosis day 12/31: 11 Dec 2035 -> 12 Dec 2035, observed 300.630 ms, native 314.645 ms; exact world/headlines
S22 diagnosis day 13/31: 12 Dec 2035 -> 13 Dec 2035, observed 306.733 ms, native 301.006 ms; exact world/headlines
S22 diagnosis day 14/31: 13 Dec 2035 -> 14 Dec 2035, observed 262.282 ms, native 184.385 ms; exact world/headlines
S22 diagnosis day 15/31: 14 Dec 2035 -> 15 Dec 2035, observed 311.370 ms, native 340.852 ms; exact world/headlines
S22 diagnosis day 16/31: 15 Dec 2035 -> 16 Dec 2035, observed 299.835 ms, native 298.533 ms; exact world/headlines
S22 diagnosis day 17/31: 16 Dec 2035 -> 17 Dec 2035, observed 187.975 ms, native 206.619 ms; exact world/headlines
S22 diagnosis day 18/31: 17 Dec 2035 -> 18 Dec 2035, observed 296.654 ms, native 304.450 ms; exact world/headlines
S22 diagnosis day 19/31: 18 Dec 2035 -> 19 Dec 2035, observed 315.830 ms, native 326.019 ms; exact world/headlines
S22 diagnosis day 20/31: 19 Dec 2035 -> 20 Dec 2035, observed 299.619 ms, native 314.088 ms; exact world/headlines
S22 diagnosis day 21/31: 20 Dec 2035 -> 21 Dec 2035, observed 318.722 ms, native 324.150 ms; exact world/headlines
S22 diagnosis day 22/31: 21 Dec 2035 -> 22 Dec 2035, observed 295.799 ms, native 314.302 ms; exact world/headlines
S22 diagnosis day 23/31: 22 Dec 2035 -> 23 Dec 2035, observed 306.411 ms, native 315.656 ms; exact world/headlines
S22 diagnosis day 24/31: 23 Dec 2035 -> 24 Dec 2035, observed 297.997 ms, native 286.977 ms; exact world/headlines
S22 diagnosis day 25/31: 24 Dec 2035 -> 25 Dec 2035, observed 289.563 ms, native 293.036 ms; exact world/headlines
S22 diagnosis day 26/31: 25 Dec 2035 -> 26 Dec 2035, observed 239.458 ms, native 292.967 ms; exact world/headlines
S22 diagnosis day 27/31: 26 Dec 2035 -> 27 Dec 2035, observed 315.144 ms, native 296.747 ms; exact world/headlines
S22 diagnosis day 28/31: 27 Dec 2035 -> 28 Dec 2035, observed 630.078 ms, native 635.540 ms; exact world/headlines
S22 diagnosis day 29/31: 28 Dec 2035 -> 29 Dec 2035, observed 275.360 ms, native 312.799 ms; exact world/headlines
S22 diagnosis day 30/31: 29 Dec 2035 -> 30 Dec 2035, observed 274.753 ms, native 261.369 ms; exact world/headlines
S22 diagnosis day 31/31: 30 Dec 2035 -> 31 Dec 2035, observed 291.505 ms, native 271.210 ms; exact world/headlines
test performance::s22_daily_subsystem_diagnosis ... ok

test result: ok. 1 passed; 0 failed; 0 ignored; 0 measured; 455 filtered out; finished in 78.59s

