{
  "valid": true,
  "ready_for_country_signoff": false,
  "country_completed": false,
  "nation": "Tonga",
  "role_count": 16,
  "holder_observation_count": 50,
  "installed_reference_count": 50,
  "required_historical_people": [
    "fatafehi_tuipelehake",
    "siaosi_taufaahau_manumataongo",
    "taufaahau_tupou_iv",
    "to_aisake_valu_eke",
    "to_baron_vaea_pm_1992",
    "to_fatafehi_fakafanua",
    "to_fatai_helu",
    "to_feleti_sevele",
    "to_fusitua_speaker_1996",
    "to_james_cecil_cocker",
    "to_langi_kavaliku",
    "to_lord_lasike_speaker_2011",
    "to_lord_maafu_dpm_2017",
    "to_lord_tuihaangana_deputy_speaker_2025",
    "to_lord_tuilakepa_speaker_2008",
    "to_lord_tuivakano_pm_2010",
    "to_lord_vaea_speaker_2025",
    "to_poasi_mataele_tei",
    "to_pohiva_tuionetoa",
    "to_samiu_kuita_vaipulu",
    "to_samuela_akilisi_pohiva",
    "to_semisi_kioa_lafu_sika",
    "to_siaosi_ofakivahafolau_sovaleni",
    "to_sione_vuna_faotusia",
    "to_taniela_likuohihifo_fusimalohi",
    "to_tesina_fuko",
    "to_tevita_lavemaau",
    "to_tevita_poasi_tupou",
    "to_ulukalala_lavaka_ata_pm_2000",
    "to_veikune_speaker_2001",
    "to_viliami_tau_tangi",
    "to_viliami_uasike_latu"
  ],
  "fictional_candidate_count": 4,
  "errors": [],
  "blockers": [
    "to_fihrdm/__unresearched_role__: FIHRDM/HRDM entity continuity, named leadership and officer-selection rules remain unresearched in the accepted role inventory. An empty opening party table does not waive this organization.",
    "to_pdp/to_pdp_leader: Tesina Fuko’s April 2005 split/leadership claim is installed at its original precision. The PDP constitution, leadership selection, subsequent holders and organization end remain unverified.",
    "to_dpfi/to_dpfi_leader: The 2010 and 2014 Akilisi Pohiva observations are installed. Later leadership, selection rules and the relationship between leader and president need primary evidence; no continuous tenure or automatic successor is inferred.",
    "to_dpfi/to_dpfi_president: Fatai Helu is court-attested as president in August 2022. His correct political likeness, appointment/end, later succession and equivalence to party leader remain unresolved.",
    "to_peoples_party/to_peoples_party_leader: Pohiva Tu’ionetoa’s May 2021 leader observation is installed. Formation, leader selection, later succession and continuity with the incorporated society are not a completed chain.",
    "to_peoples_party/to_peoples_party_society_president: The April 2022 trial observation names society president Tu’ionetoa. Society-president and political-leader offices remain separate; officer rules and complete dates are unverified.",
    "to_peoples_party/to_peoples_party_society_secretary: The April 2022 trial observation names secretary Tevita Lavemaau. Appointment/end, officer-selection rules and later secretary succession remain unverified.",
    "to_prime_minister/to_pm: All 12 accepted PM observations remain installed. The separate 1 October event review adds reported 21 August 1991 retirement, 22 August appointment and 11 January 2000 leave evidence without installing effective boundaries. Vaea's 1999–2000 end and later acting/caretaker transitions remain unresolved. Native/browser acceptance is unchanged and does not supply missing history.",
    "to_cabinet/to_deputy_pm: All 14 accepted deputy-PM observations are installed. Early coverage, acting service and unresolved start/end gaps (including late 2021) remain; no successor date fills an earlier boundary.",
    "to_legislative_assembly/to_speaker: All 12 accepted Speaker observations are installed. Early Fusitu’a appointment-year conflicts, Veikune/Tu’ivakano boundaries, the 2006–2008 Speaker chain and interim/acting roles remain independently unresolved.",
    "to_legislative_assembly/to_deputy_speaker: The December 2025 named appointment is installed. Earlier deputy Speakers, appointment/end boundaries and acting/substantive distinctions are not a complete historical chain.",
    "to_fatai_helu: no reviewed cartoon for 2022-08-29 through 2022-08-30 exclusive",
    "Unfinished country acceptance check: country_signoff",
    "Unfinished country acceptance check: likeness_visual_review",
    "Unfinished country acceptance check: production_browser"
  ],
  "limit": "Coverage and receipt-integrity check only; no independent historical/visual review or parent milestone qualification."
}
