1/137 Afghanistan: PASS
2/137 Albania: PASS
3/137 Algeria: PASS
4/137 Angola: PASS
5/137 Argentina: PASS
6/137 Australia: PASS
7/137 Austria: PASS
8/137 Bahamas: PASS
9/137 Bahrain: PASS
10/137 Bangladesh: PASS
11/137 Belgium: PASS
12/137 Belize: PASS
13/137 Bhutan: PASS
14/137 Bolivia: PASS
15/137 Botswana: PASS
16/137 Brazil: PASS
17/137 Brunei: PASS
18/137 Bulgaria: PASS
19/137 Cambodia: PASS
20/137 Cameroon: PASS
21/137 Canada: PASS
22/137 CapeVerde: PASS
23/137 CentralAfricanRepublic: PASS
24/137 Chad: PASS
25/137 Chile: PASS
26/137 China: PASS
27/137 Colombia: PASS
28/137 Comoros: PASS
29/137 Congo: PASS
30/137 CostaRica: PASS
31/137 Cuba: PASS
32/137 Cyprus: PASS
33/137 Czechoslovakia: PASS
34/137 Denmark: PASS
35/137 DominicanRepublic: PASS
36/137 Ecuador: PASS
37/137 Egypt: PASS
38/137 ElSalvador: PASS
39/137 EquatorialGuinea: PASS
40/137 Ethiopia: PASS
41/137 Fiji: PASS
42/137 Finland: PASS
43/137 France: PASS
44/137 Gabon: PASS
45/137 Germany: PASS
46/137 Ghana: PASS
47/137 Greece: PASS
48/137 Guatemala: PASS
49/137 Guyana: PASS
50/137 Haiti: PASS
51/137 Honduras: PASS
52/137 Hungary: PASS
53/137 Iceland: PASS
54/137 India: PASS
55/137 Indonesia: PASS
56/137 Iran: PASS
57/137 Iraq: PASS
58/137 Ireland: PASS
59/137 Israel: PASS
60/137 Italy: PASS
61/137 Jamaica: PASS
62/137 Japan: PASS
63/137 Jordan: PASS
64/137 Kenya: PASS
65/137 Kuwait: PASS
66/137 Laos: PASS
67/137 Lebanon: PASS
68/137 Lesotho: PASS
69/137 Libya: PASS
70/137 Luxembourg: PASS
71/137 Madagascar: PASS
72/137 Malawi: PASS
73/137 Malaysia: PASS
74/137 Maldives: PASS
75/137 Malta: PASS
76/137 Mauritius: PASS
77/137 Mexico: PASS
78/137 Mongolia: PASS
79/137 Morocco: PASS
80/137 Mozambique: PASS
81/137 Myanmar: PASS
82/137 Nepal: PASS
83/137 Netherlands: PASS
84/137 NewZealand: PASS
85/137 Nicaragua: PASS
86/137 Nigeria: PASS
87/137 NorthKorea: PASS
88/137 Norway: PASS
89/137 Oman: PASS
90/137 Pakistan: PASS
91/137 Panama: PASS
92/137 PapuaNewGuinea: PASS
93/137 Paraguay: PASS
94/137 Peru: PASS
95/137 Philippines: PASS
96/137 Poland: PASS
97/137 Portugal: PASS
98/137 Qatar: PASS
99/137 Romania: PASS
100/137 Samoa: PASS
101/137 SaoTome: PASS
102/137 SaudiArabia: PASS
103/137 Senegal: PASS
104/137 Seychelles: PASS
105/137 Singapore: PASS
106/137 SolomonIslands: PASS
107/137 SouthAfrica: PASS
108/137 SouthKorea: PASS
109/137 Spain: PASS
110/137 SriLanka: PASS
111/137 Sudan: PASS
112/137 Suriname: PASS
113/137 Swaziland: PASS
114/137 Sweden: PASS
115/137 Switzerland: PASS
116/137 Syria: PASS
117/137 Taiwan: PASS
118/137 Tanzania: PASS
119/137 Thailand: PASS
120/137 Tonga: PASS
121/137 TrinidadTobago: PASS
122/137 Tunisia: PASS
123/137 Turkey: PASS
124/137 UAE: PASS
125/137 UK: PASS
126/137 USA: PASS
127/137 USSR: PASS
128/137 Uganda: PASS
129/137 Uruguay: PASS
130/137 Vanuatu: PASS
131/137 Venezuela: PASS
132/137 Vietnam: PASS
133/137 Yemen: PASS
134/137 Yugoslavia: PASS
135/137 Zaire: PASS
136/137 Zambia: PASS
137/137 Zimbabwe: PASS
