Verified france-1990
Verified france-7
Verified france-42
Verified japan-1990
Verified japan-7
Verified japan-42
Verified india-1990
Verified india-7
Verified brazil-1990
Verified brazil-7
Verified brazil-42
Verified southafrica-1990
Verified southafrica-7
Verified southafrica-42
Verified tonga-1990
Verified tonga-7
Verified tonga-42
Verified saudiarabia-1990
Verified saudiarabia-7
Verified saudiarabia-42
Verified ussr-1990
Verified ussr-7
Verified ussr-42
Verified france-1990
Verified france-7
Verified france-42
Verified japan-1990
Verified japan-7
Verified japan-42
Verified india-1990
Verified india-7
Verified india-42
Verified brazil-1990
Verified brazil-7
Verified brazil-42
Verified southafrica-1990
Verified southafrica-7
Verified southafrica-42
Verified tonga-1990
Verified tonga-7
Verified tonga-42
Verified saudiarabia-1990
Verified saudiarabia-7
Verified saudiarabia-42
Verified ussr-1990
Verified ussr-7
Verified ussr-42
Verified france-1990
Verified france-7
Verified france-42
Verified japan-1990
Verified japan-7
Verified japan-42
Verified india-1990
Verified india-7
Verified india-42
Verified brazil-1990
Verified brazil-7
Verified brazil-42
Verified southafrica-1990
Verified southafrica-7
Verified southafrica-42
Verified tonga-1990
Verified tonga-7
Verified tonga-42
Verified saudiarabia-1990
Verified saudiarabia-7
Verified saudiarabia-42
Verified ussr-1990
Verified ussr-7
Verified ussr-42
.............
----------------------------------------------------------------------
Ran 13 tests in 5.521s

OK
