
running 1 test
S22 diagnosis day 1/31: 1 Jan 2006 -> 2 Jan 2006, observed 467.413 ms, native 444.238 ms; exact world/headlines
S22 diagnosis day 2/31: 2 Jan 2006 -> 3 Jan 2006, observed 607.573 ms, native 581.001 ms; exact world/headlines
S22 diagnosis day 3/31: 3 Jan 2006 -> 4 Jan 2006, observed 496.523 ms, native 577.844 ms; exact world/headlines
S22 diagnosis day 4/31: 4 Jan 2006 -> 5 Jan 2006, observed 367.410 ms, native 485.362 ms; exact world/headlines
S22 diagnosis day 5/31: 5 Jan 2006 -> 6 Jan 2006, observed 470.901 ms, native 453.380 ms; exact world/headlines
S22 diagnosis day 6/31: 6 Jan 2006 -> 7 Jan 2006, observed 436.318 ms, native 382.697 ms; exact world/headlines
S22 diagnosis day 7/31: 7 Jan 2006 -> 8 Jan 2006, observed 385.022 ms, native 364.927 ms; exact world/headlines
S22 diagnosis day 8/31: 8 Jan 2006 -> 9 Jan 2006, observed 382.363 ms, native 422.230 ms; exact world/headlines
S22 diagnosis day 9/31: 9 Jan 2006 -> 10 Jan 2006, observed 376.147 ms, native 383.120 ms; exact world/headlines
S22 diagnosis day 10/31: 10 Jan 2006 -> 11 Jan 2006, observed 579.801 ms, native 517.642 ms; exact world/headlines
S22 diagnosis day 11/31: 11 Jan 2006 -> 12 Jan 2006, observed 579.447 ms, native 599.354 ms; exact world/headlines
S22 diagnosis day 12/31: 12 Jan 2006 -> 13 Jan 2006, observed 672.087 ms, native 501.385 ms; exact world/headlines
S22 diagnosis day 13/31: 13 Jan 2006 -> 14 Jan 2006, observed 548.140 ms, native 472.383 ms; exact world/headlines
S22 diagnosis day 14/31: 14 Jan 2006 -> 15 Jan 2006, observed 564.118 ms, native 576.516 ms; exact world/headlines
S22 diagnosis day 15/31: 15 Jan 2006 -> 16 Jan 2006, observed 551.126 ms, native 543.857 ms; exact world/headlines
S22 diagnosis day 16/31: 16 Jan 2006 -> 17 Jan 2006, observed 430.629 ms, native 510.542 ms; exact world/headlines
S22 diagnosis day 17/31: 17 Jan 2006 -> 18 Jan 2006, observed 627.812 ms, native 620.617 ms; exact world/headlines
S22 diagnosis day 18/31: 18 Jan 2006 -> 19 Jan 2006, observed 513.853 ms, native 529.637 ms; exact world/headlines
S22 diagnosis day 19/31: 19 Jan 2006 -> 20 Jan 2006, observed 387.748 ms, native 373.094 ms; exact world/headlines
S22 diagnosis day 20/31: 20 Jan 2006 -> 21 Jan 2006, observed 462.501 ms, native 407.735 ms; exact world/headlines
S22 diagnosis day 21/31: 21 Jan 2006 -> 22 Jan 2006, observed 382.828 ms, native 372.026 ms; exact world/headlines
S22 diagnosis day 22/31: 22 Jan 2006 -> 23 Jan 2006, observed 412.919 ms, native 341.293 ms; exact world/headlines
S22 diagnosis day 23/31: 23 Jan 2006 -> 24 Jan 2006, observed 473.397 ms, native 393.655 ms; exact world/headlines
S22 diagnosis day 24/31: 24 Jan 2006 -> 25 Jan 2006, observed 463.422 ms, native 538.058 ms; exact world/headlines
S22 diagnosis day 25/31: 25 Jan 2006 -> 26 Jan 2006, observed 676.315 ms, native 561.957 ms; exact world/headlines
S22 diagnosis day 26/31: 26 Jan 2006 -> 27 Jan 2006, observed 508.533 ms, native 597.657 ms; exact world/headlines
S22 diagnosis day 27/31: 27 Jan 2006 -> 28 Jan 2006, observed 481.078 ms, native 367.214 ms; exact world/headlines
S22 diagnosis day 28/31: 28 Jan 2006 -> 29 Jan 2006, observed 492.704 ms, native 593.797 ms; exact world/headlines
S22 diagnosis day 29/31: 29 Jan 2006 -> 30 Jan 2006, observed 535.622 ms, native 553.453 ms; exact world/headlines
S22 diagnosis day 30/31: 30 Jan 2006 -> 31 Jan 2006, observed 501.682 ms, native 356.133 ms; exact world/headlines
S22 diagnosis day 31/31: 31 Jan 2006 -> 1 Feb 2006, observed 939.694 ms, native 706.087 ms; exact world/headlines
test performance::s22_daily_subsystem_diagnosis ... ok

test result: ok. 1 passed; 0 failed; 0 ignored; 0 measured; 448 filtered out; finished in 60.43s

