c4c253e6bb05c40b018e3464984a5261255cc9e1
100644 d21f9888757a2d2d5d682c57b0f1ab276ad19b26 2	COMPANIES.md
100644 abd5370c1b3d6200616fecf4141b09119dff716c 3	COMPANIES.md
100644 6da60a04018aa4332f7274157ff019739a8a2367 1	ROADMAP.md
100644 21cb92e83f8a1bcaed4facef6484c8f3f4aa9764 2	ROADMAP.md
100644 4aef2e709c7f7b3b739a56051fd0aa406ebc733b 3	ROADMAP.md
100644 372d5d414279de9a4fe91888e3dbc875162def3b 1	docs/art/P0_MANIFEST.md
100644 d3f0a27f76263e917159b9db2eb1d785fe9aa511 2	docs/art/P0_MANIFEST.md
100644 9169d2a9306d64f69740eb0bdf207e75582bb32f 3	docs/art/P0_MANIFEST.md
100644 30921cfa50d573349d12f40f6212c9abdc12090a 2	spheres-sim/src/companies.rs
100644 329b76b800ceb7436d47a586a067d2939552d25d 3	spheres-sim/src/companies.rs
100644 ea34df0a661e6db05e5463ccc25b5473a30a752a 1	spheres-sim/src/lib.rs
100644 5447665da86d5547eeabd469a81cd061d06ebbc0 2	spheres-sim/src/lib.rs
100644 eba138e6acc85c9513ee00114386c7812d57843f 3	spheres-sim/src/lib.rs
100644 8c26adf018e21abb3dffc0854a04da45308464d8 1	spheres-web/src/equipment_supply_view.rs
100644 f09cc24a66f714088595dffd61971e2c97e00304 2	spheres-web/src/equipment_supply_view.rs
100644 886b8e08130e364c41ca43725aaed95915509bdd 3	spheres-web/src/equipment_supply_view.rs
100644 36ab84f0bf476901b9dc3afe8e74e648e8f2d0a4 1	spheres-web/src/main.rs
100644 3ec86bb86526955d39f192910a3e1f9818f104f2 2	spheres-web/src/main.rs
100644 de4bf2315b2a5d180051547a742825ae1c462bdd 3	spheres-web/src/main.rs
100644 7d0801a41b2b86ffc7472fa79326f8d182e97c44 1	spheres-web/ui/arsenal-models.js
100644 30f7e35bd54c29bed91209c1615e5ae2e6d95b7d 2	spheres-web/ui/arsenal-models.js
100644 f7d525c2e4619a4451ed98e287577326313675f2 3	spheres-web/ui/arsenal-models.js
100644 b19643d00d3509083dba116b25056c6d732ea698 1	spheres-web/ui/index.html
100644 da22d01aa7ee44020bc2f42602718454ff0f71d7 2	spheres-web/ui/index.html
100644 dbbaa8dfe52efbf1ab193874637171ea2bb5845a 3	spheres-web/ui/index.html

Auto-merging COMPANIES.md
CONFLICT (add/add): Merge conflict in COMPANIES.md
Auto-merging README.md
Auto-merging ROADMAP.md
CONFLICT (content): Merge conflict in ROADMAP.md
Auto-merging SPEC.md
Auto-merging docs/art/3D_ASSET_BACKLOG.csv
Auto-merging docs/art/P0_MANIFEST.json
Auto-merging docs/art/P0_MANIFEST.md
CONFLICT (content): Merge conflict in docs/art/P0_MANIFEST.md
Auto-merging spheres-sim/src/companies.rs
CONFLICT (add/add): Merge conflict in spheres-sim/src/companies.rs
Auto-merging spheres-sim/src/data/mod.rs
Auto-merging spheres-sim/src/equipment.rs
Auto-merging spheres-sim/src/equipment_ammunition_production.rs
Auto-merging spheres-sim/src/government.rs
Auto-merging spheres-sim/src/lib.rs
CONFLICT (content): Merge conflict in spheres-sim/src/lib.rs
Auto-merging spheres-sim/src/manufacturing.rs
Auto-merging spheres-sim/src/politics.rs
Auto-merging spheres-sim/src/resources.rs
Auto-merging spheres-sim/src/world.rs
Auto-merging spheres-web/src/equipment_ammunition_view.rs
Auto-merging spheres-web/src/equipment_maintenance_view.rs
Auto-merging spheres-web/src/equipment_supply_view.rs
CONFLICT (content): Merge conflict in spheres-web/src/equipment_supply_view.rs
Auto-merging spheres-web/src/main.rs
CONFLICT (content): Merge conflict in spheres-web/src/main.rs
Auto-merging spheres-web/ui/arsenal-models.js
CONFLICT (content): Merge conflict in spheres-web/ui/arsenal-models.js
Auto-merging spheres-web/ui/index.html
CONFLICT (content): Merge conflict in spheres-web/ui/index.html
Auto-merging tools/ui/README.md
Auto-merging tools/ui/check_arsenal_models.cjs
Auto-merging tools/ui/check_cabinet.cjs
