
running 1 test
S22 diagnosis day 1/31: 30 Nov 2035 -> 1 Dec 2035, observed 240.039 ms, native 234.764 ms; exact world/headlines
S22 diagnosis day 2/31: 1 Dec 2035 -> 2 Dec 2035, observed 240.428 ms, native 318.848 ms; exact world/headlines
S22 diagnosis day 3/31: 2 Dec 2035 -> 3 Dec 2035, observed 187.515 ms, native 199.633 ms; exact world/headlines
S22 diagnosis day 4/31: 3 Dec 2035 -> 4 Dec 2035, observed 176.943 ms, native 176.770 ms; exact world/headlines
S22 diagnosis day 5/31: 4 Dec 2035 -> 5 Dec 2035, observed 182.156 ms, native 169.345 ms; exact world/headlines
S22 diagnosis day 6/31: 5 Dec 2035 -> 6 Dec 2035, observed 270.271 ms, native 237.171 ms; exact world/headlines
S22 diagnosis day 7/31: 6 Dec 2035 -> 7 Dec 2035, observed 254.226 ms, native 262.947 ms; exact world/headlines
S22 diagnosis day 8/31: 7 Dec 2035 -> 8 Dec 2035, observed 257.303 ms, native 177.166 ms; exact world/headlines
S22 diagnosis day 9/31: 8 Dec 2035 -> 9 Dec 2035, observed 266.436 ms, native 259.855 ms; exact world/headlines
S22 diagnosis day 10/31: 9 Dec 2035 -> 10 Dec 2035, observed 285.444 ms, native 294.313 ms; exact world/headlines
S22 diagnosis day 11/31: 10 Dec 2035 -> 11 Dec 2035, observed 277.255 ms, native 277.451 ms; exact world/headlines
S22 diagnosis day 12/31: 11 Dec 2035 -> 12 Dec 2035, observed 201.870 ms, native 293.903 ms; exact world/headlines
S22 diagnosis day 13/31: 12 Dec 2035 -> 13 Dec 2035, observed 296.212 ms, native 297.797 ms; exact world/headlines
S22 diagnosis day 14/31: 13 Dec 2035 -> 14 Dec 2035, observed 278.970 ms, native 231.182 ms; exact world/headlines
S22 diagnosis day 15/31: 14 Dec 2035 -> 15 Dec 2035, observed 236.119 ms, native 257.522 ms; exact world/headlines
S22 diagnosis day 16/31: 15 Dec 2035 -> 16 Dec 2035, observed 195.834 ms, native 213.475 ms; exact world/headlines
S22 diagnosis day 17/31: 16 Dec 2035 -> 17 Dec 2035, observed 190.906 ms, native 198.820 ms; exact world/headlines
S22 diagnosis day 18/31: 17 Dec 2035 -> 18 Dec 2035, observed 197.742 ms, native 193.937 ms; exact world/headlines
S22 diagnosis day 19/31: 18 Dec 2035 -> 19 Dec 2035, observed 198.546 ms, native 198.025 ms; exact world/headlines
S22 diagnosis day 20/31: 19 Dec 2035 -> 20 Dec 2035, observed 186.988 ms, native 188.833 ms; exact world/headlines
S22 diagnosis day 21/31: 20 Dec 2035 -> 21 Dec 2035, observed 222.109 ms, native 211.254 ms; exact world/headlines
S22 diagnosis day 22/31: 21 Dec 2035 -> 22 Dec 2035, observed 185.368 ms, native 180.485 ms; exact world/headlines
S22 diagnosis day 23/31: 22 Dec 2035 -> 23 Dec 2035, observed 190.387 ms, native 190.258 ms; exact world/headlines
S22 diagnosis day 24/31: 23 Dec 2035 -> 24 Dec 2035, observed 288.202 ms, native 287.730 ms; exact world/headlines
S22 diagnosis day 25/31: 24 Dec 2035 -> 25 Dec 2035, observed 275.307 ms, native 284.276 ms; exact world/headlines
S22 diagnosis day 26/31: 25 Dec 2035 -> 26 Dec 2035, observed 284.666 ms, native 283.248 ms; exact world/headlines
S22 diagnosis day 27/31: 26 Dec 2035 -> 27 Dec 2035, observed 230.753 ms, native 287.373 ms; exact world/headlines
S22 diagnosis day 28/31: 27 Dec 2035 -> 28 Dec 2035, observed 366.715 ms, native 570.158 ms; exact world/headlines
S22 diagnosis day 29/31: 28 Dec 2035 -> 29 Dec 2035, observed 262.203 ms, native 250.669 ms; exact world/headlines
S22 diagnosis day 30/31: 29 Dec 2035 -> 30 Dec 2035, observed 269.653 ms, native 273.741 ms; exact world/headlines
S22 diagnosis day 31/31: 30 Dec 2035 -> 31 Dec 2035, observed 202.068 ms, native 191.447 ms; exact world/headlines
test performance::s22_daily_subsystem_diagnosis ... ok

test result: ok. 1 passed; 0 failed; 0 ignored; 0 measured; 455 filtered out; finished in 64.63s

