✔ collection, country, label and search filters keep missing, fictional and unknown items distinct (197.5247ms)
✔ era and date filters use half-open intervals; invalid and undated items are not dated (0.8053ms)
✔ keyboard grid movement clamps inside the visible sheet (0.2812ms)
✔ paths and links stay inside the repository and never become script or credential URLs (1.2443ms)
✔ input verification compares exact bytes and fails closed (3.4578ms)
✔ explicit LF text scope survives CRLF, preserves other bytes and rejects content changes (1.5039ms)
✔ the committed export keeps automated findings apart from approval and labels every collection (5.9213ms)
▶ real reviewer in a headless browser
  ✔ verifies every pinned input by SHA-256 before showing the sheet (344.7276ms)
  ✔ filters by country, collection, person, era, date and label (709ms)
  ✔ keyboard: roving focus, arrows, Home/End, Enter and [ ] (151.85ms)
  ✔ side-by-side card sizes and byte-verified full size, with visual notes kept apart from findings (525.5033ms)
  ✔ a changed file is flagged and a changed input fails closed (608.1582ms)
  ✔ narrow layouts at 390 and 320 px: no horizontal overflow, dialog detail, Escape returns focus (624.2546ms)
  ✔ only this repository was contacted and nothing failed (7.2848ms)
✔ real reviewer in a headless browser (3107.4956ms)
ℹ tests 15
ℹ suites 0
ℹ pass 15
ℹ fail 0
ℹ cancelled 0
ℹ skipped 0
ℹ todo 0
ℹ duration_ms 3987.2029
