✔ aircraft close-up bounds use real cockpit glass and finite end zones of the actual engine meshes (549.5061ms)
✔ cockpit falls back to real avionics bounds without glass; malformed and missing semantic ranges are unavailable (3.3034ms)
✔ Cockpit, Engines and Intakes buttons point the camera at contained component detail, with selection synchronized (9.955ms)
✔ intake inspection looks into an outboard engine before hitting the fuselage, without hiding any mesh (672.0355ms)
✔ ordinary views restore overview zoom, Reset fits the full model and focused picking uses the close-up camera (7.5748ms)
✔ focus survives context restoration but resets safely when model geometry changes (8.0443ms)
✔ unavailable graphics keeps close-up controls disabled and avoids false ready messages (2.6827ms)
✔ default and loaded aircraft meet the 100k inspection contract and bounded cheaper LODs (1264.8735ms)
✔ aircraft LOD clamps malformed requests and never edits the design (204.221ms)
✔ all tactical exhaust choices reveal a deep interior beyond the old casing cap (544.3421ms)
✔ both intakes contain separate solid swept fan blades instead of flat spokes (887.6598ms)
✔ recessed exhaust turbines also retain solid vanes in both close detail levels (569.8517ms)
✔ tactical nozzle petals taper toward the outlet rather than forming a straight drum (330.6556ms)
✔ cockpit side controls sit visibly inside the glass with space above the consoles (225.4652ms)
✔ tactical map meshes retain their original inspection pass geometry (4.4384ms)
✔ all engine and cockpit combinations retain inspection and catalogue budgets (823.8275ms)
✔ S18 single-seat families have visible seats through glass and recessed intake fans at both inspection LODs (356.8325ms)
✔ every tactical engine option has two physically open, recessed intake throats (545.1214ms)
✔ both tactical seats remain visible through glass above a real cockpit cavity (309.5443ms)
✔ all tactical wing choices have distinct flaps, ailerons and open hinge seams (36.7411ms)
✔ tactical payloads clear wing undersides and both main wings retain mirrored geometry (20.4489ms)
✔ designer starts from the server balanced preset and renders supplied ratings and costs without recalculating (18.7868ms)
✔ starting from a legacy model uses its supplied separate specifications and preserves the original (8.5603ms)
✔ independent new specifications are submitted separately and grouped for review (10.8703ms)
✔ aviation family uses supplied defaults, clears ground slots and groups all eight independent specifications (353.695ms)
✔ aircraft part inspection focuses its group and payload edits submit all eight slots to a pure fresh review (306.4916ms)
✔ aviation readiness precedes maintenance, preserves server loadout readings and navigates through captured actions (3.2346ms)
✔ 3D preview retains one live host and camera across pricing responses, typing, and component changes (7.4276ms)
✔ model controls retain focus across a repaint and expose keyboard, camera, finish, and download actions (3.5256ms)
✔ leaving the designer and closing release the model exactly once while returning remounts it (3.9892ms)
✔ same campaign state refresh keeps the preview but switching nations disposes before the new response arrives (9.7706ms)
✔ an unavailable or failed renderer leaves the configuration and priced review usable (4.8543ms)
✔ component choice permits a future draft but invalidates old effects and uses a pure server review (4.3046ms)
✔ name and search edits preserve caret and never create orders or discard the draft on tab navigation (6.4545ms)
✔ development, manufacturing and service show dated receipts, preserved platform age and real funding labels (1.2384ms)
✔ unknown supplied metrics and costs remain unknown; all unsafe names, notes and attributes are escaped (1.0019ms)
✔ research links navigate to exact technology without acquiring it or changing allocations (2.886ms)
✔ save and programme actions require an explicit review confirmation and send exactly the supplied command (9.6088ms)
✔ quantity, site and daily funding changes request a new quote before an exact committed order (8.1226ms)
✔ late order quotes cannot re-enable a commit after input edits, tab navigation or closing (3.5336ms)
✔ an invalid order quote or unknown number never falls back to a zero-cost accepted order (3.7213ms)
✔ stale state, pending orders and replacement payloads block captured buttons and direct confirmations (19.3149ms)
✔ reads and previews validate session identity and rejected previews cannot expose a legal action (6.2293ms)
✔ new campaign removes old drafts and holdings immediately while same-campaign refresh preserves work (7.3963ms)
✔ an old design quote loses to the latest draft and cannot survive closing (4.8907ms)
✔ refresh failures remain explicit and retryable without losing a draft or creating a polling loop (8.9401ms)
✔ tabs support roving keyboard focus and details, scroll and refresh focus survive repaint (4.1935ms)
✔ explicit opening uses root visibility, respects requested tabs and makes one snapshot read (2.3261ms)
✔ published assets parse and retain scoped responsive controls without an alternative command channel (1.2943ms)
✔ order review reveals itself from a long catalogue and retains its raw-input requirements through requotes (4.7317ms)
✔ active equipment campaigns expose supplied funding and plant navigation without inventing orders (1.6813ms)
✔ fullscreen bridge mounts outside the inert game, closes other rooms, and preserves the draft on return (10.4876ms)
✔ shell commands use the existing channel and adopted response while preserving local drafts and policy queues (5.1638ms)
✔ reviewed retirement reaches the real command bridge and reports immediate fleet changes (4.5769ms)
✔ refused, uncertain and cross-campaign command responses never adopt or announce a successful order (6.1712ms)
✔ research navigation keeps equipment-only integrations local and pins a genuine prerequisite in its real domain (4.4105ms)
✔ funding and plant shortcuts retain exact backend targets and never issue equipment commands (2.1392ms)
✔ fullscreen equipment consumes world shortcuts, permits native input, pauses a running clock and closes on Escape (2.6579ms)
✔ raw-input navigation opens Resources without orders or loss of an unsaved equipment draft (3.0331ms)
✔ the published shell includes reachable research and manufacturing entrances plus session and modal hooks (13.3364ms)
✔ legacy manufacturing holdings distinguish complete vehicles from legacy equipment equivalents (1.9677ms)
✔ research branches expose real prerequisites, unlocks and four states with independent filters (6.0748ms)
✔ research review buttons and prerequisite links retain campaign freshness guards after filtering (1.4263ms)
✔ research connectors represent only actual visible prerequisite edges (0.9244ms)
✔ vehicle family changes preserve compatible parts and discard incompatible slots and source revisions (6.2701ms)
✔ platform changes update untouched starting names while retaining typed and saved names (17.6148ms)
✔ fractional ratings display at most three decimals while preserving precise server comparison data (1.6988ms)
✔ comparison uses supplied numbers, directional tradeoffs and component changes with a persistent baseline (6.1378ms)
✔ late comparison responses cannot price a different baseline or enable its old actions (7.7195ms)
✔ modernization gives reasons and tradeoffs and opens a local proposal without issuing an order (5.3414ms)
✔ model part events open and focus their specification without repricing or remounting the camera (2.7715ms)
✔ production supply precedes project cards and shows server quantities with separate physical units (2.1469ms)
✔ per-project supply expands and keeps its exact resource target without placing an order (1.9392ms)
✔ optional supply data preserves old responses and explicit empty stages without inventing requirements (1.5182ms)
✔ supply navigation rejects stale data, replaced readings, pending orders and command-shaped actions (6.2365ms)
✔ order supply appears before confirmation and invalid orders may review resources without submitting (3.4215ms)
✔ quoted supply links require the captured quote and current order settings even when campaign data is fresh (15.5595ms)
✔ supply text and attributes escape unsafe server content while small physical requirements remain visible (0.9818ms)
✔ commodity navigation reaches the exact resource and preserves unsaved designs while refusing pending navigation (2.2936ms)
✔ material tables contain horizontal scrolling and retain readable narrow controls (0.9938ms)
✔ service overview precedes modernization and displays supplied fleet counts and role capabilities (1.906ms)
✔ service navigation preserves a local design and refuses stale readings or command-shaped shortcuts (10.22ms)
✔ retirement effects and permanent loss are reviewed before any command and quantity edits require a new captured quote (15.2454ms)
✔ invalid retirement reviews keep effects visible but cannot remove vehicles (3.5159ms)
✔ retirement confirmation from a dismissed review cannot confirm another current review (5.0877ms)
✔ fleet shortcuts switch only recognized equipment tabs while preserving the open room and unsaved design (5.3709ms)
✔ service overview and effects escape labels, role detail and attributes while optional responses stay usable (1.9083ms)
✔ maintenance, supply and target confirmations use the real command bridge with accurate outcomes (7.4711ms)
✔ maintenance and target planning show authoritative figures without issuing orders on navigation (4.3125ms)
✔ supply horizon keeps its numeric type and editing the cash cap invalidates the previous purchase review (6.879ms)
✔ ammunition is a separate keyboard workflow with server figures, action paths and one search (4.1898ms)
✔ ammunition order edits require a new captured quote before submitting the server command (6.1608ms)
✔ ammunition activation and batch controls remain reviewed and reject stale board actions (4.1218ms)
✔ all ammunition bridge commands report their own result and preserve unrelated drafts and queues (15.9155ms)
✔ ammunition empty states, filtering and server text stay usable and escaped (3.9222ms)
✔ ammunition reserve cards share search counts and retain authoritative values and original action indexes (5.9036ms)
✔ reserve target and Boolean automation edits invalidate captured quotes before exact confirmation (10.2008ms)
✔ reserve removal requires its own fresh quote and stale reserve cards cannot send commands (12.6462ms)
✔ reserve bridge distinguishes manual, automatic and removal outcomes and returns to ammunition only on success (11.4218ms)
✔ material purchasing policy precedes manual purchases and shows three recent receipts with preserved history paths (3.0098ms)
✔ optional material purchasing data keeps old payloads usable, escapes receipt text and avoids duplicated ammunition history (3.3299ms)
✔ material purchasing authorization uses exact edited Boolean and numeric values only after a fresh quote (10.8811ms)
✔ material purchasing reviews reject stale or pending confirmations and invalid authorization quotes (22.2477ms)
✔ clearing the material purchasing policy requires a fresh explicit review (10.7589ms)
✔ material purchasing bridge distinguishes disabled, enabled and cleared policies and returns to Production (12.1465ms)
✔ supplier market leads with actual foreign stock and separates company administration and paid arrivals (4.4445ms)
✔ supplier location and affordable filters use native quantities and retain original offer action paths (26.9156ms)
✔ foreign model inspection uses the seller specification without unlocking parts or replacing the draft (6.8658ms)
✔ supplier commissioning is shown as paid work rather than invented ready inventory or dates (1.6763ms)
✔ import cancellation reviews blocked access and dated refund terms before issuing the exact command (18.1808ms)
✔ import filters and reviews cannot act across replaced campaigns, stale dates or pending receipts (21.4495ms)
✔ market zero matches keeps an explicit route to unavailable offers and restores focused filters (8.3014ms)
✔ domestic and foreign paid deliveries retain separate original action paths outside the offer filters (5.6754ms)
✔ import ammunition preserves exact family and store units without a guessed vehicle or researched components (9.0023ms)
✔ paused supplier programmes link to existing Exchange enrollment without adopting rules or spending (2.388ms)
✔ new import commands use the existing transaction channel without modifying drafts or research (7.1791ms)
✔ companies explain separate ownership and show server-priced stock, delivery and fleet need without issuing orders (3.6055ms)
✔ company model inspection uses frozen specifications while preserving an unfinished design and one live renderer (7.2068ms)
✔ company establishment name, facility and paid capital remain editable and are sent only after a fresh review (8.4007ms)
✔ manufacturer selection keeps numeric identity and quotes development separately from stock purchases (6.6233ms)
✔ company purchase quantity changes invalidate the old sale quote and show delivery and upkeep before confirmation (18.6825ms)
✔ company purchases cannot commit insufficient stock or funding and old inputs cannot alter another review (13.9464ms)
✔ company buttons and reviewed purchase reject replaced state, old campaigns and pending orders (27.3776ms)
✔ company renderers escape all supplier, specification, milestone and offer text and tolerate old payloads (2.0106ms)
✔ company command bridge uses the existing transaction channel and returns to procurement only after success (24.9689ms)
✔ companies navigation stays in the equipment room, preserves drafts and has visible entry points (2.4293ms)
✔ a tank draft survives the no-manufacturer route and returns to the same editable specifications (4.3971ms)
✔ establishment with no eligible plant shows an explained unavailable select and keeps the server refusal visible (3.6333ms)
✔ company family filters use supplied categories and keep accounts and paid deliveries visible (227.3633ms)
✔ mixed supplier 3D inspection retains exact aircraft and specialist specs without touching the local tank draft (229.146ms)
✔ filtered aircraft purchases retain original action identity and require a new review after changing model family (221.6882ms)
✔ company search combines with family filtering while empty results remove a previous 3D model and preserve the draft (229.223ms)
✔ family fallback requires known catalogue metadata and campaign changes reset the filter and selected model (224.3026ms)
✔ ammunition supplier shelf shows authoritative stock, reserve reasons and arrivals ahead of preserved public batches (219.4517ms)
✔ ammunition supplier search keeps original offer paths and combines supplier, family and paid-delivery records (224.4941ms)
✔ reviewed ammunition stock quantity invalidates previous quotes and confirms only the exact fresh supplier command (286.5688ms)
✔ supplier ammunition commissioning and failed purchases use standard review guards without replacing old public batch controls (248.0764ms)
✔ company ammunition filtering never fabricates a vehicle preview and rejects captured hidden vehicle controls (209.0492ms)
✔ supplier ammunition empty and unavailable records retain explanations, escape text and invent no prices or model units (1.7025ms)
✔ all company ammunition bridge commands preserve payloads and drafts and return to the ammunition shelf only on success (674.8028ms)
✔ converted ammunition reserve plans follow served manual controls while existing public batches remain separately controllable (204.8982ms)
✔ a supplier reserve preserves the actual suspended automatic preference and confirms without claiming replenishment was enabled (225.9031ms)
✔ manufacturer refit contracts render in both service and companies with original action paths and retained public work (207.31ms)
✔ refit contracts are optional for old saves and empty state guides the available fleet without inventing work (1.7576ms)
✔ manufacturer refit review shows authoritative escrow, readiness, queue and exact profile comparison before spending (226.0046ms)
✔ source and target inspection keep one exact aircraft or ground model and preserve unfinished designer specifications (485.5802ms)
✔ changing refit target or quantity hides stale identity and rejects old model controls and confirmation (225.7066ms)
✔ refit cancellation reviews released and finishing quantities plus deferred refunds without a daily funding control (218.1832ms)
✔ unavailable refit offers and changed campaigns block spending while unknown or ammunition specs never get a guessed vehicle model (654.2521ms)
✔ company refit bridge retains reviewed fixed-price commands, pending refunds and drafts through the transaction channel (437.6619ms)
✔ s09 guidance displays native conditions and costs and replacement is a cancellable local review (8.3499ms)
✔ s09 captured recommendation and replacement controls reject stale campaign, preview and draft identities (19.2181ms)
✔ s09 presets and exact saved library rows ask before discarding an unsaved design (7.4241ms)
✔ s09 save status is exact native identity, never a local acknowledgement or automatic save (9.1354ms)
✔ s09 accepted save becomes saved only when its exact name and specification appear in the refreshed native library (6.3692ms)
✔ s09 research effects explore an actual compatible part without teaching it or replacing edits before confirmation (7.7725ms)
✔ s09 unlock exploration refuses invented compatibility and stale buttons while future preview blockers remain authoritative (4.6618ms)
✔ s09 named saved drafts reopen by actual ID after load while unsaved memory and replacement proposals are cleared (10.8721ms)
✔ s09 guidance and research details escape supplied text and keep optional older payloads usable (4.7015ms)
✔ s09 rich research lists disclose five parts first and retain every later component identity and expanded state (4.0277ms)
✔ s09 current-design costs have a separate escaped heading and guidance uses the served art route (1.8598ms)
✔ S18 flight pages separate live records, retain local drafts, and never invent assignments (3.1129ms)
✔ s12-s15 air shell sends all reviewed kinds through protected receipts and returns to flight (6.3883ms)
✔ s12 nested squadron fields requote the exact native order and confirm only current input (7.5641ms)
✔ s12 nested order paths reject prototype keys and captured air controls reject stale state (0.9933ms)
✔ s13 air command map links preserve native range and capacity and require a current reading (1.7773ms)
✔ s14 routine support retains typed boolean permission through the shared review form (4.2829ms)
✔ s15 refused mission review still opens its native target geometry without launching (2.213ms)
✔ s16 defense province edits requote the native patrol and preserve role-aware map navigation (4.5843ms)
✔ s16 interception report preserves distinct native estimates and one actual aircraft loss total (1.3424ms)
✔ s17 military staff setting uses a pure review and protected command receipt (4.5779ms)
ℹ tests 171
ℹ suites 0
ℹ pass 171
ℹ fail 0
ℹ cancelled 0
ℹ skipped 0
ℹ todo 0
ℹ duration_ms 7516.8084
