over budget: ground.tank_standard.baseline.v1 (baseline) is 68,872 triangles against a ceiling of 45,000 — over by 23,872 (53.0%)
over budget: ground.tank_standard.baseline.v1 (heaviest) is 69,000 triangles against a ceiling of 45,000 — over by 24,000 (53.3%)
over budget: ground.tank_heavy.baseline.v1 (baseline) is 74,144 triangles against a ceiling of 45,000 — over by 29,144 (64.8%)
over budget: ground.tank_heavy.baseline.v1 (heaviest) is 74,272 triangles against a ceiling of 45,000 — over by 29,272 (65.0%)
over budget: ground.tank_light.baseline.v1 (baseline) is 68,872 triangles against a ceiling of 45,000 — over by 23,872 (53.0%)
over budget: ground.tank_light.baseline.v1 (heaviest) is 69,000 triangles against a ceiling of 45,000 — over by 24,000 (53.3%)
over budget: ground.tank_destroyer.baseline.v1 (baseline) is 68,872 triangles against a ceiling of 45,000 — over by 23,872 (53.0%)
over budget: ground.tank_destroyer.baseline.v1 (heaviest) is 69,000 triangles against a ceiling of 45,000 — over by 24,000 (53.3%)
over budget: ground.ground_ifv.baseline.v1 (heaviest) is 49,348 triangles against a ceiling of 45,000 — over by 4,348 (9.7%)
over budget: ground.ground_artillery.baseline.v1 (baseline) is 45,330 triangles against a ceiling of 45,000 — over by 330 (0.7%)
over budget: ground.ground_artillery.baseline.v1 (heaviest) is 49,248 triangles against a ceiling of 45,000 — over by 4,248 (9.4%)
over budget: ground.ground_air_defense.baseline.v1 (heaviest) is 45,812 triangles against a ceiling of 45,000 — over by 812 (1.8%)
over budget: aviation.air_fighter.baseline.v1 (baseline LOD0) is 200,446 triangles against a ceiling of 60,000 — over by 140,446 (234.1%)
over budget: aviation.air_light_attack.baseline.v1 (baseline LOD0) is 199,326 triangles against a ceiling of 60,000 — over by 139,326 (232.2%)
over budget: aviation.air_tactical_strike.baseline.v1 (baseline LOD0) is 228,640 triangles against a ceiling of 60,000 — over by 168,640 (281.1%)
over budget: aviation.air_tactical_strike.baseline.v1 (baseline LOD1) is 14,904 triangles against a ceiling of 12,000 — over by 2,904 (24.2%)
over budget: aviation.air_tactical_strike.baseline.v1 (baseline LOD2) is 1,696 triangles against a ceiling of 1,500 — over by 196 (13.1%)
over budget: site.infrastructure.v1 (near complete/L5/building) is 30,756 triangles against a ceiling of 12,000 — over by 18,756 (156.3%)
over budget: site.civilian_industry.v1 (near complete/L5/building) is 39,302 triangles against a ceiling of 12,000 — over by 27,302 (227.5%)
over budget: site.power_grid.v1 (near complete/L5/building) is 38,552 triangles against a ceiling of 12,000 — over by 26,552 (221.3%)
over budget: site.research_center.v1 (near complete/L5/building) is 32,780 triangles against a ceiling of 12,000 — over by 20,780 (173.2%)
over budget: site.arms_plant.v1 (near complete/L5/building) is 35,636 triangles against a ceiling of 12,000 — over by 23,636 (197.0%)
over budget: site.machinery_works.v1 (near complete/L5/building) is 37,728 triangles against a ceiling of 12,000 — over by 25,728 (214.4%)
over budget: site.generation.v1 (near complete/L5/building) is 39,020 triangles against a ceiling of 12,000 — over by 27,020 (225.2%)
over budget: site.processing_plant.v1 (near complete/L5/building) is 34,770 triangles against a ceiling of 12,000 — over by 22,770 (189.8%)
over budget: site.freight_terminal.v1 (near complete/L5/building) is 36,430 triangles against a ceiling of 12,000 — over by 24,430 (203.6%)
over budget: site.warehouse.v1 (near complete/L5/building) is 34,006 triangles against a ceiling of 12,000 — over by 22,006 (183.4%)
over budget: site.automation.v1 (near complete/L5/building) is 33,316 triangles against a ceiling of 12,000 — over by 21,316 (177.6%)
over budget: site.efficiency.v1 (near complete/L5/building) is 33,056 triangles against a ceiling of 12,000 — over by 21,056 (175.5%)
over budget: site.starter_industry.v1 (near complete/L5/building) is 30,164 triangles against a ceiling of 12,000 — over by 18,164 (151.4%)
over budget: site.office_district.v1 (near complete/L5/building) is 32,350 triangles against a ceiling of 12,000 — over by 20,350 (169.6%)
over budget: site.shipyard.v1 (near complete/L5/building) is 30,324 triangles against a ceiling of 12,000 — over by 18,324 (152.7%)
over budget: site.advanced_industry.v1 (near complete/L5/building) is 30,328 triangles against a ceiling of 12,000 — over by 18,328 (152.7%)
over budget: town.temperate.mixed.v1 (close id 1997) is 199,331 triangles against a ceiling of 150,000 — over by 49,331 (32.9%)
over budget: town.temperate.residential.v1 (close id 1994) is 214,044 triangles against a ceiling of 150,000 — over by 64,044 (42.7%)
over budget: town.temperate.commercial.v1 (close id 1991) is 151,008 triangles against a ceiling of 150,000 — over by 1,008 (0.7%)
over budget: town.temperate.civic.v1 (close id 1992) is 161,077 triangles against a ceiling of 150,000 — over by 11,077 (7.4%)
over budget: town.kit.row_house (close, maximum size) is 21,222 triangles against a ceiling of 12,000 — over by 9,222 (76.8%)
over budget: town.kit.mid_apartment (close, maximum size) is 14,540 triangles against a ceiling of 12,000 — over by 2,540 (21.2%)
over budget: town.kit.high_apartment (close, maximum size) is 12,028 triangles against a ceiling of 12,000 — over by 28 (0.2%)
over budget: town.kit.civic (close, maximum size) is 13,637 triangles against a ceiling of 12,000 — over by 1,637 (13.6%)
over budget: town.kit.university (close, maximum size) is 24,252 triangles against a ceiling of 12,000 — over by 12,252 (102.1%)
records current: 112 graded configurations; 42 over budget. Budget gate remains FAIL.
