
running 1 test
S22 diagnosis day 1/31: 1 Jan 2006 -> 2 Jan 2006, observed 301.862 ms, native 293.291 ms; exact world/headlines
S22 diagnosis day 2/31: 2 Jan 2006 -> 3 Jan 2006, observed 170.995 ms, native 227.402 ms; exact world/headlines
S22 diagnosis day 3/31: 3 Jan 2006 -> 4 Jan 2006, observed 166.611 ms, native 168.175 ms; exact world/headlines
S22 diagnosis day 4/31: 4 Jan 2006 -> 5 Jan 2006, observed 164.764 ms, native 161.513 ms; exact world/headlines
S22 diagnosis day 5/31: 5 Jan 2006 -> 6 Jan 2006, observed 199.588 ms, native 256.329 ms; exact world/headlines
S22 diagnosis day 6/31: 6 Jan 2006 -> 7 Jan 2006, observed 266.723 ms, native 260.657 ms; exact world/headlines
S22 diagnosis day 7/31: 7 Jan 2006 -> 8 Jan 2006, observed 217.204 ms, native 166.164 ms; exact world/headlines
S22 diagnosis day 8/31: 8 Jan 2006 -> 9 Jan 2006, observed 255.155 ms, native 180.085 ms; exact world/headlines
S22 diagnosis day 9/31: 9 Jan 2006 -> 10 Jan 2006, observed 271.223 ms, native 261.949 ms; exact world/headlines
S22 diagnosis day 10/31: 10 Jan 2006 -> 11 Jan 2006, observed 209.852 ms, native 170.280 ms; exact world/headlines
S22 diagnosis day 11/31: 11 Jan 2006 -> 12 Jan 2006, observed 222.809 ms, native 258.126 ms; exact world/headlines
S22 diagnosis day 12/31: 12 Jan 2006 -> 13 Jan 2006, observed 171.985 ms, native 195.650 ms; exact world/headlines
S22 diagnosis day 13/31: 13 Jan 2006 -> 14 Jan 2006, observed 261.363 ms, native 269.786 ms; exact world/headlines
S22 diagnosis day 14/31: 14 Jan 2006 -> 15 Jan 2006, observed 260.652 ms, native 255.793 ms; exact world/headlines
S22 diagnosis day 15/31: 15 Jan 2006 -> 16 Jan 2006, observed 268.625 ms, native 265.549 ms; exact world/headlines
S22 diagnosis day 16/31: 16 Jan 2006 -> 17 Jan 2006, observed 211.763 ms, native 180.965 ms; exact world/headlines
S22 diagnosis day 17/31: 17 Jan 2006 -> 18 Jan 2006, observed 190.717 ms, native 206.692 ms; exact world/headlines
S22 diagnosis day 18/31: 18 Jan 2006 -> 19 Jan 2006, observed 185.978 ms, native 180.881 ms; exact world/headlines
S22 diagnosis day 19/31: 19 Jan 2006 -> 20 Jan 2006, observed 178.945 ms, native 178.086 ms; exact world/headlines
S22 diagnosis day 20/31: 20 Jan 2006 -> 21 Jan 2006, observed 171.082 ms, native 170.224 ms; exact world/headlines
S22 diagnosis day 21/31: 21 Jan 2006 -> 22 Jan 2006, observed 185.073 ms, native 254.259 ms; exact world/headlines
S22 diagnosis day 22/31: 22 Jan 2006 -> 23 Jan 2006, observed 192.933 ms, native 172.564 ms; exact world/headlines
S22 diagnosis day 23/31: 23 Jan 2006 -> 24 Jan 2006, observed 279.764 ms, native 275.244 ms; exact world/headlines
S22 diagnosis day 24/31: 24 Jan 2006 -> 25 Jan 2006, observed 269.373 ms, native 231.079 ms; exact world/headlines
S22 diagnosis day 25/31: 25 Jan 2006 -> 26 Jan 2006, observed 263.648 ms, native 271.738 ms; exact world/headlines
S22 diagnosis day 26/31: 26 Jan 2006 -> 27 Jan 2006, observed 186.541 ms, native 186.280 ms; exact world/headlines
S22 diagnosis day 27/31: 27 Jan 2006 -> 28 Jan 2006, observed 268.786 ms, native 267.676 ms; exact world/headlines
S22 diagnosis day 28/31: 28 Jan 2006 -> 29 Jan 2006, observed 262.683 ms, native 297.258 ms; exact world/headlines
S22 diagnosis day 29/31: 29 Jan 2006 -> 30 Jan 2006, observed 268.925 ms, native 268.213 ms; exact world/headlines
S22 diagnosis day 30/31: 30 Jan 2006 -> 31 Jan 2006, observed 199.468 ms, native 191.322 ms; exact world/headlines
S22 diagnosis day 31/31: 31 Jan 2006 -> 1 Feb 2006, observed 529.265 ms, native 459.751 ms; exact world/headlines
test performance::s22_daily_subsystem_diagnosis ... ok

test result: ok. 1 passed; 0 failed; 0 ignored; 0 measured; 448 filtered out; finished in 49.54s

