Linux Ridge10258 6.6.87.2-microsoft-standard-WSL2 #1 SMP PREEMPT_DYNAMIC Thu Jun  5 18:30:46 UTC 2025 x86_64 x86_64 x86_64 GNU/Linux

PRETTY_NAME="Ubuntu 24.04.4 LTS"
NAME="Ubuntu"
VERSION_ID="24.04"
VERSION="24.04.4 LTS (Noble Numbat)"
VERSION_CODENAME=noble
ID=ubuntu
ID_LIKE=debian
HOME_URL="https://www.ubuntu.com/"
SUPPORT_URL="https://help.ubuntu.com/"
BUG_REPORT_URL="https://bugs.launchpad.net/ubuntu/"
PRIVACY_POLICY_URL="https://www.ubuntu.com/legal/terms-and-policies/privacy-policy"
UBUNTU_CODENAME=noble
LOGO=ubuntu-logo

rustc 1.98.0 (88d9e12ae 2026-08-18)
binary: rustc
commit-hash: 88d9e12ae178fab0fb5cc050a94da85685d449ea
commit-date: 2026-08-18
host: x86_64-unknown-linux-gnu
release: 1.98.0
LLVM version: 22.1.8

cargo 1.98.0 (797e8a9bc 2026-08-05)
release: 1.98.0
commit-hash: 797e8a9bca276c1c9f9f738d2a20f484fa4eea9d
commit-date: 2026-08-05
host: x86_64-unknown-linux-gnu
libgit2: 1.9.4 (sys:0.21.0 vendored)
libcurl: 8.21.0-DEV (sys:0.4.90+curl-8.21.0 vendored ssl:OpenSSL/3.6.3)
ssl: OpenSSL 3.6.3 9 Jun 2026
os: Ubuntu 24.4.0 (noble) [64-bit]

v22.23.2

10.9.8

x86_64-linux-gnu-gcc-13 (Ubuntu 13.3.0-6ubuntu2~24.04.1) 13.3.0
Copyright (C) 2023 Free Software Foundation, Inc.
This is free software; see the source for copying conditions.  There is NO
warranty; not even for MERCHANTABILITY or FITNESS FOR A PARTICULAR PURPOSE.

