
running 1 test
S22 diagnosis day 1/31: 1 Jan 2015 -> 2 Jan 2015, observed 274.520 ms, native 322.716 ms; exact world/headlines
S22 diagnosis day 2/31: 2 Jan 2015 -> 3 Jan 2015, observed 230.277 ms, native 231.534 ms; exact world/headlines
S22 diagnosis day 3/31: 3 Jan 2015 -> 4 Jan 2015, observed 234.504 ms, native 232.872 ms; exact world/headlines
S22 diagnosis day 4/31: 4 Jan 2015 -> 5 Jan 2015, observed 169.253 ms, native 228.927 ms; exact world/headlines
S22 diagnosis day 5/31: 5 Jan 2015 -> 6 Jan 2015, observed 235.745 ms, native 234.236 ms; exact world/headlines
S22 diagnosis day 6/31: 6 Jan 2015 -> 7 Jan 2015, observed 234.263 ms, native 234.905 ms; exact world/headlines
S22 diagnosis day 7/31: 7 Jan 2015 -> 8 Jan 2015, observed 240.331 ms, native 239.270 ms; exact world/headlines
S22 diagnosis day 8/31: 8 Jan 2015 -> 9 Jan 2015, observed 231.805 ms, native 252.786 ms; exact world/headlines
S22 diagnosis day 9/31: 9 Jan 2015 -> 10 Jan 2015, observed 254.288 ms, native 258.451 ms; exact world/headlines
S22 diagnosis day 10/31: 10 Jan 2015 -> 11 Jan 2015, observed 254.053 ms, native 250.961 ms; exact world/headlines
S22 diagnosis day 11/31: 11 Jan 2015 -> 12 Jan 2015, observed 251.686 ms, native 242.828 ms; exact world/headlines
S22 diagnosis day 12/31: 12 Jan 2015 -> 13 Jan 2015, observed 221.369 ms, native 248.029 ms; exact world/headlines
S22 diagnosis day 13/31: 13 Jan 2015 -> 14 Jan 2015, observed 264.690 ms, native 258.404 ms; exact world/headlines
S22 diagnosis day 14/31: 14 Jan 2015 -> 15 Jan 2015, observed 255.551 ms, native 231.279 ms; exact world/headlines
S22 diagnosis day 15/31: 15 Jan 2015 -> 16 Jan 2015, observed 258.823 ms, native 217.735 ms; exact world/headlines
S22 diagnosis day 16/31: 16 Jan 2015 -> 17 Jan 2015, observed 261.487 ms, native 239.274 ms; exact world/headlines
S22 diagnosis day 17/31: 17 Jan 2015 -> 18 Jan 2015, observed 287.746 ms, native 281.634 ms; exact world/headlines
S22 diagnosis day 18/31: 18 Jan 2015 -> 19 Jan 2015, observed 244.111 ms, native 240.789 ms; exact world/headlines
S22 diagnosis day 19/31: 19 Jan 2015 -> 20 Jan 2015, observed 255.313 ms, native 245.918 ms; exact world/headlines
S22 diagnosis day 20/31: 20 Jan 2015 -> 21 Jan 2015, observed 249.195 ms, native 181.206 ms; exact world/headlines
S22 diagnosis day 21/31: 21 Jan 2015 -> 22 Jan 2015, observed 225.016 ms, native 262.219 ms; exact world/headlines
S22 diagnosis day 22/31: 22 Jan 2015 -> 23 Jan 2015, observed 259.958 ms, native 256.855 ms; exact world/headlines
S22 diagnosis day 23/31: 23 Jan 2015 -> 24 Jan 2015, observed 168.434 ms, native 179.131 ms; exact world/headlines
S22 diagnosis day 24/31: 24 Jan 2015 -> 25 Jan 2015, observed 256.041 ms, native 165.296 ms; exact world/headlines
S22 diagnosis day 25/31: 25 Jan 2015 -> 26 Jan 2015, observed 254.559 ms, native 257.038 ms; exact world/headlines
S22 diagnosis day 26/31: 26 Jan 2015 -> 27 Jan 2015, observed 257.421 ms, native 249.332 ms; exact world/headlines
S22 diagnosis day 27/31: 27 Jan 2015 -> 28 Jan 2015, observed 273.909 ms, native 267.712 ms; exact world/headlines
S22 diagnosis day 28/31: 28 Jan 2015 -> 29 Jan 2015, observed 239.894 ms, native 262.689 ms; exact world/headlines
S22 diagnosis day 29/31: 29 Jan 2015 -> 30 Jan 2015, observed 252.627 ms, native 223.656 ms; exact world/headlines
S22 diagnosis day 30/31: 30 Jan 2015 -> 31 Jan 2015, observed 250.805 ms, native 255.987 ms; exact world/headlines
S22 diagnosis day 31/31: 31 Jan 2015 -> 1 Feb 2015, observed 670.764 ms, native 691.527 ms; exact world/headlines
test performance::s22_daily_subsystem_diagnosis ... ok

test result: ok. 1 passed; 0 failed; 0 ignored; 0 measured; 455 filtered out; finished in 69.99s

