
running 11 tests
test a10_discontent_leads_the_roster_by_a_quarter_before_a_takeover ... ok
A10: median discontent lead 0.335 over 12 seeds ([0.3332881550546958, 0.3350112582151434, 0.3199892919645879, 0.33590973819726616, 0.32400988681645504, 0.3429291630974689, 0.3289217032960273, 0.32341646778887506, 0.34581141592062586, 0.34960696466630614, 0.34631310703730217, 0.35879562887915467])
A1: median coups 7.5 top-3 share median 0.57
s0 coupEl 7 annul 2 regCoup 6 take [0, 0, 8, 1, 1] upr [1, 0, 1, 1, 1, 7] open96 16 a6 0/1 big8 8 poor 15/15 a10 +0.333 top3 0.43
s1 coupEl 6 annul 2 regCoup 3 take [0, 0, 8, 1, 1] upr [1, 0, 1, 1, 1, 8] open96 17 a6 0/1 big8 8 poor 11/11 a10 +0.335 top3 0.67
s2 coupEl 5 annul 3 regCoup 5 take [0, 0, 9, 1, 0] upr [0, 0, 2, 1, 0, 3] open96 18 a6 0/1 big8 8 poor 13/13 a10 +0.320 top3 0.60
s3 coupEl 8 annul 2 regCoup 4 take [0, 0, 11, 0, 1] upr [1, 0, 2, 0, 1, 3] open96 16 a6 0/1 big8 8 poor 14/14 a10 +0.336 top3 0.62
s4 coupEl 8 annul 2 regCoup 3 take [0, 0, 10, 1, 2] upr [1, 0, 1, 1, 2, 3] open96 18 a6 0/1 big8 8 poor 13/13 a10 +0.324 top3 0.50
s5 coupEl 8 annul 2 regCoup 4 take [0, 0, 10, 1, 1] upr [2, 0, 1, 1, 1, 8] open96 14 a6 0/1 big8 8 poor 14/14 a10 +0.343 top3 0.50
s6 coupEl 7 annul 2 regCoup 7 take [0, 0, 10, 1, 1] upr [1, 0, 2, 1, 1, 6] open96 15 a6 0/1 big8 8 poor 16/16 a10 +0.329 top3 0.57
s7 coupEl 8 annul 2 regCoup 5 take [0, 0, 11, 1, 1] upr [0, 0, 2, 1, 1, 9] open96 17 a6 0/1 big8 8 poor 15/15 a10 +0.323 top3 0.62
s8 coupEl 8 annul 2 regCoup 4 take [0, 0, 9, 1, 1] upr [0, 0, 1, 1, 1, 3] open96 16 a6 0/1 big8 8 poor 14/14 a10 +0.346 top3 0.50
s9 coupEl 7 annul 2 regCoup 3 take [0, 0, 11, 0, 1] upr [1, 0, 3, 0, 1, 3] open96 15 a6 0/1 big8 8 poor 12/12 a10 +0.350 top3 0.57
s10 coupEl 8 annul 2 regCoup 5 take [0, 0, 11, 1, 1] upr [0, 0, 2, 1, 1, 7] open96 18 a6 0/1 big8 8 poor 15/15 a10 +0.346 top3 0.62
s11 coupEl 7 annul 2 regCoup 5 take [0, 0, 11, 1, 0] upr [1, 0, 3, 1, 0, 8] open96 13 a6 0/1 big8 8 poor 14/14 a10 +0.359 top3 0.57

thread 'a1_coups_against_elected_governments_are_spread_not_three_micro_polities' (41920) panicked at spheres-sim\tests\bloc_census.rs:992:5:
three nations hold 0.57 of a seed's coups
note: run with `RUST_BACKTRACE=1` environment variable to display a backtrace
test a1_coups_against_elected_governments_are_spread_not_three_micro_polities ... FAILED
test a2_an_islamist_takeover_without_a_ballot_in_most_seeds_by_2000 ... ok
A2: 8/12 seeds; Algeria Islamist 0/12 annulled 12/12
s0 coupEl 7 annul 2 regCoup 6 take [0, 0, 8, 1, 1] upr [1, 0, 1, 1, 1, 7] open96 16 a6 0/1 big8 8 poor 15/15 a10 +0.333 top3 0.43
s1 coupEl 6 annul 2 regCoup 3 take [0, 0, 8, 1, 1] upr [1, 0, 1, 1, 1, 8] open96 17 a6 0/1 big8 8 poor 11/11 a10 +0.335 top3 0.67
s2 coupEl 5 annul 3 regCoup 5 take [0, 0, 9, 1, 0] upr [0, 0, 2, 1, 0, 3] open96 18 a6 0/1 big8 8 poor 13/13 a10 +0.320 top3 0.60
s3 coupEl 8 annul 2 regCoup 4 take [0, 0, 11, 0, 1] upr [1, 0, 2, 0, 1, 3] open96 16 a6 0/1 big8 8 poor 14/14 a10 +0.336 top3 0.62
s4 coupEl 8 annul 2 regCoup 3 take [0, 0, 10, 1, 2] upr [1, 0, 1, 1, 2, 3] open96 18 a6 0/1 big8 8 poor 13/13 a10 +0.324 top3 0.50
s5 coupEl 8 annul 2 regCoup 4 take [0, 0, 10, 1, 1] upr [2, 0, 1, 1, 1, 8] open96 14 a6 0/1 big8 8 poor 14/14 a10 +0.343 top3 0.50
s6 coupEl 7 annul 2 regCoup 7 take [0, 0, 10, 1, 1] upr [1, 0, 2, 1, 1, 6] open96 15 a6 0/1 big8 8 poor 16/16 a10 +0.329 top3 0.57
s7 coupEl 8 annul 2 regCoup 5 take [0, 0, 11, 1, 1] upr [0, 0, 2, 1, 1, 9] open96 17 a6 0/1 big8 8 poor 15/15 a10 +0.323 top3 0.62
s8 coupEl 8 annul 2 regCoup 4 take [0, 0, 9, 1, 1] upr [0, 0, 1, 1, 1, 3] open96 16 a6 0/1 big8 8 poor 14/14 a10 +0.346 top3 0.50
s9 coupEl 7 annul 2 regCoup 3 take [0, 0, 11, 0, 1] upr [1, 0, 3, 0, 1, 3] open96 15 a6 0/1 big8 8 poor 12/12 a10 +0.350 top3 0.57
s10 coupEl 8 annul 2 regCoup 5 take [0, 0, 11, 1, 1] upr [0, 0, 2, 1, 1, 7] open96 18 a6 0/1 big8 8 poor 15/15 a10 +0.346 top3 0.62
s11 coupEl 7 annul 2 regCoup 5 take [0, 0, 11, 1, 0] upr [1, 0, 3, 1, 0, 8] open96 13 a6 0/1 big8 8 poor 14/14 a10 +0.359 top3 0.57
A3: 0/20 seeds with a Communist non-ballot takeover
test a3_a_communist_takeover_without_a_ballot_is_rare ... ok
s0 coupEl 7 annul 2 regCoup 6 take [0, 0, 8, 1, 1] upr [1, 0, 1, 1, 1, 7] open96 16 a6 0/1 big8 8 poor 15/15 a10 +0.333 top3 0.43
s1 coupEl 6 annul 2 regCoup 3 take [0, 0, 8, 1, 1] upr [1, 0, 1, 1, 1, 8] open96 17 a6 0/1 big8 8 poor 11/11 a10 +0.335 top3 0.67
s2 coupEl 5 annul 3 regCoup 5 take [0, 0, 9, 1, 0] upr [0, 0, 2, 1, 0, 3] open96 18 a6 0/1 big8 8 poor 13/13 a10 +0.320 top3 0.60
s3 coupEl 8 annul 2 regCoup 4 take [0, 0, 11, 0, 1] upr [1, 0, 2, 0, 1, 3] open96 16 a6 0/1 big8 8 poor 14/14 a10 +0.336 top3 0.62
s4 coupEl 8 annul 2 regCoup 3 take [0, 0, 10, 1, 2] upr [1, 0, 1, 1, 2, 3] open96 18 a6 0/1 big8 8 poor 13/13 a10 +0.324 top3 0.50
s5 coupEl 8 annul 2 regCoup 4 take [0, 0, 10, 1, 1] upr [2, 0, 1, 1, 1, 8] open96 14 a6 0/1 big8 8 poor 14/14 a10 +0.343 top3 0.50
s6 coupEl 7 annul 2 regCoup 7 take [0, 0, 10, 1, 1] upr [1, 0, 2, 1, 1, 6] open96 15 a6 0/1 big8 8 poor 16/16 a10 +0.329 top3 0.57
s7 coupEl 8 annul 2 regCoup 5 take [0, 0, 11, 1, 1] upr [0, 0, 2, 1, 1, 9] open96 17 a6 0/1 big8 8 poor 15/15 a10 +0.323 top3 0.62
s8 coupEl 8 annul 2 regCoup 4 take [0, 0, 9, 1, 1] upr [0, 0, 1, 1, 1, 3] open96 16 a6 0/1 big8 8 poor 14/14 a10 +0.346 top3 0.50
s9 coupEl 7 annul 2 regCoup 3 take [0, 0, 11, 0, 1] upr [1, 0, 3, 0, 1, 3] open96 15 a6 0/1 big8 8 poor 12/12 a10 +0.350 top3 0.57
s10 coupEl 8 annul 2 regCoup 5 take [0, 0, 11, 1, 1] upr [0, 0, 2, 1, 1, 7] open96 18 a6 0/1 big8 8 poor 15/15 a10 +0.346 top3 0.62
s11 coupEl 7 annul 2 regCoup 5 take [0, 0, 11, 1, 0] upr [1, 0, 3, 1, 0, 8] open96 13 a6 0/1 big8 8 poor 14/14 a10 +0.359 top3 0.57
s12 coupEl 7 annul 2 regCoup 4 take [0, 0, 7, 0, 1] upr [0, 0, 0, 0, 1, 4] open96 20 a6 0/1 big8 8 poor 13/13 a10 +0.323 top3 0.43
s13 coupEl 10 annul 2 regCoup 5 take [0, 0, 14, 1, 2] upr [1, 0, 3, 1, 2, 8] open96 16 a6 0/1 big8 7 poor 17/17 a10 +0.312 top3 0.60
s14 coupEl 9 annul 3 regCoup 4 take [0, 0, 11, 1, 1] upr [1, 0, 1, 1, 1, 3] open96 18 a6 0/1 big8 8 poor 16/16 a10 +0.313 top3 0.56
s15 coupEl 7 annul 3 regCoup 3 take [0, 0, 9, 0, 1] upr [0, 0, 1, 0, 1, 3] open96 19 a6 0/1 big8 8 poor 13/13 a10 +0.318 top3 0.43
s16 coupEl 7 annul 2 regCoup 5 take [0, 0, 8, 0, 1] upr [0, 0, 1, 0, 1, 3] open96 19 a6 0/1 big8 8 poor 14/14 a10 +0.319 top3 0.43
s17 coupEl 8 annul 2 regCoup 5 take [0, 0, 11, 1, 1] upr [0, 0, 2, 1, 1, 7] open96 13 a6 0/1 big8 8 poor 15/15 a10 +0.305 top3 0.62
s18 coupEl 8 annul 2 regCoup 6 take [0, 0, 9, 0, 1] upr [0, 0, 1, 0, 1, 5] open96 16 a6 0/1 big8 8 poor 16/16 a10 +0.342 top3 0.50
s19 coupEl 9 annul 3 regCoup 4 take [0, 0, 13, 1, 1] upr [1, 0, 2, 1, 1, 7] open96 17 a6 0/1 big8 8 poor 16/16 a10 +0.300 top3 0.56
test a4_the_democratisation_wave_opens_fifteen_regimes_by_1996 ... ok
A4: median 1990 regimes electoral at end-1996 16
s0 coupEl 7 annul 2 regCoup 6 take [0, 0, 8, 1, 1] upr [1, 0, 1, 1, 1, 7] open96 16 a6 0/1 big8 8 poor 15/15 a10 +0.333 top3 0.43
s1 coupEl 6 annul 2 regCoup 3 take [0, 0, 8, 1, 1] upr [1, 0, 1, 1, 1, 8] open96 17 a6 0/1 big8 8 poor 11/11 a10 +0.335 top3 0.67
s2 coupEl 5 annul 3 regCoup 5 take [0, 0, 9, 1, 0] upr [0, 0, 2, 1, 0, 3] open96 18 a6 0/1 big8 8 poor 13/13 a10 +0.320 top3 0.60
s3 coupEl 8 annul 2 regCoup 4 take [0, 0, 11, 0, 1] upr [1, 0, 2, 0, 1, 3] open96 16 a6 0/1 big8 8 poor 14/14 a10 +0.336 top3 0.62
s4 coupEl 8 annul 2 regCoup 3 take [0, 0, 10, 1, 2] upr [1, 0, 1, 1, 2, 3] open96 18 a6 0/1 big8 8 poor 13/13 a10 +0.324 top3 0.50
s5 coupEl 8 annul 2 regCoup 4 take [0, 0, 10, 1, 1] upr [2, 0, 1, 1, 1, 8] open96 14 a6 0/1 big8 8 poor 14/14 a10 +0.343 top3 0.50
s6 coupEl 7 annul 2 regCoup 7 take [0, 0, 10, 1, 1] upr [1, 0, 2, 1, 1, 6] open96 15 a6 0/1 big8 8 poor 16/16 a10 +0.329 top3 0.57
s7 coupEl 8 annul 2 regCoup 5 take [0, 0, 11, 1, 1] upr [0, 0, 2, 1, 1, 9] open96 17 a6 0/1 big8 8 poor 15/15 a10 +0.323 top3 0.62
s8 coupEl 8 annul 2 regCoup 4 take [0, 0, 9, 1, 1] upr [0, 0, 1, 1, 1, 3] open96 16 a6 0/1 big8 8 poor 14/14 a10 +0.346 top3 0.50
s9 coupEl 7 annul 2 regCoup 3 take [0, 0, 11, 0, 1] upr [1, 0, 3, 0, 1, 3] open96 15 a6 0/1 big8 8 poor 12/12 a10 +0.350 top3 0.57
s10 coupEl 8 annul 2 regCoup 5 take [0, 0, 11, 1, 1] upr [0, 0, 2, 1, 1, 7] open96 18 a6 0/1 big8 8 poor 15/15 a10 +0.346 top3 0.62
s11 coupEl 7 annul 2 regCoup 5 take [0, 0, 11, 1, 0] upr [1, 0, 3, 1, 0, 8] open96 13 a6 0/1 big8 8 poor 14/14 a10 +0.359 top3 0.57
test a5_ex_communists_return_by_ballot_in_most_seeds ... ok
A5: 12/12 seeds with a flagged successor party led back into government by ballot in >= 3 ex-communist states by 1996
s0 coupEl 7 annul 2 regCoup 6 take [0, 0, 8, 1, 1] upr [1, 0, 1, 1, 1, 7] open96 16 a6 0/1 big8 8 poor 15/15 a10 +0.333 top3 0.43
s1 coupEl 6 annul 2 regCoup 3 take [0, 0, 8, 1, 1] upr [1, 0, 1, 1, 1, 8] open96 17 a6 0/1 big8 8 poor 11/11 a10 +0.335 top3 0.67
s2 coupEl 5 annul 3 regCoup 5 take [0, 0, 9, 1, 0] upr [0, 0, 2, 1, 0, 3] open96 18 a6 0/1 big8 8 poor 13/13 a10 +0.320 top3 0.60
s3 coupEl 8 annul 2 regCoup 4 take [0, 0, 11, 0, 1] upr [1, 0, 2, 0, 1, 3] open96 16 a6 0/1 big8 8 poor 14/14 a10 +0.336 top3 0.62
s4 coupEl 8 annul 2 regCoup 3 take [0, 0, 10, 1, 2] upr [1, 0, 1, 1, 2, 3] open96 18 a6 0/1 big8 8 poor 13/13 a10 +0.324 top3 0.50
s5 coupEl 8 annul 2 regCoup 4 take [0, 0, 10, 1, 1] upr [2, 0, 1, 1, 1, 8] open96 14 a6 0/1 big8 8 poor 14/14 a10 +0.343 top3 0.50
s6 coupEl 7 annul 2 regCoup 7 take [0, 0, 10, 1, 1] upr [1, 0, 2, 1, 1, 6] open96 15 a6 0/1 big8 8 poor 16/16 a10 +0.329 top3 0.57
s7 coupEl 8 annul 2 regCoup 5 take [0, 0, 11, 1, 1] upr [0, 0, 2, 1, 1, 9] open96 17 a6 0/1 big8 8 poor 15/15 a10 +0.323 top3 0.62
s8 coupEl 8 annul 2 regCoup 4 take [0, 0, 9, 1, 1] upr [0, 0, 1, 1, 1, 3] open96 16 a6 0/1 big8 8 poor 14/14 a10 +0.346 top3 0.50
s9 coupEl 7 annul 2 regCoup 3 take [0, 0, 11, 0, 1] upr [1, 0, 3, 0, 1, 3] open96 15 a6 0/1 big8 8 poor 12/12 a10 +0.350 top3 0.57
s10 coupEl 8 annul 2 regCoup 5 take [0, 0, 11, 1, 1] upr [0, 0, 2, 1, 1, 7] open96 18 a6 0/1 big8 8 poor 15/15 a10 +0.346 top3 0.62
s11 coupEl 7 annul 2 regCoup 5 take [0, 0, 11, 1, 0] upr [1, 0, 3, 1, 0, 8] open96 13 a6 0/1 big8 8 poor 14/14 a10 +0.359 top3 0.57
A7: median ballot-flips / takeovers 8.462 ([12.0, 10.4, 6.8, 5.75, 5.6923076923076925, 10.916666666666666, 9.25, 7.846153846153846, 6.7272727272727275, 5.583333333333333, 9.076923076923077, 9.5])
test a7_ballots_flip_the_ruling_bloc_three_times_as_often_as_takeovers ... ok
s0 coupEl 7 annul 2 regCoup 6 take [0, 0, 8, 1, 1] upr [1, 0, 1, 1, 1, 7] open96 16 a6 0/1 big8 8 poor 15/15 a10 +0.333 top3 0.43
s1 coupEl 6 annul 2 regCoup 3 take [0, 0, 8, 1, 1] upr [1, 0, 1, 1, 1, 8] open96 17 a6 0/1 big8 8 poor 11/11 a10 +0.335 top3 0.67
s2 coupEl 5 annul 3 regCoup 5 take [0, 0, 9, 1, 0] upr [0, 0, 2, 1, 0, 3] open96 18 a6 0/1 big8 8 poor 13/13 a10 +0.320 top3 0.60
s3 coupEl 8 annul 2 regCoup 4 take [0, 0, 11, 0, 1] upr [1, 0, 2, 0, 1, 3] open96 16 a6 0/1 big8 8 poor 14/14 a10 +0.336 top3 0.62
s4 coupEl 8 annul 2 regCoup 3 take [0, 0, 10, 1, 2] upr [1, 0, 1, 1, 2, 3] open96 18 a6 0/1 big8 8 poor 13/13 a10 +0.324 top3 0.50
s5 coupEl 8 annul 2 regCoup 4 take [0, 0, 10, 1, 1] upr [2, 0, 1, 1, 1, 8] open96 14 a6 0/1 big8 8 poor 14/14 a10 +0.343 top3 0.50
s6 coupEl 7 annul 2 regCoup 7 take [0, 0, 10, 1, 1] upr [1, 0, 2, 1, 1, 6] open96 15 a6 0/1 big8 8 poor 16/16 a10 +0.329 top3 0.57
s7 coupEl 8 annul 2 regCoup 5 take [0, 0, 11, 1, 1] upr [0, 0, 2, 1, 1, 9] open96 17 a6 0/1 big8 8 poor 15/15 a10 +0.323 top3 0.62
s8 coupEl 8 annul 2 regCoup 4 take [0, 0, 9, 1, 1] upr [0, 0, 1, 1, 1, 3] open96 16 a6 0/1 big8 8 poor 14/14 a10 +0.346 top3 0.50
s9 coupEl 7 annul 2 regCoup 3 take [0, 0, 11, 0, 1] upr [1, 0, 3, 0, 1, 3] open96 15 a6 0/1 big8 8 poor 12/12 a10 +0.350 top3 0.57
s10 coupEl 8 annul 2 regCoup 5 take [0, 0, 11, 1, 1] upr [0, 0, 2, 1, 1, 7] open96 18 a6 0/1 big8 8 poor 15/15 a10 +0.346 top3 0.62
s11 coupEl 7 annul 2 regCoup 5 take [0, 0, 11, 1, 0] upr [1, 0, 3, 1, 0, 8] open96 13 a6 0/1 big8 8 poor 14/14 a10 +0.359 top3 0.57
A6 at 420 months: route events 0 in 12/12 seeds; pre-existing collapses beside [1, 1, 1, 1, 1, 1, 1, 1, 1, 1, 1, 1]
test a6_no_road_reaches_a_1990_democracy_in_thirty_five_years ... ok
A9: 166/166 = 1.000 of coups in nations under $8,000 a head
test a9_four_coups_in_five_strike_nations_under_8000_a_head ... ok
test a_ballot_and_an_uncoloured_collapse_do_not_fabricate_a_movement_takeover ... ok
A8: 40/40 seeds keep >= 6 of 8; per seed [8, 8, 8, 8, 8, 8, 8, 8, 8, 8, 8, 8, 8, 7, 8, 8, 8, 8, 8, 8, 8, 8, 8, 8, 8, 8, 8, 8, 8, 8, 8, 8, 8, 8, 8, 8, 8, 8, 8, 8]
test a8_six_of_the_eight_big_regimes_keep_their_bloc_in_most_seeds ... ok

failures:

failures:
    a1_coups_against_elected_governments_are_spread_not_three_micro_polities

test result: FAILED. 10 passed; 1 failed; 0 ignored; 0 measured; 1 filtered out; finished in 70.59s

