
running 1 test
test bloc_census ... bloc census: both switches on, monthly, 252 months, seeds 0..12
seed | coupEl annul regCoup | upr W/C/N/I/NA/none | clause s12/mov/both/none | take W/C/N/I/NA ballot(bloc/party) | isl<=2000 isl comm | open96 (drift/upr/lever/card) | excomm96 run | a6 route/collapse | big8 | poor/coups | a10 med (n) | deaths rt susp prog | maxIslI | elcoup top3 share nations
s  0 |  7  2  6 |  1/ 0/ 1/ 1/ 1/ 7 |   5/  2/ 0/ 4 |  0/ 0/ 8/ 1/ 1 120/162 | 1 1 0 | 16 (11/0/21/3) | 6 10 | 0 1 | 8 | 15/15 | +0.333 (10) | 40 22 0 0 | 0.691 Algeria | 0.43 ["Comoros", "Ecuador", "Guatemala", "Guyana", "Mozambique"]
s  1 |  6  2  3 |  1/ 0/ 1/ 1/ 1/ 8 |   6/  3/ 0/ 3 |  0/ 0/ 8/ 1/ 1 104/151 | 1 1 0 | 17 (8/0/20/1) | 6 10 | 0 1 | 8 | 11/11 | +0.335 (10) | 36 21 0 0 | 0.691 Algeria | 0.67 ["Guatemala", "Ecuador", "Guyana", "Myanmar", "Sao Tome and Principe"]
s  2 |  5  3  5 |  0/ 0/ 2/ 1/ 0/ 3 |   2/  2/ 0/ 2 |  0/ 0/ 9/ 1/ 0  68/111 | 1 1 0 | 18 (8/0/19/1) | 3 6 | 0 1 | 8 | 13/13 | +0.320 (10) | 24 20 0 0 | 0.691 Algeria | 0.60 ["Ecuador", "Guatemala", "Guyana", "Myanmar", "Sao Tome and Principe"]
s  3 |  8  2  4 |  1/ 0/ 2/ 0/ 1/ 3 |   3/  3/ 0/ 1 |  0/ 0/11/ 0/ 1  69/117 | 0 0 0 | 16 (9/0/17/2) | 3 6 | 0 1 | 8 | 14/14 | +0.336 (12) | 34 19 0 0 | 0.691 Algeria | 0.62 ["Guatemala", "Myanmar", "Comoros", "Ecuador", "Guyana"]
s  4 |  8  2  3 |  1/ 0/ 1/ 1/ 2/ 3 |   2/  4/ 0/ 2 |  0/ 0/10/ 1/ 2  74/121 | 0 1 0 | 18 (9/0/20/4) | 3 5 | 0 1 | 8 | 13/13 | +0.324 (13) | 33 22 0 0 | 0.691 Algeria | 0.50 ["Guatemala", "Chad", "Comoros", "Ecuador", "Guyana"]
s  5 |  8  2  4 |  2/ 0/ 1/ 1/ 1/ 8 |   6/  4/ 0/ 3 |  0/ 0/10/ 1/ 1 131/172 | 1 1 0 | 14 (9/0/20/3) | 6 10 | 0 1 | 8 | 14/14 | +0.343 (12) | 28 22 0 0 | 0.691 Algeria | 0.50 ["Guatemala", "Chad", "Comoros", "Ecuador", "Guyana"]
s  6 |  7  2  7 |  1/ 0/ 2/ 1/ 1/ 6 |   5/  2/ 0/ 4 |  0/ 0/10/ 1/ 1 111/147 | 1 1 0 | 15 (9/0/20/3) | 6 9 | 0 1 | 8 | 16/16 | +0.329 (12) | 24 21 0 0 | 0.691 Algeria | 0.57 ["Myanmar", "Comoros", "Ecuador", "Guatemala", "Guyana"]
s  7 |  8  2  5 |  0/ 0/ 2/ 1/ 1/ 9 |   9/  2/ 0/ 2 |  0/ 0/11/ 1/ 1 102/145 | 1 1 0 | 17 (10/0/17/2) | 7 10 | 0 1 | 8 | 15/15 | +0.323 (13) | 36 19 0 0 | 0.691 Algeria | 0.62 ["Guatemala", "Sao Tome and Principe", "Comoros", "Ecuador", "Guyana"]
s  8 |  8  2  4 |  0/ 0/ 1/ 1/ 1/ 3 |   3/  2/ 0/ 1 |  0/ 0/ 9/ 1/ 1  74/118 | 0 1 0 | 16 (9/0/18/2) | 3 4 | 0 1 | 8 | 14/14 | +0.346 (11) | 31 20 0 0 | 0.691 Algeria | 0.50 ["Guatemala", "Comoros", "Ecuador", "Guyana", "Mozambique"]
s  9 |  7  2  3 |  1/ 0/ 3/ 0/ 1/ 3 |   3/  5/ 0/ 0 |  0/ 0/11/ 0/ 1  67/111 | 0 0 0 | 15 (9/0/18/3) | 3 5 | 0 1 | 8 | 12/12 | +0.350 (12) | 24 18 0 0 | 0.691 Algeria | 0.57 ["Guatemala", "Comoros", "Ecuador", "Guyana", "Myanmar"]
s 10 |  8  2  5 |  0/ 0/ 2/ 1/ 1/ 7 |   5/  2/ 0/ 4 |  0/ 0/11/ 1/ 1 118/169 | 1 1 0 | 18 (9/0/20/0) | 6 10 | 0 1 | 8 | 15/15 | +0.346 (13) | 44 23 0 0 | 0.691 Algeria | 0.62 ["Guatemala", "Sao Tome and Principe", "Comoros", "Ecuador", "Guyana"]
s 11 |  7  2  7 |  0/ 0/ 3/ 1/ 0/ 8 |   7/  3/ 0/ 2 |  0/ 0/11/ 1/ 0 114/158 | 1 1 0 | 13 (10/0/18/3) | 6 11 | 0 1 | 8 | 16/16 | +0.358 (12) | 34 20 0 0 | 0.691 Algeria | 0.57 ["Guatemala", "Comoros", "Ecuador", "Guyana", "Myanmar"]

SUMMARY over 12 seeds
A1 coups against elected governments per seed: min 5.00 med 7.50 max 8.00 mean 7.250 sd 0.965
   band 4..14 on the median: P(median outside | n=12) by bootstrap = 0.0000
   top-3 nation share of a seed's coups: min 0.43 med 0.57 max 0.67 mean 0.565 sd 0.070
   annulments per seed: min 2.00 med 2.00 max 3.00 mean 2.083 sd 0.289
   regime coups by a pillar per seed: min 3.00 med 4.50 max 7.00 mean 4.667 sd 1.435
A2 seeds with >= 1 Islamist non-ballot takeover by end-2000: 8/12 = 0.667 (over the run: 10/12); Algeria Islamist 0/12 annulled 12/12
   Islamist uprisings per seed: min 0.00 med 1.00 max 1.00 mean 0.833 sd 0.389; max Islamist influence (winnable, non-ruling): min 0.69 med 0.69 max 0.69 mean 0.691 sd 0.000
A3 seeds with >= 1 Communist non-ballot takeover over the run: 0/12 = 0.000; Communist takeovers per seed: min 0.00 med 0.00 max 0.00 mean 0.000 sd 0.000; Communist-won uprisings per seed: min 0.00 med 0.00 max 0.00 mean 0.000 sd 0.000
A4 1990 regimes electoral at end-1996 per seed: min 13.00 med 16.00 max 18.00 mean 16.083 sd 1.621; band 15..40 on the median: P(outside) = 0.0050
   openings over the run by attribution drift/uprising/lever/card: min 8.00 med 9.00 max 11.00 mean 9.167 sd 0.835 / min 0.00 med 0.00 max 0.00 mean 0.000 sd 0.000 / min 17.00 med 19.50 max 21.00 mean 19.000 sd 1.348 / min 0.00 med 2.50 max 4.00 mean 2.250 sd 1.138
A5 successor party led back into government by ballot (distinct nations): seeds with >= 1 by end-1996 12/12 = 1.000; >= 3 by end-1996 12/12 (the bar); >= 1 over the run 12/12; nations per seed by 1996 min 3.00 med 6.00 max 7.00 mean 4.833 sd 1.642
A6 route events in 1990 auth <= 0.20 nations per seed: min 0.00 med 0.00 max 0.00 mean 0.000 sd 0.000 (pre-existing stability<12 collapses beside: min 1.00 med 1.00 max 1.00 mean 1.000 sd 0.000); seeds with zero route events 12/12
A7 ballot BLOC flips per seed min 67.00 med 103.00 max 131.00 mean 96.000 sd 23.848; ballot PARTY flips per seed min 111.00 med 146.00 max 172.00 mean 140.167 sd 23.206; non-ballot takeovers (bloc changes) per seed min 10.00 med 12.00 max 13.00 mean 11.667 sd 1.155
   ratio bloc-flips/takeovers per seed min 5.58 med 8.46 max 12.00 mean 8.295 sd 2.205; ratio party-flips/takeovers per seed min 9.25 med 11.70 max 16.20 mean 12.112 sd 2.296 (bar: median >= 3)
A8 seeds with >= 6 of the big eight keeping their 1990 bloc to end-2010: 12/12 = 1.000; per seed min 8.00 med 8.00 max 8.00 mean 8.000 sd 0.000
A9 coups (all kinds) in nations under $8,000 per head: 168/168 = 1.000
A10 per-seed median of (D in the year before a non-ballot takeover - roster median): min 0.32 med 0.34 max 0.36 mean 0.337 sd 0.012 (bar >= 0.25; seeds with data 12)
deaths in office per seed min 24.00 med 33.50 max 44.00 mean 32.333 sd 6.443; round-table levers min 18.00 med 20.50 max 23.00 mean 20.583 sd 1.505; suspensions min 0.00 med 0.00 max 0.00 mean 0.000 sd 0.000; programmes min 0.00 med 0.00 max 0.00 mean 0.000 sd 0.000
uprisings by winner W/C/N/I/NA/none: min 0.00 med 1.00 max 2.00 mean 0.667 sd 0.651 / min 0.00 med 0.00 max 0.00 mean 0.000 sd 0.000 / min 1.00 med 2.00 max 3.00 mean 1.750 sd 0.754 / min 0.00 med 1.00 max 1.00 mean 0.833 sd 0.389 / min 0.00 med 1.00 max 2.00 mean 0.917 sd 0.515 / min 3.00 med 6.50 max 9.00 mean 5.667 sd 2.462
uprising clause stab12/movement/both/none: min 2.00 med 5.00 max 9.00 mean 4.667 sd 2.146 / min 2.00 med 2.50 max 5.00 mean 2.833 sd 1.030 / min 0.00 med 0.00 max 0.00 mean 0.000 sd 0.000 / min 0.00 med 2.00 max 4.00 mean 2.333 sd 1.303
crowned uprisings the pre-tick flag did not see (armed inside the tick, S7-1): min 0.00 med 1.00 max 3.00 mean 1.333 sd 0.778 (total 16 of 50 crowns)

BY NATION over all seeds (top 14 each)
  a6_collapse    total   12 distinct   1: [("Argentina", 12)]
  annul          total   25 distinct   3: [("Algeria", 12), ("Yemen", 12), ("Guyana", 1)]
  crown_unarmed_pre total   16 distinct   5: [("Afghanistan", 10), ("Cambodia", 2), ("Mozambique", 2), ("Guyana", 1), ("Myanmar", 1)]
  elcoup         total   87 distinct   8: [("Guatemala", 21), ("Myanmar", 14), ("Sao Tome and Principe", 14), ("Ecuador", 12), ("Guyana", 12), ("Comoros", 10), ("Chad", 2), ("Mozambique", 2)]
  excomm_1996    total   58 distinct   7: [("Bulgaria", 12), ("Croatia", 12), ("Poland", 12), ("Lithuania", 7), ("Russia", 7), ("Ukraine", 7), ("Tajikistan", 1)]
  excomm_run     total   96 distinct  11: [("Bulgaria", 12), ("Croatia", 12), ("Poland", 12), ("Sao Tome and Principe", 12), ("Angola", 10), ("Belarus", 7), ("Lithuania", 7), ("Russia", 7), ("Ukraine", 7), ("Tajikistan", 6), ("Bosnia", 4)]
  islamist_take  total   10 distinct   1: [("Afghanistan", 10)]
  opened_1996    total  217 distinct  24: [("Central African Republic", 12), ("Congo-Brazzaville", 12), ("Ghana", 12), ("Lesotho", 12), ("Morocco", 12), ("Myanmar", 12), ("Sao Tome and Principe", 12), ("Zambia", 12), ("Fiji", 11), ("Kuwait", 11), ("Malawi", 11), ("Nepal", 11), ("Cameroon", 10), ("Albania", 9)]
  regcoup        total   56 distinct   9: [("Cambodia", 12), ("Vietnam", 12), ("Laos", 9), ("Chad", 8), ("Yemen", 5), ("Guyana", 4), ("Afghanistan", 3), ("Angola", 2), ("Iraq", 1)]
ok

test result: ok. 1 passed; 0 failed; 0 ignored; 0 measured; 11 filtered out; finished in 11.45s

