   Compiling proc-macro2 v1.0.107
   Compiling quote v1.0.47
   Compiling unicode-ident v1.0.24
   Compiling serde_core v1.0.229
   Compiling zmij v1.0.23
   Compiling syn v3.0.3
   Compiling serde v1.0.229
   Compiling serde_json v1.0.151
   Compiling serde_derive v1.0.229
   Compiling memchr v2.8.3
   Compiling itoa v1.0.18
   Compiling spheres-sim v0.5.0 (C:\Users\ridge\spheres-political-repair\spheres-sim)
    Finished `release` profile [optimized] target(s) in 4m 42s
     Running unittests src\lib.rs (C:\Users\ridge\spheres-political-build-20260930\release\deps\spheres_sim-de8a2e7790f15db6.exe)

running 4 tests
test government::opening_tests::armed_threat_does_not_bypass_round_table_legality ... ok

thread 'government::opening_tests::live_armed_threat_is_not_hidden_by_loyal_institutions' (34136) panicked at spheres-sim\src\government_opening_tests.rs:44:5:
assertion `left == right` failed
  left: None
 right: Some(ConveneRoundTable { nation: Pakistan })
note: run with `RUST_BACKTRACE=1` environment variable to display a backtrace
test government::opening_tests::live_armed_threat_is_not_hidden_by_loyal_institutions ... FAILED
test government::opening_tests::recovered_or_absent_armed_threat_does_not_force_an_opening ... ok

thread 'government::opening_tests::threatened_opening_keeps_the_real_price_and_first_ballot_in_both_clocks' (42560) panicked at spheres-sim\src\government_opening_tests.rs:86:40:
live threat has an affordable legal response
test government::opening_tests::threatened_opening_keeps_the_real_price_and_first_ballot_in_both_clocks ... FAILED

failures:

failures:
    government::opening_tests::live_armed_threat_is_not_hidden_by_loyal_institutions
    government::opening_tests::threatened_opening_keeps_the_real_price_and_first_ballot_in_both_clocks

test result: FAILED. 2 passed; 2 failed; 0 ignored; 0 measured; 1115 filtered out; finished in 0.18s

error: test failed, to rerun pass `-p spheres-sim --lib`
