✔ workshop defaults and every displayed component label match the native specialist definitions (2.4906ms)
✔ weapon choice lists match each native platform armament, mount and ammunition branch (0.973ms)
✔ all common choices preserve native family isolation and cannot introduce tank components (6.3528ms)
✔ recon edits through each of its three paired selectors produce matching mounts and loads (0.2342ms)
✔ missile and guided-artillery changes constrain required sensors and release choices when reversed (0.5683ms)
✔ actual workshop preserves each family draft, announces paired changes and restores focus (486.9952ms)
✔ real part selection survives detail and same-slot edits, then clears on family or preset changes (148.5877ms)
✔ downloaded GLB contains the current paired vehicle, current LOD and actual painted vertex colors (314.3466ms)
✔ download failures preserve the specialist draft and clean up all allocated browser handles (173.4487ms)
✔ persisted visual records normalize unknown and obsolete values and restore required component pairings (0.369ms)
✔ visual draft validation ignores inherited keys and accessors without invoking their code (0.1962ms)
✔ stored schema validation rejects corrupt or future payloads and removes unknown families without prototype effects (0.2964ms)
✔ actual page reload restores separate components, finish, condition and detail for each family before mounting (306.5966ms)
✔ startup repairs incompatible saved weapons before the first model and never writes while repairing (17.0917ms)
✔ missing, denied or corrupt storage keeps a functional session without startup writes (1174.9598ms)
✔ quota failure preserves live per-family drafts, reports session-only status and does not overwrite the last saved bytes (111.8522ms)
✔ an unsupported future schema is preserved byte-for-byte while edits and preset reset remain session-only (236.6377ms)
✔ resetting one family persists its default components while retaining its finish/detail and every other family draft (31.8312ms)
✔ collection, country, label and search filters keep missing, fictional and unknown items distinct (2.4088ms)
✔ era and date filters use half-open intervals; invalid and undated items are not dated (1.2573ms)
✔ keyboard grid movement clamps inside the visible sheet (0.1838ms)
✔ paths and links stay inside the repository and never become script or credential URLs (1.1598ms)
✔ input verification compares exact bytes and fails closed (5.4008ms)
✔ explicit LF text scope survives CRLF, preserves other bytes and rejects content changes (1.3552ms)
✔ the committed export keeps automated findings apart from approval and labels every collection (8.4205ms)
﹣ real reviewer in a headless browser (0.1228ms) # set SPHERES_BROWSER_CHANNEL=chrome (and NODE_PATH to a Playwright 1.58.2 install) to drive the real reviewer
✔ all country identities remain selectable and unknown coverage is not zero (2.2962ms)
✔ every indexed country packet can be reviewed without changing source observations (109.4856ms)
✔ wrong country, stale counts and false completed coverage cannot be presented (0.6737ms)
✔ holder claims resolve only through a source cited by their separate office (6.4139ms)
✔ search includes sourced people and preserves organization versus institution filters (1.2712ms)
✔ date wording retains unknown, month precision and observation versus interval (0.3151ms)
✔ society testimony dates are displayed as observations without inventing officer terms (0.3107ms)
✔ source navigation rejects script URLs, credentials and filesystem traversal (0.1278ms)
✔ packet loader verifies exact bytes and fails closed on changed source (16.1614ms)
✔ late country success cannot replace the latest selected country (0.3987ms)
✔ late country error cannot erase the latest data but current errors surface (0.1865ms)
✔ committed inventory identities and activation paths match the current sources (36.5631ms)
✔ the inventory holds each of the 23 expected successor identities exactly once (2.5779ms)
✔ mapping discrepancies are flagged without reducing the expectation (1.5711ms)
✔ the inventory validator rejects missing, duplicate, misclassified and unflagged identities (1.4918ms)
✔ committed results are complete, labelled and tied to this exact inventory and build (19.3586ms)
✔ historical submitted results pin the exact historical harness blobs (216.2219ms)
✔ at least three representative activations ran, including USSR -> Russia, with inspection after save/reload (6.2733ms)
✔ passed, failed, blocked and unrun are reported independently for every layer (5.7621ms)
✔ the result validator rejects mislabelled or inconsistent results (212.3207ms)
✔ staging splices only the two parent values and preserves unrepresentable integers (1.5717ms)
✔ staging refuses missing, duplicated, dead or malformed parent records (0.6715ms)
✔ Rust readers ignore comments, strings and lifetimes (0.5283ms)
✔ historical exporter receipts report matching projections, without retained original bytes (5.2286ms)
✔ current acceptance rejects historical hash-only inputs (11.3005ms)
✔ passing requires every named check exactly once and retained browser screenshots (45.8491ms)
✔ runtime, clean-tree and served asset proof cannot be waived by a passed browser case (54.4522ms)
✔ native exporter provenance must pin the exact consumed archive and runtime (45.0311ms)
✔ failed staging cannot support a passed activation (10.451ms)
✔ blocked environment errors remain blocked even before the first check (9.2052ms)
✔ failed or blocked cases yield nonzero command exit even when the record is valid (0.1728ms)
✔ unrun no-hook claims cannot hide supported activation or selection cases (11.7874ms)
✔ retained archive verification checks gzip and decoded bytes and confines references (2.4344ms)
✔ screenshot references cannot leave the evidence directory (4.4392ms)
✔ staging rejects duplicate JSON keys instead of patching a shadowed value (0.164ms)
✔ command options reject unknown recipes and duplicate requested identities (0.565ms)
✔ frozen served asset identity permits only explicit CRLF transport differences (0.3441ms)
✔ workshop selection follows a part across LOD and component edits and clears on explicit preset or vehicle reset (239.9662ms)
✔ the actual controller emits a part name string and the workshop accepts only current real parts (105.2403ms)
✔ workshop export failures preserve the design and always clean up an attached anchor and created URL (160.5759ms)
ℹ tests 66
ℹ suites 0
ℹ pass 65
ℹ fail 0
ℹ cancelled 0
ℹ skipped 1
ℹ todo 0
ℹ duration_ms 3135.6715
