
running 11 tests
A1: median coups 7 top-3 share median 0.57
s0 coupEl 7 annul 2 regCoup 5 take [0, 0, 10, 0, 1] upr [0, 0, 2, 0, 1, 4] open96 21 a6 0/1 big8 8 poor 14/14 a10 +0.310 top3 0.57
s1 coupEl 6 annul 3 regCoup 6 take [0, 0, 9, 1, 1] upr [0, 0, 2, 1, 1, 9] open96 22 a6 0/1 big8 8 poor 15/15 a10 +0.380 top3 0.67
s2 coupEl 9 annul 4 regCoup 5 take [0, 0, 12, 1, 1] upr [1, 0, 1, 1, 1, 9] open96 21 a6 0/1 big8 8 poor 18/18 a10 +0.334 top3 0.67
s3 coupEl 6 annul 2 regCoup 5 take [0, 0, 10, 0, 1] upr [0, 0, 3, 0, 1, 4] open96 20 a6 0/1 big8 8 poor 13/13 a10 +0.356 top3 0.50
s4 coupEl 7 annul 2 regCoup 6 take [0, 0, 11, 1, 1] upr [0, 0, 3, 1, 1, 8] open96 18 a6 0/1 big8 8 poor 15/15 a10 +0.359 top3 0.57
s5 coupEl 10 annul 2 regCoup 5 take [0, 0, 11, 1, 1] upr [0, 0, 1, 1, 1, 3] open96 21 a6 0/1 big8 8 poor 17/17 a10 +0.356 top3 0.60
s6 coupEl 7 annul 3 regCoup 7 take [0, 0, 11, 1, 0] upr [0, 0, 2, 1, 0, 8] open96 21 a6 0/1 big8 8 poor 17/17 a10 +0.282 top3 0.43
test a1_coups_against_elected_governments_are_spread_not_three_micro_polities ... FAILED
s7 coupEl 7 annul 2 regCoup 5 take [0, 0, 10, 1, 1] upr [1, 0, 2, 1, 1, 4] open96 23 a6 0/1 big8 8 poor 14/14 a10 +0.340 top3 0.57
s8 coupEl 9 annul 3 regCoup 4 take [0, 0, 12, 1, 1] upr [0, 0, 2, 1, 1, 7] open96 18 a6 0/1 big8 8 poor 16/16 a10 +0.356 top3 0.56
s9 coupEl 8 annul 3 regCoup 6 take [0, 0, 11, 1, 1] upr [0, 0, 1, 1, 1, 6] open96 17 a6 0/1 big8 8 poor 17/17 a10 +0.309 top3 0.62
s10 coupEl 7 annul 4 regCoup 6 take [0, 0, 10, 1, 0] upr [0, 0, 1, 1, 0, 7] open96 19 a6 0/1 big8 8 poor 17/17 a10 +0.357 top3 0.43
s11 coupEl 7 annul 4 regCoup 6 take [0, 0, 9, 1, 0] upr [1, 0, 0, 1, 0, 9] open96 20 a6 0/1 big8 8 poor 17/17 a10 +0.329 top3 0.57

thread 'a1_coups_against_elected_governments_are_spread_not_three_micro_polities' (27364) panicked at spheres-sim\tests\bloc_census.rs:992:5:
three nations hold 0.57 of a seed's coups
note: run with `RUST_BACKTRACE=1` environment variable to display a backtrace
A2: 9/12 seeds; Algeria Islamist 0/12 annulled 12/12
s0 coupEl 7 annul 2 regCoup 5 take [0, 0, 10, 0, 1] upr [0, 0, 2, 0, 1, 4] open96 21 a6 0/1 big8 8 poor 14/14 a10 +0.310 top3 0.57
s1 coupEl 6 annul 3 regCoup 6 take [0, 0, 9, 1, 1] upr [0, 0, 2, 1, 1, 9] open96 22 a6 0/1 big8 8 poor 15/15 a10 +0.380 top3 0.67
s2 coupEl 9 annul 4 regCoup 5 take [0, 0, 12, 1, 1] upr [1, 0, 1, 1, 1, 9] open96 21 a6 0/1 big8 8 poor 18/18 a10 +0.334 top3 0.67
s3 coupEl 6 annul 2 regCoup 5 take [0, 0, 10, 0, 1] upr [0, 0, 3, 0, 1, 4] open96 20 a6 0/1 big8 8 poor 13/13 a10 +0.356 top3 0.50
s4 coupEl 7 annul 2 regCoup 6 take [0, 0, 11, 1, 1] upr [0, 0, 3, 1, 1, 8] open96 18 a6 0/1 big8 8 poor 15/15 a10 +0.359 top3 0.57
s5 coupEl 10 annul 2 regCoup 5 take [0, 0, 11, 1, 1] upr [0, 0, 1, 1, 1, 3] open96 21 a6 0/1 big8 8 poor 17/17 a10 +0.356 top3 0.60
s6 coupEl 7 annul 3 regCoup 7 take [0, 0, 11, 1, 0] upr [0, 0, 2, 1, 0, 8] open96 21 a6 0/1 big8 8 poor 17/17 a10 +0.282 top3 0.43
s7 coupEl 7 annul 2 regCoup 5 take [0, 0, 10, 1, 1] upr [1, 0, 2, 1, 1, 4] open96 23 a6 0/1 big8 8 poor 14/14 a10 +0.340 top3 0.57
s8 coupEl 9 annul 3 regCoup 4 take [0, 0, 12, 1, 1] upr [0, 0, 2, 1, 1, 7] open96 18 a6 0/1 big8 8 poor 16/16 a10 +0.356 top3 0.56
s9 coupEl 8 annul 3 regCoup 6 take [0, 0, 11, 1, 1] upr [0, 0, 1, 1, 1, 6] open96 17 a6 0/1 big8 8 poor 17/17 a10 +0.309 top3 0.62
s10 coupEl 7 annul 4 regCoup 6 take [0, 0, 10, 1, 0] upr [0, 0, 1, 1, 0, 7] open96 19 a6 0/1 big8 8 poor 17/17 a10 +0.357 top3 0.43
s11 coupEl 7 annul 4 regCoup 6 take [0, 0, 9, 1, 0] upr [1, 0, 0, 1, 0, 9] open96 20 a6 0/1 big8 8 poor 17/17 a10 +0.329 top3 0.57
test a2_an_islamist_takeover_without_a_ballot_in_most_seeds_by_2000 ... ok
A10: median discontent lead 0.348 over 12 seeds ([0.30953523601383914, 0.3796088652186963, 0.3339088763063039, 0.3555188571580326, 0.3587236811089828, 0.3564117022500769, 0.2815530201179613, 0.3402363560883318, 0.3559156442920907, 0.30882145712814657, 0.3566788965178125, 0.32889742074716777])
test a10_discontent_leads_the_roster_by_a_quarter_before_a_takeover ... ok
A3: 0/20 seeds with a Communist non-ballot takeover
s0 coupEl 7 annul 2 regCoup 5 take [0, 0, 10, 0, 1] upr [0, 0, 2, 0, 1, 4] open96 21 a6 0/1 big8 8 poor 14/14 a10 +0.310 top3 0.57
s1 coupEl 6 annul 3 regCoup 6 take [0, 0, 9, 1, 1] upr [0, 0, 2, 1, 1, 9] open96 22 a6 0/1 big8 8 poor 15/15 a10 +0.380 top3 0.67
s2 coupEl 9 annul 4 regCoup 5 take [0, 0, 12, 1, 1] upr [1, 0, 1, 1, 1, 9] open96 21 a6 0/1 big8 8 poor 18/18 a10 +0.334 top3 0.67
s3 coupEl 6 annul 2 regCoup 5 take [0, 0, 10, 0, 1] upr [0, 0, 3, 0, 1, 4] open96 20 a6 0/1 big8 8 poor 13/13 a10 +0.356 top3 0.50
s4 coupEl 7 annul 2 regCoup 6 take [0, 0, 11, 1, 1] upr [0, 0, 3, 1, 1, 8] open96 18 a6 0/1 big8 8 poor 15/15 a10 +0.359 top3 0.57
s5 coupEl 10 annul 2 regCoup 5 take [0, 0, 11, 1, 1] upr [0, 0, 1, 1, 1, 3] open96 21 a6 0/1 big8 8 poor 17/17 a10 +0.356 top3 0.60
s6 coupEl 7 annul 3 regCoup 7 take [0, 0, 11, 1, 0] upr [0, 0, 2, 1, 0, 8] open96 21 a6 0/1 big8 8 poor 17/17 a10 +0.282 top3 0.43
s7 coupEl 7 annul 2 regCoup 5 take [0, 0, 10, 1, 1] upr [1, 0, 2, 1, 1, 4] open96 23 a6 0/1 big8 8 poor 14/14 a10 +0.340 top3 0.57
s8 coupEl 9 annul 3 regCoup 4 take [0, 0, 12, 1, 1] upr [0, 0, 2, 1, 1, 7] open96 18 a6 0/1 big8 8 poor 16/16 a10 +0.356 top3 0.56
s9 coupEl 8 annul 3 regCoup 6 take [0, 0, 11, 1, 1] upr [0, 0, 1, 1, 1, 6] open96 17 a6 0/1 big8 8 poor 17/17 a10 +0.309 top3 0.62
s10 coupEl 7 annul 4 regCoup 6 take [0, 0, 10, 1, 0] upr [0, 0, 1, 1, 0, 7] open96 19 a6 0/1 big8 8 poor 17/17 a10 +0.357 top3 0.43
s11 coupEl 7 annul 4 regCoup 6 take [0, 0, 9, 1, 0] upr [1, 0, 0, 1, 0, 9] open96 20 a6 0/1 big8 8 poor 17/17 a10 +0.329 top3 0.57
s12 coupEl 10 annul 2 regCoup 6 take [0, 0, 10, 0, 1] upr [0, 0, 1, 0, 1, 3] open96 17 a6 0/1 big8 8 poor 18/18 a10 +0.310 top3 0.60
s13 coupEl 7 annul 3 regCoup 5 take [0, 0, 11, 0, 1] upr [0, 0, 2, 0, 1, 4] open96 20 a6 0/1 big8 8 poor 15/15 a10 +0.349 top3 0.57
s14 coupEl 9 annul 2 regCoup 5 take [0, 0, 9, 1, 1] upr [0, 0, 1, 1, 1, 4] open96 20 a6 0/1 big8 8 poor 16/16 a10 +0.326 top3 0.56
s15 coupEl 10 annul 3 regCoup 6 take [0, 0, 11, 1, 1] upr [1, 0, 1, 1, 1, 8] open96 21 a6 0/1 big8 8 poor 19/19 a10 +0.311 top3 0.60
s16 coupEl 9 annul 4 regCoup 4 take [0, 0, 12, 1, 0] upr [1, 0, 2, 1, 0, 10] open96 21 a6 0/1 big8 8 poor 17/17 a10 +0.356 top3 0.56
s17 coupEl 6 annul 3 regCoup 6 take [0, 0, 10, 1, 0] upr [0, 0, 2, 1, 0, 5] open96 17 a6 0/1 big8 8 poor 15/15 a10 +0.358 top3 0.50
s18 coupEl 6 annul 2 regCoup 6 take [0, 0, 9, 1, 1] upr [2, 0, 2, 1, 1, 7] open96 21 a6 0/1 big8 8 poor 14/14 a10 +0.355 top3 0.50
s19 coupEl 6 annul 2 regCoup 4 take [0, 0, 10, 1, 1] upr [0, 0, 3, 1, 1, 7] open96 20 a6 0/1 big8 8 poor 12/12 a10 +0.321 top3 0.50
test a3_a_communist_takeover_without_a_ballot_is_rare ... ok
A4: median 1990 regimes electoral at end-1996 20.5
s0 coupEl 7 annul 2 regCoup 5 take [0, 0, 10, 0, 1] upr [0, 0, 2, 0, 1, 4] open96 21 a6 0/1 big8 8 poor 14/14 a10 +0.310 top3 0.57
s1 coupEl 6 annul 3 regCoup 6 take [0, 0, 9, 1, 1] upr [0, 0, 2, 1, 1, 9] open96 22 a6 0/1 big8 8 poor 15/15 a10 +0.380 top3 0.67
s2 coupEl 9 annul 4 regCoup 5 take [0, 0, 12, 1, 1] upr [1, 0, 1, 1, 1, 9] open96 21 a6 0/1 big8 8 poor 18/18 a10 +0.334 top3 0.67
s3 coupEl 6 annul 2 regCoup 5 take [0, 0, 10, 0, 1] upr [0, 0, 3, 0, 1, 4] open96 20 a6 0/1 big8 8 poor 13/13 a10 +0.356 top3 0.50
s4 coupEl 7 annul 2 regCoup 6 take [0, 0, 11, 1, 1] upr [0, 0, 3, 1, 1, 8] open96 18 a6 0/1 big8 8 poor 15/15 a10 +0.359 top3 0.57
s5 coupEl 10 annul 2 regCoup 5 take [0, 0, 11, 1, 1] upr [0, 0, 1, 1, 1, 3] open96 21 a6 0/1 big8 8 poor 17/17 a10 +0.356 top3 0.60
s6 coupEl 7 annul 3 regCoup 7 take [0, 0, 11, 1, 0] upr [0, 0, 2, 1, 0, 8] open96 21 a6 0/1 big8 8 poor 17/17 a10 +0.282 top3 0.43
s7 coupEl 7 annul 2 regCoup 5 take [0, 0, 10, 1, 1] upr [1, 0, 2, 1, 1, 4] open96 23 a6 0/1 big8 8 poor 14/14 a10 +0.340 top3 0.57
s8 coupEl 9 annul 3 regCoup 4 take [0, 0, 12, 1, 1] upr [0, 0, 2, 1, 1, 7] open96 18 a6 0/1 big8 8 poor 16/16 a10 +0.356 top3 0.56
s9 coupEl 8 annul 3 regCoup 6 take [0, 0, 11, 1, 1] upr [0, 0, 1, 1, 1, 6] open96 17 a6 0/1 big8 8 poor 17/17 a10 +0.309 top3 0.62
s10 coupEl 7 annul 4 regCoup 6 take [0, 0, 10, 1, 0] upr [0, 0, 1, 1, 0, 7] open96 19 a6 0/1 big8 8 poor 17/17 a10 +0.357 top3 0.43
s11 coupEl 7 annul 4 regCoup 6 take [0, 0, 9, 1, 0] upr [1, 0, 0, 1, 0, 9] open96 20 a6 0/1 big8 8 poor 17/17 a10 +0.329 top3 0.57
test a4_the_democratisation_wave_opens_fifteen_regimes_by_1996 ... ok
A5: 8/12 seeds with a flagged successor party led back into government by ballot in >= 3 ex-communist states by 1996
s0 coupEl 7 annul 2 regCoup 5 take [0, 0, 10, 0, 1] upr [0, 0, 2, 0, 1, 4] open96 21 a6 0/1 big8 8 poor 14/14 a10 +0.310 top3 0.57
s1 coupEl 6 annul 3 regCoup 6 take [0, 0, 9, 1, 1] upr [0, 0, 2, 1, 1, 9] open96 22 a6 0/1 big8 8 poor 15/15 a10 +0.380 top3 0.67
s2 coupEl 9 annul 4 regCoup 5 take [0, 0, 12, 1, 1] upr [1, 0, 1, 1, 1, 9] open96 21 a6 0/1 big8 8 poor 18/18 a10 +0.334 top3 0.67
s3 coupEl 6 annul 2 regCoup 5 take [0, 0, 10, 0, 1] upr [0, 0, 3, 0, 1, 4] open96 20 a6 0/1 big8 8 poor 13/13 a10 +0.356 top3 0.50
s4 coupEl 7 annul 2 regCoup 6 take [0, 0, 11, 1, 1] upr [0, 0, 3, 1, 1, 8] open96 18 a6 0/1 big8 8 poor 15/15 a10 +0.359 top3 0.57
s5 coupEl 10 annul 2 regCoup 5 take [0, 0, 11, 1, 1] upr [0, 0, 1, 1, 1, 3] open96 21 a6 0/1 big8 8 poor 17/17 a10 +0.356 top3 0.60
s6 coupEl 7 annul 3 regCoup 7 take [0, 0, 11, 1, 0] upr [0, 0, 2, 1, 0, 8] open96 21 a6 0/1 big8 8 poor 17/17 a10 +0.282 top3 0.43
s7 coupEl 7 annul 2 regCoup 5 take [0, 0, 10, 1, 1] upr [1, 0, 2, 1, 1, 4] open96 23 a6 0/1 big8 8 poor 14/14 a10 +0.340 top3 0.57
s8 coupEl 9 annul 3 regCoup 4 take [0, 0, 12, 1, 1] upr [0, 0, 2, 1, 1, 7] open96 18 a6 0/1 big8 8 poor 16/16 a10 +0.356 top3 0.56
s9 coupEl 8 annul 3 regCoup 6 take [0, 0, 11, 1, 1] upr [0, 0, 1, 1, 1, 6] open96 17 a6 0/1 big8 8 poor 17/17 a10 +0.309 top3 0.62
s10 coupEl 7 annul 4 regCoup 6 take [0, 0, 10, 1, 0] upr [0, 0, 1, 1, 0, 7] open96 19 a6 0/1 big8 8 poor 17/17 a10 +0.357 top3 0.43
s11 coupEl 7 annul 4 regCoup 6 take [0, 0, 9, 1, 0] upr [1, 0, 0, 1, 0, 9] open96 20 a6 0/1 big8 8 poor 17/17 a10 +0.329 top3 0.57
test a5_ex_communists_return_by_ballot_in_most_seeds ... ok
A7: median ballot-flips / takeovers 8.709 ([7.545454545454546, 9.818181818181818, 8.071428571428571, 8.363636363636363, 8.846153846153847, 6.384615384615385, 10.0, 6.5, 8.571428571428571, 11.307692307692308, 12.0, 11.9])
s0 coupEl 7 annul 2 regCoup 5 take [0, 0, 10, 0, 1] upr [0, 0, 2, 0, 1, 4] open96 21 a6 0/1 big8 8 poor 14/14 a10 +0.310 top3 0.57
s1 coupEl 6 annul 3 regCoup 6 take [0, 0, 9, 1, 1] upr [0, 0, 2, 1, 1, 9] open96 22 a6 0/1 big8 8 poor 15/15 a10 +0.380 top3 0.67
s2 coupEl 9 annul 4 regCoup 5 take [0, 0, 12, 1, 1] upr [1, 0, 1, 1, 1, 9] open96 21 a6 0/1 big8 8 poor 18/18 a10 +0.334 top3 0.67
s3 coupEl 6 annul 2 regCoup 5 take [0, 0, 10, 0, 1] upr [0, 0, 3, 0, 1, 4] open96 20 a6 0/1 big8 8 poor 13/13 a10 +0.356 top3 0.50
s4 coupEl 7 annul 2 regCoup 6 take [0, 0, 11, 1, 1] upr [0, 0, 3, 1, 1, 8] open96 18 a6 0/1 big8 8 poor 15/15 a10 +0.359 top3 0.57
s5 coupEl 10 annul 2 regCoup 5 take [0, 0, 11, 1, 1] upr [0, 0, 1, 1, 1, 3] open96 21 a6 0/1 big8 8 poor 17/17 a10 +0.356 top3 0.60
s6 coupEl 7 annul 3 regCoup 7 take [0, 0, 11, 1, 0] upr [0, 0, 2, 1, 0, 8] open96 21 a6 0/1 big8 8 poor 17/17 a10 +0.282 top3 0.43
s7 coupEl 7 annul 2 regCoup 5 take [0, 0, 10, 1, 1] upr [1, 0, 2, 1, 1, 4] open96 23 a6 0/1 big8 8 poor 14/14 a10 +0.340 top3 0.57
s8 coupEl 9 annul 3 regCoup 4 take [0, 0, 12, 1, 1] upr [0, 0, 2, 1, 1, 7] open96 18 a6 0/1 big8 8 poor 16/16 a10 +0.356 top3 0.56
s9 coupEl 8 annul 3 regCoup 6 take [0, 0, 11, 1, 1] upr [0, 0, 1, 1, 1, 6] open96 17 a6 0/1 big8 8 poor 17/17 a10 +0.309 top3 0.62
s10 coupEl 7 annul 4 regCoup 6 take [0, 0, 10, 1, 0] upr [0, 0, 1, 1, 0, 7] open96 19 a6 0/1 big8 8 poor 17/17 a10 +0.357 top3 0.43
s11 coupEl 7 annul 4 regCoup 6 take [0, 0, 9, 1, 0] upr [1, 0, 0, 1, 0, 9] open96 20 a6 0/1 big8 8 poor 17/17 a10 +0.329 top3 0.57
test a7_ballots_flip_the_ruling_bloc_three_times_as_often_as_takeovers ... ok
test a_ballot_and_an_uncoloured_collapse_do_not_fabricate_a_movement_takeover ... ok
A6 at 420 months: route events 0 in 12/12 seeds; pre-existing collapses beside [1, 1, 1, 1, 1, 1, 1, 1, 1, 1, 1, 1]
test a6_no_road_reaches_a_1990_democracy_in_thirty_five_years ... ok
A9: 190/190 = 1.000 of coups in nations under $8,000 a head
test a9_four_coups_in_five_strike_nations_under_8000_a_head ... ok
A8: 40/40 seeds keep >= 6 of 8; per seed [8, 8, 8, 8, 8, 8, 8, 8, 8, 8, 8, 8, 8, 8, 8, 8, 8, 8, 8, 8, 8, 8, 8, 8, 8, 8, 8, 8, 8, 8, 8, 8, 8, 8, 8, 8, 8, 8, 8, 8]
test a8_six_of_the_eight_big_regimes_keep_their_bloc_in_most_seeds ... ok

failures:

failures:
    a1_coups_against_elected_governments_are_spread_not_three_micro_polities

test result: FAILED. 10 passed; 1 failed; 0 ignored; 0 measured; 1 filtered out; finished in 47.51s

