
running 11 tests
A2: 6/12 seeds; Algeria Islamist 0/12 annulled 12/12
s0 coupEl 11 annul 2 regCoup 3 take [0, 0, 14, 0, 1] upr [1, 0, 2, 0, 1, 4] open96 15 a6 0/1 big8 8 poor 16/16 a10 +0.346 top3 0.45
s1 coupEl 12 annul 1 regCoup 6 take [0, 0, 14, 1, 0] upr [2, 0, 2, 1, 0, 8] open96 19 a6 0/1 big8 8 poor 19/19 a10 +0.342 top3 0.58
s2 coupEl 13 annul 2 regCoup 6 take [0, 0, 13, 1, 1] upr [0, 0, 1, 1, 1, 8] open96 18 a6 0/1 big8 8 poor 21/21 a10 +0.334 top3 0.54
s3 coupEl 10 annul 2 regCoup 4 take [0, 0, 13, 0, 1] upr [0, 0, 2, 0, 1, 5] open96 23 a6 0/1 big8 8 poor 16/16 a10 +0.353 top3 0.50
s4 coupEl 13 annul 2 regCoup 7 take [0, 0, 17, 0, 0] upr [0, 0, 3, 0, 0, 5] open96 21 a6 0/1 big8 8 poor 22/22 a10 +0.347 top3 0.62
s5 coupEl 15 annul 3 regCoup 4 take [0, 0, 17, 0, 0] upr [0, 0, 1, 0, 0, 5] open96 21 a6 0/1 big8 8 poor 22/22 a10 +0.351 top3 0.47
s6 coupEl 10 annul 3 regCoup 4 take [0, 0, 14, 1, 1] upr [0, 0, 2, 1, 1, 4] open96 20 a6 0/1 big8 8 poor 17/17 a10 +0.347 top3 0.40
s7 coupEl 11 annul 3 regCoup 5 take [0, 0, 15, 1, 1] upr [1, 0, 2, 1, 1, 9] open96 18 a6 0/1 big8 8 poor 19/19 a10 +0.333 top3 0.55
s8 coupEl 13 annul 1 regCoup 6 take [0, 0, 16, 1, 1] upr [0, 0, 4, 1, 1, 8] open96 20 a6 0/1 big8 8 poor 20/20 a10 +0.364 top3 0.54
s9 coupEl 16 annul 3 regCoup 5 take [0, 0, 18, 0, 0] upr [2, 0, 1, 0, 0, 4] open96 19 a6 0/1 big8 8 poor 24/24 a10 +0.341 top3 0.50
s10 coupEl 12 annul 1 regCoup 7 take [0, 0, 14, 0, 1] upr [1, 0, 2, 0, 1, 5] open96 22 a6 0/1 big8 8 poor 20/20 a10 +0.343 top3 0.50
s11 coupEl 13 annul 3 regCoup 6 take [0, 0, 16, 1, 1] upr [0, 0, 2, 1, 1, 11] open96 19 a6 0/1 big8 8 poor 22/22 a10 +0.350 top3 0.54

thread 'a2_an_islamist_takeover_without_a_ballot_in_most_seeds_by_2000' (29924) panicked at spheres-sim\tests\bloc_census.rs:1025:5:
Islamist takeover by 2000 in 6/12 seeds
note: run with `RUST_BACKTRACE=1` environment variable to display a backtrace
test a2_an_islamist_takeover_without_a_ballot_in_most_seeds_by_2000 ... FAILED
A10: median discontent lead 0.346 over 12 seeds ([0.34626060373349715, 0.34186641731319034, 0.33357067846028987, 0.3525052645613181, 0.3466856666921014, 0.35073507838559786, 0.3474602556309461, 0.333011930148056, 0.3643280428937556, 0.34056711899729974, 0.3427576907755001, 0.3502378364430636])
test a10_discontent_leads_the_roster_by_a_quarter_before_a_takeover ... ok
A1: median coups 12.5 top-3 share median 0.52
s0 coupEl 11 annul 2 regCoup 3 take [0, 0, 14, 0, 1] upr [1, 0, 2, 0, 1, 4] open96 15 a6 0/1 big8 8 poor 16/16 a10 +0.346 top3 0.45
s1 coupEl 12 annul 1 regCoup 6 take [0, 0, 14, 1, 0] upr [2, 0, 2, 1, 0, 8] open96 19 a6 0/1 big8 8 poor 19/19 a10 +0.342 top3 0.58
s2 coupEl 13 annul 2 regCoup 6 take [0, 0, 13, 1, 1] upr [0, 0, 1, 1, 1, 8] open96 18 a6 0/1 big8 8 poor 21/21 a10 +0.334 top3 0.54
s3 coupEl 10 annul 2 regCoup 4 take [0, 0, 13, 0, 1] upr [0, 0, 2, 0, 1, 5] open96 23 a6 0/1 big8 8 poor 16/16 a10 +0.353 top3 0.50
s4 coupEl 13 annul 2 regCoup 7 take [0, 0, 17, 0, 0] upr [0, 0, 3, 0, 0, 5] open96 21 a6 0/1 big8 8 poor 22/22 a10 +0.347 top3 0.62
s5 coupEl 15 annul 3 regCoup 4 take [0, 0, 17, 0, 0] upr [0, 0, 1, 0, 0, 5] open96 21 a6 0/1 big8 8 poor 22/22 a10 +0.351 top3 0.47
s6 coupEl 10 annul 3 regCoup 4 take [0, 0, 14, 1, 1] upr [0, 0, 2, 1, 1, 4] open96 20 a6 0/1 big8 8 poor 17/17 a10 +0.347 top3 0.40
s7 coupEl 11 annul 3 regCoup 5 take [0, 0, 15, 1, 1] upr [1, 0, 2, 1, 1, 9] open96 18 a6 0/1 big8 8 poor 19/19 a10 +0.333 top3 0.55
s8 coupEl 13 annul 1 regCoup 6 take [0, 0, 16, 1, 1] upr [0, 0, 4, 1, 1, 8] open96 20 a6 0/1 big8 8 poor 20/20 a10 +0.364 top3 0.54
s9 coupEl 16 annul 3 regCoup 5 take [0, 0, 18, 0, 0] upr [2, 0, 1, 0, 0, 4] open96 19 a6 0/1 big8 8 poor 24/24 a10 +0.341 top3 0.50
s10 coupEl 12 annul 1 regCoup 7 take [0, 0, 14, 0, 1] upr [1, 0, 2, 0, 1, 5] open96 22 a6 0/1 big8 8 poor 20/20 a10 +0.343 top3 0.50
s11 coupEl 13 annul 3 regCoup 6 take [0, 0, 16, 1, 1] upr [0, 0, 2, 1, 1, 11] open96 19 a6 0/1 big8 8 poor 22/22 a10 +0.350 top3 0.54

thread 'a1_coups_against_elected_governments_are_spread_not_three_micro_polities' (28740) panicked at spheres-sim\tests\bloc_census.rs:992:5:
three nations hold 0.52 of a seed's coups
test a1_coups_against_elected_governments_are_spread_not_three_micro_polities ... FAILED
A3: 0/20 seeds with a Communist non-ballot takeover
s0 coupEl 11 annul 2 regCoup 3 take [0, 0, 14, 0, 1] upr [1, 0, 2, 0, 1, 4] open96 15 a6 0/1 big8 8 poor 16/16 a10 +0.346 top3 0.45
s1 coupEl 12 annul 1 regCoup 6 take [0, 0, 14, 1, 0] upr [2, 0, 2, 1, 0, 8] open96 19 a6 0/1 big8 8 poor 19/19 a10 +0.342 top3 0.58
s2 coupEl 13 annul 2 regCoup 6 take [0, 0, 13, 1, 1] upr [0, 0, 1, 1, 1, 8] open96 18 a6 0/1 big8 8 poor 21/21 a10 +0.334 top3 0.54
s3 coupEl 10 annul 2 regCoup 4 take [0, 0, 13, 0, 1] upr [0, 0, 2, 0, 1, 5] open96 23 a6 0/1 big8 8 poor 16/16 a10 +0.353 top3 0.50
s4 coupEl 13 annul 2 regCoup 7 take [0, 0, 17, 0, 0] upr [0, 0, 3, 0, 0, 5] open96 21 a6 0/1 big8 8 poor 22/22 a10 +0.347 top3 0.62
s5 coupEl 15 annul 3 regCoup 4 take [0, 0, 17, 0, 0] upr [0, 0, 1, 0, 0, 5] open96 21 a6 0/1 big8 8 poor 22/22 a10 +0.351 top3 0.47
s6 coupEl 10 annul 3 regCoup 4 take [0, 0, 14, 1, 1] upr [0, 0, 2, 1, 1, 4] open96 20 a6 0/1 big8 8 poor 17/17 a10 +0.347 top3 0.40
s7 coupEl 11 annul 3 regCoup 5 take [0, 0, 15, 1, 1] upr [1, 0, 2, 1, 1, 9] open96 18 a6 0/1 big8 8 poor 19/19 a10 +0.333 top3 0.55
s8 coupEl 13 annul 1 regCoup 6 take [0, 0, 16, 1, 1] upr [0, 0, 4, 1, 1, 8] open96 20 a6 0/1 big8 8 poor 20/20 a10 +0.364 top3 0.54
s9 coupEl 16 annul 3 regCoup 5 take [0, 0, 18, 0, 0] upr [2, 0, 1, 0, 0, 4] open96 19 a6 0/1 big8 8 poor 24/24 a10 +0.341 top3 0.50
s10 coupEl 12 annul 1 regCoup 7 take [0, 0, 14, 0, 1] upr [1, 0, 2, 0, 1, 5] open96 22 a6 0/1 big8 8 poor 20/20 a10 +0.343 top3 0.50
s11 coupEl 13 annul 3 regCoup 6 take [0, 0, 16, 1, 1] upr [0, 0, 2, 1, 1, 11] open96 19 a6 0/1 big8 8 poor 22/22 a10 +0.350 top3 0.54
s12 coupEl 14 annul 2 regCoup 4 take [0, 0, 15, 0, 1] upr [1, 0, 1, 0, 1, 4] open96 18 a6 0/1 big8 8 poor 20/20 a10 +0.344 top3 0.43
test a3_a_communist_takeover_without_a_ballot_is_rare ... ok
s13 coupEl 13 annul 1 regCoup 4 take [0, 0, 15, 0, 1] upr [1, 0, 2, 0, 1, 4] open96 22 a6 0/1 big8 8 poor 18/18 a10 +0.361 top3 0.54
s14 coupEl 14 annul 2 regCoup 4 take [0, 0, 15, 1, 1] upr [1, 0, 1, 1, 1, 4] open96 21 a6 0/1 big8 8 poor 20/20 a10 +0.370 top3 0.43
s15 coupEl 14 annul 3 regCoup 7 take [0, 0, 18, 1, 0] upr [1, 0, 3, 1, 0, 8] open96 19 a6 0/1 big8 8 poor 24/24 a10 +0.329 top3 0.43
s16 coupEl 14 annul 2 regCoup 6 take [0, 0, 18, 1, 1] upr [1, 0, 3, 1, 1, 9] open96 17 a6 0/1 big8 8 poor 22/22 a10 +0.340 top3 0.43
s17 coupEl 11 annul 3 regCoup 2 take [0, 0, 16, 1, 1] upr [0, 0, 3, 1, 1, 4] open96 20 a6 0/1 big8 8 poor 16/16 a10 +0.337 top3 0.55
s18 coupEl 16 annul 2 regCoup 6 take [0, 0, 19, 1, 0] upr [0, 0, 2, 1, 0, 6] open96 20 a6 0/1 big8 8 poor 24/24 a10 +0.334 top3 0.44
s19 coupEl 12 annul 2 regCoup 6 take [0, 0, 13, 1, 1] upr [1, 0, 1, 1, 1, 7] open96 15 a6 0/1 big8 8 poor 20/20 a10 +0.342 top3 0.50
A5: 12/12 seeds with a flagged successor party led back into government by ballot in >= 3 ex-communist states by 1996
s0 coupEl 11 annul 2 regCoup 3 take [0, 0, 14, 0, 1] upr [1, 0, 2, 0, 1, 4] open96 15 a6 0/1 big8 8 poor 16/16 a10 +0.346 top3 0.45
s1 coupEl 12 annul 1 regCoup 6 take [0, 0, 14, 1, 0] upr [2, 0, 2, 1, 0, 8] open96 19 a6 0/1 big8 8 poor 19/19 a10 +0.342 top3 0.58
s2 coupEl 13 annul 2 regCoup 6 take [0, 0, 13, 1, 1] upr [0, 0, 1, 1, 1, 8] open96 18 a6 0/1 big8 8 poor 21/21 a10 +0.334 top3 0.54
s3 coupEl 10 annul 2 regCoup 4 take [0, 0, 13, 0, 1] upr [0, 0, 2, 0, 1, 5] open96 23 a6 0/1 big8 8 poor 16/16 a10 +0.353 top3 0.50
s4 coupEl 13 annul 2 regCoup 7 take [0, 0, 17, 0, 0] upr [0, 0, 3, 0, 0, 5] open96 21 a6 0/1 big8 8 poor 22/22 a10 +0.347 top3 0.62
s5 coupEl 15 annul 3 regCoup 4 take [0, 0, 17, 0, 0] upr [0, 0, 1, 0, 0, 5] open96 21 a6 0/1 big8 8 poor 22/22 a10 +0.351 top3 0.47
s6 coupEl 10 annul 3 regCoup 4 take [0, 0, 14, 1, 1] upr [0, 0, 2, 1, 1, 4] open96 20 a6 0/1 big8 8 poor 17/17 a10 +0.347 top3 0.40
s7 coupEl 11 annul 3 regCoup 5 take [0, 0, 15, 1, 1] upr [1, 0, 2, 1, 1, 9] open96 18 a6 0/1 big8 8 poor 19/19 a10 +0.333 top3 0.55
s8 coupEl 13 annul 1 regCoup 6 take [0, 0, 16, 1, 1] upr [0, 0, 4, 1, 1, 8] open96 20 a6 0/1 big8 8 poor 20/20 a10 +0.364 top3 0.54
s9 coupEl 16 annul 3 regCoup 5 take [0, 0, 18, 0, 0] upr [2, 0, 1, 0, 0, 4] open96 19 a6 0/1 big8 8 poor 24/24 a10 +0.341 top3 0.50
s10 coupEl 12 annul 1 regCoup 7 take [0, 0, 14, 0, 1] upr [1, 0, 2, 0, 1, 5] open96 22 a6 0/1 big8 8 poor 20/20 a10 +0.343 top3 0.50
s11 coupEl 13 annul 3 regCoup 6 take [0, 0, 16, 1, 1] upr [0, 0, 2, 1, 1, 11] open96 19 a6 0/1 big8 8 poor 22/22 a10 +0.350 top3 0.54
test a5_ex_communists_return_by_ballot_in_most_seeds ... ok
A4: median 1990 regimes electoral at end-1996 19.5
s0 coupEl 11 annul 2 regCoup 3 take [0, 0, 14, 0, 1] upr [1, 0, 2, 0, 1, 4] open96 15 a6 0/1 big8 8 poor 16/16 a10 +0.346 top3 0.45
s1 coupEl 12 annul 1 regCoup 6 take [0, 0, 14, 1, 0] upr [2, 0, 2, 1, 0, 8] open96 19 a6 0/1 big8 8 poor 19/19 a10 +0.342 top3 0.58
s2 coupEl 13 annul 2 regCoup 6 take [0, 0, 13, 1, 1] upr [0, 0, 1, 1, 1, 8] open96 18 a6 0/1 big8 8 poor 21/21 a10 +0.334 top3 0.54
s3 coupEl 10 annul 2 regCoup 4 take [0, 0, 13, 0, 1] upr [0, 0, 2, 0, 1, 5] open96 23 a6 0/1 big8 8 poor 16/16 a10 +0.353 top3 0.50
s4 coupEl 13 annul 2 regCoup 7 take [0, 0, 17, 0, 0] upr [0, 0, 3, 0, 0, 5] open96 21 a6 0/1 big8 8 poor 22/22 a10 +0.347 top3 0.62
s5 coupEl 15 annul 3 regCoup 4 take [0, 0, 17, 0, 0] upr [0, 0, 1, 0, 0, 5] open96 21 a6 0/1 big8 8 poor 22/22 a10 +0.351 top3 0.47
s6 coupEl 10 annul 3 regCoup 4 take [0, 0, 14, 1, 1] upr [0, 0, 2, 1, 1, 4] open96 20 a6 0/1 big8 8 poor 17/17 a10 +0.347 top3 0.40
s7 coupEl 11 annul 3 regCoup 5 take [0, 0, 15, 1, 1] upr [1, 0, 2, 1, 1, 9] open96 18 a6 0/1 big8 8 poor 19/19 a10 +0.333 top3 0.55
s8 coupEl 13 annul 1 regCoup 6 take [0, 0, 16, 1, 1] upr [0, 0, 4, 1, 1, 8] open96 20 a6 0/1 big8 8 poor 20/20 a10 +0.364 top3 0.54
s9 coupEl 16 annul 3 regCoup 5 take [0, 0, 18, 0, 0] upr [2, 0, 1, 0, 0, 4] open96 19 a6 0/1 big8 8 poor 24/24 a10 +0.341 top3 0.50
s10 coupEl 12 annul 1 regCoup 7 take [0, 0, 14, 0, 1] upr [1, 0, 2, 0, 1, 5] open96 22 a6 0/1 big8 8 poor 20/20 a10 +0.343 top3 0.50
s11 coupEl 13 annul 3 regCoup 6 take [0, 0, 16, 1, 1] upr [0, 0, 2, 1, 1, 11] open96 19 a6 0/1 big8 8 poor 22/22 a10 +0.350 top3 0.54
test a4_the_democratisation_wave_opens_fifteen_regimes_by_1996 ... ok
A7: median ballot-flips / takeovers 5.296 ([4.733333333333333, 9.466666666666667, 8.066666666666666, 5.357142857142857, 4.352941176470588, 5.235294117647059, 4.0, 7.352941176470588, 6.444444444444445, 4.166666666666667, 4.533333333333333, 6.277777777777778])
s0 coupEl 11 annul 2 regCoup 3 take [0, 0, 14, 0, 1] upr [1, 0, 2, 0, 1, 4] open96 15 a6 0/1 big8 8 poor 16/16 a10 +0.346 top3 0.45
s1 coupEl 12 annul 1 regCoup 6 take [0, 0, 14, 1, 0] upr [2, 0, 2, 1, 0, 8] open96 19 a6 0/1 big8 8 poor 19/19 a10 +0.342 top3 0.58
s2 coupEl 13 annul 2 regCoup 6 take [0, 0, 13, 1, 1] upr [0, 0, 1, 1, 1, 8] open96 18 a6 0/1 big8 8 poor 21/21 a10 +0.334 top3 0.54
s3 coupEl 10 annul 2 regCoup 4 take [0, 0, 13, 0, 1] upr [0, 0, 2, 0, 1, 5] open96 23 a6 0/1 big8 8 poor 16/16 a10 +0.353 top3 0.50
s4 coupEl 13 annul 2 regCoup 7 take [0, 0, 17, 0, 0] upr [0, 0, 3, 0, 0, 5] open96 21 a6 0/1 big8 8 poor 22/22 a10 +0.347 top3 0.62
s5 coupEl 15 annul 3 regCoup 4 take [0, 0, 17, 0, 0] upr [0, 0, 1, 0, 0, 5] open96 21 a6 0/1 big8 8 poor 22/22 a10 +0.351 top3 0.47
s6 coupEl 10 annul 3 regCoup 4 take [0, 0, 14, 1, 1] upr [0, 0, 2, 1, 1, 4] open96 20 a6 0/1 big8 8 poor 17/17 a10 +0.347 top3 0.40
s7 coupEl 11 annul 3 regCoup 5 take [0, 0, 15, 1, 1] upr [1, 0, 2, 1, 1, 9] open96 18 a6 0/1 big8 8 poor 19/19 a10 +0.333 top3 0.55
s8 coupEl 13 annul 1 regCoup 6 take [0, 0, 16, 1, 1] upr [0, 0, 4, 1, 1, 8] open96 20 a6 0/1 big8 8 poor 20/20 a10 +0.364 top3 0.54
s9 coupEl 16 annul 3 regCoup 5 take [0, 0, 18, 0, 0] upr [2, 0, 1, 0, 0, 4] open96 19 a6 0/1 big8 8 poor 24/24 a10 +0.341 top3 0.50
s10 coupEl 12 annul 1 regCoup 7 take [0, 0, 14, 0, 1] upr [1, 0, 2, 0, 1, 5] open96 22 a6 0/1 big8 8 poor 20/20 a10 +0.343 top3 0.50
s11 coupEl 13 annul 3 regCoup 6 take [0, 0, 16, 1, 1] upr [0, 0, 2, 1, 1, 11] open96 19 a6 0/1 big8 8 poor 22/22 a10 +0.350 top3 0.54
test a7_ballots_flip_the_ruling_bloc_three_times_as_often_as_takeovers ... ok
test a_ballot_and_an_uncoloured_collapse_do_not_fabricate_a_movement_takeover ... ok
A6 at 420 months: route events 0 in 12/12 seeds; pre-existing collapses beside [1, 1, 1, 1, 1, 1, 1, 1, 1, 1, 1, 1]
test a6_no_road_reaches_a_1990_democracy_in_thirty_five_years ... ok
A9: 238/238 = 1.000 of coups in nations under $8,000 a head
test a9_four_coups_in_five_strike_nations_under_8000_a_head ... ok
A8: 40/40 seeds keep >= 6 of 8; per seed [8, 8, 8, 8, 8, 8, 8, 8, 8, 8, 8, 8, 8, 8, 8, 8, 8, 8, 8, 8, 8, 8, 8, 8, 8, 8, 8, 8, 8, 8, 8, 8, 8, 8, 8, 8, 8, 8, 8, 8]
test a8_six_of_the_eight_big_regimes_keep_their_bloc_in_most_seeds ... ok

failures:

failures:
    a1_coups_against_elected_governments_are_spread_not_three_micro_polities
    a2_an_islamist_takeover_without_a_ballot_in_most_seeds_by_2000

test result: FAILED. 9 passed; 2 failed; 0 ignored; 0 measured; 1 filtered out; finished in 47.55s

