
running 11 tests
A2: 2/12 seeds; Algeria Islamist 0/12 annulled 12/12
s0 coupEl 20 annul 2 regCoup 4 take [0, 0, 19, 0, 1] upr [0, 0, 1, 0, 1, 5] open96 23 a6 0/1 big8 8 poor 26/26 a10 +0.376 top3 0.50
s1 coupEl 18 annul 4 regCoup 6 take [0, 0, 20, 0, 0] upr [0, 0, 1, 0, 0, 6] open96 20 a6 0/1 big8 8 poor 28/28 a10 +0.366 top3 0.56
s2 coupEl 22 annul 2 regCoup 6 take [0, 0, 21, 0, 0] upr [1, 0, 2, 0, 0, 6] open96 24 a6 0/1 big8 8 poor 30/30 a10 +0.372 top3 0.55
s3 coupEl 23 annul 3 regCoup 5 take [0, 0, 23, 0, 1] upr [4, 0, 1, 0, 1, 7] open96 22 a6 0/1 big8 8 poor 31/31 a10 +0.367 top3 0.61
s4 coupEl 29 annul 3 regCoup 5 take [0, 0, 27, 0, 0] upr [0, 0, 1, 0, 0, 8] open96 22 a6 0/1 big8 8 poor 37/37 a10 +0.363 top3 0.55
s5 coupEl 18 annul 4 regCoup 3 take [0, 0, 22, 0, 1] upr [0, 0, 2, 0, 1, 4] open96 23 a6 0/1 big8 8 poor 25/25 a10 +0.360 top3 0.61
s6 coupEl 21 annul 2 regCoup 6 take [0, 0, 21, 0, 1] upr [1, 0, 1, 0, 1, 6] open96 22 a6 0/1 big8 8 poor 29/29 a10 +0.382 top3 0.57
s7 coupEl 24 annul 3 regCoup 3 take [0, 0, 25, 0, 0] upr [3, 0, 1, 0, 0, 8] open96 22 a6 0/1 big8 8 poor 30/30 a10 +0.354 top3 0.58
s8 coupEl 18 annul 4 regCoup 6 take [0, 0, 21, 1, 2] upr [2, 0, 3, 1, 2, 8] open96 18 a6 0/1 big8 8 poor 28/28 a10 +0.372 top3 0.67
s9 coupEl 27 annul 3 regCoup 4 take [0, 0, 25, 0, 1] upr [0, 0, 0, 0, 1, 5] open96 19 a6 0/1 big8 8 poor 34/34 a10 +0.371 top3 0.52
s10 coupEl 19 annul 3 regCoup 4 take [0, 0, 23, 1, 1] upr [0, 0, 2, 1, 1, 4] open96 18 a6 0/1 big8 8 poor 26/26 a10 +0.372 top3 0.63
s11 coupEl 21 annul 3 regCoup 4 take [0, 0, 23, 1, 2] upr [2, 0, 2, 1, 2, 9] open96 17 a6 0/1 big8 8 poor 28/28 a10 +0.359 top3 0.52

thread 'a2_an_islamist_takeover_without_a_ballot_in_most_seeds_by_2000' (31424) panicked at spheres-sim\tests\bloc_census.rs:1025:5:
Islamist takeover by 2000 in 2/12 seeds
note: run with `RUST_BACKTRACE=1` environment variable to display a backtrace
test a2_an_islamist_takeover_without_a_ballot_in_most_seeds_by_2000 ... FAILED
A10: median discontent lead 0.369 over 12 seeds ([0.37558285466195956, 0.36593868187468304, 0.3720587908954536, 0.3667648767619107, 0.36302295393303513, 0.36047321789395603, 0.3820384473054226, 0.35446694581737753, 0.37244380772918734, 0.3712790839951894, 0.37232821849010117, 0.3586906072640962])
test a10_discontent_leads_the_roster_by_a_quarter_before_a_takeover ... ok
A1: median coups 21 top-3 share median 0.56
s0 coupEl 20 annul 2 regCoup 4 take [0, 0, 19, 0, 1] upr [0, 0, 1, 0, 1, 5] open96 23 a6 0/1 big8 8 poor 26/26 a10 +0.376 top3 0.50
s1 coupEl 18 annul 4 regCoup 6 take [0, 0, 20, 0, 0] upr [0, 0, 1, 0, 0, 6] open96 20 a6 0/1 big8 8 poor 28/28 a10 +0.366 top3 0.56
s2 coupEl 22 annul 2 regCoup 6 take [0, 0, 21, 0, 0] upr [1, 0, 2, 0, 0, 6] open96 24 a6 0/1 big8 8 poor 30/30 a10 +0.372 top3 0.55
s3 coupEl 23 annul 3 regCoup 5 take [0, 0, 23, 0, 1] upr [4, 0, 1, 0, 1, 7] open96 22 a6 0/1 big8 8 poor 31/31 a10 +0.367 top3 0.61
s4 coupEl 29 annul 3 regCoup 5 take [0, 0, 27, 0, 0] upr [0, 0, 1, 0, 0, 8] open96 22 a6 0/1 big8 8 poor 37/37 a10 +0.363 top3 0.55
s5 coupEl 18 annul 4 regCoup 3 take [0, 0, 22, 0, 1] upr [0, 0, 2, 0, 1, 4] open96 23 a6 0/1 big8 8 poor 25/25 a10 +0.360 top3 0.61
s6 coupEl 21 annul 2 regCoup 6 take [0, 0, 21, 0, 1] upr [1, 0, 1, 0, 1, 6] open96 22 a6 0/1 big8 8 poor 29/29 a10 +0.382 top3 0.57
s7 coupEl 24 annul 3 regCoup 3 take [0, 0, 25, 0, 0] upr [3, 0, 1, 0, 0, 8] open96 22 a6 0/1 big8 8 poor 30/30 a10 +0.354 top3 0.58
s8 coupEl 18 annul 4 regCoup 6 take [0, 0, 21, 1, 2] upr [2, 0, 3, 1, 2, 8] open96 18 a6 0/1 big8 8 poor 28/28 a10 +0.372 top3 0.67
s9 coupEl 27 annul 3 regCoup 4 take [0, 0, 25, 0, 1] upr [0, 0, 0, 0, 1, 5] open96 19 a6 0/1 big8 8 poor 34/34 a10 +0.371 top3 0.52
s10 coupEl 19 annul 3 regCoup 4 take [0, 0, 23, 1, 1] upr [0, 0, 2, 1, 1, 4] open96 18 a6 0/1 big8 8 poor 26/26 a10 +0.372 top3 0.63
s11 coupEl 21 annul 3 regCoup 4 take [0, 0, 23, 1, 2] upr [2, 0, 2, 1, 2, 9] open96 17 a6 0/1 big8 8 poor 28/28 a10 +0.359 top3 0.52

thread 'a1_coups_against_elected_governments_are_spread_not_three_micro_polities' (16420) panicked at spheres-sim\tests\bloc_census.rs:991:5:
median coups against elected governments 21
test a1_coups_against_elected_governments_are_spread_not_three_micro_polities ... FAILED
A3: 1/20 seeds with a Communist non-ballot takeover
s0 coupEl 20 annul 2 regCoup 4 take [0, 0, 19, 0, 1] upr [0, 0, 1, 0, 1, 5] open96 23 a6 0/1 big8 8 poor 26/26 a10 +0.376 top3 0.50
s1 coupEl 18 annul 4 regCoup 6 take [0, 0, 20, 0, 0] upr [0, 0, 1, 0, 0, 6] open96 20 a6 0/1 big8 8 poor 28/28 a10 +0.366 top3 0.56
s2 coupEl 22 annul 2 regCoup 6 take [0, 0, 21, 0, 0] upr [1, 0, 2, 0, 0, 6] open96 24 a6 0/1 big8 8 poor 30/30 a10 +0.372 top3 0.55
s3 coupEl 23 annul 3 regCoup 5 take [0, 0, 23, 0, 1] upr [4, 0, 1, 0, 1, 7] open96 22 a6 0/1 big8 8 poor 31/31 a10 +0.367 top3 0.61
s4 coupEl 29 annul 3 regCoup 5 take [0, 0, 27, 0, 0] upr [0, 0, 1, 0, 0, 8] open96 22 a6 0/1 big8 8 poor 37/37 a10 +0.363 top3 0.55
s5 coupEl 18 annul 4 regCoup 3 take [0, 0, 22, 0, 1] upr [0, 0, 2, 0, 1, 4] open96 23 a6 0/1 big8 8 poor 25/25 a10 +0.360 top3 0.61
s6 coupEl 21 annul 2 regCoup 6 take [0, 0, 21, 0, 1] upr [1, 0, 1, 0, 1, 6] open96 22 a6 0/1 big8 8 poor 29/29 a10 +0.382 top3 0.57
s7 coupEl 24 annul 3 regCoup 3 take [0, 0, 25, 0, 0] upr [3, 0, 1, 0, 0, 8] open96 22 a6 0/1 big8 8 poor 30/30 a10 +0.354 top3 0.58
s8 coupEl 18 annul 4 regCoup 6 take [0, 0, 21, 1, 2] upr [2, 0, 3, 1, 2, 8] open96 18 a6 0/1 big8 8 poor 28/28 a10 +0.372 top3 0.67
s9 coupEl 27 annul 3 regCoup 4 take [0, 0, 25, 0, 1] upr [0, 0, 0, 0, 1, 5] open96 19 a6 0/1 big8 8 poor 34/34 a10 +0.371 top3 0.52
s10 coupEl 19 annul 3 regCoup 4 take [0, 0, 23, 1, 1] upr [0, 0, 2, 1, 1, 4] open96 18 a6 0/1 big8 8 poor 26/26 a10 +0.372 top3 0.63
s11 coupEl 21 annul 3 regCoup 4 take [0, 0, 23, 1, 2] upr [2, 0, 2, 1, 2, 9] open96 17 a6 0/1 big8 8 poor 28/28 a10 +0.359 top3 0.52
s12 coupEl 26 annul 3 regCoup 6 take [0, 0, 25, 0, 1] upr [0, 0, 1, 0, 1, 9] open96 20 a6 0/1 big8 8 poor 35/35 a10 +0.374 top3 0.50
s13 coupEl 21 annul 2 regCoup 6 take [0, 0, 23, 0, 0] upr [2, 0, 2, 0, 0, 5] open96 19 a6 0/1 big8 8 poor 29/29 a10 +0.381 top3 0.62
s14 coupEl 25 annul 3 regCoup 5 take [0, 0, 22, 0, 1] upr [1, 0, 0, 0, 1, 5] open96 22 a6 0/1 big8 8 poor 33/33 a10 +0.384 top3 0.48
test a3_a_communist_takeover_without_a_ballot_is_rare ... ok
s15 coupEl 24 annul 4 regCoup 5 take [0, 1, 25, 1, 1] upr [1, 1, 2, 1, 1, 9] open96 16 a6 0/1 big8 8 poor 33/33 a10 +0.370 top3 0.50
s16 coupEl 23 annul 3 regCoup 5 take [0, 0, 24, 0, 0] upr [3, 0, 2, 0, 0, 4] open96 21 a6 0/0 big8 8 poor 31/31 a10 +0.386 top3 0.57
s17 coupEl 18 annul 4 regCoup 5 take [0, 0, 23, 0, 1] upr [0, 0, 2, 0, 1, 4] open96 17 a6 0/1 big8 8 poor 27/27 a10 +0.381 top3 0.61
s18 coupEl 21 annul 4 regCoup 6 take [0, 0, 23, 1, 1] upr [2, 0, 2, 1, 1, 8] open96 18 a6 0/1 big8 8 poor 31/31 a10 +0.367 top3 0.57
s19 coupEl 16 annul 4 regCoup 9 take [0, 0, 21, 1, 0] upr [0, 0, 3, 1, 0, 11] open96 14 a6 0/1 big8 8 poor 29/29 a10 +0.373 top3 0.62
A4: median 1990 regimes electoral at end-1996 22
s0 coupEl 20 annul 2 regCoup 4 take [0, 0, 19, 0, 1] upr [0, 0, 1, 0, 1, 5] open96 23 a6 0/1 big8 8 poor 26/26 a10 +0.376 top3 0.50
s1 coupEl 18 annul 4 regCoup 6 take [0, 0, 20, 0, 0] upr [0, 0, 1, 0, 0, 6] open96 20 a6 0/1 big8 8 poor 28/28 a10 +0.366 top3 0.56
s2 coupEl 22 annul 2 regCoup 6 take [0, 0, 21, 0, 0] upr [1, 0, 2, 0, 0, 6] open96 24 a6 0/1 big8 8 poor 30/30 a10 +0.372 top3 0.55
s3 coupEl 23 annul 3 regCoup 5 take [0, 0, 23, 0, 1] upr [4, 0, 1, 0, 1, 7] open96 22 a6 0/1 big8 8 poor 31/31 a10 +0.367 top3 0.61
s4 coupEl 29 annul 3 regCoup 5 take [0, 0, 27, 0, 0] upr [0, 0, 1, 0, 0, 8] open96 22 a6 0/1 big8 8 poor 37/37 a10 +0.363 top3 0.55
s5 coupEl 18 annul 4 regCoup 3 take [0, 0, 22, 0, 1] upr [0, 0, 2, 0, 1, 4] open96 23 a6 0/1 big8 8 poor 25/25 a10 +0.360 top3 0.61
s6 coupEl 21 annul 2 regCoup 6 take [0, 0, 21, 0, 1] upr [1, 0, 1, 0, 1, 6] open96 22 a6 0/1 big8 8 poor 29/29 a10 +0.382 top3 0.57
s7 coupEl 24 annul 3 regCoup 3 take [0, 0, 25, 0, 0] upr [3, 0, 1, 0, 0, 8] open96 22 a6 0/1 big8 8 poor 30/30 a10 +0.354 top3 0.58
s8 coupEl 18 annul 4 regCoup 6 take [0, 0, 21, 1, 2] upr [2, 0, 3, 1, 2, 8] open96 18 a6 0/1 big8 8 poor 28/28 a10 +0.372 top3 0.67
s9 coupEl 27 annul 3 regCoup 4 take [0, 0, 25, 0, 1] upr [0, 0, 0, 0, 1, 5] open96 19 a6 0/1 big8 8 poor 34/34 a10 +0.371 top3 0.52
s10 coupEl 19 annul 3 regCoup 4 take [0, 0, 23, 1, 1] upr [0, 0, 2, 1, 1, 4] open96 18 a6 0/1 big8 8 poor 26/26 a10 +0.372 top3 0.63
s11 coupEl 21 annul 3 regCoup 4 take [0, 0, 23, 1, 2] upr [2, 0, 2, 1, 2, 9] open96 17 a6 0/1 big8 8 poor 28/28 a10 +0.359 top3 0.52
test a4_the_democratisation_wave_opens_fifteen_regimes_by_1996 ... ok
A5: 12/12 seeds with a flagged successor party led back into government by ballot in >= 3 ex-communist states by 1996
s0 coupEl 20 annul 2 regCoup 4 take [0, 0, 19, 0, 1] upr [0, 0, 1, 0, 1, 5] open96 23 a6 0/1 big8 8 poor 26/26 a10 +0.376 top3 0.50
s1 coupEl 18 annul 4 regCoup 6 take [0, 0, 20, 0, 0] upr [0, 0, 1, 0, 0, 6] open96 20 a6 0/1 big8 8 poor 28/28 a10 +0.366 top3 0.56
s2 coupEl 22 annul 2 regCoup 6 take [0, 0, 21, 0, 0] upr [1, 0, 2, 0, 0, 6] open96 24 a6 0/1 big8 8 poor 30/30 a10 +0.372 top3 0.55
s3 coupEl 23 annul 3 regCoup 5 take [0, 0, 23, 0, 1] upr [4, 0, 1, 0, 1, 7] open96 22 a6 0/1 big8 8 poor 31/31 a10 +0.367 top3 0.61
s4 coupEl 29 annul 3 regCoup 5 take [0, 0, 27, 0, 0] upr [0, 0, 1, 0, 0, 8] open96 22 a6 0/1 big8 8 poor 37/37 a10 +0.363 top3 0.55
s5 coupEl 18 annul 4 regCoup 3 take [0, 0, 22, 0, 1] upr [0, 0, 2, 0, 1, 4] open96 23 a6 0/1 big8 8 poor 25/25 a10 +0.360 top3 0.61
s6 coupEl 21 annul 2 regCoup 6 take [0, 0, 21, 0, 1] upr [1, 0, 1, 0, 1, 6] open96 22 a6 0/1 big8 8 poor 29/29 a10 +0.382 top3 0.57
s7 coupEl 24 annul 3 regCoup 3 take [0, 0, 25, 0, 0] upr [3, 0, 1, 0, 0, 8] open96 22 a6 0/1 big8 8 poor 30/30 a10 +0.354 top3 0.58
s8 coupEl 18 annul 4 regCoup 6 take [0, 0, 21, 1, 2] upr [2, 0, 3, 1, 2, 8] open96 18 a6 0/1 big8 8 poor 28/28 a10 +0.372 top3 0.67
s9 coupEl 27 annul 3 regCoup 4 take [0, 0, 25, 0, 1] upr [0, 0, 0, 0, 1, 5] open96 19 a6 0/1 big8 8 poor 34/34 a10 +0.371 top3 0.52
s10 coupEl 19 annul 3 regCoup 4 take [0, 0, 23, 1, 1] upr [0, 0, 2, 1, 1, 4] open96 18 a6 0/1 big8 8 poor 26/26 a10 +0.372 top3 0.63
s11 coupEl 21 annul 3 regCoup 4 take [0, 0, 23, 1, 2] upr [2, 0, 2, 1, 2, 9] open96 17 a6 0/1 big8 8 poor 28/28 a10 +0.359 top3 0.52
test a5_ex_communists_return_by_ballot_in_most_seeds ... ok
A7: median ballot-flips / takeovers 3.054 ([3.25, 3.15, 2.9047619047619047, 2.9583333333333335, 2.925925925925926, 2.8260869565217392, 3.1818181818181817, 2.4, 4.625, 3.5384615384615383, 2.56, 4.115384615384615])
s0 coupEl 20 annul 2 regCoup 4 take [0, 0, 19, 0, 1] upr [0, 0, 1, 0, 1, 5] open96 23 a6 0/1 big8 8 poor 26/26 a10 +0.376 top3 0.50
s1 coupEl 18 annul 4 regCoup 6 take [0, 0, 20, 0, 0] upr [0, 0, 1, 0, 0, 6] open96 20 a6 0/1 big8 8 poor 28/28 a10 +0.366 top3 0.56
s2 coupEl 22 annul 2 regCoup 6 take [0, 0, 21, 0, 0] upr [1, 0, 2, 0, 0, 6] open96 24 a6 0/1 big8 8 poor 30/30 a10 +0.372 top3 0.55
s3 coupEl 23 annul 3 regCoup 5 take [0, 0, 23, 0, 1] upr [4, 0, 1, 0, 1, 7] open96 22 a6 0/1 big8 8 poor 31/31 a10 +0.367 top3 0.61
s4 coupEl 29 annul 3 regCoup 5 take [0, 0, 27, 0, 0] upr [0, 0, 1, 0, 0, 8] open96 22 a6 0/1 big8 8 poor 37/37 a10 +0.363 top3 0.55
s5 coupEl 18 annul 4 regCoup 3 take [0, 0, 22, 0, 1] upr [0, 0, 2, 0, 1, 4] open96 23 a6 0/1 big8 8 poor 25/25 a10 +0.360 top3 0.61
s6 coupEl 21 annul 2 regCoup 6 take [0, 0, 21, 0, 1] upr [1, 0, 1, 0, 1, 6] open96 22 a6 0/1 big8 8 poor 29/29 a10 +0.382 top3 0.57
s7 coupEl 24 annul 3 regCoup 3 take [0, 0, 25, 0, 0] upr [3, 0, 1, 0, 0, 8] open96 22 a6 0/1 big8 8 poor 30/30 a10 +0.354 top3 0.58
s8 coupEl 18 annul 4 regCoup 6 take [0, 0, 21, 1, 2] upr [2, 0, 3, 1, 2, 8] open96 18 a6 0/1 big8 8 poor 28/28 a10 +0.372 top3 0.67
s9 coupEl 27 annul 3 regCoup 4 take [0, 0, 25, 0, 1] upr [0, 0, 0, 0, 1, 5] open96 19 a6 0/1 big8 8 poor 34/34 a10 +0.371 top3 0.52
s10 coupEl 19 annul 3 regCoup 4 take [0, 0, 23, 1, 1] upr [0, 0, 2, 1, 1, 4] open96 18 a6 0/1 big8 8 poor 26/26 a10 +0.372 top3 0.63
s11 coupEl 21 annul 3 regCoup 4 take [0, 0, 23, 1, 2] upr [2, 0, 2, 1, 2, 9] open96 17 a6 0/1 big8 8 poor 28/28 a10 +0.359 top3 0.52
test a7_ballots_flip_the_ruling_bloc_three_times_as_often_as_takeovers ... ok
test a_ballot_and_an_uncoloured_collapse_do_not_fabricate_a_movement_takeover ... ok
A6 at 420 months: route events 0 in 12/12 seeds; pre-existing collapses beside [1, 1, 1, 1, 1, 1, 1, 1, 1, 1, 1, 1]
test a6_no_road_reaches_a_1990_democracy_in_thirty_five_years ... ok
A9: 352/352 = 1.000 of coups in nations under $8,000 a head
test a9_four_coups_in_five_strike_nations_under_8000_a_head ... ok
A8: 40/40 seeds keep >= 6 of 8; per seed [8, 8, 8, 8, 8, 8, 8, 8, 8, 8, 8, 8, 8, 8, 8, 8, 8, 8, 8, 8, 8, 8, 8, 8, 8, 8, 8, 8, 8, 8, 8, 8, 8, 8, 8, 8, 8, 8, 8, 8]
test a8_six_of_the_eight_big_regimes_keep_their_bloc_in_most_seeds ... ok

failures:

failures:
    a1_coups_against_elected_governments_are_spread_not_three_micro_polities
    a2_an_islamist_takeover_without_a_ballot_in_most_seeds_by_2000

test result: FAILED. 9 passed; 2 failed; 0 ignored; 0 measured; 1 filtered out; finished in 42.93s

