
running 11 tests
A2: 8/12 seeds; Algeria Islamist 0/12 annulled 12/12
s0 coupEl 7 annul 3 regCoup 7 take [0, 0, 9, 0, 0] upr [0, 0, 0, 0, 0, 6] open96 23 a6 0/1 big8 8 poor 17/17 a10 +0.317 top3 0.71
s1 coupEl 9 annul 2 regCoup 3 take [0, 0, 12, 0, 1] upr [1, 0, 2, 0, 1, 3] open96 19 a6 0/1 big8 8 poor 14/14 a10 +0.358 top3 0.67
s2 coupEl 6 annul 3 regCoup 8 take [0, 0, 10, 1, 0] upr [1, 0, 2, 1, 0, 8] open96 18 a6 0/1 big8 8 poor 17/17 a10 +0.307 top3 0.67
s3 coupEl 7 annul 3 regCoup 5 take [0, 0, 10, 0, 1] upr [0, 0, 2, 0, 1, 4] open96 16 a6 0/1 big8 8 poor 15/15 a10 +0.359 top3 0.71
s4 coupEl 7 annul 2 regCoup 7 take [0, 0, 10, 1, 1] upr [0, 0, 2, 1, 1, 8] open96 18 a6 0/1 big8 8 poor 16/16 a10 +0.368 top3 0.71
s5 coupEl 6 annul 3 regCoup 6 take [0, 0, 10, 0, 1] upr [0, 0, 2, 0, 1, 4] open96 16 a6 0/1 big8 8 poor 15/15 a10 +0.348 top3 0.67
s6 coupEl 8 annul 2 regCoup 6 take [0, 0, 11, 1, 1] upr [0, 0, 2, 1, 1, 4] open96 20 a6 0/1 big8 8 poor 16/16 a10 +0.351 top3 0.75
s7 coupEl 6 annul 3 regCoup 5 take [0, 0, 10, 1, 1] upr [0, 0, 2, 1, 1, 8] open96 19 a6 0/1 big8 8 poor 14/14 a10 +0.330 top3 0.67
s8 coupEl 7 annul 3 regCoup 6 take [0, 0, 8, 1, 0] upr [0, 0, 0, 1, 0, 9] open96 20 a6 0/1 big8 8 poor 16/16 a10 +0.290 top3 0.57
s9 coupEl 5 annul 4 regCoup 8 take [0, 0, 9, 1, 0] upr [0, 0, 2, 1, 0, 8] open96 20 a6 0/1 big8 8 poor 17/17 a10 +0.268 top3 0.60
s10 coupEl 7 annul 2 regCoup 4 take [0, 0, 10, 1, 1] upr [0, 0, 2, 1, 1, 7] open96 17 a6 0/1 big8 8 poor 13/13 a10 +0.364 top3 0.71
s11 coupEl 5 annul 4 regCoup 7 take [0, 0, 9, 1, 0] upr [1, 0, 2, 1, 0, 8] open96 18 a6 0/1 big8 8 poor 16/16 a10 +0.353 top3 0.80
test a2_an_islamist_takeover_without_a_ballot_in_most_seeds_by_2000 ... ok
A1: median coups 7 top-3 share median 0.69
s0 coupEl 7 annul 3 regCoup 7 take [0, 0, 9, 0, 0] upr [0, 0, 0, 0, 0, 6] open96 23 a6 0/1 big8 8 poor 17/17 a10 +0.317 top3 0.71
s1 coupEl 9 annul 2 regCoup 3 take [0, 0, 12, 0, 1] upr [1, 0, 2, 0, 1, 3] open96 19 a6 0/1 big8 8 poor 14/14 a10 +0.358 top3 0.67
s2 coupEl 6 annul 3 regCoup 8 take [0, 0, 10, 1, 0] upr [1, 0, 2, 1, 0, 8] open96 18 a6 0/1 big8 8 poor 17/17 a10 +0.307 top3 0.67
s3 coupEl 7 annul 3 regCoup 5 take [0, 0, 10, 0, 1] upr [0, 0, 2, 0, 1, 4] open96 16 a6 0/1 big8 8 poor 15/15 a10 +0.359 top3 0.71
s4 coupEl 7 annul 2 regCoup 7 take [0, 0, 10, 1, 1] upr [0, 0, 2, 1, 1, 8] open96 18 a6 0/1 big8 8 poor 16/16 a10 +0.368 top3 0.71
s5 coupEl 6 annul 3 regCoup 6 take [0, 0, 10, 0, 1] upr [0, 0, 2, 0, 1, 4] open96 16 a6 0/1 big8 8 poor 15/15 a10 +0.348 top3 0.67
s6 coupEl 8 annul 2 regCoup 6 take [0, 0, 11, 1, 1] upr [0, 0, 2, 1, 1, 4] open96 20 a6 0/1 big8 8 poor 16/16 a10 +0.351 top3 0.75
s7 coupEl 6 annul 3 regCoup 5 take [0, 0, 10, 1, 1] upr [0, 0, 2, 1, 1, 8] open96 19 a6 0/1 big8 8 poor 14/14 a10 +0.330 top3 0.67
s8 coupEl 7 annul 3 regCoup 6 take [0, 0, 8, 1, 0] upr [0, 0, 0, 1, 0, 9] open96 20 a6 0/1 big8 8 poor 16/16 a10 +0.290 top3 0.57
s9 coupEl 5 annul 4 regCoup 8 take [0, 0, 9, 1, 0] upr [0, 0, 2, 1, 0, 8] open96 20 a6 0/1 big8 8 poor 17/17 a10 +0.268 top3 0.60
s10 coupEl 7 annul 2 regCoup 4 take [0, 0, 10, 1, 1] upr [0, 0, 2, 1, 1, 7] open96 17 a6 0/1 big8 8 poor 13/13 a10 +0.364 top3 0.71
s11 coupEl 5 annul 4 regCoup 7 take [0, 0, 9, 1, 0] upr [1, 0, 2, 1, 0, 8] open96 18 a6 0/1 big8 8 poor 16/16 a10 +0.353 top3 0.80

thread 'a1_coups_against_elected_governments_are_spread_not_three_micro_polities' (33480) panicked at spheres-sim\tests\bloc_census.rs:992:5:
three nations hold 0.69 of a seed's coups
note: run with `RUST_BACKTRACE=1` environment variable to display a backtrace
test a1_coups_against_elected_governments_are_spread_not_three_micro_polities ... FAILED
A10: median discontent lead 0.350 over 12 seeds ([0.3165233071827601, 0.35809994929457967, 0.30661214624134026, 0.358511044306537, 0.3680024572655283, 0.3479987079811864, 0.35135378301936515, 0.3299801491224972, 0.29031324173967027, 0.26791188236986085, 0.3642864813153317, 0.35281760600146095])
test a10_discontent_leads_the_roster_by_a_quarter_before_a_takeover ... ok
A3: 0/20 seeds with a Communist non-ballot takeover
s0 coupEl 7 annul 3 regCoup 7 take [0, 0, 9, 0, 0] upr [0, 0, 0, 0, 0, 6] open96 23 a6 0/1 big8 8 poor 17/17 a10 +0.317 top3 0.71
s1 coupEl 9 annul 2 regCoup 3 take [0, 0, 12, 0, 1] upr [1, 0, 2, 0, 1, 3] open96 19 a6 0/1 big8 8 poor 14/14 a10 +0.358 top3 0.67
s2 coupEl 6 annul 3 regCoup 8 take [0, 0, 10, 1, 0] upr [1, 0, 2, 1, 0, 8] open96 18 a6 0/1 big8 8 poor 17/17 a10 +0.307 top3 0.67
s3 coupEl 7 annul 3 regCoup 5 take [0, 0, 10, 0, 1] upr [0, 0, 2, 0, 1, 4] open96 16 a6 0/1 big8 8 poor 15/15 a10 +0.359 top3 0.71
s4 coupEl 7 annul 2 regCoup 7 take [0, 0, 10, 1, 1] upr [0, 0, 2, 1, 1, 8] open96 18 a6 0/1 big8 8 poor 16/16 a10 +0.368 top3 0.71
s5 coupEl 6 annul 3 regCoup 6 take [0, 0, 10, 0, 1] upr [0, 0, 2, 0, 1, 4] open96 16 a6 0/1 big8 8 poor 15/15 a10 +0.348 top3 0.67
s6 coupEl 8 annul 2 regCoup 6 take [0, 0, 11, 1, 1] upr [0, 0, 2, 1, 1, 4] open96 20 a6 0/1 big8 8 poor 16/16 a10 +0.351 top3 0.75
s7 coupEl 6 annul 3 regCoup 5 take [0, 0, 10, 1, 1] upr [0, 0, 2, 1, 1, 8] open96 19 a6 0/1 big8 8 poor 14/14 a10 +0.330 top3 0.67
s8 coupEl 7 annul 3 regCoup 6 take [0, 0, 8, 1, 0] upr [0, 0, 0, 1, 0, 9] open96 20 a6 0/1 big8 8 poor 16/16 a10 +0.290 top3 0.57
s9 coupEl 5 annul 4 regCoup 8 take [0, 0, 9, 1, 0] upr [0, 0, 2, 1, 0, 8] open96 20 a6 0/1 big8 8 poor 17/17 a10 +0.268 top3 0.60
s10 coupEl 7 annul 2 regCoup 4 take [0, 0, 10, 1, 1] upr [0, 0, 2, 1, 1, 7] open96 17 a6 0/1 big8 8 poor 13/13 a10 +0.364 top3 0.71
s11 coupEl 5 annul 4 regCoup 7 take [0, 0, 9, 1, 0] upr [1, 0, 2, 1, 0, 8] open96 18 a6 0/1 big8 8 poor 16/16 a10 +0.353 top3 0.80
s12 coupEl 7 annul 3 regCoup 4 take [0, 0, 12, 0, 1] upr [0, 0, 3, 0, 1, 4] open96 21 a6 0/1 big8 8 poor 14/14 a10 +0.318 top3 0.71
s13 coupEl 9 annul 2 regCoup 6 take [0, 0, 9, 0, 1] upr [0, 0, 0, 0, 1, 6] open96 20 a6 0/1 big8 8 poor 17/17 a10 +0.338 top3 0.67
s14 coupEl 8 annul 3 regCoup 7 take [0, 0, 10, 0, 1] upr [0, 0, 1, 0, 1, 4] open96 23 a6 0/1 big8 8 poor 18/18 a10 +0.331 top3 0.62
s15 coupEl 9 annul 2 regCoup 3 take [0, 0, 11, 0, 1] upr [0, 0, 1, 0, 1, 4] open96 20 a6 0/1 big8 8 poor 14/14 a10 +0.337 top3 0.67
s16 coupEl 8 annul 2 regCoup 7 take [0, 0, 11, 1, 1] upr [0, 0, 2, 1, 1, 7] open96 19 a6 0/1 big8 8 poor 17/17 a10 +0.358 top3 0.75
s17 coupEl 6 annul 2 regCoup 3 take [0, 0, 9, 0, 1] upr [1, 0, 2, 0, 1, 3] open96 21 a6 0/1 big8 8 poor 11/11 a10 +0.367 top3 0.67
s18 coupEl 8 annul 3 regCoup 6 take [0, 0, 11, 0, 0] upr [1, 0, 1, 0, 0, 4] open96 19 a6 0/1 big8 8 poor 17/17 a10 +0.357 top3 0.75
s19 coupEl 6 annul 2 regCoup 5 take [0, 0, 7, 1, 1] upr [0, 0, 0, 1, 1, 8] open96 21 a6 0/1 big8 8 poor 13/13 a10 +0.357 top3 0.67
test a3_a_communist_takeover_without_a_ballot_is_rare ... ok
A4: median 1990 regimes electoral at end-1996 18.5
s0 coupEl 7 annul 3 regCoup 7 take [0, 0, 9, 0, 0] upr [0, 0, 0, 0, 0, 6] open96 23 a6 0/1 big8 8 poor 17/17 a10 +0.317 top3 0.71
s1 coupEl 9 annul 2 regCoup 3 take [0, 0, 12, 0, 1] upr [1, 0, 2, 0, 1, 3] open96 19 a6 0/1 big8 8 poor 14/14 a10 +0.358 top3 0.67
s2 coupEl 6 annul 3 regCoup 8 take [0, 0, 10, 1, 0] upr [1, 0, 2, 1, 0, 8] open96 18 a6 0/1 big8 8 poor 17/17 a10 +0.307 top3 0.67
s3 coupEl 7 annul 3 regCoup 5 take [0, 0, 10, 0, 1] upr [0, 0, 2, 0, 1, 4] open96 16 a6 0/1 big8 8 poor 15/15 a10 +0.359 top3 0.71
s4 coupEl 7 annul 2 regCoup 7 take [0, 0, 10, 1, 1] upr [0, 0, 2, 1, 1, 8] open96 18 a6 0/1 big8 8 poor 16/16 a10 +0.368 top3 0.71
s5 coupEl 6 annul 3 regCoup 6 take [0, 0, 10, 0, 1] upr [0, 0, 2, 0, 1, 4] open96 16 a6 0/1 big8 8 poor 15/15 a10 +0.348 top3 0.67
s6 coupEl 8 annul 2 regCoup 6 take [0, 0, 11, 1, 1] upr [0, 0, 2, 1, 1, 4] open96 20 a6 0/1 big8 8 poor 16/16 a10 +0.351 top3 0.75
s7 coupEl 6 annul 3 regCoup 5 take [0, 0, 10, 1, 1] upr [0, 0, 2, 1, 1, 8] open96 19 a6 0/1 big8 8 poor 14/14 a10 +0.330 top3 0.67
s8 coupEl 7 annul 3 regCoup 6 take [0, 0, 8, 1, 0] upr [0, 0, 0, 1, 0, 9] open96 20 a6 0/1 big8 8 poor 16/16 a10 +0.290 top3 0.57
s9 coupEl 5 annul 4 regCoup 8 take [0, 0, 9, 1, 0] upr [0, 0, 2, 1, 0, 8] open96 20 a6 0/1 big8 8 poor 17/17 a10 +0.268 top3 0.60
s10 coupEl 7 annul 2 regCoup 4 take [0, 0, 10, 1, 1] upr [0, 0, 2, 1, 1, 7] open96 17 a6 0/1 big8 8 poor 13/13 a10 +0.364 top3 0.71
s11 coupEl 5 annul 4 regCoup 7 take [0, 0, 9, 1, 0] upr [1, 0, 2, 1, 0, 8] open96 18 a6 0/1 big8 8 poor 16/16 a10 +0.353 top3 0.80
test a4_the_democratisation_wave_opens_fifteen_regimes_by_1996 ... ok
A5: 7/12 seeds with a flagged successor party led back into government by ballot in >= 3 ex-communist states by 1996
s0 coupEl 7 annul 3 regCoup 7 take [0, 0, 9, 0, 0] upr [0, 0, 0, 0, 0, 6] open96 23 a6 0/1 big8 8 poor 17/17 a10 +0.317 top3 0.71
s1 coupEl 9 annul 2 regCoup 3 take [0, 0, 12, 0, 1] upr [1, 0, 2, 0, 1, 3] open96 19 a6 0/1 big8 8 poor 14/14 a10 +0.358 top3 0.67
s2 coupEl 6 annul 3 regCoup 8 take [0, 0, 10, 1, 0] upr [1, 0, 2, 1, 0, 8] open96 18 a6 0/1 big8 8 poor 17/17 a10 +0.307 top3 0.67
s3 coupEl 7 annul 3 regCoup 5 take [0, 0, 10, 0, 1] upr [0, 0, 2, 0, 1, 4] open96 16 a6 0/1 big8 8 poor 15/15 a10 +0.359 top3 0.71
s4 coupEl 7 annul 2 regCoup 7 take [0, 0, 10, 1, 1] upr [0, 0, 2, 1, 1, 8] open96 18 a6 0/1 big8 8 poor 16/16 a10 +0.368 top3 0.71
s5 coupEl 6 annul 3 regCoup 6 take [0, 0, 10, 0, 1] upr [0, 0, 2, 0, 1, 4] open96 16 a6 0/1 big8 8 poor 15/15 a10 +0.348 top3 0.67
s6 coupEl 8 annul 2 regCoup 6 take [0, 0, 11, 1, 1] upr [0, 0, 2, 1, 1, 4] open96 20 a6 0/1 big8 8 poor 16/16 a10 +0.351 top3 0.75
s7 coupEl 6 annul 3 regCoup 5 take [0, 0, 10, 1, 1] upr [0, 0, 2, 1, 1, 8] open96 19 a6 0/1 big8 8 poor 14/14 a10 +0.330 top3 0.67
s8 coupEl 7 annul 3 regCoup 6 take [0, 0, 8, 1, 0] upr [0, 0, 0, 1, 0, 9] open96 20 a6 0/1 big8 8 poor 16/16 a10 +0.290 top3 0.57
s9 coupEl 5 annul 4 regCoup 8 take [0, 0, 9, 1, 0] upr [0, 0, 2, 1, 0, 8] open96 20 a6 0/1 big8 8 poor 17/17 a10 +0.268 top3 0.60
s10 coupEl 7 annul 2 regCoup 4 take [0, 0, 10, 1, 1] upr [0, 0, 2, 1, 1, 7] open96 17 a6 0/1 big8 8 poor 13/13 a10 +0.364 top3 0.71
s11 coupEl 5 annul 4 regCoup 7 take [0, 0, 9, 1, 0] upr [1, 0, 2, 1, 0, 8] open96 18 a6 0/1 big8 8 poor 16/16 a10 +0.353 top3 0.80
test a5_ex_communists_return_by_ballot_in_most_seeds ... ok
A7: median ballot-flips / takeovers 8.542 ([7.888888888888889, 6.076923076923077, 9.727272727272727, 7.181818181818182, 9.083333333333334, 7.181818181818182, 6.0, 8.333333333333334, 13.0, 11.8, 8.75, 10.2])
s0 coupEl 7 annul 3 regCoup 7 take [0, 0, 9, 0, 0] upr [0, 0, 0, 0, 0, 6] open96 23 a6 0/1 big8 8 poor 17/17 a10 +0.317 top3 0.71
s1 coupEl 9 annul 2 regCoup 3 take [0, 0, 12, 0, 1] upr [1, 0, 2, 0, 1, 3] open96 19 a6 0/1 big8 8 poor 14/14 a10 +0.358 top3 0.67
s2 coupEl 6 annul 3 regCoup 8 take [0, 0, 10, 1, 0] upr [1, 0, 2, 1, 0, 8] open96 18 a6 0/1 big8 8 poor 17/17 a10 +0.307 top3 0.67
s3 coupEl 7 annul 3 regCoup 5 take [0, 0, 10, 0, 1] upr [0, 0, 2, 0, 1, 4] open96 16 a6 0/1 big8 8 poor 15/15 a10 +0.359 top3 0.71
s4 coupEl 7 annul 2 regCoup 7 take [0, 0, 10, 1, 1] upr [0, 0, 2, 1, 1, 8] open96 18 a6 0/1 big8 8 poor 16/16 a10 +0.368 top3 0.71
s5 coupEl 6 annul 3 regCoup 6 take [0, 0, 10, 0, 1] upr [0, 0, 2, 0, 1, 4] open96 16 a6 0/1 big8 8 poor 15/15 a10 +0.348 top3 0.67
s6 coupEl 8 annul 2 regCoup 6 take [0, 0, 11, 1, 1] upr [0, 0, 2, 1, 1, 4] open96 20 a6 0/1 big8 8 poor 16/16 a10 +0.351 top3 0.75
s7 coupEl 6 annul 3 regCoup 5 take [0, 0, 10, 1, 1] upr [0, 0, 2, 1, 1, 8] open96 19 a6 0/1 big8 8 poor 14/14 a10 +0.330 top3 0.67
s8 coupEl 7 annul 3 regCoup 6 take [0, 0, 8, 1, 0] upr [0, 0, 0, 1, 0, 9] open96 20 a6 0/1 big8 8 poor 16/16 a10 +0.290 top3 0.57
s9 coupEl 5 annul 4 regCoup 8 take [0, 0, 9, 1, 0] upr [0, 0, 2, 1, 0, 8] open96 20 a6 0/1 big8 8 poor 17/17 a10 +0.268 top3 0.60
s10 coupEl 7 annul 2 regCoup 4 take [0, 0, 10, 1, 1] upr [0, 0, 2, 1, 1, 7] open96 17 a6 0/1 big8 8 poor 13/13 a10 +0.364 top3 0.71
s11 coupEl 5 annul 4 regCoup 7 take [0, 0, 9, 1, 0] upr [1, 0, 2, 1, 0, 8] open96 18 a6 0/1 big8 8 poor 16/16 a10 +0.353 top3 0.80
test a7_ballots_flip_the_ruling_bloc_three_times_as_often_as_takeovers ... ok
test a_ballot_and_an_uncoloured_collapse_do_not_fabricate_a_movement_takeover ... ok
A6 at 420 months: route events 0 in 12/12 seeds; pre-existing collapses beside [1, 1, 1, 1, 1, 1, 1, 1, 1, 1, 1, 1]
test a6_no_road_reaches_a_1990_democracy_in_thirty_five_years ... ok
A9: 186/186 = 1.000 of coups in nations under $8,000 a head
test a9_four_coups_in_five_strike_nations_under_8000_a_head ... ok
A8: 40/40 seeds keep >= 6 of 8; per seed [8, 8, 8, 8, 8, 8, 8, 8, 8, 8, 8, 8, 8, 8, 8, 8, 8, 8, 8, 8, 8, 8, 8, 8, 8, 8, 8, 8, 8, 8, 8, 8, 8, 8, 8, 8, 8, 8, 8, 8]
test a8_six_of_the_eight_big_regimes_keep_their_bloc_in_most_seeds ... ok

failures:

failures:
    a1_coups_against_elected_governments_are_spread_not_three_micro_polities

test result: FAILED. 10 passed; 1 failed; 0 ignored; 0 measured; 1 filtered out; finished in 46.32s

