
running 11 tests
A2: 7/12 seeds; Algeria Islamist 0/12 annulled 12/12
s0 coupEl 11 annul 2 regCoup 6 take [0, 0, 14, 0, 0] upr [0, 0, 2, 0, 0, 5] open96 18 a6 0/1 big8 8 poor 19/19 a10 +0.377 top3 0.55
s1 coupEl 9 annul 2 regCoup 8 take [0, 0, 12, 1, 0] upr [1, 0, 2, 1, 0, 7] open96 15 a6 0/1 big8 8 poor 19/19 a10 +0.302 top3 0.56
s2 coupEl 10 annul 3 regCoup 4 take [0, 0, 14, 1, 0] upr [1, 0, 2, 1, 0, 4] open96 23 a6 0/1 big8 8 poor 17/17 a10 +0.368 top3 0.60
s3 coupEl 9 annul 4 regCoup 6 take [0, 0, 13, 0, 0] upr [0, 0, 2, 0, 0, 7] open96 18 a6 0/1 big8 8 poor 19/19 a10 +0.370 top3 0.56
s4 coupEl 10 annul 3 regCoup 5 take [0, 0, 14, 1, 0] upr [0, 0, 2, 1, 0, 10] open96 17 a6 0/1 big8 8 poor 18/18 a10 +0.359 top3 0.60
s5 coupEl 8 annul 3 regCoup 3 take [0, 0, 14, 0, 1] upr [1, 0, 4, 0, 1, 4] open96 18 a6 0/1 big8 8 poor 14/14 a10 +0.378 top3 0.62
s6 coupEl 11 annul 3 regCoup 5 take [0, 0, 12, 1, 0] upr [0, 0, 1, 1, 0, 6] open96 19 a6 0/1 big8 8 poor 19/19 a10 +0.369 top3 0.55
test a2_an_islamist_takeover_without_a_ballot_in_most_seeds_by_2000 ... ok
s7 coupEl 11 annul 3 regCoup 3 take [0, 0, 15, 0, 0] upr [0, 0, 2, 0, 0, 5] open96 20 a6 0/1 big8 8 poor 17/17 a10 +0.375 top3 0.55
s8 coupEl 11 annul 3 regCoup 5 take [0, 0, 12, 1, 1] upr [0, 0, 1, 1, 1, 8] open96 19 a6 0/1 big8 8 poor 19/19 a10 +0.336 top3 0.64
s9 coupEl 11 annul 3 regCoup 4 take [0, 0, 12, 0, 1] upr [1, 0, 1, 0, 1, 3] open96 21 a6 0/1 big8 8 poor 18/18 a10 +0.369 top3 0.55
s10 coupEl 5 annul 2 regCoup 5 take [0, 0, 9, 1, 1] upr [1, 0, 3, 1, 1, 3] open96 20 a6 0/1 big8 8 poor 12/12 a10 +0.376 top3 0.60
s11 coupEl 9 annul 2 regCoup 6 take [0, 0, 10, 1, 1] upr [1, 0, 1, 1, 1, 8] open96 19 a6 0/1 big8 8 poor 17/17 a10 +0.319 top3 0.56
A10: median discontent lead 0.369 over 12 seeds ([0.3774231208702927, 0.301528951916697, 0.368270014550365, 0.37039946471509905, 0.3593720932937563, 0.37844540133617594, 0.36923331136174503, 0.3751577521325541, 0.33643309957622175, 0.368528865921409, 0.3762177606193042, 0.3188747671659795])
test a10_discontent_leads_the_roster_by_a_quarter_before_a_takeover ... ok
A1: median coups 10 top-3 share median 0.56
s0 coupEl 11 annul 2 regCoup 6 take [0, 0, 14, 0, 0] upr [0, 0, 2, 0, 0, 5] open96 18 a6 0/1 big8 8 poor 19/19 a10 +0.377 top3 0.55
s1 coupEl 9 annul 2 regCoup 8 take [0, 0, 12, 1, 0] upr [1, 0, 2, 1, 0, 7] open96 15 a6 0/1 big8 8 poor 19/19 a10 +0.302 top3 0.56
s2 coupEl 10 annul 3 regCoup 4 take [0, 0, 14, 1, 0] upr [1, 0, 2, 1, 0, 4] open96 23 a6 0/1 big8 8 poor 17/17 a10 +0.368 top3 0.60
s3 coupEl 9 annul 4 regCoup 6 take [0, 0, 13, 0, 0] upr [0, 0, 2, 0, 0, 7] open96 18 a6 0/1 big8 8 poor 19/19 a10 +0.370 top3 0.56
s4 coupEl 10 annul 3 regCoup 5 take [0, 0, 14, 1, 0] upr [0, 0, 2, 1, 0, 10] open96 17 a6 0/1 big8 8 poor 18/18 a10 +0.359 top3 0.60
s5 coupEl 8 annul 3 regCoup 3 take [0, 0, 14, 0, 1] upr [1, 0, 4, 0, 1, 4] open96 18 a6 0/1 big8 8 poor 14/14 a10 +0.378 top3 0.62
s6 coupEl 11 annul 3 regCoup 5 take [0, 0, 12, 1, 0] upr [0, 0, 1, 1, 0, 6] open96 19 a6 0/1 big8 8 poor 19/19 a10 +0.369 top3 0.55
s7 coupEl 11 annul 3 regCoup 3 take [0, 0, 15, 0, 0] upr [0, 0, 2, 0, 0, 5] open96 20 a6 0/1 big8 8 poor 17/17 a10 +0.375 top3 0.55
s8 coupEl 11 annul 3 regCoup 5 take [0, 0, 12, 1, 1] upr [0, 0, 1, 1, 1, 8] open96 19 a6 0/1 big8 8 poor 19/19 a10 +0.336 top3 0.64
s9 coupEl 11 annul 3 regCoup 4 take [0, 0, 12, 0, 1] upr [1, 0, 1, 0, 1, 3] open96 21 a6 0/1 big8 8 poor 18/18 a10 +0.369 top3 0.55
s10 coupEl 5 annul 2 regCoup 5 take [0, 0, 9, 1, 1] upr [1, 0, 3, 1, 1, 3] open96 20 a6 0/1 big8 8 poor 12/12 a10 +0.376 top3 0.60
s11 coupEl 9 annul 2 regCoup 6 take [0, 0, 10, 1, 1] upr [1, 0, 1, 1, 1, 8] open96 19 a6 0/1 big8 8 poor 17/17 a10 +0.319 top3 0.56

thread 'a1_coups_against_elected_governments_are_spread_not_three_micro_polities' (25736) panicked at spheres-sim\tests\bloc_census.rs:992:5:
three nations hold 0.56 of a seed's coups
note: run with `RUST_BACKTRACE=1` environment variable to display a backtrace
test a1_coups_against_elected_governments_are_spread_not_three_micro_polities ... FAILED
A3: 0/20 seeds with a Communist non-ballot takeover
s0 coupEl 11 annul 2 regCoup 6 take [0, 0, 14, 0, 0] upr [0, 0, 2, 0, 0, 5] open96 18 a6 0/1 big8 8 poor 19/19 a10 +0.377 top3 0.55
s1 coupEl 9 annul 2 regCoup 8 take [0, 0, 12, 1, 0] upr [1, 0, 2, 1, 0, 7] open96 15 a6 0/1 big8 8 poor 19/19 a10 +0.302 top3 0.56
s2 coupEl 10 annul 3 regCoup 4 take [0, 0, 14, 1, 0] upr [1, 0, 2, 1, 0, 4] open96 23 a6 0/1 big8 8 poor 17/17 a10 +0.368 top3 0.60
s3 coupEl 9 annul 4 regCoup 6 take [0, 0, 13, 0, 0] upr [0, 0, 2, 0, 0, 7] open96 18 a6 0/1 big8 8 poor 19/19 a10 +0.370 top3 0.56
s4 coupEl 10 annul 3 regCoup 5 take [0, 0, 14, 1, 0] upr [0, 0, 2, 1, 0, 10] open96 17 a6 0/1 big8 8 poor 18/18 a10 +0.359 top3 0.60
s5 coupEl 8 annul 3 regCoup 3 take [0, 0, 14, 0, 1] upr [1, 0, 4, 0, 1, 4] open96 18 a6 0/1 big8 8 poor 14/14 a10 +0.378 top3 0.62
s6 coupEl 11 annul 3 regCoup 5 take [0, 0, 12, 1, 0] upr [0, 0, 1, 1, 0, 6] open96 19 a6 0/1 big8 8 poor 19/19 a10 +0.369 top3 0.55
s7 coupEl 11 annul 3 regCoup 3 take [0, 0, 15, 0, 0] upr [0, 0, 2, 0, 0, 5] open96 20 a6 0/1 big8 8 poor 17/17 a10 +0.375 top3 0.55
s8 coupEl 11 annul 3 regCoup 5 take [0, 0, 12, 1, 1] upr [0, 0, 1, 1, 1, 8] open96 19 a6 0/1 big8 8 poor 19/19 a10 +0.336 top3 0.64
s9 coupEl 11 annul 3 regCoup 4 take [0, 0, 12, 0, 1] upr [1, 0, 1, 0, 1, 3] open96 21 a6 0/1 big8 8 poor 18/18 a10 +0.369 top3 0.55
s10 coupEl 5 annul 2 regCoup 5 take [0, 0, 9, 1, 1] upr [1, 0, 3, 1, 1, 3] open96 20 a6 0/1 big8 8 poor 12/12 a10 +0.376 top3 0.60
s11 coupEl 9 annul 2 regCoup 6 take [0, 0, 10, 1, 1] upr [1, 0, 1, 1, 1, 8] open96 19 a6 0/1 big8 8 poor 17/17 a10 +0.319 top3 0.56
s12 coupEl 11 annul 3 regCoup 5 take [0, 0, 14, 0, 1] upr [0, 0, 2, 0, 1, 4] open96 16 a6 0/1 big8 8 poor 19/19 a10 +0.339 top3 0.55
s13 coupEl 11 annul 3 regCoup 8 take [0, 0, 14, 0, 0] upr [0, 0, 1, 0, 0, 8] open96 19 a6 0/1 big8 8 poor 22/22 a10 +0.347 top3 0.55
s14 coupEl 8 annul 3 regCoup 5 take [0, 0, 13, 1, 1] upr [1, 0, 3, 1, 1, 3] open96 21 a6 0/1 big8 8 poor 16/16 a10 +0.370 top3 0.62
s15 coupEl 8 annul 3 regCoup 5 take [0, 0, 11, 1, 1] upr [0, 0, 2, 1, 1, 8] open96 20 a6 0/1 big8 8 poor 16/16 a10 +0.369 top3 0.75
s16 coupEl 9 annul 3 regCoup 5 take [1, 0, 13, 1, 1] upr [0, 0, 2, 1, 1, 8] open96 21 a6 0/1 big8 8 poor 17/17 a10 +0.362 top3 0.56
s17 coupEl 11 annul 3 regCoup 3 take [0, 0, 14, 0, 1] upr [1, 0, 2, 0, 1, 4] open96 21 a6 0/1 big8 8 poor 17/17 a10 +0.369 top3 0.64
s18 coupEl 10 annul 4 regCoup 8 take [0, 0, 14, 1, 0] upr [0, 0, 2, 1, 0, 9] open96 17 a6 0/1 big8 8 poor 22/22 a10 +0.362 top3 0.60
s19 coupEl 9 annul 3 regCoup 7 take [0, 0, 13, 1, 1] upr [0, 0, 2, 1, 0, 10] open96 16 a6 0/1 big8 8 poor 19/19 a10 +0.367 top3 0.56
test a3_a_communist_takeover_without_a_ballot_is_rare ... ok
A4: median 1990 regimes electoral at end-1996 19
s0 coupEl 11 annul 2 regCoup 6 take [0, 0, 14, 0, 0] upr [0, 0, 2, 0, 0, 5] open96 18 a6 0/1 big8 8 poor 19/19 a10 +0.377 top3 0.55
s1 coupEl 9 annul 2 regCoup 8 take [0, 0, 12, 1, 0] upr [1, 0, 2, 1, 0, 7] open96 15 a6 0/1 big8 8 poor 19/19 a10 +0.302 top3 0.56
s2 coupEl 10 annul 3 regCoup 4 take [0, 0, 14, 1, 0] upr [1, 0, 2, 1, 0, 4] open96 23 a6 0/1 big8 8 poor 17/17 a10 +0.368 top3 0.60
s3 coupEl 9 annul 4 regCoup 6 take [0, 0, 13, 0, 0] upr [0, 0, 2, 0, 0, 7] open96 18 a6 0/1 big8 8 poor 19/19 a10 +0.370 top3 0.56
s4 coupEl 10 annul 3 regCoup 5 take [0, 0, 14, 1, 0] upr [0, 0, 2, 1, 0, 10] open96 17 a6 0/1 big8 8 poor 18/18 a10 +0.359 top3 0.60
s5 coupEl 8 annul 3 regCoup 3 take [0, 0, 14, 0, 1] upr [1, 0, 4, 0, 1, 4] open96 18 a6 0/1 big8 8 poor 14/14 a10 +0.378 top3 0.62
s6 coupEl 11 annul 3 regCoup 5 take [0, 0, 12, 1, 0] upr [0, 0, 1, 1, 0, 6] open96 19 a6 0/1 big8 8 poor 19/19 a10 +0.369 top3 0.55
s7 coupEl 11 annul 3 regCoup 3 take [0, 0, 15, 0, 0] upr [0, 0, 2, 0, 0, 5] open96 20 a6 0/1 big8 8 poor 17/17 a10 +0.375 top3 0.55
s8 coupEl 11 annul 3 regCoup 5 take [0, 0, 12, 1, 1] upr [0, 0, 1, 1, 1, 8] open96 19 a6 0/1 big8 8 poor 19/19 a10 +0.336 top3 0.64
s9 coupEl 11 annul 3 regCoup 4 take [0, 0, 12, 0, 1] upr [1, 0, 1, 0, 1, 3] open96 21 a6 0/1 big8 8 poor 18/18 a10 +0.369 top3 0.55
s10 coupEl 5 annul 2 regCoup 5 take [0, 0, 9, 1, 1] upr [1, 0, 3, 1, 1, 3] open96 20 a6 0/1 big8 8 poor 12/12 a10 +0.376 top3 0.60
s11 coupEl 9 annul 2 regCoup 6 take [0, 0, 10, 1, 1] upr [1, 0, 1, 1, 1, 8] open96 19 a6 0/1 big8 8 poor 17/17 a10 +0.319 top3 0.56
test a4_the_democratisation_wave_opens_fifteen_regimes_by_1996 ... ok
A5: 4/12 seeds with a flagged successor party led back into government by ballot in >= 3 ex-communist states by 1996
s0 coupEl 11 annul 2 regCoup 6 take [0, 0, 14, 0, 0] upr [0, 0, 2, 0, 0, 5] open96 18 a6 0/1 big8 8 poor 19/19 a10 +0.377 top3 0.55
s1 coupEl 9 annul 2 regCoup 8 take [0, 0, 12, 1, 0] upr [1, 0, 2, 1, 0, 7] open96 15 a6 0/1 big8 8 poor 19/19 a10 +0.302 top3 0.56
s2 coupEl 10 annul 3 regCoup 4 take [0, 0, 14, 1, 0] upr [1, 0, 2, 1, 0, 4] open96 23 a6 0/1 big8 8 poor 17/17 a10 +0.368 top3 0.60
s3 coupEl 9 annul 4 regCoup 6 take [0, 0, 13, 0, 0] upr [0, 0, 2, 0, 0, 7] open96 18 a6 0/1 big8 8 poor 19/19 a10 +0.370 top3 0.56
s4 coupEl 10 annul 3 regCoup 5 take [0, 0, 14, 1, 0] upr [0, 0, 2, 1, 0, 10] open96 17 a6 0/1 big8 8 poor 18/18 a10 +0.359 top3 0.60
s5 coupEl 8 annul 3 regCoup 3 take [0, 0, 14, 0, 1] upr [1, 0, 4, 0, 1, 4] open96 18 a6 0/1 big8 8 poor 14/14 a10 +0.378 top3 0.62
s6 coupEl 11 annul 3 regCoup 5 take [0, 0, 12, 1, 0] upr [0, 0, 1, 1, 0, 6] open96 19 a6 0/1 big8 8 poor 19/19 a10 +0.369 top3 0.55
s7 coupEl 11 annul 3 regCoup 3 take [0, 0, 15, 0, 0] upr [0, 0, 2, 0, 0, 5] open96 20 a6 0/1 big8 8 poor 17/17 a10 +0.375 top3 0.55
s8 coupEl 11 annul 3 regCoup 5 take [0, 0, 12, 1, 1] upr [0, 0, 1, 1, 1, 8] open96 19 a6 0/1 big8 8 poor 19/19 a10 +0.336 top3 0.64
s9 coupEl 11 annul 3 regCoup 4 take [0, 0, 12, 0, 1] upr [1, 0, 1, 0, 1, 3] open96 21 a6 0/1 big8 8 poor 18/18 a10 +0.369 top3 0.55
s10 coupEl 5 annul 2 regCoup 5 take [0, 0, 9, 1, 1] upr [1, 0, 3, 1, 1, 3] open96 20 a6 0/1 big8 8 poor 12/12 a10 +0.376 top3 0.60
s11 coupEl 9 annul 2 regCoup 6 take [0, 0, 10, 1, 1] upr [1, 0, 1, 1, 1, 8] open96 19 a6 0/1 big8 8 poor 17/17 a10 +0.319 top3 0.56

thread 'a5_ex_communists_return_by_ballot_in_most_seeds' (19504) panicked at spheres-sim\tests\bloc_census.rs:1132:5:
a successor party led back into government by ballot in three states, in 4/12 seeds
test a5_ex_communists_return_by_ballot_in_most_seeds ... FAILED
A7: median ballot-flips / takeovers 5.918 ([4.642857142857143, 9.307692307692308, 4.733333333333333, 6.076923076923077, 6.066666666666666, 4.4, 5.769230769230769, 4.6, 7.5, 4.923076923076923, 7.0, 8.666666666666666])
s0 coupEl 11 annul 2 regCoup 6 take [0, 0, 14, 0, 0] upr [0, 0, 2, 0, 0, 5] open96 18 a6 0/1 big8 8 poor 19/19 a10 +0.377 top3 0.55
s1 coupEl 9 annul 2 regCoup 8 take [0, 0, 12, 1, 0] upr [1, 0, 2, 1, 0, 7] open96 15 a6 0/1 big8 8 poor 19/19 a10 +0.302 top3 0.56
s2 coupEl 10 annul 3 regCoup 4 take [0, 0, 14, 1, 0] upr [1, 0, 2, 1, 0, 4] open96 23 a6 0/1 big8 8 poor 17/17 a10 +0.368 top3 0.60
s3 coupEl 9 annul 4 regCoup 6 take [0, 0, 13, 0, 0] upr [0, 0, 2, 0, 0, 7] open96 18 a6 0/1 big8 8 poor 19/19 a10 +0.370 top3 0.56
s4 coupEl 10 annul 3 regCoup 5 take [0, 0, 14, 1, 0] upr [0, 0, 2, 1, 0, 10] open96 17 a6 0/1 big8 8 poor 18/18 a10 +0.359 top3 0.60
s5 coupEl 8 annul 3 regCoup 3 take [0, 0, 14, 0, 1] upr [1, 0, 4, 0, 1, 4] open96 18 a6 0/1 big8 8 poor 14/14 a10 +0.378 top3 0.62
s6 coupEl 11 annul 3 regCoup 5 take [0, 0, 12, 1, 0] upr [0, 0, 1, 1, 0, 6] open96 19 a6 0/1 big8 8 poor 19/19 a10 +0.369 top3 0.55
s7 coupEl 11 annul 3 regCoup 3 take [0, 0, 15, 0, 0] upr [0, 0, 2, 0, 0, 5] open96 20 a6 0/1 big8 8 poor 17/17 a10 +0.375 top3 0.55
s8 coupEl 11 annul 3 regCoup 5 take [0, 0, 12, 1, 1] upr [0, 0, 1, 1, 1, 8] open96 19 a6 0/1 big8 8 poor 19/19 a10 +0.336 top3 0.64
s9 coupEl 11 annul 3 regCoup 4 take [0, 0, 12, 0, 1] upr [1, 0, 1, 0, 1, 3] open96 21 a6 0/1 big8 8 poor 18/18 a10 +0.369 top3 0.55
s10 coupEl 5 annul 2 regCoup 5 take [0, 0, 9, 1, 1] upr [1, 0, 3, 1, 1, 3] open96 20 a6 0/1 big8 8 poor 12/12 a10 +0.376 top3 0.60
s11 coupEl 9 annul 2 regCoup 6 take [0, 0, 10, 1, 1] upr [1, 0, 1, 1, 1, 8] open96 19 a6 0/1 big8 8 poor 17/17 a10 +0.319 top3 0.56
test a7_ballots_flip_the_ruling_bloc_three_times_as_often_as_takeovers ... ok
test a_ballot_and_an_uncoloured_collapse_do_not_fabricate_a_movement_takeover ... ok
A6 at 420 months: route events 0 in 12/12 seeds; pre-existing collapses beside [1, 1, 1, 1, 1, 1, 1, 1, 1, 1, 1, 1]
test a6_no_road_reaches_a_1990_democracy_in_thirty_five_years ... ok
A9: 208/208 = 1.000 of coups in nations under $8,000 a head
test a9_four_coups_in_five_strike_nations_under_8000_a_head ... ok
A8: 40/40 seeds keep >= 6 of 8; per seed [8, 8, 8, 8, 8, 8, 8, 8, 8, 8, 8, 8, 8, 8, 8, 8, 8, 8, 8, 8, 8, 8, 8, 8, 8, 8, 8, 8, 8, 8, 8, 8, 8, 8, 8, 8, 8, 8, 8, 8]
test a8_six_of_the_eight_big_regimes_keep_their_bloc_in_most_seeds ... ok

failures:

failures:
    a1_coups_against_elected_governments_are_spread_not_three_micro_polities
    a5_ex_communists_return_by_ballot_in_most_seeds

test result: FAILED. 9 passed; 2 failed; 0 ignored; 0 measured; 1 filtered out; finished in 46.78s

