
running 11 tests
A2: 5/12 seeds; Algeria Islamist 0/12 annulled 0/12
s0 coupEl 16 annul 2 regCoup 4 take [0, 0, 14, 0, 1] upr [6, 0, 3, 0, 0, 3] open96 22 a6 0/1 big8 8 poor 22/22 a10 +0.307 top3 0.75
s1 coupEl 15 annul 2 regCoup 6 take [0, 1, 12, 1, 2] upr [2, 0, 1, 1, 1, 10] open96 20 a6 0/1 big8 8 poor 23/23 a10 +0.347 top3 0.80
s2 coupEl 11 annul 2 regCoup 5 take [0, 1, 12, 1, 0] upr [4, 0, 1, 1, 0, 8] open96 22 a6 0/1 big8 8 poor 18/18 a10 +0.289 top3 1.00
s3 coupEl 17 annul 1 regCoup 5 take [0, 1, 12, 0, 1] upr [3, 1, 1, 0, 0, 4] open96 21 a6 0/1 big8 8 poor 23/23 a10 +0.355 top3 0.76
s4 coupEl 13 annul 1 regCoup 3 take [0, 0, 14, 1, 0] upr [3, 0, 2, 1, 0, 8] open96 15 a6 0/1 big8 8 poor 17/17 a10 +0.303 top3 0.85
s5 coupEl 11 annul 2 regCoup 4 take [0, 1, 11, 0, 1] upr [4, 1, 1, 0, 1, 4] open96 23 a6 0/1 big8 8 poor 17/17 a10 +0.360 top3 0.91
s6 coupEl 15 annul 1 regCoup 4 take [0, 0, 12, 1, 1] upr [3, 0, 1, 1, 1, 9] open96 19 a6 0/1 big8 8 poor 20/20 a10 +0.303 top3 0.87
s7 coupEl 15 annul 1 regCoup 3 take [0, 0, 12, 0, 1] upr [5, 0, 1, 0, 1, 4] open96 21 a6 0/1 big8 8 poor 19/19 a10 +0.286 top3 0.87
s8 coupEl 16 annul 2 regCoup 4 take [0, 0, 14, 1, 1] upr [4, 0, 2, 1, 0, 7] open96 17 a6 0/1 big8 8 poor 22/22 a10 +0.289 top3 0.81
s9 coupEl 14 annul 1 regCoup 4 take [0, 0, 13, 0, 0] upr [4, 0, 1, 0, 0, 5] open96 21 a6 0/1 big8 8 poor 19/19 a10 +0.306 top3 0.86
s10 coupEl 11 annul 3 regCoup 4 take [0, 0, 13, 1, 1] upr [5, 0, 1, 1, 1, 8] open96 20 a6 0/1 big8 8 poor 18/18 a10 +0.310 top3 1.00
s11 coupEl 13 annul 2 regCoup 3 take [0, 1, 10, 0, 0] upr [1, 1, 2, 0, 0, 4] open96 21 a6 0/1 big8 8 poor 18/18 a10 +0.370 top3 0.77

thread 'a2_an_islamist_takeover_without_a_ballot_in_most_seeds_by_2000' (33308) panicked at spheres-sim\tests\bloc_census.rs:1018:5:
Islamist takeover by 2000 in 5/12 seeds
note: run with `RUST_BACKTRACE=1` environment variable to display a backtrace
test a2_an_islamist_takeover_without_a_ballot_in_most_seeds_by_2000 ... FAILED
A1: median coups 14.5 top-3 share median 0.85
s0 coupEl 16 annul 2 regCoup 4 take [0, 0, 14, 0, 1] upr [6, 0, 3, 0, 0, 3] open96 22 a6 0/1 big8 8 poor 22/22 a10 +0.307 top3 0.75
s1 coupEl 15 annul 2 regCoup 6 take [0, 1, 12, 1, 2] upr [2, 0, 1, 1, 1, 10] open96 20 a6 0/1 big8 8 poor 23/23 a10 +0.347 top3 0.80
s2 coupEl 11 annul 2 regCoup 5 take [0, 1, 12, 1, 0] upr [4, 0, 1, 1, 0, 8] open96 22 a6 0/1 big8 8 poor 18/18 a10 +0.289 top3 1.00
s3 coupEl 17 annul 1 regCoup 5 take [0, 1, 12, 0, 1] upr [3, 1, 1, 0, 0, 4] open96 21 a6 0/1 big8 8 poor 23/23 a10 +0.355 top3 0.76
s4 coupEl 13 annul 1 regCoup 3 take [0, 0, 14, 1, 0] upr [3, 0, 2, 1, 0, 8] open96 15 a6 0/1 big8 8 poor 17/17 a10 +0.303 top3 0.85
s5 coupEl 11 annul 2 regCoup 4 take [0, 1, 11, 0, 1] upr [4, 1, 1, 0, 1, 4] open96 23 a6 0/1 big8 8 poor 17/17 a10 +0.360 top3 0.91
s6 coupEl 15 annul 1 regCoup 4 take [0, 0, 12, 1, 1] upr [3, 0, 1, 1, 1, 9] open96 19 a6 0/1 big8 8 poor 20/20 a10 +0.303 top3 0.87
s7 coupEl 15 annul 1 regCoup 3 take [0, 0, 12, 0, 1] upr [5, 0, 1, 0, 1, 4] open96 21 a6 0/1 big8 8 poor 19/19 a10 +0.286 top3 0.87
s8 coupEl 16 annul 2 regCoup 4 take [0, 0, 14, 1, 1] upr [4, 0, 2, 1, 0, 7] open96 17 a6 0/1 big8 8 poor 22/22 a10 +0.289 top3 0.81
s9 coupEl 14 annul 1 regCoup 4 take [0, 0, 13, 0, 0] upr [4, 0, 1, 0, 0, 5] open96 21 a6 0/1 big8 8 poor 19/19 a10 +0.306 top3 0.86
s10 coupEl 11 annul 3 regCoup 4 take [0, 0, 13, 1, 1] upr [5, 0, 1, 1, 1, 8] open96 20 a6 0/1 big8 8 poor 18/18 a10 +0.310 top3 1.00
s11 coupEl 13 annul 2 regCoup 3 take [0, 1, 10, 0, 0] upr [1, 1, 2, 0, 0, 4] open96 21 a6 0/1 big8 8 poor 18/18 a10 +0.370 top3 0.77

thread 'a1_coups_against_elected_governments_are_spread_not_three_micro_polities' (30984) panicked at spheres-sim\tests\bloc_census.rs:984:5:
median coups against elected governments 14.5
test a1_coups_against_elected_governments_are_spread_not_three_micro_polities ... FAILED
A10: median discontent lead 0.306 over 12 seeds ([0.3066610187774367, 0.34742672085620196, 0.2893638321994174, 0.3547658262408412, 0.30334778295729853, 0.35986822091827897, 0.3025322537392432, 0.2863385286021397, 0.289370700635703, 0.3062558836891701, 0.31031020349553323, 0.36999159863517367])
test a10_discontent_leads_the_roster_by_a_quarter_before_a_takeover ... ok
A3: 6/20 seeds with a Communist non-ballot takeover
s0 coupEl 16 annul 2 regCoup 4 take [0, 0, 14, 0, 1] upr [6, 0, 3, 0, 0, 3] open96 22 a6 0/1 big8 8 poor 22/22 a10 +0.307 top3 0.75
s1 coupEl 15 annul 2 regCoup 6 take [0, 1, 12, 1, 2] upr [2, 0, 1, 1, 1, 10] open96 20 a6 0/1 big8 8 poor 23/23 a10 +0.347 top3 0.80
s2 coupEl 11 annul 2 regCoup 5 take [0, 1, 12, 1, 0] upr [4, 0, 1, 1, 0, 8] open96 22 a6 0/1 big8 8 poor 18/18 a10 +0.289 top3 1.00
s3 coupEl 17 annul 1 regCoup 5 take [0, 1, 12, 0, 1] upr [3, 1, 1, 0, 0, 4] open96 21 a6 0/1 big8 8 poor 23/23 a10 +0.355 top3 0.76
s4 coupEl 13 annul 1 regCoup 3 take [0, 0, 14, 1, 0] upr [3, 0, 2, 1, 0, 8] open96 15 a6 0/1 big8 8 poor 17/17 a10 +0.303 top3 0.85
s5 coupEl 11 annul 2 regCoup 4 take [0, 1, 11, 0, 1] upr [4, 1, 1, 0, 1, 4] open96 23 a6 0/1 big8 8 poor 17/17 a10 +0.360 top3 0.91
s6 coupEl 15 annul 1 regCoup 4 take [0, 0, 12, 1, 1] upr [3, 0, 1, 1, 1, 9] open96 19 a6 0/1 big8 8 poor 20/20 a10 +0.303 top3 0.87
s7 coupEl 15 annul 1 regCoup 3 take [0, 0, 12, 0, 1] upr [5, 0, 1, 0, 1, 4] open96 21 a6 0/1 big8 8 poor 19/19 a10 +0.286 top3 0.87
s8 coupEl 16 annul 2 regCoup 4 take [0, 0, 14, 1, 1] upr [4, 0, 2, 1, 0, 7] open96 17 a6 0/1 big8 8 poor 22/22 a10 +0.289 top3 0.81
s9 coupEl 14 annul 1 regCoup 4 take [0, 0, 13, 0, 0] upr [4, 0, 1, 0, 0, 5] open96 21 a6 0/1 big8 8 poor 19/19 a10 +0.306 top3 0.86
s10 coupEl 11 annul 3 regCoup 4 take [0, 0, 13, 1, 1] upr [5, 0, 1, 1, 1, 8] open96 20 a6 0/1 big8 8 poor 18/18 a10 +0.310 top3 1.00
s11 coupEl 13 annul 2 regCoup 3 take [0, 1, 10, 0, 0] upr [1, 1, 2, 0, 0, 4] open96 21 a6 0/1 big8 8 poor 18/18 a10 +0.370 top3 0.77
s12 coupEl 16 annul 2 regCoup 4 take [0, 0, 15, 0, 1] upr [6, 0, 1, 0, 1, 4] open96 20 a6 0/1 big8 8 poor 22/22 a10 +0.318 top3 0.88
s13 coupEl 14 annul 1 regCoup 4 take [0, 0, 10, 0, 1] upr [2, 0, 1, 0, 1, 6] open96 20 a6 0/1 big8 8 poor 19/19 a10 +0.296 top3 0.86
s14 coupEl 15 annul 1 regCoup 5 take [0, 0, 14, 0, 1] upr [5, 0, 1, 0, 0, 2] open96 24 a6 0/0 big8 8 poor 21/21 a10 +0.296 top3 0.87
test a3_a_communist_takeover_without_a_ballot_is_rare ... FAILED
s15 coupEl 13 annul 1 regCoup 3 take [0, 0, 10, 0, 0] upr [2, 0, 2, 0, 0, 4] open96 21 a6 0/1 big8 8 poor 17/17 a10 +0.310 top3 0.85
s16 coupEl 14 annul 2 regCoup 3 take [0, 0, 13, 1, 1] upr [2, 0, 3, 1, 1, 8] open96 17 a6 0/1 big8 8 poor 19/19 a10 +0.358 top3 0.86
s17 coupEl 17 annul 2 regCoup 3 take [0, 0, 13, 0, 0] upr [4, 0, 0, 0, 0, 4] open96 20 a6 0/1 big8 8 poor 22/22 a10 +0.321 top3 0.71
s18 coupEl 12 annul 1 regCoup 5 take [0, 2, 10, 1, 1] upr [3, 1, 1, 1, 2, 7] open96 20 a6 0/1 big8 8 poor 18/18 a10 +0.305 top3 0.83
s19 coupEl 12 annul 1 regCoup 4 take [0, 0, 11, 1, 0] upr [2, 0, 1, 1, 0, 8] open96 19 a6 0/1 big8 8 poor 17/17 a10 +0.277 top3 0.83

thread 'a3_a_communist_takeover_without_a_ballot_is_rare' (33212) panicked at spheres-sim\tests\bloc_census.rs:1052:5:
a Communist takeover without a ballot in 6/20 seeds
A4: median 1990 regimes electoral at end-1996 21
s0 coupEl 16 annul 2 regCoup 4 take [0, 0, 14, 0, 1] upr [6, 0, 3, 0, 0, 3] open96 22 a6 0/1 big8 8 poor 22/22 a10 +0.307 top3 0.75
s1 coupEl 15 annul 2 regCoup 6 take [0, 1, 12, 1, 2] upr [2, 0, 1, 1, 1, 10] open96 20 a6 0/1 big8 8 poor 23/23 a10 +0.347 top3 0.80
s2 coupEl 11 annul 2 regCoup 5 take [0, 1, 12, 1, 0] upr [4, 0, 1, 1, 0, 8] open96 22 a6 0/1 big8 8 poor 18/18 a10 +0.289 top3 1.00
s3 coupEl 17 annul 1 regCoup 5 take [0, 1, 12, 0, 1] upr [3, 1, 1, 0, 0, 4] open96 21 a6 0/1 big8 8 poor 23/23 a10 +0.355 top3 0.76
s4 coupEl 13 annul 1 regCoup 3 take [0, 0, 14, 1, 0] upr [3, 0, 2, 1, 0, 8] open96 15 a6 0/1 big8 8 poor 17/17 a10 +0.303 top3 0.85
s5 coupEl 11 annul 2 regCoup 4 take [0, 1, 11, 0, 1] upr [4, 1, 1, 0, 1, 4] open96 23 a6 0/1 big8 8 poor 17/17 a10 +0.360 top3 0.91
s6 coupEl 15 annul 1 regCoup 4 take [0, 0, 12, 1, 1] upr [3, 0, 1, 1, 1, 9] open96 19 a6 0/1 big8 8 poor 20/20 a10 +0.303 top3 0.87
s7 coupEl 15 annul 1 regCoup 3 take [0, 0, 12, 0, 1] upr [5, 0, 1, 0, 1, 4] open96 21 a6 0/1 big8 8 poor 19/19 a10 +0.286 top3 0.87
s8 coupEl 16 annul 2 regCoup 4 take [0, 0, 14, 1, 1] upr [4, 0, 2, 1, 0, 7] open96 17 a6 0/1 big8 8 poor 22/22 a10 +0.289 top3 0.81
s9 coupEl 14 annul 1 regCoup 4 take [0, 0, 13, 0, 0] upr [4, 0, 1, 0, 0, 5] open96 21 a6 0/1 big8 8 poor 19/19 a10 +0.306 top3 0.86
s10 coupEl 11 annul 3 regCoup 4 take [0, 0, 13, 1, 1] upr [5, 0, 1, 1, 1, 8] open96 20 a6 0/1 big8 8 poor 18/18 a10 +0.310 top3 1.00
s11 coupEl 13 annul 2 regCoup 3 take [0, 1, 10, 0, 0] upr [1, 1, 2, 0, 0, 4] open96 21 a6 0/1 big8 8 poor 18/18 a10 +0.370 top3 0.77
test a4_the_democratisation_wave_opens_fifteen_regimes_by_1996 ... ok
A5: 6/12 seeds with a flagged successor party led back into government by ballot in >= 3 ex-communist states by 1996
s0 coupEl 16 annul 2 regCoup 4 take [0, 0, 14, 0, 1] upr [6, 0, 3, 0, 0, 3] open96 22 a6 0/1 big8 8 poor 22/22 a10 +0.307 top3 0.75
s1 coupEl 15 annul 2 regCoup 6 take [0, 1, 12, 1, 2] upr [2, 0, 1, 1, 1, 10] open96 20 a6 0/1 big8 8 poor 23/23 a10 +0.347 top3 0.80
s2 coupEl 11 annul 2 regCoup 5 take [0, 1, 12, 1, 0] upr [4, 0, 1, 1, 0, 8] open96 22 a6 0/1 big8 8 poor 18/18 a10 +0.289 top3 1.00
s3 coupEl 17 annul 1 regCoup 5 take [0, 1, 12, 0, 1] upr [3, 1, 1, 0, 0, 4] open96 21 a6 0/1 big8 8 poor 23/23 a10 +0.355 top3 0.76
s4 coupEl 13 annul 1 regCoup 3 take [0, 0, 14, 1, 0] upr [3, 0, 2, 1, 0, 8] open96 15 a6 0/1 big8 8 poor 17/17 a10 +0.303 top3 0.85
s5 coupEl 11 annul 2 regCoup 4 take [0, 1, 11, 0, 1] upr [4, 1, 1, 0, 1, 4] open96 23 a6 0/1 big8 8 poor 17/17 a10 +0.360 top3 0.91
s6 coupEl 15 annul 1 regCoup 4 take [0, 0, 12, 1, 1] upr [3, 0, 1, 1, 1, 9] open96 19 a6 0/1 big8 8 poor 20/20 a10 +0.303 top3 0.87
s7 coupEl 15 annul 1 regCoup 3 take [0, 0, 12, 0, 1] upr [5, 0, 1, 0, 1, 4] open96 21 a6 0/1 big8 8 poor 19/19 a10 +0.286 top3 0.87
s8 coupEl 16 annul 2 regCoup 4 take [0, 0, 14, 1, 1] upr [4, 0, 2, 1, 0, 7] open96 17 a6 0/1 big8 8 poor 22/22 a10 +0.289 top3 0.81
s9 coupEl 14 annul 1 regCoup 4 take [0, 0, 13, 0, 0] upr [4, 0, 1, 0, 0, 5] open96 21 a6 0/1 big8 8 poor 19/19 a10 +0.306 top3 0.86
s10 coupEl 11 annul 3 regCoup 4 take [0, 0, 13, 1, 1] upr [5, 0, 1, 1, 1, 8] open96 20 a6 0/1 big8 8 poor 18/18 a10 +0.310 top3 1.00
s11 coupEl 13 annul 2 regCoup 3 take [0, 1, 10, 0, 0] upr [1, 1, 2, 0, 0, 4] open96 21 a6 0/1 big8 8 poor 18/18 a10 +0.370 top3 0.77

thread 'a5_ex_communists_return_by_ballot_in_most_seeds' (32644) panicked at spheres-sim\tests\bloc_census.rs:1125:5:
a successor party led back into government by ballot in three states, in 6/12 seeds
test a5_ex_communists_return_by_ballot_in_most_seeds ... FAILED
A7: median ballot-flips / takeovers 5.570 ([3.1333333333333333, 6.0625, 6.642857142857143, 3.7142857142857144, 6.533333333333333, 3.6153846153846154, 6.785714285714286, 4.6923076923076925, 6.1875, 5.076923076923077, 7.466666666666667, 4.363636363636363])
s0 coupEl 16 annul 2 regCoup 4 take [0, 0, 14, 0, 1] upr [6, 0, 3, 0, 0, 3] open96 22 a6 0/1 big8 8 poor 22/22 a10 +0.307 top3 0.75
s1 coupEl 15 annul 2 regCoup 6 take [0, 1, 12, 1, 2] upr [2, 0, 1, 1, 1, 10] open96 20 a6 0/1 big8 8 poor 23/23 a10 +0.347 top3 0.80
s2 coupEl 11 annul 2 regCoup 5 take [0, 1, 12, 1, 0] upr [4, 0, 1, 1, 0, 8] open96 22 a6 0/1 big8 8 poor 18/18 a10 +0.289 top3 1.00
s3 coupEl 17 annul 1 regCoup 5 take [0, 1, 12, 0, 1] upr [3, 1, 1, 0, 0, 4] open96 21 a6 0/1 big8 8 poor 23/23 a10 +0.355 top3 0.76
s4 coupEl 13 annul 1 regCoup 3 take [0, 0, 14, 1, 0] upr [3, 0, 2, 1, 0, 8] open96 15 a6 0/1 big8 8 poor 17/17 a10 +0.303 top3 0.85
s5 coupEl 11 annul 2 regCoup 4 take [0, 1, 11, 0, 1] upr [4, 1, 1, 0, 1, 4] open96 23 a6 0/1 big8 8 poor 17/17 a10 +0.360 top3 0.91
s6 coupEl 15 annul 1 regCoup 4 take [0, 0, 12, 1, 1] upr [3, 0, 1, 1, 1, 9] open96 19 a6 0/1 big8 8 poor 20/20 a10 +0.303 top3 0.87
s7 coupEl 15 annul 1 regCoup 3 take [0, 0, 12, 0, 1] upr [5, 0, 1, 0, 1, 4] open96 21 a6 0/1 big8 8 poor 19/19 a10 +0.286 top3 0.87
s8 coupEl 16 annul 2 regCoup 4 take [0, 0, 14, 1, 1] upr [4, 0, 2, 1, 0, 7] open96 17 a6 0/1 big8 8 poor 22/22 a10 +0.289 top3 0.81
s9 coupEl 14 annul 1 regCoup 4 take [0, 0, 13, 0, 0] upr [4, 0, 1, 0, 0, 5] open96 21 a6 0/1 big8 8 poor 19/19 a10 +0.306 top3 0.86
s10 coupEl 11 annul 3 regCoup 4 take [0, 0, 13, 1, 1] upr [5, 0, 1, 1, 1, 8] open96 20 a6 0/1 big8 8 poor 18/18 a10 +0.310 top3 1.00
s11 coupEl 13 annul 2 regCoup 3 take [0, 1, 10, 0, 0] upr [1, 1, 2, 0, 0, 4] open96 21 a6 0/1 big8 8 poor 18/18 a10 +0.370 top3 0.77
test a7_ballots_flip_the_ruling_bloc_three_times_as_often_as_takeovers ... ok
test a_ballot_and_an_uncoloured_collapse_do_not_fabricate_a_movement_takeover ... ok
A6 at 420 months: route events 0 in 12/12 seeds; pre-existing collapses beside [1, 1, 1, 1, 1, 1, 1, 1, 1, 1, 1, 1]
test a6_no_road_reaches_a_1990_democracy_in_thirty_five_years ... ok
A9: 236/236 = 1.000 of coups in nations under $8,000 a head
test a9_four_coups_in_five_strike_nations_under_8000_a_head ... ok
A8: 40/40 seeds keep >= 6 of 8; per seed [8, 8, 8, 8, 8, 8, 8, 8, 8, 8, 8, 8, 8, 8, 8, 8, 8, 8, 8, 8, 8, 8, 8, 8, 8, 8, 8, 8, 8, 8, 8, 8, 8, 8, 8, 8, 8, 8, 8, 8]
test a8_six_of_the_eight_big_regimes_keep_their_bloc_in_most_seeds ... ok

failures:

failures:
    a1_coups_against_elected_governments_are_spread_not_three_micro_polities
    a2_an_islamist_takeover_without_a_ballot_in_most_seeds_by_2000
    a3_a_communist_takeover_without_a_ballot_is_rare
    a5_ex_communists_return_by_ballot_in_most_seeds

test result: FAILED. 7 passed; 4 failed; 0 ignored; 0 measured; 1 filtered out; finished in 38.36s

