
running 10 tests
A2: 0/12 seeds; Algeria Islamist 0/12 annulled 0/12
s0 coupEl 19 annul 0 regCoup 69 take [0, 1, 18, 0, 4] upr [13, 1, 3, 0, 4, 13] open96 4 a6 0/1 big8 8 poor 88/88 a10 +0.269 top3 0.63
s1 coupEl 20 annul 1 regCoup 71 take [0, 1, 19, 0, 3] upr [15, 1, 2, 0, 3, 13] open96 3 a6 0/1 big8 8 poor 92/92 a10 +0.267 top3 0.70
s2 coupEl 22 annul 1 regCoup 67 take [0, 1, 18, 0, 3] upr [15, 1, 2, 0, 3, 13] open96 4 a6 0/1 big8 8 poor 90/90 a10 +0.266 top3 0.64
s3 coupEl 24 annul 1 regCoup 74 take [0, 1, 19, 0, 3] upr [19, 1, 2, 0, 3, 15] open96 3 a6 0/1 big8 8 poor 99/99 a10 +0.271 top3 0.62
s4 coupEl 21 annul 0 regCoup 65 take [0, 1, 16, 0, 2] upr [15, 1, 2, 0, 2, 14] open96 4 a6 0/1 big8 8 poor 86/86 a10 +0.262 top3 0.62
s5 coupEl 23 annul 0 regCoup 68 take [0, 1, 20, 0, 4] upr [19, 1, 3, 0, 4, 16] open96 4 a6 0/1 big8 7 poor 91/91 a10 +0.289 top3 0.61
s6 coupEl 19 annul 0 regCoup 71 take [0, 1, 13, 0, 2] upr [21, 1, 1, 0, 2, 14] open96 2 a6 0/1 big8 8 poor 90/90 a10 +0.266 top3 0.74
s7 coupEl 19 annul 1 regCoup 69 take [0, 1, 16, 0, 2] upr [18, 1, 2, 0, 2, 14] open96 4 a6 0/1 big8 8 poor 89/89 a10 +0.266 top3 0.68
s8 coupEl 21 annul 0 regCoup 67 take [0, 1, 16, 0, 3] upr [18, 1, 2, 0, 3, 13] open96 2 a6 0/1 big8 8 poor 88/88 a10 +0.268 top3 0.62
s9 coupEl 18 annul 1 regCoup 74 take [0, 1, 15, 0, 5] upr [22, 1, 1, 0, 5, 15] open96 2 a6 0/1 big8 7 poor 93/93 a10 +0.267 top3 0.72
s10 coupEl 20 annul 0 regCoup 69 take [0, 0, 15, 0, 1] upr [17, 0, 1, 0, 1, 13] open96 2 a6 0/1 big8 8 poor 89/89 a10 +0.262 top3 0.65
s11 coupEl 21 annul 0 regCoup 65 take [0, 1, 16, 0, 3] upr [25, 1, 1, 0, 3, 12] open96 3 a6 0/1 big8 7 poor 86/86 a10 +0.265 top3 0.67

thread 'a2_an_islamist_takeover_without_a_ballot_in_most_seeds_by_2000' (30660) panicked at spheres-sim\tests\bloc_census.rs:987:5:
Islamist takeover by 2000 in 0/12 seeds
note: run with `RUST_BACKTRACE=1` environment variable to display a backtrace
test a2_an_islamist_takeover_without_a_ballot_in_most_seeds_by_2000 ... FAILED
A1: median coups 20.5 top-3 share median 0.64
s0 coupEl 19 annul 0 regCoup 69 take [0, 1, 18, 0, 4] upr [13, 1, 3, 0, 4, 13] open96 4 a6 0/1 big8 8 poor 88/88 a10 +0.269 top3 0.63
s1 coupEl 20 annul 1 regCoup 71 take [0, 1, 19, 0, 3] upr [15, 1, 2, 0, 3, 13] open96 3 a6 0/1 big8 8 poor 92/92 a10 +0.267 top3 0.70
s2 coupEl 22 annul 1 regCoup 67 take [0, 1, 18, 0, 3] upr [15, 1, 2, 0, 3, 13] open96 4 a6 0/1 big8 8 poor 90/90 a10 +0.266 top3 0.64
s3 coupEl 24 annul 1 regCoup 74 take [0, 1, 19, 0, 3] upr [19, 1, 2, 0, 3, 15] open96 3 a6 0/1 big8 8 poor 99/99 a10 +0.271 top3 0.62
s4 coupEl 21 annul 0 regCoup 65 take [0, 1, 16, 0, 2] upr [15, 1, 2, 0, 2, 14] open96 4 a6 0/1 big8 8 poor 86/86 a10 +0.262 top3 0.62
s5 coupEl 23 annul 0 regCoup 68 take [0, 1, 20, 0, 4] upr [19, 1, 3, 0, 4, 16] open96 4 a6 0/1 big8 7 poor 91/91 a10 +0.289 top3 0.61
s6 coupEl 19 annul 0 regCoup 71 take [0, 1, 13, 0, 2] upr [21, 1, 1, 0, 2, 14] open96 2 a6 0/1 big8 8 poor 90/90 a10 +0.266 top3 0.74
s7 coupEl 19 annul 1 regCoup 69 take [0, 1, 16, 0, 2] upr [18, 1, 2, 0, 2, 14] open96 4 a6 0/1 big8 8 poor 89/89 a10 +0.266 top3 0.68
s8 coupEl 21 annul 0 regCoup 67 take [0, 1, 16, 0, 3] upr [18, 1, 2, 0, 3, 13] open96 2 a6 0/1 big8 8 poor 88/88 a10 +0.268 top3 0.62
s9 coupEl 18 annul 1 regCoup 74 take [0, 1, 15, 0, 5] upr [22, 1, 1, 0, 5, 15] open96 2 a6 0/1 big8 7 poor 93/93 a10 +0.267 top3 0.72
s10 coupEl 20 annul 0 regCoup 69 take [0, 0, 15, 0, 1] upr [17, 0, 1, 0, 1, 13] open96 2 a6 0/1 big8 8 poor 89/89 a10 +0.262 top3 0.65
s11 coupEl 21 annul 0 regCoup 65 take [0, 1, 16, 0, 3] upr [25, 1, 1, 0, 3, 12] open96 3 a6 0/1 big8 7 poor 86/86 a10 +0.265 top3 0.67

thread 'a1_coups_against_elected_governments_are_spread_not_three_micro_polities' (24224) panicked at spheres-sim\tests\bloc_census.rs:953:5:
median coups against elected governments 20.5
test a1_coups_against_elected_governments_are_spread_not_three_micro_polities ... FAILED
A10: median discontent lead 0.266 over 12 seeds ([0.26924933994967437, 0.2668961167890933, 0.2660095327431774, 0.27089554630661666, 0.26188444579254144, 0.28871968778568524, 0.26551185178230474, 0.2656265813131976, 0.2681541977899792, 0.2670918907987249, 0.2624324956733084, 0.2647850037822964])
test a10_discontent_leads_the_roster_by_a_quarter_before_a_takeover ... ok
A3: 19/20 seeds with a Communist non-ballot takeover
s0 coupEl 19 annul 0 regCoup 69 take [0, 1, 18, 0, 4] upr [13, 1, 3, 0, 4, 13] open96 4 a6 0/1 big8 8 poor 88/88 a10 +0.269 top3 0.63
s1 coupEl 20 annul 1 regCoup 71 take [0, 1, 19, 0, 3] upr [15, 1, 2, 0, 3, 13] open96 3 a6 0/1 big8 8 poor 92/92 a10 +0.267 top3 0.70
s2 coupEl 22 annul 1 regCoup 67 take [0, 1, 18, 0, 3] upr [15, 1, 2, 0, 3, 13] open96 4 a6 0/1 big8 8 poor 90/90 a10 +0.266 top3 0.64
s3 coupEl 24 annul 1 regCoup 74 take [0, 1, 19, 0, 3] upr [19, 1, 2, 0, 3, 15] open96 3 a6 0/1 big8 8 poor 99/99 a10 +0.271 top3 0.62
s4 coupEl 21 annul 0 regCoup 65 take [0, 1, 16, 0, 2] upr [15, 1, 2, 0, 2, 14] open96 4 a6 0/1 big8 8 poor 86/86 a10 +0.262 top3 0.62
s5 coupEl 23 annul 0 regCoup 68 take [0, 1, 20, 0, 4] upr [19, 1, 3, 0, 4, 16] open96 4 a6 0/1 big8 7 poor 91/91 a10 +0.289 top3 0.61
s6 coupEl 19 annul 0 regCoup 71 take [0, 1, 13, 0, 2] upr [21, 1, 1, 0, 2, 14] open96 2 a6 0/1 big8 8 poor 90/90 a10 +0.266 top3 0.74
s7 coupEl 19 annul 1 regCoup 69 take [0, 1, 16, 0, 2] upr [18, 1, 2, 0, 2, 14] open96 4 a6 0/1 big8 8 poor 89/89 a10 +0.266 top3 0.68
s8 coupEl 21 annul 0 regCoup 67 take [0, 1, 16, 0, 3] upr [18, 1, 2, 0, 3, 13] open96 2 a6 0/1 big8 8 poor 88/88 a10 +0.268 top3 0.62
s9 coupEl 18 annul 1 regCoup 74 take [0, 1, 15, 0, 5] upr [22, 1, 1, 0, 5, 15] open96 2 a6 0/1 big8 7 poor 93/93 a10 +0.267 top3 0.72
s10 coupEl 20 annul 0 regCoup 69 take [0, 0, 15, 0, 1] upr [17, 0, 1, 0, 1, 13] open96 2 a6 0/1 big8 8 poor 89/89 a10 +0.262 top3 0.65
s11 coupEl 21 annul 0 regCoup 65 take [0, 1, 16, 0, 3] upr [25, 1, 1, 0, 3, 12] open96 3 a6 0/1 big8 7 poor 86/86 a10 +0.265 top3 0.67
s12 coupEl 22 annul 1 regCoup 73 take [0, 1, 17, 0, 1] upr [20, 1, 1, 0, 1, 13] open96 4 a6 0/1 big8 8 poor 96/96 a10 +0.253 top3 0.64
s13 coupEl 24 annul 1 regCoup 72 take [0, 1, 20, 0, 3] upr [20, 1, 2, 0, 3, 12] open96 3 a6 0/1 big8 8 poor 97/97 a10 +0.250 top3 0.62
s14 coupEl 21 annul 0 regCoup 68 take [0, 1, 16, 0, 2] upr [18, 1, 2, 0, 2, 13] open96 3 a6 0/1 big8 8 poor 89/89 a10 +0.268 top3 0.62
s15 coupEl 22 annul 0 regCoup 67 take [0, 1, 17, 0, 2] upr [17, 1, 2, 0, 2, 14] open96 4 a6 0/1 big8 8 poor 89/89 a10 +0.267 top3 0.64
s16 coupEl 16 annul 0 regCoup 70 take [0, 1, 11, 0, 1] upr [21, 1, 1, 0, 1, 15] open96 3 a6 0/1 big8 8 poor 86/86 a10 +0.266 top3 0.56
s17 coupEl 22 annul 1 regCoup 65 take [0, 1, 19, 0, 3] upr [23, 1, 3, 0, 3, 12] open96 3 a6 0/1 big8 8 poor 88/88 a10 +0.276 top3 0.64
s18 coupEl 21 annul 0 regCoup 67 take [0, 1, 16, 0, 3] upr [23, 1, 1, 0, 3, 13] open96 4 a6 0/1 big8 8 poor 88/88 a10 +0.276 top3 0.71
s19 coupEl 22 annul 1 regCoup 70 take [0, 1, 18, 0, 2] upr [22, 1, 1, 0, 2, 13] open96 4 a6 0/1 big8 8 poor 93/93 a10 +0.263 top3 0.64

thread 'a3_a_communist_takeover_without_a_ballot_is_rare' (23360) panicked at spheres-sim\tests\bloc_census.rs:1021:5:
a Communist takeover without a ballot in 19/20 seeds
test a3_a_communist_takeover_without_a_ballot_is_rare ... FAILED
A5: 0/12 seeds with a flagged successor party led back into government by ballot in >= 3 ex-communist states by 1996
s0 coupEl 19 annul 0 regCoup 69 take [0, 1, 18, 0, 4] upr [13, 1, 3, 0, 4, 13] open96 4 a6 0/1 big8 8 poor 88/88 a10 +0.269 top3 0.63
s1 coupEl 20 annul 1 regCoup 71 take [0, 1, 19, 0, 3] upr [15, 1, 2, 0, 3, 13] open96 3 a6 0/1 big8 8 poor 92/92 a10 +0.267 top3 0.70
s2 coupEl 22 annul 1 regCoup 67 take [0, 1, 18, 0, 3] upr [15, 1, 2, 0, 3, 13] open96 4 a6 0/1 big8 8 poor 90/90 a10 +0.266 top3 0.64
s3 coupEl 24 annul 1 regCoup 74 take [0, 1, 19, 0, 3] upr [19, 1, 2, 0, 3, 15] open96 3 a6 0/1 big8 8 poor 99/99 a10 +0.271 top3 0.62
s4 coupEl 21 annul 0 regCoup 65 take [0, 1, 16, 0, 2] upr [15, 1, 2, 0, 2, 14] open96 4 a6 0/1 big8 8 poor 86/86 a10 +0.262 top3 0.62
s5 coupEl 23 annul 0 regCoup 68 take [0, 1, 20, 0, 4] upr [19, 1, 3, 0, 4, 16] open96 4 a6 0/1 big8 7 poor 91/91 a10 +0.289 top3 0.61
s6 coupEl 19 annul 0 regCoup 71 take [0, 1, 13, 0, 2] upr [21, 1, 1, 0, 2, 14] open96 2 a6 0/1 big8 8 poor 90/90 a10 +0.266 top3 0.74
s7 coupEl 19 annul 1 regCoup 69 take [0, 1, 16, 0, 2] upr [18, 1, 2, 0, 2, 14] open96 4 a6 0/1 big8 8 poor 89/89 a10 +0.266 top3 0.68
s8 coupEl 21 annul 0 regCoup 67 take [0, 1, 16, 0, 3] upr [18, 1, 2, 0, 3, 13] open96 2 a6 0/1 big8 8 poor 88/88 a10 +0.268 top3 0.62
s9 coupEl 18 annul 1 regCoup 74 take [0, 1, 15, 0, 5] upr [22, 1, 1, 0, 5, 15] open96 2 a6 0/1 big8 7 poor 93/93 a10 +0.267 top3 0.72
s10 coupEl 20 annul 0 regCoup 69 take [0, 0, 15, 0, 1] upr [17, 0, 1, 0, 1, 13] open96 2 a6 0/1 big8 8 poor 89/89 a10 +0.262 top3 0.65
s11 coupEl 21 annul 0 regCoup 65 take [0, 1, 16, 0, 3] upr [25, 1, 1, 0, 3, 12] open96 3 a6 0/1 big8 7 poor 86/86 a10 +0.265 top3 0.67

thread 'a5_ex_communists_return_by_ballot_in_most_seeds' (19300) panicked at spheres-sim\tests\bloc_census.rs:1094:5:
a successor party led back into government by ballot in three states, in 0/12 seeds
test a5_ex_communists_return_by_ballot_in_most_seeds ... FAILED
A4: median 1990 regimes electoral at end-1996 3
s0 coupEl 19 annul 0 regCoup 69 take [0, 1, 18, 0, 4] upr [13, 1, 3, 0, 4, 13] open96 4 a6 0/1 big8 8 poor 88/88 a10 +0.269 top3 0.63
s1 coupEl 20 annul 1 regCoup 71 take [0, 1, 19, 0, 3] upr [15, 1, 2, 0, 3, 13] open96 3 a6 0/1 big8 8 poor 92/92 a10 +0.267 top3 0.70
s2 coupEl 22 annul 1 regCoup 67 take [0, 1, 18, 0, 3] upr [15, 1, 2, 0, 3, 13] open96 4 a6 0/1 big8 8 poor 90/90 a10 +0.266 top3 0.64
s3 coupEl 24 annul 1 regCoup 74 take [0, 1, 19, 0, 3] upr [19, 1, 2, 0, 3, 15] open96 3 a6 0/1 big8 8 poor 99/99 a10 +0.271 top3 0.62
s4 coupEl 21 annul 0 regCoup 65 take [0, 1, 16, 0, 2] upr [15, 1, 2, 0, 2, 14] open96 4 a6 0/1 big8 8 poor 86/86 a10 +0.262 top3 0.62
s5 coupEl 23 annul 0 regCoup 68 take [0, 1, 20, 0, 4] upr [19, 1, 3, 0, 4, 16] open96 4 a6 0/1 big8 7 poor 91/91 a10 +0.289 top3 0.61
s6 coupEl 19 annul 0 regCoup 71 take [0, 1, 13, 0, 2] upr [21, 1, 1, 0, 2, 14] open96 2 a6 0/1 big8 8 poor 90/90 a10 +0.266 top3 0.74
s7 coupEl 19 annul 1 regCoup 69 take [0, 1, 16, 0, 2] upr [18, 1, 2, 0, 2, 14] open96 4 a6 0/1 big8 8 poor 89/89 a10 +0.266 top3 0.68
s8 coupEl 21 annul 0 regCoup 67 take [0, 1, 16, 0, 3] upr [18, 1, 2, 0, 3, 13] open96 2 a6 0/1 big8 8 poor 88/88 a10 +0.268 top3 0.62
s9 coupEl 18 annul 1 regCoup 74 take [0, 1, 15, 0, 5] upr [22, 1, 1, 0, 5, 15] open96 2 a6 0/1 big8 7 poor 93/93 a10 +0.267 top3 0.72
s10 coupEl 20 annul 0 regCoup 69 take [0, 0, 15, 0, 1] upr [17, 0, 1, 0, 1, 13] open96 2 a6 0/1 big8 8 poor 89/89 a10 +0.262 top3 0.65
s11 coupEl 21 annul 0 regCoup 65 take [0, 1, 16, 0, 3] upr [25, 1, 1, 0, 3, 12] open96 3 a6 0/1 big8 7 poor 86/86 a10 +0.265 top3 0.67

thread 'a4_the_democratisation_wave_opens_fifteen_regimes_by_1996' (28236) panicked at spheres-sim\tests\bloc_census.rs:1058:5:
median regimes electoral by 1996: 3
test a4_the_democratisation_wave_opens_fifteen_regimes_by_1996 ... FAILED
A7: median ballot-flips / takeovers 0.799 ([0.7391304347826086, 0.782608695652174, 0.6363636363636364, 0.6956521739130435, 0.7894736842105263, 0.68, 1.0, 0.9473684210526315, 1.05, 0.8095238095238095, 0.875, 0.9])
s0 coupEl 19 annul 0 regCoup 69 take [0, 1, 18, 0, 4] upr [13, 1, 3, 0, 4, 13] open96 4 a6 0/1 big8 8 poor 88/88 a10 +0.269 top3 0.63
s1 coupEl 20 annul 1 regCoup 71 take [0, 1, 19, 0, 3] upr [15, 1, 2, 0, 3, 13] open96 3 a6 0/1 big8 8 poor 92/92 a10 +0.267 top3 0.70
s2 coupEl 22 annul 1 regCoup 67 take [0, 1, 18, 0, 3] upr [15, 1, 2, 0, 3, 13] open96 4 a6 0/1 big8 8 poor 90/90 a10 +0.266 top3 0.64
s3 coupEl 24 annul 1 regCoup 74 take [0, 1, 19, 0, 3] upr [19, 1, 2, 0, 3, 15] open96 3 a6 0/1 big8 8 poor 99/99 a10 +0.271 top3 0.62
s4 coupEl 21 annul 0 regCoup 65 take [0, 1, 16, 0, 2] upr [15, 1, 2, 0, 2, 14] open96 4 a6 0/1 big8 8 poor 86/86 a10 +0.262 top3 0.62
s5 coupEl 23 annul 0 regCoup 68 take [0, 1, 20, 0, 4] upr [19, 1, 3, 0, 4, 16] open96 4 a6 0/1 big8 7 poor 91/91 a10 +0.289 top3 0.61
s6 coupEl 19 annul 0 regCoup 71 take [0, 1, 13, 0, 2] upr [21, 1, 1, 0, 2, 14] open96 2 a6 0/1 big8 8 poor 90/90 a10 +0.266 top3 0.74
s7 coupEl 19 annul 1 regCoup 69 take [0, 1, 16, 0, 2] upr [18, 1, 2, 0, 2, 14] open96 4 a6 0/1 big8 8 poor 89/89 a10 +0.266 top3 0.68
s8 coupEl 21 annul 0 regCoup 67 take [0, 1, 16, 0, 3] upr [18, 1, 2, 0, 3, 13] open96 2 a6 0/1 big8 8 poor 88/88 a10 +0.268 top3 0.62
s9 coupEl 18 annul 1 regCoup 74 take [0, 1, 15, 0, 5] upr [22, 1, 1, 0, 5, 15] open96 2 a6 0/1 big8 7 poor 93/93 a10 +0.267 top3 0.72
s10 coupEl 20 annul 0 regCoup 69 take [0, 0, 15, 0, 1] upr [17, 0, 1, 0, 1, 13] open96 2 a6 0/1 big8 8 poor 89/89 a10 +0.262 top3 0.65
s11 coupEl 21 annul 0 regCoup 65 take [0, 1, 16, 0, 3] upr [25, 1, 1, 0, 3, 12] open96 3 a6 0/1 big8 7 poor 86/86 a10 +0.265 top3 0.67

thread 'a7_ballots_flip_the_ruling_bloc_three_times_as_often_as_takeovers' (30780) panicked at spheres-sim\tests\bloc_census.rs:1116:5:
ballot flips are 0.80x the non-ballot takeovers
test a7_ballots_flip_the_ruling_bloc_three_times_as_often_as_takeovers ... FAILED
A6 at 420 months: route events 0 in 12/12 seeds; pre-existing collapses beside [1, 1, 1, 1, 1, 1, 1, 1, 1, 1, 1, 1]
test a6_no_road_reaches_a_1990_democracy_in_thirty_five_years ... ok
A9: 1081/1081 = 1.000 of coups in nations under $8,000 a head
test a9_four_coups_in_five_strike_nations_under_8000_a_head ... ok
A8: 40/40 seeds keep >= 6 of 8; per seed [8, 8, 8, 8, 8, 7, 8, 8, 8, 7, 8, 7, 8, 8, 8, 8, 8, 8, 8, 8, 8, 8, 7, 7, 8, 7, 8, 8, 7, 8, 8, 8, 8, 8, 8, 7, 8, 8, 8, 8]
test a8_six_of_the_eight_big_regimes_keep_their_bloc_in_most_seeds ... ok

failures:

failures:
    a1_coups_against_elected_governments_are_spread_not_three_micro_polities
    a2_an_islamist_takeover_without_a_ballot_in_most_seeds_by_2000
    a3_a_communist_takeover_without_a_ballot_is_rare
    a4_the_democratisation_wave_opens_fifteen_regimes_by_1996
    a5_ex_communists_return_by_ballot_in_most_seeds
    a7_ballots_flip_the_ruling_bloc_three_times_as_often_as_takeovers

test result: FAILED. 4 passed; 6 failed; 0 ignored; 0 measured; 1 filtered out; finished in 44.68s

