
running 11 tests
A1: median coups 11 top-3 share median 0.50
s0 coupEl 12 annul 4 regCoup 3 take [0, 0, 17, 0, 0] upr [0, 0, 3, 0, 0, 5] open96 19 a6 0/1 big8 8 poor 19/19 a10 +0.378 top3 0.50
s1 coupEl 11 annul 4 regCoup 6 take [0, 0, 14, 1, 0] upr [0, 0, 1, 1, 0, 10] open96 15 a6 0/1 big8 8 poor 21/21 a10 +0.369 top3 0.45
s2 coupEl 10 annul 3 regCoup 5 take [0, 0, 14, 1, 1] upr [1, 0, 2, 1, 1, 10] open96 19 a6 0/1 big8 8 poor 18/18 a10 +0.374 top3 0.50
s3 coupEl 13 annul 3 regCoup 6 take [0, 0, 16, 0, 1] upr [1, 0, 2, 0, 0, 5] open96 20 a6 0/1 big8 8 poor 22/22 a10 +0.375 top3 0.54
s4 coupEl 11 annul 4 regCoup 7 take [0, 0, 15, 1, 1] upr [0, 0, 1, 1, 1, 6] open96 18 a6 0/1 big8 8 poor 22/22 a10 +0.360 top3 0.55
s5 coupEl 10 annul 4 regCoup 5 take [0, 0, 14, 0, 1] upr [0, 0, 2, 0, 1, 4] open96 21 a6 0/1 big8 8 poor 19/19 a10 +0.371 top3 0.50
s6 coupEl 12 annul 4 regCoup 5 take [0, 1, 17, 1, 0] upr [0, 1, 3, 1, 0, 8] open96 20 a6 0/1 big8 8 poor 21/21 a10 +0.370 top3 0.58
s7 coupEl 10 annul 3 regCoup 5 take [0, 0, 13, 1, 1] upr [1, 0, 2, 1, 1, 7] open96 16 a6 0/1 big8 8 poor 18/18 a10 +0.369 top3 0.40
s8 coupEl 10 annul 2 regCoup 6 take [0, 0, 12, 1, 1] upr [0, 0, 2, 1, 1, 8] open96 18 a6 0/1 big8 8 poor 18/18 a10 +0.328 top3 0.50
s9 coupEl 11 annul 3 regCoup 4 take [0, 1, 14, 0, 0] upr [2, 1, 2, 0, 0, 5] open96 17 a6 0/1 big8 8 poor 18/18 a10 +0.362 top3 0.55
s10 coupEl 12 annul 2 regCoup 7 take [0, 0, 15, 0, 0] upr [1, 0, 2, 0, 0, 4] open96 18 a6 0/1 big8 8 poor 21/21 a10 +0.377 top3 0.50
s11 coupEl 12 annul 4 regCoup 7 take [0, 0, 17, 1, 0] upr [1, 0, 2, 1, 0, 10] open96 18 a6 0/1 big8 8 poor 23/23 a10 +0.375 top3 0.50

thread 'a1_coups_against_elected_governments_are_spread_not_three_micro_polities' (21168) panicked at spheres-sim\tests\bloc_census.rs:992:5:
three nations hold 0.50 of a seed's coups
note: run with `RUST_BACKTRACE=1` environment variable to display a backtrace
test a1_coups_against_elected_governments_are_spread_not_three_micro_polities ... FAILED
A10: median discontent lead 0.370 over 12 seeds ([0.37789477881057665, 0.36894623600424997, 0.3744311167884805, 0.3748797195352562, 0.3603019548992939, 0.3707852450743323, 0.3698057700836063, 0.368762903492557, 0.32795130220782576, 0.3617513519879567, 0.3771870020593314, 0.374814904257723])
test a10_discontent_leads_the_roster_by_a_quarter_before_a_takeover ... ok
A2: 7/12 seeds; Algeria Islamist 0/12 annulled 12/12
s0 coupEl 12 annul 4 regCoup 3 take [0, 0, 17, 0, 0] upr [0, 0, 3, 0, 0, 5] open96 19 a6 0/1 big8 8 poor 19/19 a10 +0.378 top3 0.50
s1 coupEl 11 annul 4 regCoup 6 take [0, 0, 14, 1, 0] upr [0, 0, 1, 1, 0, 10] open96 15 a6 0/1 big8 8 poor 21/21 a10 +0.369 top3 0.45
s2 coupEl 10 annul 3 regCoup 5 take [0, 0, 14, 1, 1] upr [1, 0, 2, 1, 1, 10] open96 19 a6 0/1 big8 8 poor 18/18 a10 +0.374 top3 0.50
s3 coupEl 13 annul 3 regCoup 6 take [0, 0, 16, 0, 1] upr [1, 0, 2, 0, 0, 5] open96 20 a6 0/1 big8 8 poor 22/22 a10 +0.375 top3 0.54
s4 coupEl 11 annul 4 regCoup 7 take [0, 0, 15, 1, 1] upr [0, 0, 1, 1, 1, 6] open96 18 a6 0/1 big8 8 poor 22/22 a10 +0.360 top3 0.55
s5 coupEl 10 annul 4 regCoup 5 take [0, 0, 14, 0, 1] upr [0, 0, 2, 0, 1, 4] open96 21 a6 0/1 big8 8 poor 19/19 a10 +0.371 top3 0.50
s6 coupEl 12 annul 4 regCoup 5 take [0, 1, 17, 1, 0] upr [0, 1, 3, 1, 0, 8] open96 20 a6 0/1 big8 8 poor 21/21 a10 +0.370 top3 0.58
s7 coupEl 10 annul 3 regCoup 5 take [0, 0, 13, 1, 1] upr [1, 0, 2, 1, 1, 7] open96 16 a6 0/1 big8 8 poor 18/18 a10 +0.369 top3 0.40
s8 coupEl 10 annul 2 regCoup 6 take [0, 0, 12, 1, 1] upr [0, 0, 2, 1, 1, 8] open96 18 a6 0/1 big8 8 poor 18/18 a10 +0.328 top3 0.50
s9 coupEl 11 annul 3 regCoup 4 take [0, 1, 14, 0, 0] upr [2, 1, 2, 0, 0, 5] open96 17 a6 0/1 big8 8 poor 18/18 a10 +0.362 top3 0.55
s10 coupEl 12 annul 2 regCoup 7 take [0, 0, 15, 0, 0] upr [1, 0, 2, 0, 0, 4] open96 18 a6 0/1 big8 8 poor 21/21 a10 +0.377 top3 0.50
s11 coupEl 12 annul 4 regCoup 7 take [0, 0, 17, 1, 0] upr [1, 0, 2, 1, 0, 10] open96 18 a6 0/1 big8 8 poor 23/23 a10 +0.375 top3 0.50
test a2_an_islamist_takeover_without_a_ballot_in_most_seeds_by_2000 ... ok
A3: 3/20 seeds with a Communist non-ballot takeover
s0 coupEl 12 annul 4 regCoup 3 take [0, 0, 17, 0, 0] upr [0, 0, 3, 0, 0, 5] open96 19 a6 0/1 big8 8 poor 19/19 a10 +0.378 top3 0.50
s1 coupEl 11 annul 4 regCoup 6 take [0, 0, 14, 1, 0] upr [0, 0, 1, 1, 0, 10] open96 15 a6 0/1 big8 8 poor 21/21 a10 +0.369 top3 0.45
s2 coupEl 10 annul 3 regCoup 5 take [0, 0, 14, 1, 1] upr [1, 0, 2, 1, 1, 10] open96 19 a6 0/1 big8 8 poor 18/18 a10 +0.374 top3 0.50
s3 coupEl 13 annul 3 regCoup 6 take [0, 0, 16, 0, 1] upr [1, 0, 2, 0, 0, 5] open96 20 a6 0/1 big8 8 poor 22/22 a10 +0.375 top3 0.54
s4 coupEl 11 annul 4 regCoup 7 take [0, 0, 15, 1, 1] upr [0, 0, 1, 1, 1, 6] open96 18 a6 0/1 big8 8 poor 22/22 a10 +0.360 top3 0.55
s5 coupEl 10 annul 4 regCoup 5 take [0, 0, 14, 0, 1] upr [0, 0, 2, 0, 1, 4] open96 21 a6 0/1 big8 8 poor 19/19 a10 +0.371 top3 0.50
s6 coupEl 12 annul 4 regCoup 5 take [0, 1, 17, 1, 0] upr [0, 1, 3, 1, 0, 8] open96 20 a6 0/1 big8 8 poor 21/21 a10 +0.370 top3 0.58
s7 coupEl 10 annul 3 regCoup 5 take [0, 0, 13, 1, 1] upr [1, 0, 2, 1, 1, 7] open96 16 a6 0/1 big8 8 poor 18/18 a10 +0.369 top3 0.40
s8 coupEl 10 annul 2 regCoup 6 take [0, 0, 12, 1, 1] upr [0, 0, 2, 1, 1, 8] open96 18 a6 0/1 big8 8 poor 18/18 a10 +0.328 top3 0.50
s9 coupEl 11 annul 3 regCoup 4 take [0, 1, 14, 0, 0] upr [2, 1, 2, 0, 0, 5] open96 17 a6 0/1 big8 8 poor 18/18 a10 +0.362 top3 0.55
s10 coupEl 12 annul 2 regCoup 7 take [0, 0, 15, 0, 0] upr [1, 0, 2, 0, 0, 4] open96 18 a6 0/1 big8 8 poor 21/21 a10 +0.377 top3 0.50
s11 coupEl 12 annul 4 regCoup 7 take [0, 0, 17, 1, 0] upr [1, 0, 2, 1, 0, 10] open96 18 a6 0/1 big8 8 poor 23/23 a10 +0.375 top3 0.50
s12 coupEl 12 annul 3 regCoup 6 take [0, 0, 16, 0, 1] upr [0, 0, 2, 0, 1, 5] open96 19 a6 0/1 big8 8 poor 21/21 a10 +0.370 top3 0.58
s13 coupEl 12 annul 2 regCoup 4 take [0, 0, 16, 0, 1] upr [1, 0, 3, 0, 1, 3] open96 20 a6 0/1 big8 8 poor 18/18 a10 +0.369 top3 0.50
s14 coupEl 13 annul 4 regCoup 8 take [0, 1, 15, 1, 0] upr [1, 1, 1, 1, 0, 10] open96 22 a6 0/1 big8 8 poor 25/25 a10 +0.370 top3 0.46
s15 coupEl 13 annul 4 regCoup 6 take [0, 0, 17, 1, 1] upr [0, 0, 2, 1, 1, 7] open96 17 a6 0/1 big8 8 poor 23/23 a10 +0.369 top3 0.46
s16 coupEl 11 annul 4 regCoup 5 take [0, 0, 17, 0, 1] upr [2, 0, 3, 0, 1, 5] open96 19 a6 0/1 big8 8 poor 20/20 a10 +0.372 top3 0.55
s17 coupEl 12 annul 5 regCoup 9 take [0, 0, 15, 1, 0] upr [0, 0, 0, 1, 0, 12] open96 16 a6 0/1 big8 8 poor 26/26 a10 +0.358 top3 0.50
s18 coupEl 11 annul 1 regCoup 8 take [0, 0, 12, 1, 1] upr [0, 0, 1, 1, 1, 10] open96 18 a6 0/1 big8 8 poor 20/20 a10 +0.335 top3 0.55
s19 coupEl 13 annul 1 regCoup 5 take [0, 0, 14, 1, 1] upr [1, 0, 1, 1, 1, 9] open96 17 a6 0/1 big8 8 poor 19/19 a10 +0.360 top3 0.38

thread 'a3_a_communist_takeover_without_a_ballot_is_rare' (18732) panicked at spheres-sim\tests\bloc_census.rs:1059:5:
a Communist takeover without a ballot in 3/20 seeds
test a3_a_communist_takeover_without_a_ballot_is_rare ... FAILED
A4: median 1990 regimes electoral at end-1996 18
s0 coupEl 12 annul 4 regCoup 3 take [0, 0, 17, 0, 0] upr [0, 0, 3, 0, 0, 5] open96 19 a6 0/1 big8 8 poor 19/19 a10 +0.378 top3 0.50
s1 coupEl 11 annul 4 regCoup 6 take [0, 0, 14, 1, 0] upr [0, 0, 1, 1, 0, 10] open96 15 a6 0/1 big8 8 poor 21/21 a10 +0.369 top3 0.45
s2 coupEl 10 annul 3 regCoup 5 take [0, 0, 14, 1, 1] upr [1, 0, 2, 1, 1, 10] open96 19 a6 0/1 big8 8 poor 18/18 a10 +0.374 top3 0.50
s3 coupEl 13 annul 3 regCoup 6 take [0, 0, 16, 0, 1] upr [1, 0, 2, 0, 0, 5] open96 20 a6 0/1 big8 8 poor 22/22 a10 +0.375 top3 0.54
s4 coupEl 11 annul 4 regCoup 7 take [0, 0, 15, 1, 1] upr [0, 0, 1, 1, 1, 6] open96 18 a6 0/1 big8 8 poor 22/22 a10 +0.360 top3 0.55
s5 coupEl 10 annul 4 regCoup 5 take [0, 0, 14, 0, 1] upr [0, 0, 2, 0, 1, 4] open96 21 a6 0/1 big8 8 poor 19/19 a10 +0.371 top3 0.50
s6 coupEl 12 annul 4 regCoup 5 take [0, 1, 17, 1, 0] upr [0, 1, 3, 1, 0, 8] open96 20 a6 0/1 big8 8 poor 21/21 a10 +0.370 top3 0.58
s7 coupEl 10 annul 3 regCoup 5 take [0, 0, 13, 1, 1] upr [1, 0, 2, 1, 1, 7] open96 16 a6 0/1 big8 8 poor 18/18 a10 +0.369 top3 0.40
s8 coupEl 10 annul 2 regCoup 6 take [0, 0, 12, 1, 1] upr [0, 0, 2, 1, 1, 8] open96 18 a6 0/1 big8 8 poor 18/18 a10 +0.328 top3 0.50
s9 coupEl 11 annul 3 regCoup 4 take [0, 1, 14, 0, 0] upr [2, 1, 2, 0, 0, 5] open96 17 a6 0/1 big8 8 poor 18/18 a10 +0.362 top3 0.55
s10 coupEl 12 annul 2 regCoup 7 take [0, 0, 15, 0, 0] upr [1, 0, 2, 0, 0, 4] open96 18 a6 0/1 big8 8 poor 21/21 a10 +0.377 top3 0.50
s11 coupEl 12 annul 4 regCoup 7 take [0, 0, 17, 1, 0] upr [1, 0, 2, 1, 0, 10] open96 18 a6 0/1 big8 8 poor 23/23 a10 +0.375 top3 0.50
test a4_the_democratisation_wave_opens_fifteen_regimes_by_1996 ... ok
A5: 6/12 seeds with a flagged successor party led back into government by ballot in >= 3 ex-communist states by 1996
s0 coupEl 12 annul 4 regCoup 3 take [0, 0, 17, 0, 0] upr [0, 0, 3, 0, 0, 5] open96 19 a6 0/1 big8 8 poor 19/19 a10 +0.378 top3 0.50
s1 coupEl 11 annul 4 regCoup 6 take [0, 0, 14, 1, 0] upr [0, 0, 1, 1, 0, 10] open96 15 a6 0/1 big8 8 poor 21/21 a10 +0.369 top3 0.45
s2 coupEl 10 annul 3 regCoup 5 take [0, 0, 14, 1, 1] upr [1, 0, 2, 1, 1, 10] open96 19 a6 0/1 big8 8 poor 18/18 a10 +0.374 top3 0.50
s3 coupEl 13 annul 3 regCoup 6 take [0, 0, 16, 0, 1] upr [1, 0, 2, 0, 0, 5] open96 20 a6 0/1 big8 8 poor 22/22 a10 +0.375 top3 0.54
s4 coupEl 11 annul 4 regCoup 7 take [0, 0, 15, 1, 1] upr [0, 0, 1, 1, 1, 6] open96 18 a6 0/1 big8 8 poor 22/22 a10 +0.360 top3 0.55
s5 coupEl 10 annul 4 regCoup 5 take [0, 0, 14, 0, 1] upr [0, 0, 2, 0, 1, 4] open96 21 a6 0/1 big8 8 poor 19/19 a10 +0.371 top3 0.50
s6 coupEl 12 annul 4 regCoup 5 take [0, 1, 17, 1, 0] upr [0, 1, 3, 1, 0, 8] open96 20 a6 0/1 big8 8 poor 21/21 a10 +0.370 top3 0.58
s7 coupEl 10 annul 3 regCoup 5 take [0, 0, 13, 1, 1] upr [1, 0, 2, 1, 1, 7] open96 16 a6 0/1 big8 8 poor 18/18 a10 +0.369 top3 0.40
s8 coupEl 10 annul 2 regCoup 6 take [0, 0, 12, 1, 1] upr [0, 0, 2, 1, 1, 8] open96 18 a6 0/1 big8 8 poor 18/18 a10 +0.328 top3 0.50
s9 coupEl 11 annul 3 regCoup 4 take [0, 1, 14, 0, 0] upr [2, 1, 2, 0, 0, 5] open96 17 a6 0/1 big8 8 poor 18/18 a10 +0.362 top3 0.55
s10 coupEl 12 annul 2 regCoup 7 take [0, 0, 15, 0, 0] upr [1, 0, 2, 0, 0, 4] open96 18 a6 0/1 big8 8 poor 21/21 a10 +0.377 top3 0.50
s11 coupEl 12 annul 4 regCoup 7 take [0, 0, 17, 1, 0] upr [1, 0, 2, 1, 0, 10] open96 18 a6 0/1 big8 8 poor 23/23 a10 +0.375 top3 0.50

thread 'a5_ex_communists_return_by_ballot_in_most_seeds' (12876) panicked at spheres-sim\tests\bloc_census.rs:1132:5:
a successor party led back into government by ballot in three states, in 6/12 seeds
test a5_ex_communists_return_by_ballot_in_most_seeds ... FAILED
A7: median ballot-flips / takeovers 6.029 ([4.352941176470588, 7.866666666666666, 6.5, 4.117647058823529, 4.411764705882353, 6.6, 5.947368421052632, 6.333333333333333, 6.428571428571429, 4.266666666666667, 4.266666666666667, 6.111111111111111])
s0 coupEl 12 annul 4 regCoup 3 take [0, 0, 17, 0, 0] upr [0, 0, 3, 0, 0, 5] open96 19 a6 0/1 big8 8 poor 19/19 a10 +0.378 top3 0.50
s1 coupEl 11 annul 4 regCoup 6 take [0, 0, 14, 1, 0] upr [0, 0, 1, 1, 0, 10] open96 15 a6 0/1 big8 8 poor 21/21 a10 +0.369 top3 0.45
s2 coupEl 10 annul 3 regCoup 5 take [0, 0, 14, 1, 1] upr [1, 0, 2, 1, 1, 10] open96 19 a6 0/1 big8 8 poor 18/18 a10 +0.374 top3 0.50
s3 coupEl 13 annul 3 regCoup 6 take [0, 0, 16, 0, 1] upr [1, 0, 2, 0, 0, 5] open96 20 a6 0/1 big8 8 poor 22/22 a10 +0.375 top3 0.54
s4 coupEl 11 annul 4 regCoup 7 take [0, 0, 15, 1, 1] upr [0, 0, 1, 1, 1, 6] open96 18 a6 0/1 big8 8 poor 22/22 a10 +0.360 top3 0.55
s5 coupEl 10 annul 4 regCoup 5 take [0, 0, 14, 0, 1] upr [0, 0, 2, 0, 1, 4] open96 21 a6 0/1 big8 8 poor 19/19 a10 +0.371 top3 0.50
s6 coupEl 12 annul 4 regCoup 5 take [0, 1, 17, 1, 0] upr [0, 1, 3, 1, 0, 8] open96 20 a6 0/1 big8 8 poor 21/21 a10 +0.370 top3 0.58
s7 coupEl 10 annul 3 regCoup 5 take [0, 0, 13, 1, 1] upr [1, 0, 2, 1, 1, 7] open96 16 a6 0/1 big8 8 poor 18/18 a10 +0.369 top3 0.40
s8 coupEl 10 annul 2 regCoup 6 take [0, 0, 12, 1, 1] upr [0, 0, 2, 1, 1, 8] open96 18 a6 0/1 big8 8 poor 18/18 a10 +0.328 top3 0.50
s9 coupEl 11 annul 3 regCoup 4 take [0, 1, 14, 0, 0] upr [2, 1, 2, 0, 0, 5] open96 17 a6 0/1 big8 8 poor 18/18 a10 +0.362 top3 0.55
s10 coupEl 12 annul 2 regCoup 7 take [0, 0, 15, 0, 0] upr [1, 0, 2, 0, 0, 4] open96 18 a6 0/1 big8 8 poor 21/21 a10 +0.377 top3 0.50
s11 coupEl 12 annul 4 regCoup 7 take [0, 0, 17, 1, 0] upr [1, 0, 2, 1, 0, 10] open96 18 a6 0/1 big8 8 poor 23/23 a10 +0.375 top3 0.50
test a7_ballots_flip_the_ruling_bloc_three_times_as_often_as_takeovers ... ok
test a_ballot_and_an_uncoloured_collapse_do_not_fabricate_a_movement_takeover ... ok
A6 at 420 months: route events 0 in 12/12 seeds; pre-existing collapses beside [1, 1, 1, 1, 1, 1, 1, 1, 1, 1, 1, 1]
test a6_no_road_reaches_a_1990_democracy_in_thirty_five_years ... ok
A9: 240/240 = 1.000 of coups in nations under $8,000 a head
test a9_four_coups_in_five_strike_nations_under_8000_a_head ... ok
A8: 40/40 seeds keep >= 6 of 8; per seed [8, 8, 8, 8, 8, 8, 8, 8, 8, 8, 8, 8, 8, 8, 8, 8, 8, 8, 8, 8, 8, 8, 8, 8, 8, 8, 8, 8, 8, 8, 8, 8, 8, 8, 8, 8, 8, 8, 8, 8]
test a8_six_of_the_eight_big_regimes_keep_their_bloc_in_most_seeds ... ok

failures:

failures:
    a1_coups_against_elected_governments_are_spread_not_three_micro_polities
    a3_a_communist_takeover_without_a_ballot_is_rare
    a5_ex_communists_return_by_ballot_in_most_seeds

test result: FAILED. 8 passed; 3 failed; 0 ignored; 0 measured; 1 filtered out; finished in 47.49s

