
running 11 tests
A10: median discontent lead 0.341 over 12 seeds ([0.3493897967308832, 0.34191465275112665, 0.36272457171674644, 0.3433648521375927, 0.3410320218937638, 0.34804786760171647, 0.37178737867824746, 0.3186796253057229, 0.28606212439707984, 0.2919329172452379, 0.2774816052511291, 0.3204038009079341])
test a10_discontent_leads_the_roster_by_a_quarter_before_a_takeover ... ok
A2: 0/12 seeds; Algeria Islamist 0/12 annulled 0/12
s0 coupEl 7 annul 0 regCoup 4 take [0, 0, 9, 0, 1] upr [3, 0, 1, 0, 1, 7] open96 9 a6 0/1 big8 8 poor 11/11 a10 +0.349 top3 1.00
s1 coupEl 6 annul 0 regCoup 5 take [0, 0, 8, 0, 1] upr [3, 0, 1, 0, 1, 8] open96 11 a6 0/1 big8 8 poor 11/11 a10 +0.342 top3 1.00
s2 coupEl 7 annul 0 regCoup 7 take [0, 2, 10, 0, 1] upr [3, 0, 1, 0, 1, 7] open96 13 a6 0/1 big8 8 poor 14/14 a10 +0.363 top3 1.00
s3 coupEl 5 annul 0 regCoup 5 take [0, 1, 7, 0, 1] upr [3, 1, 1, 0, 1, 7] open96 12 a6 0/1 big8 8 poor 10/10 a10 +0.343 top3 1.00
s4 coupEl 5 annul 0 regCoup 4 take [0, 0, 8, 0, 1] upr [3, 0, 1, 0, 1, 8] open96 12 a6 0/1 big8 8 poor 9/9 a10 +0.341 top3 1.00
s5 coupEl 6 annul 0 regCoup 6 take [1, 0, 9, 0, 1] upr [3, 0, 2, 0, 1, 7] open96 11 a6 0/1 big8 7 poor 12/12 a10 +0.348 top3 1.00
s6 coupEl 7 annul 0 regCoup 4 take [0, 0, 9, 0, 0] upr [3, 0, 3, 0, 0, 7] open96 10 a6 0/1 big8 8 poor 11/11 a10 +0.372 top3 1.00
s7 coupEl 5 annul 0 regCoup 6 take [0, 0, 8, 0, 0] upr [3, 0, 1, 0, 0, 8] open96 12 a6 0/1 big8 8 poor 11/11 a10 +0.319 top3 1.00
s8 coupEl 6 annul 0 regCoup 5 take [0, 0, 8, 0, 1] upr [3, 0, 2, 0, 1, 8] open96 11 a6 0/1 big8 8 poor 11/11 a10 +0.286 top3 1.00
s9 coupEl 6 annul 0 regCoup 4 take [1, 0, 8, 0, 0] upr [3, 0, 1, 0, 0, 8] open96 12 a6 0/1 big8 8 poor 10/10 a10 +0.292 top3 1.00
s10 coupEl 6 annul 0 regCoup 4 take [0, 0, 8, 0, 0] upr [3, 0, 1, 0, 0, 8] open96 12 a6 0/1 big8 8 poor 10/10 a10 +0.277 top3 1.00
s11 coupEl 6 annul 0 regCoup 5 take [0, 0, 8, 0, 0] upr [3, 0, 1, 0, 0, 7] open96 10 a6 0/1 big8 8 poor 11/11 a10 +0.320 top3 1.00

thread 'a2_an_islamist_takeover_without_a_ballot_in_most_seeds_by_2000' (33764) panicked at spheres-sim\tests\bloc_census.rs:1018:5:
Islamist takeover by 2000 in 0/12 seeds
note: run with `RUST_BACKTRACE=1` environment variable to display a backtrace
test a2_an_islamist_takeover_without_a_ballot_in_most_seeds_by_2000 ... FAILED
A1: median coups 6 top-3 share median 1.00
s0 coupEl 7 annul 0 regCoup 4 take [0, 0, 9, 0, 1] upr [3, 0, 1, 0, 1, 7] open96 9 a6 0/1 big8 8 poor 11/11 a10 +0.349 top3 1.00
s1 coupEl 6 annul 0 regCoup 5 take [0, 0, 8, 0, 1] upr [3, 0, 1, 0, 1, 8] open96 11 a6 0/1 big8 8 poor 11/11 a10 +0.342 top3 1.00
s2 coupEl 7 annul 0 regCoup 7 take [0, 2, 10, 0, 1] upr [3, 0, 1, 0, 1, 7] open96 13 a6 0/1 big8 8 poor 14/14 a10 +0.363 top3 1.00
s3 coupEl 5 annul 0 regCoup 5 take [0, 1, 7, 0, 1] upr [3, 1, 1, 0, 1, 7] open96 12 a6 0/1 big8 8 poor 10/10 a10 +0.343 top3 1.00
s4 coupEl 5 annul 0 regCoup 4 take [0, 0, 8, 0, 1] upr [3, 0, 1, 0, 1, 8] open96 12 a6 0/1 big8 8 poor 9/9 a10 +0.341 top3 1.00
s5 coupEl 6 annul 0 regCoup 6 take [1, 0, 9, 0, 1] upr [3, 0, 2, 0, 1, 7] open96 11 a6 0/1 big8 7 poor 12/12 a10 +0.348 top3 1.00
s6 coupEl 7 annul 0 regCoup 4 take [0, 0, 9, 0, 0] upr [3, 0, 3, 0, 0, 7] open96 10 a6 0/1 big8 8 poor 11/11 a10 +0.372 top3 1.00
s7 coupEl 5 annul 0 regCoup 6 take [0, 0, 8, 0, 0] upr [3, 0, 1, 0, 0, 8] open96 12 a6 0/1 big8 8 poor 11/11 a10 +0.319 top3 1.00
s8 coupEl 6 annul 0 regCoup 5 take [0, 0, 8, 0, 1] upr [3, 0, 2, 0, 1, 8] open96 11 a6 0/1 big8 8 poor 11/11 a10 +0.286 top3 1.00
s9 coupEl 6 annul 0 regCoup 4 take [1, 0, 8, 0, 0] upr [3, 0, 1, 0, 0, 8] open96 12 a6 0/1 big8 8 poor 10/10 a10 +0.292 top3 1.00
s10 coupEl 6 annul 0 regCoup 4 take [0, 0, 8, 0, 0] upr [3, 0, 1, 0, 0, 8] open96 12 a6 0/1 big8 8 poor 10/10 a10 +0.277 top3 1.00
s11 coupEl 6 annul 0 regCoup 5 take [0, 0, 8, 0, 0] upr [3, 0, 1, 0, 0, 7] open96 10 a6 0/1 big8 8 poor 11/11 a10 +0.320 top3 1.00

thread 'a1_coups_against_elected_governments_are_spread_not_three_micro_polities' (28708) panicked at spheres-sim\tests\bloc_census.rs:985:5:
three nations hold 1.00 of a seed's coups
test a1_coups_against_elected_governments_are_spread_not_three_micro_polities ... FAILED
A3: 6/20 seeds with a Communist non-ballot takeover
s0 coupEl 7 annul 0 regCoup 4 take [0, 0, 9, 0, 1] upr [3, 0, 1, 0, 1, 7] open96 9 a6 0/1 big8 8 poor 11/11 a10 +0.349 top3 1.00
s1 coupEl 6 annul 0 regCoup 5 take [0, 0, 8, 0, 1] upr [3, 0, 1, 0, 1, 8] open96 11 a6 0/1 big8 8 poor 11/11 a10 +0.342 top3 1.00
s2 coupEl 7 annul 0 regCoup 7 take [0, 2, 10, 0, 1] upr [3, 0, 1, 0, 1, 7] open96 13 a6 0/1 big8 8 poor 14/14 a10 +0.363 top3 1.00
s3 coupEl 5 annul 0 regCoup 5 take [0, 1, 7, 0, 1] upr [3, 1, 1, 0, 1, 7] open96 12 a6 0/1 big8 8 poor 10/10 a10 +0.343 top3 1.00
s4 coupEl 5 annul 0 regCoup 4 take [0, 0, 8, 0, 1] upr [3, 0, 1, 0, 1, 8] open96 12 a6 0/1 big8 8 poor 9/9 a10 +0.341 top3 1.00
s5 coupEl 6 annul 0 regCoup 6 take [1, 0, 9, 0, 1] upr [3, 0, 2, 0, 1, 7] open96 11 a6 0/1 big8 7 poor 12/12 a10 +0.348 top3 1.00
s6 coupEl 7 annul 0 regCoup 4 take [0, 0, 9, 0, 0] upr [3, 0, 3, 0, 0, 7] open96 10 a6 0/1 big8 8 poor 11/11 a10 +0.372 top3 1.00
s7 coupEl 5 annul 0 regCoup 6 take [0, 0, 8, 0, 0] upr [3, 0, 1, 0, 0, 8] open96 12 a6 0/1 big8 8 poor 11/11 a10 +0.319 top3 1.00
s8 coupEl 6 annul 0 regCoup 5 take [0, 0, 8, 0, 1] upr [3, 0, 2, 0, 1, 8] open96 11 a6 0/1 big8 8 poor 11/11 a10 +0.286 top3 1.00
s9 coupEl 6 annul 0 regCoup 4 take [1, 0, 8, 0, 0] upr [3, 0, 1, 0, 0, 8] open96 12 a6 0/1 big8 8 poor 10/10 a10 +0.292 top3 1.00
s10 coupEl 6 annul 0 regCoup 4 take [0, 0, 8, 0, 0] upr [3, 0, 1, 0, 0, 8] open96 12 a6 0/1 big8 8 poor 10/10 a10 +0.277 top3 1.00
s11 coupEl 6 annul 0 regCoup 5 take [0, 0, 8, 0, 0] upr [3, 0, 1, 0, 0, 7] open96 10 a6 0/1 big8 8 poor 11/11 a10 +0.320 top3 1.00
s12 coupEl 6 annul 0 regCoup 4 take [0, 1, 8, 0, 0] upr [3, 0, 2, 0, 0, 8] open96 10 a6 0/1 big8 8 poor 10/10 a10 +0.344 top3 1.00
s13 coupEl 7 annul 0 regCoup 4 take [0, 1, 9, 0, 0] upr [3, 0, 2, 0, 0, 8] open96 10 a6 0/1 big8 8 poor 11/11 a10 +0.363 top3 1.00
s14 coupEl 7 annul 0 regCoup 5 take [1, 0, 9, 0, 1] upr [3, 0, 1, 0, 1, 8] open96 12 a6 0/1 big8 8 poor 12/12 a10 +0.370 top3 1.00
s15 coupEl 6 annul 0 regCoup 6 take [0, 1, 10, 0, 0] upr [3, 0, 1, 0, 0, 8] open96 11 a6 0/1 big8 8 poor 12/12 a10 +0.306 top3 1.00
s16 coupEl 6 annul 0 regCoup 6 take [1, 0, 8, 0, 1] upr [3, 0, 1, 0, 0, 8] open96 10 a6 0/1 big8 8 poor 12/12 a10 +0.325 top3 1.00
s17 coupEl 6 annul 0 regCoup 5 take [0, 2, 10, 0, 1] upr [3, 1, 1, 0, 1, 8] open96 12 a6 0/1 big8 8 poor 11/11 a10 +0.380 top3 1.00
s18 coupEl 6 annul 0 regCoup 5 take [0, 0, 9, 0, 0] upr [3, 0, 1, 0, 0, 7] open96 13 a6 0/1 big8 8 poor 11/11 a10 +0.286 top3 1.00
s19 coupEl 6 annul 0 regCoup 4 take [0, 0, 9, 0, 1] upr [3, 0, 1, 0, 1, 8] open96 11 a6 0/1 big8 8 poor 10/10 a10 +0.327 top3 1.00

thread 'a3_a_communist_takeover_without_a_ballot_is_rare' (30052) panicked at spheres-sim\tests\bloc_census.rs:1052:5:
a Communist takeover without a ballot in 6/20 seeds
test a3_a_communist_takeover_without_a_ballot_is_rare ... FAILED
A4: median 1990 regimes electoral at end-1996 11.5
s0 coupEl 7 annul 0 regCoup 4 take [0, 0, 9, 0, 1] upr [3, 0, 1, 0, 1, 7] open96 9 a6 0/1 big8 8 poor 11/11 a10 +0.349 top3 1.00
s1 coupEl 6 annul 0 regCoup 5 take [0, 0, 8, 0, 1] upr [3, 0, 1, 0, 1, 8] open96 11 a6 0/1 big8 8 poor 11/11 a10 +0.342 top3 1.00
s2 coupEl 7 annul 0 regCoup 7 take [0, 2, 10, 0, 1] upr [3, 0, 1, 0, 1, 7] open96 13 a6 0/1 big8 8 poor 14/14 a10 +0.363 top3 1.00
s3 coupEl 5 annul 0 regCoup 5 take [0, 1, 7, 0, 1] upr [3, 1, 1, 0, 1, 7] open96 12 a6 0/1 big8 8 poor 10/10 a10 +0.343 top3 1.00
s4 coupEl 5 annul 0 regCoup 4 take [0, 0, 8, 0, 1] upr [3, 0, 1, 0, 1, 8] open96 12 a6 0/1 big8 8 poor 9/9 a10 +0.341 top3 1.00
s5 coupEl 6 annul 0 regCoup 6 take [1, 0, 9, 0, 1] upr [3, 0, 2, 0, 1, 7] open96 11 a6 0/1 big8 7 poor 12/12 a10 +0.348 top3 1.00
s6 coupEl 7 annul 0 regCoup 4 take [0, 0, 9, 0, 0] upr [3, 0, 3, 0, 0, 7] open96 10 a6 0/1 big8 8 poor 11/11 a10 +0.372 top3 1.00
s7 coupEl 5 annul 0 regCoup 6 take [0, 0, 8, 0, 0] upr [3, 0, 1, 0, 0, 8] open96 12 a6 0/1 big8 8 poor 11/11 a10 +0.319 top3 1.00
s8 coupEl 6 annul 0 regCoup 5 take [0, 0, 8, 0, 1] upr [3, 0, 2, 0, 1, 8] open96 11 a6 0/1 big8 8 poor 11/11 a10 +0.286 top3 1.00
s9 coupEl 6 annul 0 regCoup 4 take [1, 0, 8, 0, 0] upr [3, 0, 1, 0, 0, 8] open96 12 a6 0/1 big8 8 poor 10/10 a10 +0.292 top3 1.00
s10 coupEl 6 annul 0 regCoup 4 take [0, 0, 8, 0, 0] upr [3, 0, 1, 0, 0, 8] open96 12 a6 0/1 big8 8 poor 10/10 a10 +0.277 top3 1.00
s11 coupEl 6 annul 0 regCoup 5 take [0, 0, 8, 0, 0] upr [3, 0, 1, 0, 0, 7] open96 10 a6 0/1 big8 8 poor 11/11 a10 +0.320 top3 1.00

thread 'a4_the_democratisation_wave_opens_fifteen_regimes_by_1996' (9432) panicked at spheres-sim\tests\bloc_census.rs:1089:5:
median regimes electoral by 1996: 11.5
test a4_the_democratisation_wave_opens_fifteen_regimes_by_1996 ... FAILED
A5: 12/12 seeds with a flagged successor party led back into government by ballot in >= 3 ex-communist states by 1996
s0 coupEl 7 annul 0 regCoup 4 take [0, 0, 9, 0, 1] upr [3, 0, 1, 0, 1, 7] open96 9 a6 0/1 big8 8 poor 11/11 a10 +0.349 top3 1.00
s1 coupEl 6 annul 0 regCoup 5 take [0, 0, 8, 0, 1] upr [3, 0, 1, 0, 1, 8] open96 11 a6 0/1 big8 8 poor 11/11 a10 +0.342 top3 1.00
s2 coupEl 7 annul 0 regCoup 7 take [0, 2, 10, 0, 1] upr [3, 0, 1, 0, 1, 7] open96 13 a6 0/1 big8 8 poor 14/14 a10 +0.363 top3 1.00
s3 coupEl 5 annul 0 regCoup 5 take [0, 1, 7, 0, 1] upr [3, 1, 1, 0, 1, 7] open96 12 a6 0/1 big8 8 poor 10/10 a10 +0.343 top3 1.00
s4 coupEl 5 annul 0 regCoup 4 take [0, 0, 8, 0, 1] upr [3, 0, 1, 0, 1, 8] open96 12 a6 0/1 big8 8 poor 9/9 a10 +0.341 top3 1.00
s5 coupEl 6 annul 0 regCoup 6 take [1, 0, 9, 0, 1] upr [3, 0, 2, 0, 1, 7] open96 11 a6 0/1 big8 7 poor 12/12 a10 +0.348 top3 1.00
s6 coupEl 7 annul 0 regCoup 4 take [0, 0, 9, 0, 0] upr [3, 0, 3, 0, 0, 7] open96 10 a6 0/1 big8 8 poor 11/11 a10 +0.372 top3 1.00
s7 coupEl 5 annul 0 regCoup 6 take [0, 0, 8, 0, 0] upr [3, 0, 1, 0, 0, 8] open96 12 a6 0/1 big8 8 poor 11/11 a10 +0.319 top3 1.00
s8 coupEl 6 annul 0 regCoup 5 take [0, 0, 8, 0, 1] upr [3, 0, 2, 0, 1, 8] open96 11 a6 0/1 big8 8 poor 11/11 a10 +0.286 top3 1.00
s9 coupEl 6 annul 0 regCoup 4 take [1, 0, 8, 0, 0] upr [3, 0, 1, 0, 0, 8] open96 12 a6 0/1 big8 8 poor 10/10 a10 +0.292 top3 1.00
s10 coupEl 6 annul 0 regCoup 4 take [0, 0, 8, 0, 0] upr [3, 0, 1, 0, 0, 8] open96 12 a6 0/1 big8 8 poor 10/10 a10 +0.277 top3 1.00
s11 coupEl 6 annul 0 regCoup 5 take [0, 0, 8, 0, 0] upr [3, 0, 1, 0, 0, 7] open96 10 a6 0/1 big8 8 poor 11/11 a10 +0.320 top3 1.00
test a5_ex_communists_return_by_ballot_in_most_seeds ... ok
A7: median ballot-flips / takeovers 10.944 ([10.4, 10.88888888888889, 7.6923076923076925, 10.555555555555555, 10.555555555555555, 8.0, 12.11111111111111, 14.375, 11.0, 11.11111111111111, 14.125, 13.625])
s0 coupEl 7 annul 0 regCoup 4 take [0, 0, 9, 0, 1] upr [3, 0, 1, 0, 1, 7] open96 9 a6 0/1 big8 8 poor 11/11 a10 +0.349 top3 1.00
s1 coupEl 6 annul 0 regCoup 5 take [0, 0, 8, 0, 1] upr [3, 0, 1, 0, 1, 8] open96 11 a6 0/1 big8 8 poor 11/11 a10 +0.342 top3 1.00
s2 coupEl 7 annul 0 regCoup 7 take [0, 2, 10, 0, 1] upr [3, 0, 1, 0, 1, 7] open96 13 a6 0/1 big8 8 poor 14/14 a10 +0.363 top3 1.00
s3 coupEl 5 annul 0 regCoup 5 take [0, 1, 7, 0, 1] upr [3, 1, 1, 0, 1, 7] open96 12 a6 0/1 big8 8 poor 10/10 a10 +0.343 top3 1.00
s4 coupEl 5 annul 0 regCoup 4 take [0, 0, 8, 0, 1] upr [3, 0, 1, 0, 1, 8] open96 12 a6 0/1 big8 8 poor 9/9 a10 +0.341 top3 1.00
s5 coupEl 6 annul 0 regCoup 6 take [1, 0, 9, 0, 1] upr [3, 0, 2, 0, 1, 7] open96 11 a6 0/1 big8 7 poor 12/12 a10 +0.348 top3 1.00
s6 coupEl 7 annul 0 regCoup 4 take [0, 0, 9, 0, 0] upr [3, 0, 3, 0, 0, 7] open96 10 a6 0/1 big8 8 poor 11/11 a10 +0.372 top3 1.00
s7 coupEl 5 annul 0 regCoup 6 take [0, 0, 8, 0, 0] upr [3, 0, 1, 0, 0, 8] open96 12 a6 0/1 big8 8 poor 11/11 a10 +0.319 top3 1.00
s8 coupEl 6 annul 0 regCoup 5 take [0, 0, 8, 0, 1] upr [3, 0, 2, 0, 1, 8] open96 11 a6 0/1 big8 8 poor 11/11 a10 +0.286 top3 1.00
s9 coupEl 6 annul 0 regCoup 4 take [1, 0, 8, 0, 0] upr [3, 0, 1, 0, 0, 8] open96 12 a6 0/1 big8 8 poor 10/10 a10 +0.292 top3 1.00
s10 coupEl 6 annul 0 regCoup 4 take [0, 0, 8, 0, 0] upr [3, 0, 1, 0, 0, 8] open96 12 a6 0/1 big8 8 poor 10/10 a10 +0.277 top3 1.00
s11 coupEl 6 annul 0 regCoup 5 take [0, 0, 8, 0, 0] upr [3, 0, 1, 0, 0, 7] open96 10 a6 0/1 big8 8 poor 11/11 a10 +0.320 top3 1.00
test a7_ballots_flip_the_ruling_bloc_three_times_as_often_as_takeovers ... ok
test a_ballot_and_an_uncoloured_collapse_do_not_fabricate_a_movement_takeover ... ok
A6 at 420 months: route events 0 in 12/12 seeds; pre-existing collapses beside [1, 1, 1, 1, 1, 1, 1, 1, 1, 1, 1, 1]
test a6_no_road_reaches_a_1990_democracy_in_thirty_five_years ... ok
A9: 131/131 = 1.000 of coups in nations under $8,000 a head
test a9_four_coups_in_five_strike_nations_under_8000_a_head ... ok
A8: 40/40 seeds keep >= 6 of 8; per seed [8, 8, 8, 8, 8, 7, 8, 8, 8, 8, 8, 8, 8, 8, 8, 8, 8, 8, 8, 8, 8, 8, 8, 8, 8, 8, 8, 8, 8, 8, 8, 8, 8, 8, 8, 8, 8, 8, 8, 8]
test a8_six_of_the_eight_big_regimes_keep_their_bloc_in_most_seeds ... ok

failures:

failures:
    a1_coups_against_elected_governments_are_spread_not_three_micro_polities
    a2_an_islamist_takeover_without_a_ballot_in_most_seeds_by_2000
    a3_a_communist_takeover_without_a_ballot_is_rare
    a4_the_democratisation_wave_opens_fifteen_regimes_by_1996

test result: FAILED. 7 passed; 4 failed; 0 ignored; 0 measured; 1 filtered out; finished in 40.14s

