
running 11 tests
A1: median coups 15 top-3 share median 0.63
s0 coupEl 15 annul 2 regCoup 3 take [0, 0, 18, 0, 1] upr [0, 0, 2, 0, 1, 4] open96 18 a6 0/1 big8 8 poor 20/20 a10 +0.376 top3 0.73
s1 coupEl 15 annul 4 regCoup 6 take [0, 1, 16, 1, 0] upr [0, 1, 1, 1, 0, 10] open96 18 a6 0/1 big8 8 poor 24/25 a10 +0.367 top3 0.60
s2 coupEl 11 annul 4 regCoup 6 take [0, 0, 14, 1, 1] upr [0, 0, 2, 1, 1, 9] open96 16 a6 0/1 big8 8 poor 20/21 a10 +0.369 top3 0.55
s3 coupEl 16 annul 2 regCoup 4 take [0, 0, 18, 0, 0] upr [0, 0, 1, 0, 0, 4] open96 21 a6 0/1 big8 8 poor 22/22 a10 +0.370 top3 0.56
s4 coupEl 15 annul 6 regCoup 4 take [0, 0, 19, 1, 1] upr [0, 0, 2, 1, 1, 9] open96 18 a6 0/1 big8 8 poor 24/25 a10 +0.378 top3 0.67
s5 coupEl 14 annul 2 regCoup 5 take [0, 0, 15, 0, 1] upr [1, 0, 1, 0, 1, 6] open96 23 a6 0/1 big8 8 poor 21/21 a10 +0.373 top3 0.64
s6 coupEl 9 annul 6 regCoup 5 take [0, 0, 14, 1, 1] upr [0, 0, 3, 1, 1, 9] open96 17 a6 0/1 big8 8 poor 19/20 a10 +0.361 top3 0.67
test a1_coups_against_elected_governments_are_spread_not_three_micro_polities ... FAILED
s7 coupEl 17 annul 3 regCoup 4 take [0, 0, 17, 0, 0] upr [1, 0, 0, 0, 0, 5] open96 21 a6 0/1 big8 8 poor 24/24 a10 +0.349 top3 0.53
s8 coupEl 12 annul 4 regCoup 6 take [0, 0, 14, 1, 2] upr [0, 0, 1, 1, 2, 10] open96 18 a6 0/1 big8 8 poor 21/22 a10 +0.351 top3 0.67
s9 coupEl 16 annul 4 regCoup 5 take [0, 0, 18, 1, 1] upr [0, 0, 2, 1, 1, 10] open96 17 a6 0/1 big8 8 poor 25/25 a10 +0.362 top3 0.62
s10 coupEl 13 annul 5 regCoup 4 take [0, 0, 15, 1, 1] upr [1, 0, 1, 1, 1, 9] open96 20 a6 0/1 big8 8 poor 21/22 a10 +0.366 top3 0.69
s11 coupEl 18 annul 4 regCoup 5 take [0, 0, 18, 1, 1] upr [0, 0, 1, 1, 1, 9] open96 20 a6 0/1 big8 8 poor 26/27 a10 +0.351 top3 0.56

thread 'a1_coups_against_elected_governments_are_spread_not_three_micro_polities' (21928) panicked at spheres-sim\tests\bloc_census.rs:991:5:
median coups against elected governments 15
note: run with `RUST_BACKTRACE=1` environment variable to display a backtrace
A10: median discontent lead 0.367 over 12 seeds ([0.3755469273321881, 0.3670387234655348, 0.36858619579627866, 0.36954489751690245, 0.3776958895896839, 0.37279778046217704, 0.36057232019200075, 0.34902584266873776, 0.35084929717972857, 0.36223020256405564, 0.36639276642759666, 0.35086339442490044])
test a10_discontent_leads_the_roster_by_a_quarter_before_a_takeover ... ok
A2: 8/12 seeds; Algeria Islamist 0/12 annulled 12/12
s0 coupEl 15 annul 2 regCoup 3 take [0, 0, 18, 0, 1] upr [0, 0, 2, 0, 1, 4] open96 18 a6 0/1 big8 8 poor 20/20 a10 +0.376 top3 0.73
s1 coupEl 15 annul 4 regCoup 6 take [0, 1, 16, 1, 0] upr [0, 1, 1, 1, 0, 10] open96 18 a6 0/1 big8 8 poor 24/25 a10 +0.367 top3 0.60
s2 coupEl 11 annul 4 regCoup 6 take [0, 0, 14, 1, 1] upr [0, 0, 2, 1, 1, 9] open96 16 a6 0/1 big8 8 poor 20/21 a10 +0.369 top3 0.55
s3 coupEl 16 annul 2 regCoup 4 take [0, 0, 18, 0, 0] upr [0, 0, 1, 0, 0, 4] open96 21 a6 0/1 big8 8 poor 22/22 a10 +0.370 top3 0.56
s4 coupEl 15 annul 6 regCoup 4 take [0, 0, 19, 1, 1] upr [0, 0, 2, 1, 1, 9] open96 18 a6 0/1 big8 8 poor 24/25 a10 +0.378 top3 0.67
s5 coupEl 14 annul 2 regCoup 5 take [0, 0, 15, 0, 1] upr [1, 0, 1, 0, 1, 6] open96 23 a6 0/1 big8 8 poor 21/21 a10 +0.373 top3 0.64
s6 coupEl 9 annul 6 regCoup 5 take [0, 0, 14, 1, 1] upr [0, 0, 3, 1, 1, 9] open96 17 a6 0/1 big8 8 poor 19/20 a10 +0.361 top3 0.67
s7 coupEl 17 annul 3 regCoup 4 take [0, 0, 17, 0, 0] upr [1, 0, 0, 0, 0, 5] open96 21 a6 0/1 big8 8 poor 24/24 a10 +0.349 top3 0.53
s8 coupEl 12 annul 4 regCoup 6 take [0, 0, 14, 1, 2] upr [0, 0, 1, 1, 2, 10] open96 18 a6 0/1 big8 8 poor 21/22 a10 +0.351 top3 0.67
s9 coupEl 16 annul 4 regCoup 5 take [0, 0, 18, 1, 1] upr [0, 0, 2, 1, 1, 10] open96 17 a6 0/1 big8 8 poor 25/25 a10 +0.362 top3 0.62
s10 coupEl 13 annul 5 regCoup 4 take [0, 0, 15, 1, 1] upr [1, 0, 1, 1, 1, 9] open96 20 a6 0/1 big8 8 poor 21/22 a10 +0.366 top3 0.69
s11 coupEl 18 annul 4 regCoup 5 take [0, 0, 18, 1, 1] upr [0, 0, 1, 1, 1, 9] open96 20 a6 0/1 big8 8 poor 26/27 a10 +0.351 top3 0.56
test a2_an_islamist_takeover_without_a_ballot_in_most_seeds_by_2000 ... ok
A3: 1/20 seeds with a Communist non-ballot takeover
s0 coupEl 15 annul 2 regCoup 3 take [0, 0, 18, 0, 1] upr [0, 0, 2, 0, 1, 4] open96 18 a6 0/1 big8 8 poor 20/20 a10 +0.376 top3 0.73
s1 coupEl 15 annul 4 regCoup 6 take [0, 1, 16, 1, 0] upr [0, 1, 1, 1, 0, 10] open96 18 a6 0/1 big8 8 poor 24/25 a10 +0.367 top3 0.60
s2 coupEl 11 annul 4 regCoup 6 take [0, 0, 14, 1, 1] upr [0, 0, 2, 1, 1, 9] open96 16 a6 0/1 big8 8 poor 20/21 a10 +0.369 top3 0.55
s3 coupEl 16 annul 2 regCoup 4 take [0, 0, 18, 0, 0] upr [0, 0, 1, 0, 0, 4] open96 21 a6 0/1 big8 8 poor 22/22 a10 +0.370 top3 0.56
s4 coupEl 15 annul 6 regCoup 4 take [0, 0, 19, 1, 1] upr [0, 0, 2, 1, 1, 9] open96 18 a6 0/1 big8 8 poor 24/25 a10 +0.378 top3 0.67
s5 coupEl 14 annul 2 regCoup 5 take [0, 0, 15, 0, 1] upr [1, 0, 1, 0, 1, 6] open96 23 a6 0/1 big8 8 poor 21/21 a10 +0.373 top3 0.64
s6 coupEl 9 annul 6 regCoup 5 take [0, 0, 14, 1, 1] upr [0, 0, 3, 1, 1, 9] open96 17 a6 0/1 big8 8 poor 19/20 a10 +0.361 top3 0.67
s7 coupEl 17 annul 3 regCoup 4 take [0, 0, 17, 0, 0] upr [1, 0, 0, 0, 0, 5] open96 21 a6 0/1 big8 8 poor 24/24 a10 +0.349 top3 0.53
s8 coupEl 12 annul 4 regCoup 6 take [0, 0, 14, 1, 2] upr [0, 0, 1, 1, 2, 10] open96 18 a6 0/1 big8 8 poor 21/22 a10 +0.351 top3 0.67
s9 coupEl 16 annul 4 regCoup 5 take [0, 0, 18, 1, 1] upr [0, 0, 2, 1, 1, 10] open96 17 a6 0/1 big8 8 poor 25/25 a10 +0.362 top3 0.62
s10 coupEl 13 annul 5 regCoup 4 take [0, 0, 15, 1, 1] upr [1, 0, 1, 1, 1, 9] open96 20 a6 0/1 big8 8 poor 21/22 a10 +0.366 top3 0.69
s11 coupEl 18 annul 4 regCoup 5 take [0, 0, 18, 1, 1] upr [0, 0, 1, 1, 1, 9] open96 20 a6 0/1 big8 8 poor 26/27 a10 +0.351 top3 0.56
s12 coupEl 12 annul 2 regCoup 5 take [0, 0, 13, 0, 1] upr [1, 0, 1, 0, 1, 5] open96 21 a6 0/1 big8 8 poor 19/19 a10 +0.350 top3 0.58
s13 coupEl 16 annul 2 regCoup 5 take [0, 0, 19, 0, 0] upr [0, 0, 2, 0, 0, 5] open96 19 a6 0/1 big8 8 poor 23/23 a10 +0.373 top3 0.62
s14 coupEl 18 annul 2 regCoup 4 take [0, 0, 19, 0, 0] upr [0, 0, 0, 0, 0, 6] open96 18 a6 0/1 big8 8 poor 24/24 a10 +0.331 top3 0.67
test a3_a_communist_takeover_without_a_ballot_is_rare ... ok
s15 coupEl 17 annul 5 regCoup 5 take [0, 0, 20, 1, 0] upr [0, 0, 2, 1, 0, 9] open96 18 a6 0/1 big8 8 poor 26/27 a10 +0.360 top3 0.65
s16 coupEl 14 annul 4 regCoup 5 take [0, 0, 15, 1, 1] upr [0, 0, 1, 1, 1, 11] open96 16 a6 0/1 big8 8 poor 22/23 a10 +0.351 top3 0.57
s17 coupEl 14 annul 3 regCoup 5 take [0, 0, 18, 0, 0] upr [2, 0, 2, 0, 0, 5] open96 17 a6 0/1 big8 8 poor 22/22 a10 +0.365 top3 0.64
s18 coupEl 15 annul 6 regCoup 5 take [0, 0, 20, 1, 0] upr [0, 0, 3, 1, 0, 10] open96 16 a6 0/1 big8 8 poor 25/26 a10 +0.376 top3 0.60
s19 coupEl 19 annul 2 regCoup 4 take [0, 0, 19, 0, 1] upr [0, 0, 0, 0, 1, 4] open96 18 a6 0/1 big8 8 poor 25/25 a10 +0.368 top3 0.58
A5: 0/12 seeds with a flagged successor party led back into government by ballot in >= 3 ex-communist states by 1996
s0 coupEl 15 annul 2 regCoup 3 take [0, 0, 18, 0, 1] upr [0, 0, 2, 0, 1, 4] open96 18 a6 0/1 big8 8 poor 20/20 a10 +0.376 top3 0.73
s1 coupEl 15 annul 4 regCoup 6 take [0, 1, 16, 1, 0] upr [0, 1, 1, 1, 0, 10] open96 18 a6 0/1 big8 8 poor 24/25 a10 +0.367 top3 0.60
s2 coupEl 11 annul 4 regCoup 6 take [0, 0, 14, 1, 1] upr [0, 0, 2, 1, 1, 9] open96 16 a6 0/1 big8 8 poor 20/21 a10 +0.369 top3 0.55
s3 coupEl 16 annul 2 regCoup 4 take [0, 0, 18, 0, 0] upr [0, 0, 1, 0, 0, 4] open96 21 a6 0/1 big8 8 poor 22/22 a10 +0.370 top3 0.56
s4 coupEl 15 annul 6 regCoup 4 take [0, 0, 19, 1, 1] upr [0, 0, 2, 1, 1, 9] open96 18 a6 0/1 big8 8 poor 24/25 a10 +0.378 top3 0.67
s5 coupEl 14 annul 2 regCoup 5 take [0, 0, 15, 0, 1] upr [1, 0, 1, 0, 1, 6] open96 23 a6 0/1 big8 8 poor 21/21 a10 +0.373 top3 0.64
s6 coupEl 9 annul 6 regCoup 5 take [0, 0, 14, 1, 1] upr [0, 0, 3, 1, 1, 9] open96 17 a6 0/1 big8 8 poor 19/20 a10 +0.361 top3 0.67
s7 coupEl 17 annul 3 regCoup 4 take [0, 0, 17, 0, 0] upr [1, 0, 0, 0, 0, 5] open96 21 a6 0/1 big8 8 poor 24/24 a10 +0.349 top3 0.53
s8 coupEl 12 annul 4 regCoup 6 take [0, 0, 14, 1, 2] upr [0, 0, 1, 1, 2, 10] open96 18 a6 0/1 big8 8 poor 21/22 a10 +0.351 top3 0.67
s9 coupEl 16 annul 4 regCoup 5 take [0, 0, 18, 1, 1] upr [0, 0, 2, 1, 1, 10] open96 17 a6 0/1 big8 8 poor 25/25 a10 +0.362 top3 0.62
s10 coupEl 13 annul 5 regCoup 4 take [0, 0, 15, 1, 1] upr [1, 0, 1, 1, 1, 9] open96 20 a6 0/1 big8 8 poor 21/22 a10 +0.366 top3 0.69
s11 coupEl 18 annul 4 regCoup 5 take [0, 0, 18, 1, 1] upr [0, 0, 1, 1, 1, 9] open96 20 a6 0/1 big8 8 poor 26/27 a10 +0.351 top3 0.56

thread 'a5_ex_communists_return_by_ballot_in_most_seeds' (2952) panicked at spheres-sim\tests\bloc_census.rs:1132:5:
a successor party led back into government by ballot in three states, in 0/12 seeds
test a5_ex_communists_return_by_ballot_in_most_seeds ... FAILED
A4: median 1990 regimes electoral at end-1996 18
s0 coupEl 15 annul 2 regCoup 3 take [0, 0, 18, 0, 1] upr [0, 0, 2, 0, 1, 4] open96 18 a6 0/1 big8 8 poor 20/20 a10 +0.376 top3 0.73
s1 coupEl 15 annul 4 regCoup 6 take [0, 1, 16, 1, 0] upr [0, 1, 1, 1, 0, 10] open96 18 a6 0/1 big8 8 poor 24/25 a10 +0.367 top3 0.60
s2 coupEl 11 annul 4 regCoup 6 take [0, 0, 14, 1, 1] upr [0, 0, 2, 1, 1, 9] open96 16 a6 0/1 big8 8 poor 20/21 a10 +0.369 top3 0.55
s3 coupEl 16 annul 2 regCoup 4 take [0, 0, 18, 0, 0] upr [0, 0, 1, 0, 0, 4] open96 21 a6 0/1 big8 8 poor 22/22 a10 +0.370 top3 0.56
s4 coupEl 15 annul 6 regCoup 4 take [0, 0, 19, 1, 1] upr [0, 0, 2, 1, 1, 9] open96 18 a6 0/1 big8 8 poor 24/25 a10 +0.378 top3 0.67
s5 coupEl 14 annul 2 regCoup 5 take [0, 0, 15, 0, 1] upr [1, 0, 1, 0, 1, 6] open96 23 a6 0/1 big8 8 poor 21/21 a10 +0.373 top3 0.64
s6 coupEl 9 annul 6 regCoup 5 take [0, 0, 14, 1, 1] upr [0, 0, 3, 1, 1, 9] open96 17 a6 0/1 big8 8 poor 19/20 a10 +0.361 top3 0.67
s7 coupEl 17 annul 3 regCoup 4 take [0, 0, 17, 0, 0] upr [1, 0, 0, 0, 0, 5] open96 21 a6 0/1 big8 8 poor 24/24 a10 +0.349 top3 0.53
s8 coupEl 12 annul 4 regCoup 6 take [0, 0, 14, 1, 2] upr [0, 0, 1, 1, 2, 10] open96 18 a6 0/1 big8 8 poor 21/22 a10 +0.351 top3 0.67
s9 coupEl 16 annul 4 regCoup 5 take [0, 0, 18, 1, 1] upr [0, 0, 2, 1, 1, 10] open96 17 a6 0/1 big8 8 poor 25/25 a10 +0.362 top3 0.62
s10 coupEl 13 annul 5 regCoup 4 take [0, 0, 15, 1, 1] upr [1, 0, 1, 1, 1, 9] open96 20 a6 0/1 big8 8 poor 21/22 a10 +0.366 top3 0.69
s11 coupEl 18 annul 4 regCoup 5 take [0, 0, 18, 1, 1] upr [0, 0, 1, 1, 1, 9] open96 20 a6 0/1 big8 8 poor 26/27 a10 +0.351 top3 0.56
test a4_the_democratisation_wave_opens_fifteen_regimes_by_1996 ... ok
A7: median ballot-flips / takeovers 4.830 ([3.473684210526316, 4.888888888888889, 5.625, 4.111111111111111, 4.809523809523809, 3.8125, 6.4375, 4.0588235294117645, 5.411764705882353, 4.8, 5.705882352941177, 4.85])
s0 coupEl 15 annul 2 regCoup 3 take [0, 0, 18, 0, 1] upr [0, 0, 2, 0, 1, 4] open96 18 a6 0/1 big8 8 poor 20/20 a10 +0.376 top3 0.73
s1 coupEl 15 annul 4 regCoup 6 take [0, 1, 16, 1, 0] upr [0, 1, 1, 1, 0, 10] open96 18 a6 0/1 big8 8 poor 24/25 a10 +0.367 top3 0.60
s2 coupEl 11 annul 4 regCoup 6 take [0, 0, 14, 1, 1] upr [0, 0, 2, 1, 1, 9] open96 16 a6 0/1 big8 8 poor 20/21 a10 +0.369 top3 0.55
s3 coupEl 16 annul 2 regCoup 4 take [0, 0, 18, 0, 0] upr [0, 0, 1, 0, 0, 4] open96 21 a6 0/1 big8 8 poor 22/22 a10 +0.370 top3 0.56
s4 coupEl 15 annul 6 regCoup 4 take [0, 0, 19, 1, 1] upr [0, 0, 2, 1, 1, 9] open96 18 a6 0/1 big8 8 poor 24/25 a10 +0.378 top3 0.67
s5 coupEl 14 annul 2 regCoup 5 take [0, 0, 15, 0, 1] upr [1, 0, 1, 0, 1, 6] open96 23 a6 0/1 big8 8 poor 21/21 a10 +0.373 top3 0.64
s6 coupEl 9 annul 6 regCoup 5 take [0, 0, 14, 1, 1] upr [0, 0, 3, 1, 1, 9] open96 17 a6 0/1 big8 8 poor 19/20 a10 +0.361 top3 0.67
s7 coupEl 17 annul 3 regCoup 4 take [0, 0, 17, 0, 0] upr [1, 0, 0, 0, 0, 5] open96 21 a6 0/1 big8 8 poor 24/24 a10 +0.349 top3 0.53
s8 coupEl 12 annul 4 regCoup 6 take [0, 0, 14, 1, 2] upr [0, 0, 1, 1, 2, 10] open96 18 a6 0/1 big8 8 poor 21/22 a10 +0.351 top3 0.67
s9 coupEl 16 annul 4 regCoup 5 take [0, 0, 18, 1, 1] upr [0, 0, 2, 1, 1, 10] open96 17 a6 0/1 big8 8 poor 25/25 a10 +0.362 top3 0.62
s10 coupEl 13 annul 5 regCoup 4 take [0, 0, 15, 1, 1] upr [1, 0, 1, 1, 1, 9] open96 20 a6 0/1 big8 8 poor 21/22 a10 +0.366 top3 0.69
s11 coupEl 18 annul 4 regCoup 5 take [0, 0, 18, 1, 1] upr [0, 0, 1, 1, 1, 9] open96 20 a6 0/1 big8 8 poor 26/27 a10 +0.351 top3 0.56
test a7_ballots_flip_the_ruling_bloc_three_times_as_often_as_takeovers ... ok
test a_ballot_and_an_uncoloured_collapse_do_not_fabricate_a_movement_takeover ... ok
A6 at 420 months: route events 0 in 12/12 seeds; pre-existing collapses beside [1, 1, 1, 1, 1, 1, 1, 1, 1, 1, 1, 1]
test a6_no_road_reaches_a_1990_democracy_in_thirty_five_years ... ok
A9: 267/274 = 0.974 of coups in nations under $8,000 a head
test a9_four_coups_in_five_strike_nations_under_8000_a_head ... ok
A8: 40/40 seeds keep >= 6 of 8; per seed [8, 8, 8, 8, 8, 8, 8, 8, 8, 8, 8, 8, 8, 8, 8, 8, 8, 8, 8, 8, 8, 8, 8, 8, 8, 8, 8, 8, 8, 8, 8, 8, 8, 8, 8, 8, 8, 8, 8, 8]
test a8_six_of_the_eight_big_regimes_keep_their_bloc_in_most_seeds ... ok

failures:

failures:
    a1_coups_against_elected_governments_are_spread_not_three_micro_polities
    a5_ex_communists_return_by_ballot_in_most_seeds

test result: FAILED. 9 passed; 2 failed; 0 ignored; 0 measured; 1 filtered out; finished in 44.41s

