
running 11 tests
A1: median coups 9.5 top-3 share median 0.62
s0 coupEl 8 annul 2 regCoup 3 take [0, 0, 9, 0, 1] upr [2, 0, 1, 0, 1, 3] open96 18 a6 0/1 big8 8 poor 13/13 a10 +0.335 top3 0.50
s1 coupEl 9 annul 3 regCoup 6 take [0, 1, 11, 1, 0] upr [0, 1, 1, 1, 0, 9] open96 18 a6 0/1 big8 8 poor 18/18 a10 +0.337 top3 0.67
s2 coupEl 12 annul 2 regCoup 7 take [0, 0, 14, 1, 1] upr [0, 0, 1, 1, 1, 9] open96 17 a6 0/1 big8 8 poor 21/21 a10 +0.354 top3 0.67
s3 coupEl 11 annul 3 regCoup 3 take [0, 0, 16, 0, 0] upr [0, 0, 3, 0, 0, 4] open96 20 a6 0/1 big8 8 poor 17/17 a10 +0.373 top3 0.55
s4 coupEl 8 annul 3 regCoup 4 take [0, 0, 12, 1, 1] upr [1, 0, 2, 1, 1, 8] open96 21 a6 0/1 big8 8 poor 15/15 a10 +0.361 top3 0.62
s5 coupEl 10 annul 3 regCoup 3 take [0, 0, 15, 0, 2] upr [0, 0, 3, 0, 2, 4] open96 19 a6 0/1 big8 8 poor 16/16 a10 +0.378 top3 0.70
s6 coupEl 10 annul 3 regCoup 5 take [0, 0, 14, 1, 1] upr [0, 0, 2, 1, 1, 9] open96 15 a6 0/1 big8 8 poor 18/18 a10 +0.326 top3 0.70
s7 coupEl 11 annul 3 regCoup 5 take [0, 0, 15, 0, 0] upr [0, 0, 2, 0, 0, 5] open96 19 a6 0/1 big8 8 poor 19/19 a10 +0.351 top3 0.55
s8 coupEl 8 annul 2 regCoup 5 take [0, 0, 10, 1, 1] upr [0, 0, 1, 1, 1, 8] open96 18 a6 0/1 big8 8 poor 15/15 a10 +0.273 top3 0.62
s9 coupEl 8 annul 4 regCoup 5 take [0, 0, 12, 1, 1] upr [0, 0, 2, 1, 1, 8] open96 15 a6 0/1 big8 8 poor 17/17 a10 +0.327 top3 0.62
s10 coupEl 8 annul 3 regCoup 5 take [0, 0, 10, 1, 1] upr [1, 0, 1, 1, 1, 9] open96 18 a6 0/1 big8 8 poor 16/16 a10 +0.363 top3 0.62
s11 coupEl 10 annul 3 regCoup 5 take [0, 0, 13, 1, 1] upr [0, 0, 1, 1, 1, 7] open96 20 a6 0/1 big8 8 poor 18/18 a10 +0.351 top3 0.60

thread 'a1_coups_against_elected_governments_are_spread_not_three_micro_polities' (30656) panicked at spheres-sim\tests\bloc_census.rs:992:5:
three nations hold 0.62 of a seed's coups
note: run with `RUST_BACKTRACE=1` environment variable to display a backtrace
test a1_coups_against_elected_governments_are_spread_not_three_micro_polities ... FAILED
A10: median discontent lead 0.351 over 12 seeds ([0.33506911522414917, 0.3371246454232808, 0.35377082324185577, 0.3732904647896921, 0.36121736185459674, 0.3782504153839538, 0.32595451807838044, 0.350666677070772, 0.2731650928563656, 0.3267658076236152, 0.3630853246851534, 0.3506591063764547])
test a10_discontent_leads_the_roster_by_a_quarter_before_a_takeover ... ok
A2: 8/12 seeds; Algeria Islamist 0/12 annulled 12/12
s0 coupEl 8 annul 2 regCoup 3 take [0, 0, 9, 0, 1] upr [2, 0, 1, 0, 1, 3] open96 18 a6 0/1 big8 8 poor 13/13 a10 +0.335 top3 0.50
s1 coupEl 9 annul 3 regCoup 6 take [0, 1, 11, 1, 0] upr [0, 1, 1, 1, 0, 9] open96 18 a6 0/1 big8 8 poor 18/18 a10 +0.337 top3 0.67
s2 coupEl 12 annul 2 regCoup 7 take [0, 0, 14, 1, 1] upr [0, 0, 1, 1, 1, 9] open96 17 a6 0/1 big8 8 poor 21/21 a10 +0.354 top3 0.67
s3 coupEl 11 annul 3 regCoup 3 take [0, 0, 16, 0, 0] upr [0, 0, 3, 0, 0, 4] open96 20 a6 0/1 big8 8 poor 17/17 a10 +0.373 top3 0.55
s4 coupEl 8 annul 3 regCoup 4 take [0, 0, 12, 1, 1] upr [1, 0, 2, 1, 1, 8] open96 21 a6 0/1 big8 8 poor 15/15 a10 +0.361 top3 0.62
s5 coupEl 10 annul 3 regCoup 3 take [0, 0, 15, 0, 2] upr [0, 0, 3, 0, 2, 4] open96 19 a6 0/1 big8 8 poor 16/16 a10 +0.378 top3 0.70
s6 coupEl 10 annul 3 regCoup 5 take [0, 0, 14, 1, 1] upr [0, 0, 2, 1, 1, 9] open96 15 a6 0/1 big8 8 poor 18/18 a10 +0.326 top3 0.70
s7 coupEl 11 annul 3 regCoup 5 take [0, 0, 15, 0, 0] upr [0, 0, 2, 0, 0, 5] open96 19 a6 0/1 big8 8 poor 19/19 a10 +0.351 top3 0.55
s8 coupEl 8 annul 2 regCoup 5 take [0, 0, 10, 1, 1] upr [0, 0, 1, 1, 1, 8] open96 18 a6 0/1 big8 8 poor 15/15 a10 +0.273 top3 0.62
s9 coupEl 8 annul 4 regCoup 5 take [0, 0, 12, 1, 1] upr [0, 0, 2, 1, 1, 8] open96 15 a6 0/1 big8 8 poor 17/17 a10 +0.327 top3 0.62
s10 coupEl 8 annul 3 regCoup 5 take [0, 0, 10, 1, 1] upr [1, 0, 1, 1, 1, 9] open96 18 a6 0/1 big8 8 poor 16/16 a10 +0.363 top3 0.62
s11 coupEl 10 annul 3 regCoup 5 take [0, 0, 13, 1, 1] upr [0, 0, 1, 1, 1, 7] open96 20 a6 0/1 big8 8 poor 18/18 a10 +0.351 top3 0.60
test a2_an_islamist_takeover_without_a_ballot_in_most_seeds_by_2000 ... ok
A3: 1/20 seeds with a Communist non-ballot takeover
s0 coupEl 8 annul 2 regCoup 3 take [0, 0, 9, 0, 1] upr [2, 0, 1, 0, 1, 3] open96 18 a6 0/1 big8 8 poor 13/13 a10 +0.335 top3 0.50
s1 coupEl 9 annul 3 regCoup 6 take [0, 1, 11, 1, 0] upr [0, 1, 1, 1, 0, 9] open96 18 a6 0/1 big8 8 poor 18/18 a10 +0.337 top3 0.67
s2 coupEl 12 annul 2 regCoup 7 take [0, 0, 14, 1, 1] upr [0, 0, 1, 1, 1, 9] open96 17 a6 0/1 big8 8 poor 21/21 a10 +0.354 top3 0.67
s3 coupEl 11 annul 3 regCoup 3 take [0, 0, 16, 0, 0] upr [0, 0, 3, 0, 0, 4] open96 20 a6 0/1 big8 8 poor 17/17 a10 +0.373 top3 0.55
s4 coupEl 8 annul 3 regCoup 4 take [0, 0, 12, 1, 1] upr [1, 0, 2, 1, 1, 8] open96 21 a6 0/1 big8 8 poor 15/15 a10 +0.361 top3 0.62
s5 coupEl 10 annul 3 regCoup 3 take [0, 0, 15, 0, 2] upr [0, 0, 3, 0, 2, 4] open96 19 a6 0/1 big8 8 poor 16/16 a10 +0.378 top3 0.70
s6 coupEl 10 annul 3 regCoup 5 take [0, 0, 14, 1, 1] upr [0, 0, 2, 1, 1, 9] open96 15 a6 0/1 big8 8 poor 18/18 a10 +0.326 top3 0.70
s7 coupEl 11 annul 3 regCoup 5 take [0, 0, 15, 0, 0] upr [0, 0, 2, 0, 0, 5] open96 19 a6 0/1 big8 8 poor 19/19 a10 +0.351 top3 0.55
s8 coupEl 8 annul 2 regCoup 5 take [0, 0, 10, 1, 1] upr [0, 0, 1, 1, 1, 8] open96 18 a6 0/1 big8 8 poor 15/15 a10 +0.273 top3 0.62
s9 coupEl 8 annul 4 regCoup 5 take [0, 0, 12, 1, 1] upr [0, 0, 2, 1, 1, 8] open96 15 a6 0/1 big8 8 poor 17/17 a10 +0.327 top3 0.62
s10 coupEl 8 annul 3 regCoup 5 take [0, 0, 10, 1, 1] upr [1, 0, 1, 1, 1, 9] open96 18 a6 0/1 big8 8 poor 16/16 a10 +0.363 top3 0.62
s11 coupEl 10 annul 3 regCoup 5 take [0, 0, 13, 1, 1] upr [0, 0, 1, 1, 1, 7] open96 20 a6 0/1 big8 8 poor 18/18 a10 +0.351 top3 0.60
s12 coupEl 7 annul 3 regCoup 4 take [0, 0, 12, 0, 1] upr [1, 0, 3, 0, 1, 4] open96 21 a6 0/1 big8 8 poor 14/14 a10 +0.321 top3 0.57
s13 coupEl 10 annul 3 regCoup 5 take [0, 0, 14, 0, 0] upr [0, 0, 2, 0, 0, 4] open96 21 a6 0/1 big8 8 poor 18/18 a10 +0.341 top3 0.60
s14 coupEl 11 annul 3 regCoup 5 take [0, 0, 15, 0, 0] upr [0, 0, 2, 0, 0, 5] open96 19 a6 0/1 big8 8 poor 19/19 a10 +0.327 top3 0.55
s15 coupEl 12 annul 3 regCoup 4 take [0, 0, 17, 1, 0] upr [0, 0, 3, 1, 0, 8] open96 18 a6 0/1 big8 8 poor 19/19 a10 +0.357 top3 0.58
s16 coupEl 10 annul 3 regCoup 6 take [0, 0, 13, 1, 1] upr [0, 0, 1, 1, 1, 9] open96 16 a6 0/1 big8 8 poor 19/19 a10 +0.351 top3 0.70
s17 coupEl 8 annul 4 regCoup 4 take [0, 0, 13, 0, 0] upr [2, 0, 2, 0, 0, 5] open96 17 a6 0/1 big8 8 poor 16/16 a10 +0.352 top3 0.62
s18 coupEl 13 annul 3 regCoup 7 take [0, 0, 16, 1, 0] upr [0, 0, 1, 1, 0, 9] open96 16 a6 0/1 big8 8 poor 23/23 a10 +0.349 top3 0.54
s19 coupEl 9 annul 3 regCoup 4 take [0, 0, 11, 0, 1] upr [0, 0, 0, 0, 1, 4] open96 18 a6 0/1 big8 8 poor 16/16 a10 +0.335 top3 0.67
test a3_a_communist_takeover_without_a_ballot_is_rare ... ok
A4: median 1990 regimes electoral at end-1996 18
s0 coupEl 8 annul 2 regCoup 3 take [0, 0, 9, 0, 1] upr [2, 0, 1, 0, 1, 3] open96 18 a6 0/1 big8 8 poor 13/13 a10 +0.335 top3 0.50
s1 coupEl 9 annul 3 regCoup 6 take [0, 1, 11, 1, 0] upr [0, 1, 1, 1, 0, 9] open96 18 a6 0/1 big8 8 poor 18/18 a10 +0.337 top3 0.67
s2 coupEl 12 annul 2 regCoup 7 take [0, 0, 14, 1, 1] upr [0, 0, 1, 1, 1, 9] open96 17 a6 0/1 big8 8 poor 21/21 a10 +0.354 top3 0.67
s3 coupEl 11 annul 3 regCoup 3 take [0, 0, 16, 0, 0] upr [0, 0, 3, 0, 0, 4] open96 20 a6 0/1 big8 8 poor 17/17 a10 +0.373 top3 0.55
s4 coupEl 8 annul 3 regCoup 4 take [0, 0, 12, 1, 1] upr [1, 0, 2, 1, 1, 8] open96 21 a6 0/1 big8 8 poor 15/15 a10 +0.361 top3 0.62
s5 coupEl 10 annul 3 regCoup 3 take [0, 0, 15, 0, 2] upr [0, 0, 3, 0, 2, 4] open96 19 a6 0/1 big8 8 poor 16/16 a10 +0.378 top3 0.70
s6 coupEl 10 annul 3 regCoup 5 take [0, 0, 14, 1, 1] upr [0, 0, 2, 1, 1, 9] open96 15 a6 0/1 big8 8 poor 18/18 a10 +0.326 top3 0.70
s7 coupEl 11 annul 3 regCoup 5 take [0, 0, 15, 0, 0] upr [0, 0, 2, 0, 0, 5] open96 19 a6 0/1 big8 8 poor 19/19 a10 +0.351 top3 0.55
s8 coupEl 8 annul 2 regCoup 5 take [0, 0, 10, 1, 1] upr [0, 0, 1, 1, 1, 8] open96 18 a6 0/1 big8 8 poor 15/15 a10 +0.273 top3 0.62
s9 coupEl 8 annul 4 regCoup 5 take [0, 0, 12, 1, 1] upr [0, 0, 2, 1, 1, 8] open96 15 a6 0/1 big8 8 poor 17/17 a10 +0.327 top3 0.62
s10 coupEl 8 annul 3 regCoup 5 take [0, 0, 10, 1, 1] upr [1, 0, 1, 1, 1, 9] open96 18 a6 0/1 big8 8 poor 16/16 a10 +0.363 top3 0.62
s11 coupEl 10 annul 3 regCoup 5 take [0, 0, 13, 1, 1] upr [0, 0, 1, 1, 1, 7] open96 20 a6 0/1 big8 8 poor 18/18 a10 +0.351 top3 0.60
test a4_the_democratisation_wave_opens_fifteen_regimes_by_1996 ... ok
A5: 0/12 seeds with a flagged successor party led back into government by ballot in >= 3 ex-communist states by 1996
s0 coupEl 8 annul 2 regCoup 3 take [0, 0, 9, 0, 1] upr [2, 0, 1, 0, 1, 3] open96 18 a6 0/1 big8 8 poor 13/13 a10 +0.335 top3 0.50
s1 coupEl 9 annul 3 regCoup 6 take [0, 1, 11, 1, 0] upr [0, 1, 1, 1, 0, 9] open96 18 a6 0/1 big8 8 poor 18/18 a10 +0.337 top3 0.67
s2 coupEl 12 annul 2 regCoup 7 take [0, 0, 14, 1, 1] upr [0, 0, 1, 1, 1, 9] open96 17 a6 0/1 big8 8 poor 21/21 a10 +0.354 top3 0.67
s3 coupEl 11 annul 3 regCoup 3 take [0, 0, 16, 0, 0] upr [0, 0, 3, 0, 0, 4] open96 20 a6 0/1 big8 8 poor 17/17 a10 +0.373 top3 0.55
s4 coupEl 8 annul 3 regCoup 4 take [0, 0, 12, 1, 1] upr [1, 0, 2, 1, 1, 8] open96 21 a6 0/1 big8 8 poor 15/15 a10 +0.361 top3 0.62
s5 coupEl 10 annul 3 regCoup 3 take [0, 0, 15, 0, 2] upr [0, 0, 3, 0, 2, 4] open96 19 a6 0/1 big8 8 poor 16/16 a10 +0.378 top3 0.70
s6 coupEl 10 annul 3 regCoup 5 take [0, 0, 14, 1, 1] upr [0, 0, 2, 1, 1, 9] open96 15 a6 0/1 big8 8 poor 18/18 a10 +0.326 top3 0.70
s7 coupEl 11 annul 3 regCoup 5 take [0, 0, 15, 0, 0] upr [0, 0, 2, 0, 0, 5] open96 19 a6 0/1 big8 8 poor 19/19 a10 +0.351 top3 0.55
s8 coupEl 8 annul 2 regCoup 5 take [0, 0, 10, 1, 1] upr [0, 0, 1, 1, 1, 8] open96 18 a6 0/1 big8 8 poor 15/15 a10 +0.273 top3 0.62
s9 coupEl 8 annul 4 regCoup 5 take [0, 0, 12, 1, 1] upr [0, 0, 2, 1, 1, 8] open96 15 a6 0/1 big8 8 poor 17/17 a10 +0.327 top3 0.62
s10 coupEl 8 annul 3 regCoup 5 take [0, 0, 10, 1, 1] upr [1, 0, 1, 1, 1, 9] open96 18 a6 0/1 big8 8 poor 16/16 a10 +0.363 top3 0.62
s11 coupEl 10 annul 3 regCoup 5 take [0, 0, 13, 1, 1] upr [0, 0, 1, 1, 1, 7] open96 20 a6 0/1 big8 8 poor 18/18 a10 +0.351 top3 0.60

thread 'a5_ex_communists_return_by_ballot_in_most_seeds' (33716) panicked at spheres-sim\tests\bloc_census.rs:1132:5:
a successor party led back into government by ballot in three states, in 0/12 seeds
test a5_ex_communists_return_by_ballot_in_most_seeds ... FAILED
A7: median ballot-flips / takeovers 6.802 ([6.0, 7.615384615384615, 6.375, 4.875, 7.642857142857143, 3.5294117647058822, 6.9375, 4.2, 8.25, 7.571428571428571, 8.583333333333334, 6.666666666666667])
s0 coupEl 8 annul 2 regCoup 3 take [0, 0, 9, 0, 1] upr [2, 0, 1, 0, 1, 3] open96 18 a6 0/1 big8 8 poor 13/13 a10 +0.335 top3 0.50
s1 coupEl 9 annul 3 regCoup 6 take [0, 1, 11, 1, 0] upr [0, 1, 1, 1, 0, 9] open96 18 a6 0/1 big8 8 poor 18/18 a10 +0.337 top3 0.67
s2 coupEl 12 annul 2 regCoup 7 take [0, 0, 14, 1, 1] upr [0, 0, 1, 1, 1, 9] open96 17 a6 0/1 big8 8 poor 21/21 a10 +0.354 top3 0.67
s3 coupEl 11 annul 3 regCoup 3 take [0, 0, 16, 0, 0] upr [0, 0, 3, 0, 0, 4] open96 20 a6 0/1 big8 8 poor 17/17 a10 +0.373 top3 0.55
s4 coupEl 8 annul 3 regCoup 4 take [0, 0, 12, 1, 1] upr [1, 0, 2, 1, 1, 8] open96 21 a6 0/1 big8 8 poor 15/15 a10 +0.361 top3 0.62
s5 coupEl 10 annul 3 regCoup 3 take [0, 0, 15, 0, 2] upr [0, 0, 3, 0, 2, 4] open96 19 a6 0/1 big8 8 poor 16/16 a10 +0.378 top3 0.70
s6 coupEl 10 annul 3 regCoup 5 take [0, 0, 14, 1, 1] upr [0, 0, 2, 1, 1, 9] open96 15 a6 0/1 big8 8 poor 18/18 a10 +0.326 top3 0.70
s7 coupEl 11 annul 3 regCoup 5 take [0, 0, 15, 0, 0] upr [0, 0, 2, 0, 0, 5] open96 19 a6 0/1 big8 8 poor 19/19 a10 +0.351 top3 0.55
s8 coupEl 8 annul 2 regCoup 5 take [0, 0, 10, 1, 1] upr [0, 0, 1, 1, 1, 8] open96 18 a6 0/1 big8 8 poor 15/15 a10 +0.273 top3 0.62
s9 coupEl 8 annul 4 regCoup 5 take [0, 0, 12, 1, 1] upr [0, 0, 2, 1, 1, 8] open96 15 a6 0/1 big8 8 poor 17/17 a10 +0.327 top3 0.62
s10 coupEl 8 annul 3 regCoup 5 take [0, 0, 10, 1, 1] upr [1, 0, 1, 1, 1, 9] open96 18 a6 0/1 big8 8 poor 16/16 a10 +0.363 top3 0.62
s11 coupEl 10 annul 3 regCoup 5 take [0, 0, 13, 1, 1] upr [0, 0, 1, 1, 1, 7] open96 20 a6 0/1 big8 8 poor 18/18 a10 +0.351 top3 0.60
test a7_ballots_flip_the_ruling_bloc_three_times_as_often_as_takeovers ... ok
test a_ballot_and_an_uncoloured_collapse_do_not_fabricate_a_movement_takeover ... ok
A6 at 420 months: route events 0 in 12/12 seeds; pre-existing collapses beside [1, 1, 1, 1, 1, 1, 1, 1, 1, 1, 1, 1]
test a6_no_road_reaches_a_1990_democracy_in_thirty_five_years ... ok
A9: 203/203 = 1.000 of coups in nations under $8,000 a head
test a9_four_coups_in_five_strike_nations_under_8000_a_head ... ok
A8: 40/40 seeds keep >= 6 of 8; per seed [8, 8, 8, 8, 8, 8, 8, 8, 8, 8, 8, 8, 8, 8, 8, 8, 8, 8, 8, 8, 8, 8, 8, 8, 8, 8, 8, 8, 8, 8, 8, 8, 8, 8, 8, 8, 8, 8, 8, 8]
test a8_six_of_the_eight_big_regimes_keep_their_bloc_in_most_seeds ... ok

failures:

failures:
    a1_coups_against_elected_governments_are_spread_not_three_micro_polities
    a5_ex_communists_return_by_ballot_in_most_seeds

test result: FAILED. 9 passed; 2 failed; 0 ignored; 0 measured; 1 filtered out; finished in 45.54s

