
running 11 tests
A1: median coups 14.5 top-3 share median 0.80
s0 coupEl 15 annul 3 regCoup 4 take [0, 0, 17, 0, 1] upr [0, 0, 1, 0, 0, 5] open96 19 a6 0/1 big8 8 poor 22/22 a10 +0.382 top3 0.80
s1 coupEl 14 annul 5 regCoup 7 take [0, 0, 19, 1, 0] upr [1, 0, 2, 1, 0, 11] open96 16 a6 0/1 big8 8 poor 26/26 a10 +0.353 top3 0.79
s2 coupEl 10 annul 4 regCoup 4 take [0, 0, 15, 1, 1] upr [1, 0, 2, 1, 1, 8] open96 19 a6 0/1 big8 8 poor 18/18 a10 +0.377 top3 1.00
s3 coupEl 18 annul 2 regCoup 4 take [0, 0, 19, 0, 1] upr [0, 0, 2, 0, 1, 4] open96 21 a6 0/1 big8 8 poor 24/24 a10 +0.401 top3 0.78
s4 coupEl 17 annul 4 regCoup 5 take [0, 0, 21, 1, 0] upr [2, 0, 1, 1, 0, 8] open96 22 a6 0/1 big8 8 poor 26/26 a10 +0.380 top3 0.71
s5 coupEl 19 annul 2 regCoup 4 take [0, 0, 18, 0, 0] upr [1, 0, 0, 0, 0, 4] open96 20 a6 0/1 big8 8 poor 25/25 a10 +0.305 top3 0.79
s6 coupEl 17 annul 2 regCoup 4 take [0, 0, 18, 1, 0] upr [0, 0, 1, 0, 0, 6] open96 20 a6 0/1 big8 8 poor 23/23 a10 +0.385 top3 0.82
s7 coupEl 18 annul 2 regCoup 4 take [0, 0, 21, 0, 0] upr [1, 0, 2, 0, 0, 5] open96 22 a6 0/1 big8 8 poor 24/24 a10 +0.389 top3 0.83
s8 coupEl 10 annul 4 regCoup 4 take [0, 0, 15, 1, 1] upr [0, 0, 3, 1, 1, 8] open96 18 a6 0/1 big8 8 poor 18/18 a10 +0.362 top3 0.80
s9 coupEl 10 annul 2 regCoup 5 take [0, 0, 13, 1, 1] upr [0, 0, 2, 1, 0, 8] open96 19 a6 0/1 big8 8 poor 17/17 a10 +0.308 top3 0.80
s10 coupEl 11 annul 3 regCoup 5 take [0, 0, 15, 1, 0] upr [3, 0, 2, 1, 0, 7] open96 16 a6 0/1 big8 8 poor 19/19 a10 +0.353 top3 0.91
s11 coupEl 11 annul 3 regCoup 5 take [0, 0, 14, 0, 1] upr [0, 0, 1, 0, 1, 5] open96 21 a6 0/1 big8 8 poor 19/19 a10 +0.393 top3 0.82

thread 'a1_coups_against_elected_governments_are_spread_not_three_micro_polities' (3068) panicked at spheres-sim\tests\bloc_census.rs:991:5:
median coups against elected governments 14.5
note: run with `RUST_BACKTRACE=1` environment variable to display a backtrace
test a1_coups_against_elected_governments_are_spread_not_three_micro_polities ... FAILED
A2: 6/12 seeds; Algeria Islamist 0/12 annulled 12/12
s0 coupEl 15 annul 3 regCoup 4 take [0, 0, 17, 0, 1] upr [0, 0, 1, 0, 0, 5] open96 19 a6 0/1 big8 8 poor 22/22 a10 +0.382 top3 0.80
s1 coupEl 14 annul 5 regCoup 7 take [0, 0, 19, 1, 0] upr [1, 0, 2, 1, 0, 11] open96 16 a6 0/1 big8 8 poor 26/26 a10 +0.353 top3 0.79
s2 coupEl 10 annul 4 regCoup 4 take [0, 0, 15, 1, 1] upr [1, 0, 2, 1, 1, 8] open96 19 a6 0/1 big8 8 poor 18/18 a10 +0.377 top3 1.00
s3 coupEl 18 annul 2 regCoup 4 take [0, 0, 19, 0, 1] upr [0, 0, 2, 0, 1, 4] open96 21 a6 0/1 big8 8 poor 24/24 a10 +0.401 top3 0.78
s4 coupEl 17 annul 4 regCoup 5 take [0, 0, 21, 1, 0] upr [2, 0, 1, 1, 0, 8] open96 22 a6 0/1 big8 8 poor 26/26 a10 +0.380 top3 0.71
s5 coupEl 19 annul 2 regCoup 4 take [0, 0, 18, 0, 0] upr [1, 0, 0, 0, 0, 4] open96 20 a6 0/1 big8 8 poor 25/25 a10 +0.305 top3 0.79
s6 coupEl 17 annul 2 regCoup 4 take [0, 0, 18, 1, 0] upr [0, 0, 1, 0, 0, 6] open96 20 a6 0/1 big8 8 poor 23/23 a10 +0.385 top3 0.82
s7 coupEl 18 annul 2 regCoup 4 take [0, 0, 21, 0, 0] upr [1, 0, 2, 0, 0, 5] open96 22 a6 0/1 big8 8 poor 24/24 a10 +0.389 top3 0.83
s8 coupEl 10 annul 4 regCoup 4 take [0, 0, 15, 1, 1] upr [0, 0, 3, 1, 1, 8] open96 18 a6 0/1 big8 8 poor 18/18 a10 +0.362 top3 0.80
s9 coupEl 10 annul 2 regCoup 5 take [0, 0, 13, 1, 1] upr [0, 0, 2, 1, 0, 8] open96 19 a6 0/1 big8 8 poor 17/17 a10 +0.308 top3 0.80
s10 coupEl 11 annul 3 regCoup 5 take [0, 0, 15, 1, 0] upr [3, 0, 2, 1, 0, 7] open96 16 a6 0/1 big8 8 poor 19/19 a10 +0.353 top3 0.91
s11 coupEl 11 annul 3 regCoup 5 take [0, 0, 14, 0, 1] upr [0, 0, 1, 0, 1, 5] open96 21 a6 0/1 big8 8 poor 19/19 a10 +0.393 top3 0.82

thread 'a2_an_islamist_takeover_without_a_ballot_in_most_seeds_by_2000' (5432) panicked at spheres-sim\tests\bloc_census.rs:1025:5:
Islamist takeover by 2000 in 6/12 seeds
test a2_an_islamist_takeover_without_a_ballot_in_most_seeds_by_2000 ... FAILED
A10: median discontent lead 0.379 over 12 seeds ([0.38174635551939784, 0.35252529524989884, 0.377459114942971, 0.4012594834600485, 0.37991965944802936, 0.3049475226273728, 0.3846789367389439, 0.38868858823305275, 0.3624222109244232, 0.3079514743712075, 0.35260640220853146, 0.3925996980041943])
test a10_discontent_leads_the_roster_by_a_quarter_before_a_takeover ... ok
A3: 2/20 seeds with a Communist non-ballot takeover
s0 coupEl 15 annul 3 regCoup 4 take [0, 0, 17, 0, 1] upr [0, 0, 1, 0, 0, 5] open96 19 a6 0/1 big8 8 poor 22/22 a10 +0.382 top3 0.80
s1 coupEl 14 annul 5 regCoup 7 take [0, 0, 19, 1, 0] upr [1, 0, 2, 1, 0, 11] open96 16 a6 0/1 big8 8 poor 26/26 a10 +0.353 top3 0.79
s2 coupEl 10 annul 4 regCoup 4 take [0, 0, 15, 1, 1] upr [1, 0, 2, 1, 1, 8] open96 19 a6 0/1 big8 8 poor 18/18 a10 +0.377 top3 1.00
s3 coupEl 18 annul 2 regCoup 4 take [0, 0, 19, 0, 1] upr [0, 0, 2, 0, 1, 4] open96 21 a6 0/1 big8 8 poor 24/24 a10 +0.401 top3 0.78
s4 coupEl 17 annul 4 regCoup 5 take [0, 0, 21, 1, 0] upr [2, 0, 1, 1, 0, 8] open96 22 a6 0/1 big8 8 poor 26/26 a10 +0.380 top3 0.71
s5 coupEl 19 annul 2 regCoup 4 take [0, 0, 18, 0, 0] upr [1, 0, 0, 0, 0, 4] open96 20 a6 0/1 big8 8 poor 25/25 a10 +0.305 top3 0.79
s6 coupEl 17 annul 2 regCoup 4 take [0, 0, 18, 1, 0] upr [0, 0, 1, 0, 0, 6] open96 20 a6 0/1 big8 8 poor 23/23 a10 +0.385 top3 0.82
s7 coupEl 18 annul 2 regCoup 4 take [0, 0, 21, 0, 0] upr [1, 0, 2, 0, 0, 5] open96 22 a6 0/1 big8 8 poor 24/24 a10 +0.389 top3 0.83
s8 coupEl 10 annul 4 regCoup 4 take [0, 0, 15, 1, 1] upr [0, 0, 3, 1, 1, 8] open96 18 a6 0/1 big8 8 poor 18/18 a10 +0.362 top3 0.80
s9 coupEl 10 annul 2 regCoup 5 take [0, 0, 13, 1, 1] upr [0, 0, 2, 1, 0, 8] open96 19 a6 0/1 big8 8 poor 17/17 a10 +0.308 top3 0.80
s10 coupEl 11 annul 3 regCoup 5 take [0, 0, 15, 1, 0] upr [3, 0, 2, 1, 0, 7] open96 16 a6 0/1 big8 8 poor 19/19 a10 +0.353 top3 0.91
s11 coupEl 11 annul 3 regCoup 5 take [0, 0, 14, 0, 1] upr [0, 0, 1, 0, 1, 5] open96 21 a6 0/1 big8 8 poor 19/19 a10 +0.393 top3 0.82
s12 coupEl 15 annul 3 regCoup 5 take [0, 0, 18, 0, 0] upr [1, 0, 1, 0, 0, 5] open96 19 a6 0/1 big8 8 poor 23/23 a10 +0.350 top3 0.87
s13 coupEl 11 annul 3 regCoup 5 take [0, 0, 14, 0, 1] upr [1, 0, 1, 0, 0, 5] open96 21 a6 0/1 big8 8 poor 19/19 a10 +0.335 top3 0.82
s14 coupEl 5 annul 2 regCoup 5 take [0, 0, 7, 1, 1] upr [0, 0, 1, 1, 1, 5] open96 22 a6 0/1 big8 8 poor 12/12 a10 +0.331 top3 1.00
test a3_a_communist_takeover_without_a_ballot_is_rare ... ok
s15 coupEl 12 annul 3 regCoup 4 take [0, 0, 17, 0, 0] upr [0, 0, 3, 0, 0, 4] open96 23 a6 0/1 big8 8 poor 19/19 a10 +0.380 top3 0.83
s16 coupEl 15 annul 4 regCoup 5 take [0, 0, 20, 1, 0] upr [0, 0, 2, 1, 0, 7] open96 20 a6 0/1 big8 8 poor 24/24 a10 +0.362 top3 0.80
s17 coupEl 17 annul 4 regCoup 4 take [0, 0, 19, 0, 1] upr [0, 0, 0, 0, 1, 5] open96 21 a6 0/1 big8 8 poor 25/25 a10 +0.342 top3 0.76
s18 coupEl 12 annul 5 regCoup 5 take [0, 1, 16, 1, 0] upr [1, 1, 1, 1, 0, 8] open96 18 a6 0/1 big8 8 poor 22/22 a10 +0.340 top3 0.75
s19 coupEl 17 annul 3 regCoup 4 take [0, 1, 18, 1, 0] upr [1, 1, 0, 1, 0, 8] open96 18 a6 0/1 big8 8 poor 24/24 a10 +0.362 top3 0.71
A5: 6/12 seeds with a flagged successor party led back into government by ballot in >= 3 ex-communist states by 1996
s0 coupEl 15 annul 3 regCoup 4 take [0, 0, 17, 0, 1] upr [0, 0, 1, 0, 0, 5] open96 19 a6 0/1 big8 8 poor 22/22 a10 +0.382 top3 0.80
s1 coupEl 14 annul 5 regCoup 7 take [0, 0, 19, 1, 0] upr [1, 0, 2, 1, 0, 11] open96 16 a6 0/1 big8 8 poor 26/26 a10 +0.353 top3 0.79
s2 coupEl 10 annul 4 regCoup 4 take [0, 0, 15, 1, 1] upr [1, 0, 2, 1, 1, 8] open96 19 a6 0/1 big8 8 poor 18/18 a10 +0.377 top3 1.00
s3 coupEl 18 annul 2 regCoup 4 take [0, 0, 19, 0, 1] upr [0, 0, 2, 0, 1, 4] open96 21 a6 0/1 big8 8 poor 24/24 a10 +0.401 top3 0.78
s4 coupEl 17 annul 4 regCoup 5 take [0, 0, 21, 1, 0] upr [2, 0, 1, 1, 0, 8] open96 22 a6 0/1 big8 8 poor 26/26 a10 +0.380 top3 0.71
s5 coupEl 19 annul 2 regCoup 4 take [0, 0, 18, 0, 0] upr [1, 0, 0, 0, 0, 4] open96 20 a6 0/1 big8 8 poor 25/25 a10 +0.305 top3 0.79
s6 coupEl 17 annul 2 regCoup 4 take [0, 0, 18, 1, 0] upr [0, 0, 1, 0, 0, 6] open96 20 a6 0/1 big8 8 poor 23/23 a10 +0.385 top3 0.82
s7 coupEl 18 annul 2 regCoup 4 take [0, 0, 21, 0, 0] upr [1, 0, 2, 0, 0, 5] open96 22 a6 0/1 big8 8 poor 24/24 a10 +0.389 top3 0.83
s8 coupEl 10 annul 4 regCoup 4 take [0, 0, 15, 1, 1] upr [0, 0, 3, 1, 1, 8] open96 18 a6 0/1 big8 8 poor 18/18 a10 +0.362 top3 0.80
s9 coupEl 10 annul 2 regCoup 5 take [0, 0, 13, 1, 1] upr [0, 0, 2, 1, 0, 8] open96 19 a6 0/1 big8 8 poor 17/17 a10 +0.308 top3 0.80
s10 coupEl 11 annul 3 regCoup 5 take [0, 0, 15, 1, 0] upr [3, 0, 2, 1, 0, 7] open96 16 a6 0/1 big8 8 poor 19/19 a10 +0.353 top3 0.91
s11 coupEl 11 annul 3 regCoup 5 take [0, 0, 14, 0, 1] upr [0, 0, 1, 0, 1, 5] open96 21 a6 0/1 big8 8 poor 19/19 a10 +0.393 top3 0.82

thread 'a5_ex_communists_return_by_ballot_in_most_seeds' (27620) panicked at spheres-sim\tests\bloc_census.rs:1132:5:
a successor party led back into government by ballot in three states, in 6/12 seeds
test a5_ex_communists_return_by_ballot_in_most_seeds ... FAILED
A4: median 1990 regimes electoral at end-1996 19.5
s0 coupEl 15 annul 3 regCoup 4 take [0, 0, 17, 0, 1] upr [0, 0, 1, 0, 0, 5] open96 19 a6 0/1 big8 8 poor 22/22 a10 +0.382 top3 0.80
s1 coupEl 14 annul 5 regCoup 7 take [0, 0, 19, 1, 0] upr [1, 0, 2, 1, 0, 11] open96 16 a6 0/1 big8 8 poor 26/26 a10 +0.353 top3 0.79
s2 coupEl 10 annul 4 regCoup 4 take [0, 0, 15, 1, 1] upr [1, 0, 2, 1, 1, 8] open96 19 a6 0/1 big8 8 poor 18/18 a10 +0.377 top3 1.00
s3 coupEl 18 annul 2 regCoup 4 take [0, 0, 19, 0, 1] upr [0, 0, 2, 0, 1, 4] open96 21 a6 0/1 big8 8 poor 24/24 a10 +0.401 top3 0.78
s4 coupEl 17 annul 4 regCoup 5 take [0, 0, 21, 1, 0] upr [2, 0, 1, 1, 0, 8] open96 22 a6 0/1 big8 8 poor 26/26 a10 +0.380 top3 0.71
s5 coupEl 19 annul 2 regCoup 4 take [0, 0, 18, 0, 0] upr [1, 0, 0, 0, 0, 4] open96 20 a6 0/1 big8 8 poor 25/25 a10 +0.305 top3 0.79
s6 coupEl 17 annul 2 regCoup 4 take [0, 0, 18, 1, 0] upr [0, 0, 1, 0, 0, 6] open96 20 a6 0/1 big8 8 poor 23/23 a10 +0.385 top3 0.82
s7 coupEl 18 annul 2 regCoup 4 take [0, 0, 21, 0, 0] upr [1, 0, 2, 0, 0, 5] open96 22 a6 0/1 big8 8 poor 24/24 a10 +0.389 top3 0.83
s8 coupEl 10 annul 4 regCoup 4 take [0, 0, 15, 1, 1] upr [0, 0, 3, 1, 1, 8] open96 18 a6 0/1 big8 8 poor 18/18 a10 +0.362 top3 0.80
s9 coupEl 10 annul 2 regCoup 5 take [0, 0, 13, 1, 1] upr [0, 0, 2, 1, 0, 8] open96 19 a6 0/1 big8 8 poor 17/17 a10 +0.308 top3 0.80
s10 coupEl 11 annul 3 regCoup 5 take [0, 0, 15, 1, 0] upr [3, 0, 2, 1, 0, 7] open96 16 a6 0/1 big8 8 poor 19/19 a10 +0.353 top3 0.91
s11 coupEl 11 annul 3 regCoup 5 take [0, 0, 14, 0, 1] upr [0, 0, 1, 0, 1, 5] open96 21 a6 0/1 big8 8 poor 19/19 a10 +0.393 top3 0.82
test a4_the_democratisation_wave_opens_fifteen_regimes_by_1996 ... ok
A7: median ballot-flips / takeovers 5.000 ([3.4444444444444446, 5.4, 6.352941176470588, 3.85, 5.5, 3.9444444444444446, 3.789473684210526, 3.238095238095238, 6.647058823529412, 7.066666666666666, 6.4375, 4.6])
s0 coupEl 15 annul 3 regCoup 4 take [0, 0, 17, 0, 1] upr [0, 0, 1, 0, 0, 5] open96 19 a6 0/1 big8 8 poor 22/22 a10 +0.382 top3 0.80
s1 coupEl 14 annul 5 regCoup 7 take [0, 0, 19, 1, 0] upr [1, 0, 2, 1, 0, 11] open96 16 a6 0/1 big8 8 poor 26/26 a10 +0.353 top3 0.79
s2 coupEl 10 annul 4 regCoup 4 take [0, 0, 15, 1, 1] upr [1, 0, 2, 1, 1, 8] open96 19 a6 0/1 big8 8 poor 18/18 a10 +0.377 top3 1.00
s3 coupEl 18 annul 2 regCoup 4 take [0, 0, 19, 0, 1] upr [0, 0, 2, 0, 1, 4] open96 21 a6 0/1 big8 8 poor 24/24 a10 +0.401 top3 0.78
s4 coupEl 17 annul 4 regCoup 5 take [0, 0, 21, 1, 0] upr [2, 0, 1, 1, 0, 8] open96 22 a6 0/1 big8 8 poor 26/26 a10 +0.380 top3 0.71
s5 coupEl 19 annul 2 regCoup 4 take [0, 0, 18, 0, 0] upr [1, 0, 0, 0, 0, 4] open96 20 a6 0/1 big8 8 poor 25/25 a10 +0.305 top3 0.79
s6 coupEl 17 annul 2 regCoup 4 take [0, 0, 18, 1, 0] upr [0, 0, 1, 0, 0, 6] open96 20 a6 0/1 big8 8 poor 23/23 a10 +0.385 top3 0.82
s7 coupEl 18 annul 2 regCoup 4 take [0, 0, 21, 0, 0] upr [1, 0, 2, 0, 0, 5] open96 22 a6 0/1 big8 8 poor 24/24 a10 +0.389 top3 0.83
s8 coupEl 10 annul 4 regCoup 4 take [0, 0, 15, 1, 1] upr [0, 0, 3, 1, 1, 8] open96 18 a6 0/1 big8 8 poor 18/18 a10 +0.362 top3 0.80
s9 coupEl 10 annul 2 regCoup 5 take [0, 0, 13, 1, 1] upr [0, 0, 2, 1, 0, 8] open96 19 a6 0/1 big8 8 poor 17/17 a10 +0.308 top3 0.80
s10 coupEl 11 annul 3 regCoup 5 take [0, 0, 15, 1, 0] upr [3, 0, 2, 1, 0, 7] open96 16 a6 0/1 big8 8 poor 19/19 a10 +0.353 top3 0.91
s11 coupEl 11 annul 3 regCoup 5 take [0, 0, 14, 0, 1] upr [0, 0, 1, 0, 1, 5] open96 21 a6 0/1 big8 8 poor 19/19 a10 +0.393 top3 0.82
test a7_ballots_flip_the_ruling_bloc_three_times_as_often_as_takeovers ... ok
test a_ballot_and_an_uncoloured_collapse_do_not_fabricate_a_movement_takeover ... ok
A6 at 420 months: route events 0 in 12/12 seeds; pre-existing collapses beside [1, 1, 1, 1, 1, 1, 1, 1, 1, 1, 1, 1]
test a6_no_road_reaches_a_1990_democracy_in_thirty_five_years ... ok
A9: 261/261 = 1.000 of coups in nations under $8,000 a head
test a9_four_coups_in_five_strike_nations_under_8000_a_head ... ok
A8: 40/40 seeds keep >= 6 of 8; per seed [8, 8, 8, 8, 8, 8, 8, 8, 8, 8, 8, 8, 8, 8, 8, 8, 8, 8, 8, 8, 8, 8, 8, 8, 8, 8, 8, 8, 8, 8, 8, 8, 8, 8, 8, 8, 8, 8, 8, 8]
test a8_six_of_the_eight_big_regimes_keep_their_bloc_in_most_seeds ... ok

failures:

failures:
    a1_coups_against_elected_governments_are_spread_not_three_micro_polities
    a2_an_islamist_takeover_without_a_ballot_in_most_seeds_by_2000
    a5_ex_communists_return_by_ballot_in_most_seeds

test result: FAILED. 8 passed; 3 failed; 0 ignored; 0 measured; 1 filtered out; finished in 38.70s

