
running 11 tests
A2: 8/12 seeds; Algeria Islamist 0/12 annulled 12/12
s0 coupEl 8 annul 2 regCoup 4 take [0, 0, 9, 0, 1] upr [0, 0, 1, 0, 1, 3] open96 19 a6 0/1 big8 8 poor 14/14 a10 +0.338 top3 0.38
s1 coupEl 5 annul 2 regCoup 6 take [0, 0, 7, 1, 1] upr [0, 0, 1, 1, 1, 9] open96 18 a6 0/1 big8 8 poor 13/13 a10 +0.360 top3 0.60
s2 coupEl 6 annul 4 regCoup 7 take [0, 0, 10, 1, 0] upr [1, 0, 2, 1, 0, 8] open96 21 a6 0/1 big8 8 poor 17/17 a10 +0.278 top3 0.50
s3 coupEl 6 annul 2 regCoup 7 take [0, 0, 10, 0, 0] upr [1, 0, 3, 0, 0, 6] open96 18 a6 0/1 big8 8 poor 15/15 a10 +0.365 top3 0.67
s4 coupEl 7 annul 3 regCoup 7 take [0, 0, 12, 1, 0] upr [1, 0, 3, 1, 0, 9] open96 20 a6 0/1 big8 8 poor 17/17 a10 +0.312 top3 0.57
s5 coupEl 9 annul 3 regCoup 4 take [0, 0, 14, 0, 1] upr [0, 0, 3, 0, 1, 4] open96 21 a6 0/1 big8 8 poor 16/16 a10 +0.356 top3 0.67
s6 coupEl 8 annul 3 regCoup 7 take [0, 0, 12, 1, 0] upr [0, 0, 2, 1, 0, 8] open96 14 a6 0/1 big8 8 poor 18/18 a10 +0.350 top3 0.62
s7 coupEl 6 annul 2 regCoup 4 take [0, 0, 9, 0, 1] upr [1, 0, 2, 0, 1, 3] open96 22 a6 0/1 big8 8 poor 12/12 a10 +0.316 top3 0.50
s8 coupEl 7 annul 3 regCoup 6 take [0, 0, 12, 1, 0] upr [0, 0, 3, 1, 0, 8] open96 14 a6 0/1 big8 8 poor 16/16 a10 +0.357 top3 0.57
s9 coupEl 8 annul 5 regCoup 6 take [0, 0, 12, 1, 1] upr [0, 0, 1, 1, 1, 8] open96 21 a6 0/1 big8 8 poor 19/19 a10 +0.327 top3 0.50
s10 coupEl 7 annul 4 regCoup 8 take [0, 0, 12, 1, 0] upr [0, 0, 2, 1, 0, 8] open96 20 a6 0/1 big8 8 poor 19/19 a10 +0.357 top3 0.57
s11 coupEl 10 annul 4 regCoup 4 take [0, 0, 11, 1, 1] upr [1, 0, 0, 1, 1, 3] open96 21 a6 0/1 big8 8 poor 18/18 a10 +0.329 top3 0.60
test a2_an_islamist_takeover_without_a_ballot_in_most_seeds_by_2000 ... ok
A1: median coups 7 top-3 share median 0.57
s0 coupEl 8 annul 2 regCoup 4 take [0, 0, 9, 0, 1] upr [0, 0, 1, 0, 1, 3] open96 19 a6 0/1 big8 8 poor 14/14 a10 +0.338 top3 0.38
s1 coupEl 5 annul 2 regCoup 6 take [0, 0, 7, 1, 1] upr [0, 0, 1, 1, 1, 9] open96 18 a6 0/1 big8 8 poor 13/13 a10 +0.360 top3 0.60
s2 coupEl 6 annul 4 regCoup 7 take [0, 0, 10, 1, 0] upr [1, 0, 2, 1, 0, 8] open96 21 a6 0/1 big8 8 poor 17/17 a10 +0.278 top3 0.50
s3 coupEl 6 annul 2 regCoup 7 take [0, 0, 10, 0, 0] upr [1, 0, 3, 0, 0, 6] open96 18 a6 0/1 big8 8 poor 15/15 a10 +0.365 top3 0.67
s4 coupEl 7 annul 3 regCoup 7 take [0, 0, 12, 1, 0] upr [1, 0, 3, 1, 0, 9] open96 20 a6 0/1 big8 8 poor 17/17 a10 +0.312 top3 0.57
s5 coupEl 9 annul 3 regCoup 4 take [0, 0, 14, 0, 1] upr [0, 0, 3, 0, 1, 4] open96 21 a6 0/1 big8 8 poor 16/16 a10 +0.356 top3 0.67
s6 coupEl 8 annul 3 regCoup 7 take [0, 0, 12, 1, 0] upr [0, 0, 2, 1, 0, 8] open96 14 a6 0/1 big8 8 poor 18/18 a10 +0.350 top3 0.62
s7 coupEl 6 annul 2 regCoup 4 take [0, 0, 9, 0, 1] upr [1, 0, 2, 0, 1, 3] open96 22 a6 0/1 big8 8 poor 12/12 a10 +0.316 top3 0.50
s8 coupEl 7 annul 3 regCoup 6 take [0, 0, 12, 1, 0] upr [0, 0, 3, 1, 0, 8] open96 14 a6 0/1 big8 8 poor 16/16 a10 +0.357 top3 0.57
s9 coupEl 8 annul 5 regCoup 6 take [0, 0, 12, 1, 1] upr [0, 0, 1, 1, 1, 8] open96 21 a6 0/1 big8 8 poor 19/19 a10 +0.327 top3 0.50
s10 coupEl 7 annul 4 regCoup 8 take [0, 0, 12, 1, 0] upr [0, 0, 2, 1, 0, 8] open96 20 a6 0/1 big8 8 poor 19/19 a10 +0.357 top3 0.57
s11 coupEl 10 annul 4 regCoup 4 take [0, 0, 11, 1, 1] upr [1, 0, 0, 1, 1, 3] open96 21 a6 0/1 big8 8 poor 18/18 a10 +0.329 top3 0.60

thread 'a1_coups_against_elected_governments_are_spread_not_three_micro_polities' (30560) panicked at spheres-sim\tests\bloc_census.rs:992:5:
three nations hold 0.57 of a seed's coups
note: run with `RUST_BACKTRACE=1` environment variable to display a backtrace
test a1_coups_against_elected_governments_are_spread_not_three_micro_polities ... FAILED
A10: median discontent lead 0.344 over 12 seeds ([0.3379049619749859, 0.3603565858351986, 0.27818546351034, 0.36490877050975434, 0.312294260603163, 0.3564117022489627, 0.3497560839208236, 0.3159876738535363, 0.35736979227649274, 0.3268736863723918, 0.3566788965166675, 0.32948264741951927])
test a10_discontent_leads_the_roster_by_a_quarter_before_a_takeover ... ok
A3: 0/20 seeds with a Communist non-ballot takeover
s0 coupEl 8 annul 2 regCoup 4 take [0, 0, 9, 0, 1] upr [0, 0, 1, 0, 1, 3] open96 19 a6 0/1 big8 8 poor 14/14 a10 +0.338 top3 0.38
s1 coupEl 5 annul 2 regCoup 6 take [0, 0, 7, 1, 1] upr [0, 0, 1, 1, 1, 9] open96 18 a6 0/1 big8 8 poor 13/13 a10 +0.360 top3 0.60
s2 coupEl 6 annul 4 regCoup 7 take [0, 0, 10, 1, 0] upr [1, 0, 2, 1, 0, 8] open96 21 a6 0/1 big8 8 poor 17/17 a10 +0.278 top3 0.50
s3 coupEl 6 annul 2 regCoup 7 take [0, 0, 10, 0, 0] upr [1, 0, 3, 0, 0, 6] open96 18 a6 0/1 big8 8 poor 15/15 a10 +0.365 top3 0.67
s4 coupEl 7 annul 3 regCoup 7 take [0, 0, 12, 1, 0] upr [1, 0, 3, 1, 0, 9] open96 20 a6 0/1 big8 8 poor 17/17 a10 +0.312 top3 0.57
s5 coupEl 9 annul 3 regCoup 4 take [0, 0, 14, 0, 1] upr [0, 0, 3, 0, 1, 4] open96 21 a6 0/1 big8 8 poor 16/16 a10 +0.356 top3 0.67
s6 coupEl 8 annul 3 regCoup 7 take [0, 0, 12, 1, 0] upr [0, 0, 2, 1, 0, 8] open96 14 a6 0/1 big8 8 poor 18/18 a10 +0.350 top3 0.62
s7 coupEl 6 annul 2 regCoup 4 take [0, 0, 9, 0, 1] upr [1, 0, 2, 0, 1, 3] open96 22 a6 0/1 big8 8 poor 12/12 a10 +0.316 top3 0.50
s8 coupEl 7 annul 3 regCoup 6 take [0, 0, 12, 1, 0] upr [0, 0, 3, 1, 0, 8] open96 14 a6 0/1 big8 8 poor 16/16 a10 +0.357 top3 0.57
s9 coupEl 8 annul 5 regCoup 6 take [0, 0, 12, 1, 1] upr [0, 0, 1, 1, 1, 8] open96 21 a6 0/1 big8 8 poor 19/19 a10 +0.327 top3 0.50
s10 coupEl 7 annul 4 regCoup 8 take [0, 0, 12, 1, 0] upr [0, 0, 2, 1, 0, 8] open96 20 a6 0/1 big8 8 poor 19/19 a10 +0.357 top3 0.57
s11 coupEl 10 annul 4 regCoup 4 take [0, 0, 11, 1, 1] upr [1, 0, 0, 1, 1, 3] open96 21 a6 0/1 big8 8 poor 18/18 a10 +0.329 top3 0.60
s12 coupEl 10 annul 2 regCoup 6 take [0, 0, 11, 0, 1] upr [0, 0, 1, 0, 1, 3] open96 17 a6 0/1 big8 8 poor 18/18 a10 +0.319 top3 0.60
s13 coupEl 9 annul 5 regCoup 6 take [0, 0, 15, 0, 0] upr [0, 0, 2, 0, 0, 6] open96 19 a6 0/1 big8 8 poor 20/20 a10 +0.346 top3 0.67
s14 coupEl 8 annul 2 regCoup 6 take [0, 0, 10, 0, 1] upr [0, 0, 1, 0, 1, 5] open96 18 a6 0/1 big8 8 poor 16/16 a10 +0.288 top3 0.62
test a3_a_communist_takeover_without_a_ballot_is_rare ... ok
s15 coupEl 7 annul 4 regCoup 7 take [0, 0, 12, 1, 0] upr [1, 0, 2, 1, 0, 8] open96 21 a6 0/1 big8 8 poor 18/18 a10 +0.350 top3 0.71
s16 coupEl 10 annul 3 regCoup 6 take [0, 0, 14, 1, 0] upr [0, 0, 2, 1, 0, 9] open96 19 a6 0/1 big8 8 poor 19/19 a10 +0.310 top3 0.60
s17 coupEl 8 annul 4 regCoup 5 take [0, 0, 13, 0, 1] upr [0, 0, 2, 0, 1, 4] open96 20 a6 0/1 big8 8 poor 17/17 a10 +0.340 top3 0.62
s18 coupEl 10 annul 3 regCoup 7 take [0, 0, 12, 1, 1] upr [0, 0, 1, 1, 1, 8] open96 19 a6 0/1 big8 8 poor 20/20 a10 +0.315 top3 0.50
s19 coupEl 8 annul 3 regCoup 5 take [0, 0, 12, 1, 1] upr [0, 0, 2, 1, 1, 7] open96 18 a6 0/1 big8 8 poor 16/16 a10 +0.311 top3 0.62
A4: median 1990 regimes electoral at end-1996 20
s0 coupEl 8 annul 2 regCoup 4 take [0, 0, 9, 0, 1] upr [0, 0, 1, 0, 1, 3] open96 19 a6 0/1 big8 8 poor 14/14 a10 +0.338 top3 0.38
s1 coupEl 5 annul 2 regCoup 6 take [0, 0, 7, 1, 1] upr [0, 0, 1, 1, 1, 9] open96 18 a6 0/1 big8 8 poor 13/13 a10 +0.360 top3 0.60
s2 coupEl 6 annul 4 regCoup 7 take [0, 0, 10, 1, 0] upr [1, 0, 2, 1, 0, 8] open96 21 a6 0/1 big8 8 poor 17/17 a10 +0.278 top3 0.50
s3 coupEl 6 annul 2 regCoup 7 take [0, 0, 10, 0, 0] upr [1, 0, 3, 0, 0, 6] open96 18 a6 0/1 big8 8 poor 15/15 a10 +0.365 top3 0.67
s4 coupEl 7 annul 3 regCoup 7 take [0, 0, 12, 1, 0] upr [1, 0, 3, 1, 0, 9] open96 20 a6 0/1 big8 8 poor 17/17 a10 +0.312 top3 0.57
s5 coupEl 9 annul 3 regCoup 4 take [0, 0, 14, 0, 1] upr [0, 0, 3, 0, 1, 4] open96 21 a6 0/1 big8 8 poor 16/16 a10 +0.356 top3 0.67
s6 coupEl 8 annul 3 regCoup 7 take [0, 0, 12, 1, 0] upr [0, 0, 2, 1, 0, 8] open96 14 a6 0/1 big8 8 poor 18/18 a10 +0.350 top3 0.62
s7 coupEl 6 annul 2 regCoup 4 take [0, 0, 9, 0, 1] upr [1, 0, 2, 0, 1, 3] open96 22 a6 0/1 big8 8 poor 12/12 a10 +0.316 top3 0.50
s8 coupEl 7 annul 3 regCoup 6 take [0, 0, 12, 1, 0] upr [0, 0, 3, 1, 0, 8] open96 14 a6 0/1 big8 8 poor 16/16 a10 +0.357 top3 0.57
s9 coupEl 8 annul 5 regCoup 6 take [0, 0, 12, 1, 1] upr [0, 0, 1, 1, 1, 8] open96 21 a6 0/1 big8 8 poor 19/19 a10 +0.327 top3 0.50
s10 coupEl 7 annul 4 regCoup 8 take [0, 0, 12, 1, 0] upr [0, 0, 2, 1, 0, 8] open96 20 a6 0/1 big8 8 poor 19/19 a10 +0.357 top3 0.57
s11 coupEl 10 annul 4 regCoup 4 take [0, 0, 11, 1, 1] upr [1, 0, 0, 1, 1, 3] open96 21 a6 0/1 big8 8 poor 18/18 a10 +0.329 top3 0.60
test a4_the_democratisation_wave_opens_fifteen_regimes_by_1996 ... ok
A5: 7/12 seeds with a flagged successor party led back into government by ballot in >= 3 ex-communist states by 1996
s0 coupEl 8 annul 2 regCoup 4 take [0, 0, 9, 0, 1] upr [0, 0, 1, 0, 1, 3] open96 19 a6 0/1 big8 8 poor 14/14 a10 +0.338 top3 0.38
s1 coupEl 5 annul 2 regCoup 6 take [0, 0, 7, 1, 1] upr [0, 0, 1, 1, 1, 9] open96 18 a6 0/1 big8 8 poor 13/13 a10 +0.360 top3 0.60
s2 coupEl 6 annul 4 regCoup 7 take [0, 0, 10, 1, 0] upr [1, 0, 2, 1, 0, 8] open96 21 a6 0/1 big8 8 poor 17/17 a10 +0.278 top3 0.50
s3 coupEl 6 annul 2 regCoup 7 take [0, 0, 10, 0, 0] upr [1, 0, 3, 0, 0, 6] open96 18 a6 0/1 big8 8 poor 15/15 a10 +0.365 top3 0.67
s4 coupEl 7 annul 3 regCoup 7 take [0, 0, 12, 1, 0] upr [1, 0, 3, 1, 0, 9] open96 20 a6 0/1 big8 8 poor 17/17 a10 +0.312 top3 0.57
s5 coupEl 9 annul 3 regCoup 4 take [0, 0, 14, 0, 1] upr [0, 0, 3, 0, 1, 4] open96 21 a6 0/1 big8 8 poor 16/16 a10 +0.356 top3 0.67
s6 coupEl 8 annul 3 regCoup 7 take [0, 0, 12, 1, 0] upr [0, 0, 2, 1, 0, 8] open96 14 a6 0/1 big8 8 poor 18/18 a10 +0.350 top3 0.62
s7 coupEl 6 annul 2 regCoup 4 take [0, 0, 9, 0, 1] upr [1, 0, 2, 0, 1, 3] open96 22 a6 0/1 big8 8 poor 12/12 a10 +0.316 top3 0.50
s8 coupEl 7 annul 3 regCoup 6 take [0, 0, 12, 1, 0] upr [0, 0, 3, 1, 0, 8] open96 14 a6 0/1 big8 8 poor 16/16 a10 +0.357 top3 0.57
s9 coupEl 8 annul 5 regCoup 6 take [0, 0, 12, 1, 1] upr [0, 0, 1, 1, 1, 8] open96 21 a6 0/1 big8 8 poor 19/19 a10 +0.327 top3 0.50
s10 coupEl 7 annul 4 regCoup 8 take [0, 0, 12, 1, 0] upr [0, 0, 2, 1, 0, 8] open96 20 a6 0/1 big8 8 poor 19/19 a10 +0.357 top3 0.57
s11 coupEl 10 annul 4 regCoup 4 take [0, 0, 11, 1, 1] upr [1, 0, 0, 1, 1, 3] open96 21 a6 0/1 big8 8 poor 18/18 a10 +0.329 top3 0.60
test a5_ex_communists_return_by_ballot_in_most_seeds ... ok
test a7_ballots_flip_the_ruling_bloc_three_times_as_often_as_takeovers ... ok
test a_ballot_and_an_uncoloured_collapse_do_not_fabricate_a_movement_takeover ... ok
A7: median ballot-flips / takeovers 8.357 ([8.0, 12.444444444444445, 9.818181818181818, 7.7, 7.923076923076923, 5.133333333333334, 10.384615384615385, 6.6, 9.076923076923077, 8.714285714285714, 9.846153846153847, 6.384615384615385])
s0 coupEl 8 annul 2 regCoup 4 take [0, 0, 9, 0, 1] upr [0, 0, 1, 0, 1, 3] open96 19 a6 0/1 big8 8 poor 14/14 a10 +0.338 top3 0.38
s1 coupEl 5 annul 2 regCoup 6 take [0, 0, 7, 1, 1] upr [0, 0, 1, 1, 1, 9] open96 18 a6 0/1 big8 8 poor 13/13 a10 +0.360 top3 0.60
s2 coupEl 6 annul 4 regCoup 7 take [0, 0, 10, 1, 0] upr [1, 0, 2, 1, 0, 8] open96 21 a6 0/1 big8 8 poor 17/17 a10 +0.278 top3 0.50
s3 coupEl 6 annul 2 regCoup 7 take [0, 0, 10, 0, 0] upr [1, 0, 3, 0, 0, 6] open96 18 a6 0/1 big8 8 poor 15/15 a10 +0.365 top3 0.67
s4 coupEl 7 annul 3 regCoup 7 take [0, 0, 12, 1, 0] upr [1, 0, 3, 1, 0, 9] open96 20 a6 0/1 big8 8 poor 17/17 a10 +0.312 top3 0.57
s5 coupEl 9 annul 3 regCoup 4 take [0, 0, 14, 0, 1] upr [0, 0, 3, 0, 1, 4] open96 21 a6 0/1 big8 8 poor 16/16 a10 +0.356 top3 0.67
s6 coupEl 8 annul 3 regCoup 7 take [0, 0, 12, 1, 0] upr [0, 0, 2, 1, 0, 8] open96 14 a6 0/1 big8 8 poor 18/18 a10 +0.350 top3 0.62
s7 coupEl 6 annul 2 regCoup 4 take [0, 0, 9, 0, 1] upr [1, 0, 2, 0, 1, 3] open96 22 a6 0/1 big8 8 poor 12/12 a10 +0.316 top3 0.50
s8 coupEl 7 annul 3 regCoup 6 take [0, 0, 12, 1, 0] upr [0, 0, 3, 1, 0, 8] open96 14 a6 0/1 big8 8 poor 16/16 a10 +0.357 top3 0.57
s9 coupEl 8 annul 5 regCoup 6 take [0, 0, 12, 1, 1] upr [0, 0, 1, 1, 1, 8] open96 21 a6 0/1 big8 8 poor 19/19 a10 +0.327 top3 0.50
s10 coupEl 7 annul 4 regCoup 8 take [0, 0, 12, 1, 0] upr [0, 0, 2, 1, 0, 8] open96 20 a6 0/1 big8 8 poor 19/19 a10 +0.357 top3 0.57
s11 coupEl 10 annul 4 regCoup 4 take [0, 0, 11, 1, 1] upr [1, 0, 0, 1, 1, 3] open96 21 a6 0/1 big8 8 poor 18/18 a10 +0.329 top3 0.60
A6 at 420 months: route events 0 in 12/12 seeds; pre-existing collapses beside [1, 1, 1, 1, 1, 1, 1, 1, 1, 1, 1, 1]
test a6_no_road_reaches_a_1990_democracy_in_thirty_five_years ... ok
A9: 194/194 = 1.000 of coups in nations under $8,000 a head
test a9_four_coups_in_five_strike_nations_under_8000_a_head ... ok
A8: 40/40 seeds keep >= 6 of 8; per seed [8, 8, 8, 8, 8, 8, 8, 8, 8, 8, 8, 8, 8, 8, 8, 8, 8, 8, 8, 8, 8, 8, 8, 8, 8, 8, 8, 8, 8, 8, 8, 8, 8, 8, 8, 8, 8, 8, 8, 8]
test a8_six_of_the_eight_big_regimes_keep_their_bloc_in_most_seeds ... ok

failures:

failures:
    a1_coups_against_elected_governments_are_spread_not_three_micro_polities

test result: FAILED. 10 passed; 1 failed; 0 ignored; 0 measured; 1 filtered out; finished in 45.98s

