
running 11 tests
A10: median discontent lead 0.344 over 12 seeds ([0.32248836133628944, 0.3300267172456549, 0.3512043583415277, 0.34465422287090186, 0.32353712913527577, 0.32904729107303754, 0.3331262035681693, 0.34325027115354967, 0.35351982453413555, 0.3536612344888613, 0.3547368301124513, 0.34989433130161995])
test a10_discontent_leads_the_roster_by_a_quarter_before_a_takeover ... ok
A2: 8/12 seeds; Algeria Islamist 0/12 annulled 12/12
s0 coupEl 8 annul 2 regCoup 6 take [0, 0, 11, 0, 0] upr [0, 0, 2, 0, 0, 5] open96 19 a6 0/1 big8 8 poor 16/16 a10 +0.322 top3 0.75
s1 coupEl 7 annul 2 regCoup 5 take [0, 0, 10, 1, 0] upr [2, 0, 2, 1, 0, 4] open96 19 a6 0/1 big8 8 poor 14/14 a10 +0.330 top3 0.71
s2 coupEl 8 annul 3 regCoup 6 take [0, 0, 12, 1, 1] upr [0, 0, 2, 1, 1, 7] open96 22 a6 0/1 big8 8 poor 17/17 a10 +0.351 top3 0.62
s3 coupEl 7 annul 3 regCoup 4 take [0, 0, 12, 0, 0] upr [0, 0, 3, 0, 0, 4] open96 19 a6 0/1 big8 8 poor 14/14 a10 +0.345 top3 0.71
s4 coupEl 7 annul 3 regCoup 4 take [0, 0, 11, 1, 1] upr [0, 0, 2, 1, 1, 3] open96 21 a6 0/1 big8 8 poor 14/14 a10 +0.324 top3 0.71
s5 coupEl 5 annul 3 regCoup 5 take [0, 0, 9, 0, 1] upr [0, 0, 2, 0, 1, 3] open96 19 a6 0/1 big8 8 poor 13/13 a10 +0.329 top3 0.60
s6 coupEl 8 annul 3 regCoup 7 take [0, 0, 12, 1, 0] upr [0, 0, 2, 1, 0, 9] open96 20 a6 0/1 big8 8 poor 18/18 a10 +0.333 top3 0.75
s7 coupEl 5 annul 2 regCoup 5 take [0, 0, 8, 1, 1] upr [0, 0, 2, 1, 1, 8] open96 21 a6 0/1 big8 8 poor 12/12 a10 +0.343 top3 0.60
s8 coupEl 9 annul 4 regCoup 8 take [0, 0, 13, 1, 0] upr [0, 0, 2, 1, 0, 9] open96 21 a6 0/1 big8 8 poor 21/21 a10 +0.354 top3 0.67
s9 coupEl 9 annul 3 regCoup 10 take [0, 0, 12, 1, 1] upr [0, 0, 1, 1, 0, 10] open96 20 a6 0/1 big8 8 poor 22/22 a10 +0.354 top3 0.67
s10 coupEl 4 annul 2 regCoup 6 take [0, 0, 7, 1, 1] upr [0, 0, 2, 1, 1, 5] open96 18 a6 0/1 big8 8 poor 12/12 a10 +0.355 top3 0.75
s11 coupEl 8 annul 2 regCoup 6 take [0, 0, 10, 1, 0] upr [2, 0, 1, 1, 0, 10] open96 22 a6 0/1 big8 8 poor 16/16 a10 +0.350 top3 0.75
test a2_an_islamist_takeover_without_a_ballot_in_most_seeds_by_2000 ... ok
A1: median coups 7.5 top-3 share median 0.71
s0 coupEl 8 annul 2 regCoup 6 take [0, 0, 11, 0, 0] upr [0, 0, 2, 0, 0, 5] open96 19 a6 0/1 big8 8 poor 16/16 a10 +0.322 top3 0.75
s1 coupEl 7 annul 2 regCoup 5 take [0, 0, 10, 1, 0] upr [2, 0, 2, 1, 0, 4] open96 19 a6 0/1 big8 8 poor 14/14 a10 +0.330 top3 0.71
s2 coupEl 8 annul 3 regCoup 6 take [0, 0, 12, 1, 1] upr [0, 0, 2, 1, 1, 7] open96 22 a6 0/1 big8 8 poor 17/17 a10 +0.351 top3 0.62
s3 coupEl 7 annul 3 regCoup 4 take [0, 0, 12, 0, 0] upr [0, 0, 3, 0, 0, 4] open96 19 a6 0/1 big8 8 poor 14/14 a10 +0.345 top3 0.71
s4 coupEl 7 annul 3 regCoup 4 take [0, 0, 11, 1, 1] upr [0, 0, 2, 1, 1, 3] open96 21 a6 0/1 big8 8 poor 14/14 a10 +0.324 top3 0.71
s5 coupEl 5 annul 3 regCoup 5 take [0, 0, 9, 0, 1] upr [0, 0, 2, 0, 1, 3] open96 19 a6 0/1 big8 8 poor 13/13 a10 +0.329 top3 0.60
s6 coupEl 8 annul 3 regCoup 7 take [0, 0, 12, 1, 0] upr [0, 0, 2, 1, 0, 9] open96 20 a6 0/1 big8 8 poor 18/18 a10 +0.333 top3 0.75
s7 coupEl 5 annul 2 regCoup 5 take [0, 0, 8, 1, 1] upr [0, 0, 2, 1, 1, 8] open96 21 a6 0/1 big8 8 poor 12/12 a10 +0.343 top3 0.60
s8 coupEl 9 annul 4 regCoup 8 take [0, 0, 13, 1, 0] upr [0, 0, 2, 1, 0, 9] open96 21 a6 0/1 big8 8 poor 21/21 a10 +0.354 top3 0.67
s9 coupEl 9 annul 3 regCoup 10 take [0, 0, 12, 1, 1] upr [0, 0, 1, 1, 0, 10] open96 20 a6 0/1 big8 8 poor 22/22 a10 +0.354 top3 0.67
s10 coupEl 4 annul 2 regCoup 6 take [0, 0, 7, 1, 1] upr [0, 0, 2, 1, 1, 5] open96 18 a6 0/1 big8 8 poor 12/12 a10 +0.355 top3 0.75
s11 coupEl 8 annul 2 regCoup 6 take [0, 0, 10, 1, 0] upr [2, 0, 1, 1, 0, 10] open96 22 a6 0/1 big8 8 poor 16/16 a10 +0.350 top3 0.75

thread 'a1_coups_against_elected_governments_are_spread_not_three_micro_polities' (15580) panicked at spheres-sim\tests\bloc_census.rs:992:5:
three nations hold 0.71 of a seed's coups
note: run with `RUST_BACKTRACE=1` environment variable to display a backtrace
test a1_coups_against_elected_governments_are_spread_not_three_micro_polities ... FAILED
A3: 0/20 seeds with a Communist non-ballot takeover
s0 coupEl 8 annul 2 regCoup 6 take [0, 0, 11, 0, 0] upr [0, 0, 2, 0, 0, 5] open96 19 a6 0/1 big8 8 poor 16/16 a10 +0.322 top3 0.75
s1 coupEl 7 annul 2 regCoup 5 take [0, 0, 10, 1, 0] upr [2, 0, 2, 1, 0, 4] open96 19 a6 0/1 big8 8 poor 14/14 a10 +0.330 top3 0.71
s2 coupEl 8 annul 3 regCoup 6 take [0, 0, 12, 1, 1] upr [0, 0, 2, 1, 1, 7] open96 22 a6 0/1 big8 8 poor 17/17 a10 +0.351 top3 0.62
s3 coupEl 7 annul 3 regCoup 4 take [0, 0, 12, 0, 0] upr [0, 0, 3, 0, 0, 4] open96 19 a6 0/1 big8 8 poor 14/14 a10 +0.345 top3 0.71
s4 coupEl 7 annul 3 regCoup 4 take [0, 0, 11, 1, 1] upr [0, 0, 2, 1, 1, 3] open96 21 a6 0/1 big8 8 poor 14/14 a10 +0.324 top3 0.71
s5 coupEl 5 annul 3 regCoup 5 take [0, 0, 9, 0, 1] upr [0, 0, 2, 0, 1, 3] open96 19 a6 0/1 big8 8 poor 13/13 a10 +0.329 top3 0.60
s6 coupEl 8 annul 3 regCoup 7 take [0, 0, 12, 1, 0] upr [0, 0, 2, 1, 0, 9] open96 20 a6 0/1 big8 8 poor 18/18 a10 +0.333 top3 0.75
s7 coupEl 5 annul 2 regCoup 5 take [0, 0, 8, 1, 1] upr [0, 0, 2, 1, 1, 8] open96 21 a6 0/1 big8 8 poor 12/12 a10 +0.343 top3 0.60
s8 coupEl 9 annul 4 regCoup 8 take [0, 0, 13, 1, 0] upr [0, 0, 2, 1, 0, 9] open96 21 a6 0/1 big8 8 poor 21/21 a10 +0.354 top3 0.67
s9 coupEl 9 annul 3 regCoup 10 take [0, 0, 12, 1, 1] upr [0, 0, 1, 1, 0, 10] open96 20 a6 0/1 big8 8 poor 22/22 a10 +0.354 top3 0.67
s10 coupEl 4 annul 2 regCoup 6 take [0, 0, 7, 1, 1] upr [0, 0, 2, 1, 1, 5] open96 18 a6 0/1 big8 8 poor 12/12 a10 +0.355 top3 0.75
s11 coupEl 8 annul 2 regCoup 6 take [0, 0, 10, 1, 0] upr [2, 0, 1, 1, 0, 10] open96 22 a6 0/1 big8 8 poor 16/16 a10 +0.350 top3 0.75
s12 coupEl 7 annul 3 regCoup 4 take [0, 0, 9, 0, 1] upr [1, 0, 1, 0, 1, 3] open96 15 a6 0/1 big8 8 poor 14/14 a10 +0.308 top3 0.57
s13 coupEl 10 annul 3 regCoup 8 take [0, 0, 14, 0, 0] upr [0, 0, 2, 0, 0, 6] open96 19 a6 0/1 big8 8 poor 21/21 a10 +0.346 top3 0.70
s14 coupEl 7 annul 2 regCoup 5 take [0, 0, 10, 0, 1] upr [0, 0, 2, 0, 1, 4] open96 19 a6 0/1 big8 8 poor 14/14 a10 +0.319 top3 0.71
s15 coupEl 9 annul 2 regCoup 4 take [0, 0, 11, 0, 1] upr [0, 0, 1, 0, 1, 3] open96 16 a6 0/1 big8 8 poor 15/15 a10 +0.346 top3 0.67
s16 coupEl 9 annul 3 regCoup 5 take [0, 0, 12, 1, 0] upr [0, 0, 1, 1, 0, 9] open96 20 a6 0/1 big8 8 poor 17/17 a10 +0.342 top3 0.67
s17 coupEl 8 annul 2 regCoup 6 take [0, 0, 11, 0, 1] upr [0, 0, 2, 0, 1, 4] open96 17 a6 0/1 big8 8 poor 16/16 a10 +0.344 top3 0.75
s18 coupEl 6 annul 3 regCoup 5 take [0, 0, 10, 1, 1] upr [1, 0, 2, 1, 1, 4] open96 16 a6 0/1 big8 8 poor 14/14 a10 +0.345 top3 0.67
s19 coupEl 5 annul 3 regCoup 6 take [0, 0, 9, 1, 1] upr [0, 0, 2, 1, 1, 7] open96 20 a6 0/1 big8 8 poor 14/14 a10 +0.282 top3 0.60
test a3_a_communist_takeover_without_a_ballot_is_rare ... ok
A4: median 1990 regimes electoral at end-1996 20
s0 coupEl 8 annul 2 regCoup 6 take [0, 0, 11, 0, 0] upr [0, 0, 2, 0, 0, 5] open96 19 a6 0/1 big8 8 poor 16/16 a10 +0.322 top3 0.75
s1 coupEl 7 annul 2 regCoup 5 take [0, 0, 10, 1, 0] upr [2, 0, 2, 1, 0, 4] open96 19 a6 0/1 big8 8 poor 14/14 a10 +0.330 top3 0.71
s2 coupEl 8 annul 3 regCoup 6 take [0, 0, 12, 1, 1] upr [0, 0, 2, 1, 1, 7] open96 22 a6 0/1 big8 8 poor 17/17 a10 +0.351 top3 0.62
s3 coupEl 7 annul 3 regCoup 4 take [0, 0, 12, 0, 0] upr [0, 0, 3, 0, 0, 4] open96 19 a6 0/1 big8 8 poor 14/14 a10 +0.345 top3 0.71
s4 coupEl 7 annul 3 regCoup 4 take [0, 0, 11, 1, 1] upr [0, 0, 2, 1, 1, 3] open96 21 a6 0/1 big8 8 poor 14/14 a10 +0.324 top3 0.71
s5 coupEl 5 annul 3 regCoup 5 take [0, 0, 9, 0, 1] upr [0, 0, 2, 0, 1, 3] open96 19 a6 0/1 big8 8 poor 13/13 a10 +0.329 top3 0.60
s6 coupEl 8 annul 3 regCoup 7 take [0, 0, 12, 1, 0] upr [0, 0, 2, 1, 0, 9] open96 20 a6 0/1 big8 8 poor 18/18 a10 +0.333 top3 0.75
s7 coupEl 5 annul 2 regCoup 5 take [0, 0, 8, 1, 1] upr [0, 0, 2, 1, 1, 8] open96 21 a6 0/1 big8 8 poor 12/12 a10 +0.343 top3 0.60
s8 coupEl 9 annul 4 regCoup 8 take [0, 0, 13, 1, 0] upr [0, 0, 2, 1, 0, 9] open96 21 a6 0/1 big8 8 poor 21/21 a10 +0.354 top3 0.67
s9 coupEl 9 annul 3 regCoup 10 take [0, 0, 12, 1, 1] upr [0, 0, 1, 1, 0, 10] open96 20 a6 0/1 big8 8 poor 22/22 a10 +0.354 top3 0.67
s10 coupEl 4 annul 2 regCoup 6 take [0, 0, 7, 1, 1] upr [0, 0, 2, 1, 1, 5] open96 18 a6 0/1 big8 8 poor 12/12 a10 +0.355 top3 0.75
s11 coupEl 8 annul 2 regCoup 6 take [0, 0, 10, 1, 0] upr [2, 0, 1, 1, 0, 10] open96 22 a6 0/1 big8 8 poor 16/16 a10 +0.350 top3 0.75
test a4_the_democratisation_wave_opens_fifteen_regimes_by_1996 ... ok
A5: 7/12 seeds with a flagged successor party led back into government by ballot in >= 3 ex-communist states by 1996
s0 coupEl 8 annul 2 regCoup 6 take [0, 0, 11, 0, 0] upr [0, 0, 2, 0, 0, 5] open96 19 a6 0/1 big8 8 poor 16/16 a10 +0.322 top3 0.75
s1 coupEl 7 annul 2 regCoup 5 take [0, 0, 10, 1, 0] upr [2, 0, 2, 1, 0, 4] open96 19 a6 0/1 big8 8 poor 14/14 a10 +0.330 top3 0.71
s2 coupEl 8 annul 3 regCoup 6 take [0, 0, 12, 1, 1] upr [0, 0, 2, 1, 1, 7] open96 22 a6 0/1 big8 8 poor 17/17 a10 +0.351 top3 0.62
s3 coupEl 7 annul 3 regCoup 4 take [0, 0, 12, 0, 0] upr [0, 0, 3, 0, 0, 4] open96 19 a6 0/1 big8 8 poor 14/14 a10 +0.345 top3 0.71
s4 coupEl 7 annul 3 regCoup 4 take [0, 0, 11, 1, 1] upr [0, 0, 2, 1, 1, 3] open96 21 a6 0/1 big8 8 poor 14/14 a10 +0.324 top3 0.71
s5 coupEl 5 annul 3 regCoup 5 take [0, 0, 9, 0, 1] upr [0, 0, 2, 0, 1, 3] open96 19 a6 0/1 big8 8 poor 13/13 a10 +0.329 top3 0.60
s6 coupEl 8 annul 3 regCoup 7 take [0, 0, 12, 1, 0] upr [0, 0, 2, 1, 0, 9] open96 20 a6 0/1 big8 8 poor 18/18 a10 +0.333 top3 0.75
s7 coupEl 5 annul 2 regCoup 5 take [0, 0, 8, 1, 1] upr [0, 0, 2, 1, 1, 8] open96 21 a6 0/1 big8 8 poor 12/12 a10 +0.343 top3 0.60
s8 coupEl 9 annul 4 regCoup 8 take [0, 0, 13, 1, 0] upr [0, 0, 2, 1, 0, 9] open96 21 a6 0/1 big8 8 poor 21/21 a10 +0.354 top3 0.67
s9 coupEl 9 annul 3 regCoup 10 take [0, 0, 12, 1, 1] upr [0, 0, 1, 1, 0, 10] open96 20 a6 0/1 big8 8 poor 22/22 a10 +0.354 top3 0.67
s10 coupEl 4 annul 2 regCoup 6 take [0, 0, 7, 1, 1] upr [0, 0, 2, 1, 1, 5] open96 18 a6 0/1 big8 8 poor 12/12 a10 +0.355 top3 0.75
s11 coupEl 8 annul 2 regCoup 6 take [0, 0, 10, 1, 0] upr [2, 0, 1, 1, 0, 10] open96 22 a6 0/1 big8 8 poor 16/16 a10 +0.350 top3 0.75
test a5_ex_communists_return_by_ballot_in_most_seeds ... ok
A7: median ballot-flips / takeovers 7.750 ([6.454545454545454, 6.7272727272727275, 7.571428571428571, 6.666666666666667, 5.076923076923077, 7.4, 8.23076923076923, 10.8, 7.928571428571429, 8.857142857142858, 14.666666666666666, 9.090909090909092])
s0 coupEl 8 annul 2 regCoup 6 take [0, 0, 11, 0, 0] upr [0, 0, 2, 0, 0, 5] open96 19 a6 0/1 big8 8 poor 16/16 a10 +0.322 top3 0.75
s1 coupEl 7 annul 2 regCoup 5 take [0, 0, 10, 1, 0] upr [2, 0, 2, 1, 0, 4] open96 19 a6 0/1 big8 8 poor 14/14 a10 +0.330 top3 0.71
s2 coupEl 8 annul 3 regCoup 6 take [0, 0, 12, 1, 1] upr [0, 0, 2, 1, 1, 7] open96 22 a6 0/1 big8 8 poor 17/17 a10 +0.351 top3 0.62
s3 coupEl 7 annul 3 regCoup 4 take [0, 0, 12, 0, 0] upr [0, 0, 3, 0, 0, 4] open96 19 a6 0/1 big8 8 poor 14/14 a10 +0.345 top3 0.71
s4 coupEl 7 annul 3 regCoup 4 take [0, 0, 11, 1, 1] upr [0, 0, 2, 1, 1, 3] open96 21 a6 0/1 big8 8 poor 14/14 a10 +0.324 top3 0.71
s5 coupEl 5 annul 3 regCoup 5 take [0, 0, 9, 0, 1] upr [0, 0, 2, 0, 1, 3] open96 19 a6 0/1 big8 8 poor 13/13 a10 +0.329 top3 0.60
s6 coupEl 8 annul 3 regCoup 7 take [0, 0, 12, 1, 0] upr [0, 0, 2, 1, 0, 9] open96 20 a6 0/1 big8 8 poor 18/18 a10 +0.333 top3 0.75
s7 coupEl 5 annul 2 regCoup 5 take [0, 0, 8, 1, 1] upr [0, 0, 2, 1, 1, 8] open96 21 a6 0/1 big8 8 poor 12/12 a10 +0.343 top3 0.60
s8 coupEl 9 annul 4 regCoup 8 take [0, 0, 13, 1, 0] upr [0, 0, 2, 1, 0, 9] open96 21 a6 0/1 big8 8 poor 21/21 a10 +0.354 top3 0.67
s9 coupEl 9 annul 3 regCoup 10 take [0, 0, 12, 1, 1] upr [0, 0, 1, 1, 0, 10] open96 20 a6 0/1 big8 8 poor 22/22 a10 +0.354 top3 0.67
s10 coupEl 4 annul 2 regCoup 6 take [0, 0, 7, 1, 1] upr [0, 0, 2, 1, 1, 5] open96 18 a6 0/1 big8 8 poor 12/12 a10 +0.355 top3 0.75
s11 coupEl 8 annul 2 regCoup 6 take [0, 0, 10, 1, 0] upr [2, 0, 1, 1, 0, 10] open96 22 a6 0/1 big8 8 poor 16/16 a10 +0.350 top3 0.75
test a7_ballots_flip_the_ruling_bloc_three_times_as_often_as_takeovers ... ok
test a_ballot_and_an_uncoloured_collapse_do_not_fabricate_a_movement_takeover ... ok
A6 at 420 months: route events 0 in 12/12 seeds; pre-existing collapses beside [1, 1, 1, 1, 1, 1, 1, 1, 1, 1, 1, 1]
test a6_no_road_reaches_a_1990_democracy_in_thirty_five_years ... ok
A9: 189/189 = 1.000 of coups in nations under $8,000 a head
test a9_four_coups_in_five_strike_nations_under_8000_a_head ... ok
A8: 40/40 seeds keep >= 6 of 8; per seed [8, 8, 8, 8, 8, 8, 8, 8, 8, 8, 8, 8, 8, 8, 8, 8, 8, 8, 8, 8, 8, 8, 8, 8, 8, 8, 8, 8, 8, 8, 8, 8, 8, 8, 8, 8, 8, 8, 8, 8]
test a8_six_of_the_eight_big_regimes_keep_their_bloc_in_most_seeds ... ok

failures:

failures:
    a1_coups_against_elected_governments_are_spread_not_three_micro_polities

test result: FAILED. 10 passed; 1 failed; 0 ignored; 0 measured; 1 filtered out; finished in 51.12s

