
running 11 tests
A1: median coups 8.5 top-3 share median 0.60
s0 coupEl 11 annul 2 regCoup 4 take [0, 0, 12, 0, 0] upr [0, 0, 1, 0, 0, 6] open96 22 a6 0/1 big8 8 poor 17/17 a10 +0.331 top3 0.55
s1 coupEl 8 annul 3 regCoup 5 take [0, 0, 12, 0, 1] upr [0, 0, 2, 0, 1, 4] open96 20 a6 0/1 big8 8 poor 16/16 a10 +0.301 top3 0.62
s2 coupEl 10 annul 4 regCoup 6 take [0, 0, 15, 1, 1] upr [0, 0, 2, 1, 0, 9] open96 19 a6 0/1 big8 8 poor 20/20 a10 +0.359 top3 0.60
s3 coupEl 7 annul 3 regCoup 5 take [0, 0, 11, 0, 1] upr [1, 0, 2, 0, 1, 3] open96 15 a6 0/1 big8 8 poor 15/15 a10 +0.362 top3 0.57
s4 coupEl 8 annul 3 regCoup 5 take [0, 0, 12, 1, 1] upr [0, 0, 2, 1, 1, 7] open96 19 a6 0/1 big8 8 poor 16/16 a10 +0.308 top3 0.62
s5 coupEl 9 annul 3 regCoup 6 take [0, 0, 11, 1, 1] upr [0, 0, 1, 0, 1, 4] open96 18 a6 0/1 big8 8 poor 18/18 a10 +0.302 top3 0.44
s6 coupEl 9 annul 2 regCoup 5 take [0, 0, 11, 1, 1] upr [0, 0, 2, 1, 1, 4] open96 21 a6 0/1 big8 8 poor 16/16 a10 +0.351 top3 0.67
s7 coupEl 8 annul 3 regCoup 4 take [0, 0, 12, 1, 1] upr [0, 0, 2, 1, 1, 7] open96 20 a6 0/1 big8 8 poor 15/15 a10 +0.308 top3 0.62
s8 coupEl 9 annul 3 regCoup 5 take [0, 0, 12, 1, 1] upr [1, 0, 1, 1, 1, 8] open96 19 a6 0/1 big8 8 poor 17/17 a10 +0.329 top3 0.67
s9 coupEl 6 annul 3 regCoup 7 take [0, 0, 10, 1, 1] upr [1, 0, 2, 1, 1, 7] open96 18 a6 0/1 big8 8 poor 16/16 a10 +0.318 top3 0.50
s10 coupEl 7 annul 2 regCoup 5 take [0, 0, 10, 1, 1] upr [0, 0, 2, 1, 1, 8] open96 17 a6 0/1 big8 8 poor 14/14 a10 +0.363 top3 0.57
s11 coupEl 10 annul 2 regCoup 6 take [0, 0, 13, 1, 0] upr [0, 0, 2, 1, 0, 9] open96 19 a6 0/1 big8 8 poor 18/18 a10 +0.340 top3 0.60

thread 'a1_coups_against_elected_governments_are_spread_not_three_micro_polities' (26312) panicked at spheres-sim\tests\bloc_census.rs:992:5:
three nations hold 0.60 of a seed's coups
note: run with `RUST_BACKTRACE=1` environment variable to display a backtrace
test a1_coups_against_elected_governments_are_spread_not_three_micro_polities ... FAILED
A2: 8/12 seeds; Algeria Islamist 0/12 annulled 12/12
s0 coupEl 11 annul 2 regCoup 4 take [0, 0, 12, 0, 0] upr [0, 0, 1, 0, 0, 6] open96 22 a6 0/1 big8 8 poor 17/17 a10 +0.331 top3 0.55
s1 coupEl 8 annul 3 regCoup 5 take [0, 0, 12, 0, 1] upr [0, 0, 2, 0, 1, 4] open96 20 a6 0/1 big8 8 poor 16/16 a10 +0.301 top3 0.62
s2 coupEl 10 annul 4 regCoup 6 take [0, 0, 15, 1, 1] upr [0, 0, 2, 1, 0, 9] open96 19 a6 0/1 big8 8 poor 20/20 a10 +0.359 top3 0.60
s3 coupEl 7 annul 3 regCoup 5 take [0, 0, 11, 0, 1] upr [1, 0, 2, 0, 1, 3] open96 15 a6 0/1 big8 8 poor 15/15 a10 +0.362 top3 0.57
s4 coupEl 8 annul 3 regCoup 5 take [0, 0, 12, 1, 1] upr [0, 0, 2, 1, 1, 7] open96 19 a6 0/1 big8 8 poor 16/16 a10 +0.308 top3 0.62
s5 coupEl 9 annul 3 regCoup 6 take [0, 0, 11, 1, 1] upr [0, 0, 1, 0, 1, 4] open96 18 a6 0/1 big8 8 poor 18/18 a10 +0.302 top3 0.44
s6 coupEl 9 annul 2 regCoup 5 take [0, 0, 11, 1, 1] upr [0, 0, 2, 1, 1, 4] open96 21 a6 0/1 big8 8 poor 16/16 a10 +0.351 top3 0.67
s7 coupEl 8 annul 3 regCoup 4 take [0, 0, 12, 1, 1] upr [0, 0, 2, 1, 1, 7] open96 20 a6 0/1 big8 8 poor 15/15 a10 +0.308 top3 0.62
s8 coupEl 9 annul 3 regCoup 5 take [0, 0, 12, 1, 1] upr [1, 0, 1, 1, 1, 8] open96 19 a6 0/1 big8 8 poor 17/17 a10 +0.329 top3 0.67
s9 coupEl 6 annul 3 regCoup 7 take [0, 0, 10, 1, 1] upr [1, 0, 2, 1, 1, 7] open96 18 a6 0/1 big8 8 poor 16/16 a10 +0.318 top3 0.50
s10 coupEl 7 annul 2 regCoup 5 take [0, 0, 10, 1, 1] upr [0, 0, 2, 1, 1, 8] open96 17 a6 0/1 big8 8 poor 14/14 a10 +0.363 top3 0.57
s11 coupEl 10 annul 2 regCoup 6 take [0, 0, 13, 1, 0] upr [0, 0, 2, 1, 0, 9] open96 19 a6 0/1 big8 8 poor 18/18 a10 +0.340 top3 0.60
test a2_an_islamist_takeover_without_a_ballot_in_most_seeds_by_2000 ... ok
A10: median discontent lead 0.330 over 12 seeds ([0.3306259860281172, 0.301300724784753, 0.3591865445389138, 0.3623772797756688, 0.308355142888836, 0.30216062459146525, 0.35135378301936515, 0.30828008869221635, 0.32916011707303056, 0.3182759558504231, 0.3627675164689383, 0.34029787620570284])
test a10_discontent_leads_the_roster_by_a_quarter_before_a_takeover ... ok
A3: 0/20 seeds with a Communist non-ballot takeover
s0 coupEl 11 annul 2 regCoup 4 take [0, 0, 12, 0, 0] upr [0, 0, 1, 0, 0, 6] open96 22 a6 0/1 big8 8 poor 17/17 a10 +0.331 top3 0.55
s1 coupEl 8 annul 3 regCoup 5 take [0, 0, 12, 0, 1] upr [0, 0, 2, 0, 1, 4] open96 20 a6 0/1 big8 8 poor 16/16 a10 +0.301 top3 0.62
s2 coupEl 10 annul 4 regCoup 6 take [0, 0, 15, 1, 1] upr [0, 0, 2, 1, 0, 9] open96 19 a6 0/1 big8 8 poor 20/20 a10 +0.359 top3 0.60
s3 coupEl 7 annul 3 regCoup 5 take [0, 0, 11, 0, 1] upr [1, 0, 2, 0, 1, 3] open96 15 a6 0/1 big8 8 poor 15/15 a10 +0.362 top3 0.57
s4 coupEl 8 annul 3 regCoup 5 take [0, 0, 12, 1, 1] upr [0, 0, 2, 1, 1, 7] open96 19 a6 0/1 big8 8 poor 16/16 a10 +0.308 top3 0.62
s5 coupEl 9 annul 3 regCoup 6 take [0, 0, 11, 1, 1] upr [0, 0, 1, 0, 1, 4] open96 18 a6 0/1 big8 8 poor 18/18 a10 +0.302 top3 0.44
s6 coupEl 9 annul 2 regCoup 5 take [0, 0, 11, 1, 1] upr [0, 0, 2, 1, 1, 4] open96 21 a6 0/1 big8 8 poor 16/16 a10 +0.351 top3 0.67
s7 coupEl 8 annul 3 regCoup 4 take [0, 0, 12, 1, 1] upr [0, 0, 2, 1, 1, 7] open96 20 a6 0/1 big8 8 poor 15/15 a10 +0.308 top3 0.62
s8 coupEl 9 annul 3 regCoup 5 take [0, 0, 12, 1, 1] upr [1, 0, 1, 1, 1, 8] open96 19 a6 0/1 big8 8 poor 17/17 a10 +0.329 top3 0.67
s9 coupEl 6 annul 3 regCoup 7 take [0, 0, 10, 1, 1] upr [1, 0, 2, 1, 1, 7] open96 18 a6 0/1 big8 8 poor 16/16 a10 +0.318 top3 0.50
s10 coupEl 7 annul 2 regCoup 5 take [0, 0, 10, 1, 1] upr [0, 0, 2, 1, 1, 8] open96 17 a6 0/1 big8 8 poor 14/14 a10 +0.363 top3 0.57
s11 coupEl 10 annul 2 regCoup 6 take [0, 0, 13, 1, 0] upr [0, 0, 2, 1, 0, 9] open96 19 a6 0/1 big8 8 poor 18/18 a10 +0.340 top3 0.60
s12 coupEl 8 annul 3 regCoup 3 take [0, 0, 12, 0, 1] upr [1, 0, 2, 0, 1, 3] open96 20 a6 0/1 big8 8 poor 14/14 a10 +0.324 top3 0.62
s13 coupEl 6 annul 4 regCoup 7 take [0, 0, 11, 0, 1] upr [0, 0, 2, 0, 1, 5] open96 20 a6 0/1 big8 8 poor 17/17 a10 +0.298 top3 0.50
s14 coupEl 9 annul 2 regCoup 4 take [0, 0, 9, 1, 1] upr [0, 0, 1, 1, 1, 3] open96 22 a6 0/1 big8 8 poor 15/15 a10 +0.359 top3 0.56
s15 coupEl 8 annul 2 regCoup 5 take [0, 0, 10, 0, 1] upr [0, 0, 1, 0, 1, 3] open96 16 a6 0/1 big8 8 poor 15/15 a10 +0.302 top3 0.62
s16 coupEl 9 annul 2 regCoup 4 take [0, 0, 12, 1, 1] upr [1, 0, 3, 1, 1, 7] open96 21 a6 0/1 big8 8 poor 15/15 a10 +0.362 top3 0.67
s17 coupEl 9 annul 3 regCoup 5 take [0, 0, 13, 0, 0] upr [0, 0, 2, 0, 0, 6] open96 18 a6 0/1 big8 8 poor 17/17 a10 +0.315 top3 0.67
s18 coupEl 9 annul 4 regCoup 4 take [0, 0, 14, 0, 0] upr [0, 0, 2, 0, 0, 4] open96 18 a6 0/1 big8 8 poor 17/17 a10 +0.338 top3 0.67
s19 coupEl 10 annul 5 regCoup 4 take [0, 0, 13, 1, 0] upr [0, 0, 0, 1, 0, 8] open96 19 a6 0/1 big8 8 poor 19/19 a10 +0.356 top3 0.50
test a3_a_communist_takeover_without_a_ballot_is_rare ... ok
A4: median 1990 regimes electoral at end-1996 19
s0 coupEl 11 annul 2 regCoup 4 take [0, 0, 12, 0, 0] upr [0, 0, 1, 0, 0, 6] open96 22 a6 0/1 big8 8 poor 17/17 a10 +0.331 top3 0.55
s1 coupEl 8 annul 3 regCoup 5 take [0, 0, 12, 0, 1] upr [0, 0, 2, 0, 1, 4] open96 20 a6 0/1 big8 8 poor 16/16 a10 +0.301 top3 0.62
s2 coupEl 10 annul 4 regCoup 6 take [0, 0, 15, 1, 1] upr [0, 0, 2, 1, 0, 9] open96 19 a6 0/1 big8 8 poor 20/20 a10 +0.359 top3 0.60
s3 coupEl 7 annul 3 regCoup 5 take [0, 0, 11, 0, 1] upr [1, 0, 2, 0, 1, 3] open96 15 a6 0/1 big8 8 poor 15/15 a10 +0.362 top3 0.57
s4 coupEl 8 annul 3 regCoup 5 take [0, 0, 12, 1, 1] upr [0, 0, 2, 1, 1, 7] open96 19 a6 0/1 big8 8 poor 16/16 a10 +0.308 top3 0.62
s5 coupEl 9 annul 3 regCoup 6 take [0, 0, 11, 1, 1] upr [0, 0, 1, 0, 1, 4] open96 18 a6 0/1 big8 8 poor 18/18 a10 +0.302 top3 0.44
s6 coupEl 9 annul 2 regCoup 5 take [0, 0, 11, 1, 1] upr [0, 0, 2, 1, 1, 4] open96 21 a6 0/1 big8 8 poor 16/16 a10 +0.351 top3 0.67
s7 coupEl 8 annul 3 regCoup 4 take [0, 0, 12, 1, 1] upr [0, 0, 2, 1, 1, 7] open96 20 a6 0/1 big8 8 poor 15/15 a10 +0.308 top3 0.62
s8 coupEl 9 annul 3 regCoup 5 take [0, 0, 12, 1, 1] upr [1, 0, 1, 1, 1, 8] open96 19 a6 0/1 big8 8 poor 17/17 a10 +0.329 top3 0.67
s9 coupEl 6 annul 3 regCoup 7 take [0, 0, 10, 1, 1] upr [1, 0, 2, 1, 1, 7] open96 18 a6 0/1 big8 8 poor 16/16 a10 +0.318 top3 0.50
s10 coupEl 7 annul 2 regCoup 5 take [0, 0, 10, 1, 1] upr [0, 0, 2, 1, 1, 8] open96 17 a6 0/1 big8 8 poor 14/14 a10 +0.363 top3 0.57
s11 coupEl 10 annul 2 regCoup 6 take [0, 0, 13, 1, 0] upr [0, 0, 2, 1, 0, 9] open96 19 a6 0/1 big8 8 poor 18/18 a10 +0.340 top3 0.60
test a4_the_democratisation_wave_opens_fifteen_regimes_by_1996 ... ok
A5: 7/12 seeds with a flagged successor party led back into government by ballot in >= 3 ex-communist states by 1996
s0 coupEl 11 annul 2 regCoup 4 take [0, 0, 12, 0, 0] upr [0, 0, 1, 0, 0, 6] open96 22 a6 0/1 big8 8 poor 17/17 a10 +0.331 top3 0.55
s1 coupEl 8 annul 3 regCoup 5 take [0, 0, 12, 0, 1] upr [0, 0, 2, 0, 1, 4] open96 20 a6 0/1 big8 8 poor 16/16 a10 +0.301 top3 0.62
s2 coupEl 10 annul 4 regCoup 6 take [0, 0, 15, 1, 1] upr [0, 0, 2, 1, 0, 9] open96 19 a6 0/1 big8 8 poor 20/20 a10 +0.359 top3 0.60
s3 coupEl 7 annul 3 regCoup 5 take [0, 0, 11, 0, 1] upr [1, 0, 2, 0, 1, 3] open96 15 a6 0/1 big8 8 poor 15/15 a10 +0.362 top3 0.57
s4 coupEl 8 annul 3 regCoup 5 take [0, 0, 12, 1, 1] upr [0, 0, 2, 1, 1, 7] open96 19 a6 0/1 big8 8 poor 16/16 a10 +0.308 top3 0.62
s5 coupEl 9 annul 3 regCoup 6 take [0, 0, 11, 1, 1] upr [0, 0, 1, 0, 1, 4] open96 18 a6 0/1 big8 8 poor 18/18 a10 +0.302 top3 0.44
s6 coupEl 9 annul 2 regCoup 5 take [0, 0, 11, 1, 1] upr [0, 0, 2, 1, 1, 4] open96 21 a6 0/1 big8 8 poor 16/16 a10 +0.351 top3 0.67
s7 coupEl 8 annul 3 regCoup 4 take [0, 0, 12, 1, 1] upr [0, 0, 2, 1, 1, 7] open96 20 a6 0/1 big8 8 poor 15/15 a10 +0.308 top3 0.62
s8 coupEl 9 annul 3 regCoup 5 take [0, 0, 12, 1, 1] upr [1, 0, 1, 1, 1, 8] open96 19 a6 0/1 big8 8 poor 17/17 a10 +0.329 top3 0.67
s9 coupEl 6 annul 3 regCoup 7 take [0, 0, 10, 1, 1] upr [1, 0, 2, 1, 1, 7] open96 18 a6 0/1 big8 8 poor 16/16 a10 +0.318 top3 0.50
s10 coupEl 7 annul 2 regCoup 5 take [0, 0, 10, 1, 1] upr [0, 0, 2, 1, 1, 8] open96 17 a6 0/1 big8 8 poor 14/14 a10 +0.363 top3 0.57
s11 coupEl 10 annul 2 regCoup 6 take [0, 0, 13, 1, 0] upr [0, 0, 2, 1, 0, 9] open96 19 a6 0/1 big8 8 poor 18/18 a10 +0.340 top3 0.60
test a5_ex_communists_return_by_ballot_in_most_seeds ... ok
A7: median ballot-flips / takeovers 7.155 ([6.166666666666667, 6.0, 6.411764705882353, 7.166666666666667, 7.142857142857143, 5.846153846153846, 5.6923076923076925, 7.357142857142857, 8.0, 10.083333333333334, 9.25, 7.857142857142857])
s0 coupEl 11 annul 2 regCoup 4 take [0, 0, 12, 0, 0] upr [0, 0, 1, 0, 0, 6] open96 22 a6 0/1 big8 8 poor 17/17 a10 +0.331 top3 0.55
s1 coupEl 8 annul 3 regCoup 5 take [0, 0, 12, 0, 1] upr [0, 0, 2, 0, 1, 4] open96 20 a6 0/1 big8 8 poor 16/16 a10 +0.301 top3 0.62
s2 coupEl 10 annul 4 regCoup 6 take [0, 0, 15, 1, 1] upr [0, 0, 2, 1, 0, 9] open96 19 a6 0/1 big8 8 poor 20/20 a10 +0.359 top3 0.60
s3 coupEl 7 annul 3 regCoup 5 take [0, 0, 11, 0, 1] upr [1, 0, 2, 0, 1, 3] open96 15 a6 0/1 big8 8 poor 15/15 a10 +0.362 top3 0.57
s4 coupEl 8 annul 3 regCoup 5 take [0, 0, 12, 1, 1] upr [0, 0, 2, 1, 1, 7] open96 19 a6 0/1 big8 8 poor 16/16 a10 +0.308 top3 0.62
s5 coupEl 9 annul 3 regCoup 6 take [0, 0, 11, 1, 1] upr [0, 0, 1, 0, 1, 4] open96 18 a6 0/1 big8 8 poor 18/18 a10 +0.302 top3 0.44
s6 coupEl 9 annul 2 regCoup 5 take [0, 0, 11, 1, 1] upr [0, 0, 2, 1, 1, 4] open96 21 a6 0/1 big8 8 poor 16/16 a10 +0.351 top3 0.67
s7 coupEl 8 annul 3 regCoup 4 take [0, 0, 12, 1, 1] upr [0, 0, 2, 1, 1, 7] open96 20 a6 0/1 big8 8 poor 15/15 a10 +0.308 top3 0.62
s8 coupEl 9 annul 3 regCoup 5 take [0, 0, 12, 1, 1] upr [1, 0, 1, 1, 1, 8] open96 19 a6 0/1 big8 8 poor 17/17 a10 +0.329 top3 0.67
s9 coupEl 6 annul 3 regCoup 7 take [0, 0, 10, 1, 1] upr [1, 0, 2, 1, 1, 7] open96 18 a6 0/1 big8 8 poor 16/16 a10 +0.318 top3 0.50
s10 coupEl 7 annul 2 regCoup 5 take [0, 0, 10, 1, 1] upr [0, 0, 2, 1, 1, 8] open96 17 a6 0/1 big8 8 poor 14/14 a10 +0.363 top3 0.57
s11 coupEl 10 annul 2 regCoup 6 take [0, 0, 13, 1, 0] upr [0, 0, 2, 1, 0, 9] open96 19 a6 0/1 big8 8 poor 18/18 a10 +0.340 top3 0.60
test a7_ballots_flip_the_ruling_bloc_three_times_as_often_as_takeovers ... ok
test a_ballot_and_an_uncoloured_collapse_do_not_fabricate_a_movement_takeover ... ok
A6 at 420 months: route events 0 in 12/12 seeds; pre-existing collapses beside [1, 1, 1, 1, 1, 1, 1, 1, 1, 1, 1, 1]
test a6_no_road_reaches_a_1990_democracy_in_thirty_five_years ... ok
A9: 198/198 = 1.000 of coups in nations under $8,000 a head
test a9_four_coups_in_five_strike_nations_under_8000_a_head ... ok
A8: 40/40 seeds keep >= 6 of 8; per seed [8, 8, 8, 8, 8, 8, 8, 8, 8, 8, 8, 8, 8, 8, 8, 8, 8, 8, 8, 8, 8, 8, 8, 8, 8, 8, 8, 8, 8, 8, 8, 8, 8, 8, 8, 8, 8, 8, 8, 8]
test a8_six_of_the_eight_big_regimes_keep_their_bloc_in_most_seeds ... ok

failures:

failures:
    a1_coups_against_elected_governments_are_spread_not_three_micro_polities

test result: FAILED. 10 passed; 1 failed; 0 ignored; 0 measured; 1 filtered out; finished in 46.76s

