
running 11 tests
A2: 4/12 seeds; Algeria Islamist 0/12 annulled 12/12
s0 coupEl 17 annul 2 regCoup 4 take [0, 0, 12, 0, 0] upr [5, 0, 2, 0, 0, 3] open96 22 a6 0/1 big8 8 poor 23/23 a10 +0.299 top3 0.71
s1 coupEl 15 annul 2 regCoup 4 take [0, 0, 11, 1, 1] upr [5, 0, 1, 1, 1, 8] open96 19 a6 0/1 big8 8 poor 21/21 a10 +0.282 top3 0.80
s2 coupEl 19 annul 2 regCoup 6 take [0, 0, 10, 1, 0] upr [2, 0, 0, 1, 0, 9] open96 20 a6 0/1 big8 8 poor 27/27 a10 +0.305 top3 0.68
s3 coupEl 14 annul 2 regCoup 3 take [0, 0, 12, 0, 1] upr [4, 0, 3, 0, 1, 3] open96 20 a6 0/1 big8 8 poor 19/19 a10 +0.303 top3 0.86
s4 coupEl 17 annul 3 regCoup 5 take [0, 0, 12, 1, 0] upr [1, 0, 2, 1, 0, 9] open96 19 a6 0/1 big8 8 poor 25/25 a10 +0.310 top3 0.82
s5 coupEl 17 annul 3 regCoup 3 take [0, 1, 12, 0, 0] upr [4, 1, 1, 0, 0, 4] open96 19 a6 0/1 big8 8 poor 23/23 a10 +0.294 top3 0.82
s6 coupEl 15 annul 2 regCoup 4 take [1, 0, 11, 1, 0] upr [4, 0, 1, 1, 0, 8] open96 19 a6 0/1 big8 8 poor 21/21 a10 +0.301 top3 0.80
s7 coupEl 15 annul 2 regCoup 3 take [0, 0, 10, 0, 1] upr [4, 0, 1, 0, 1, 4] open96 24 a6 0/1 big8 8 poor 20/20 a10 +0.292 top3 0.80
s8 coupEl 16 annul 2 regCoup 3 take [0, 0, 10, 1, 0] upr [2, 0, 3, 1, 0, 9] open96 19 a6 0/1 big8 8 poor 21/21 a10 +0.385 top3 0.81
s9 coupEl 15 annul 2 regCoup 4 take [0, 0, 12, 1, 0] upr [4, 0, 3, 1, 0, 8] open96 20 a6 0/1 big8 8 poor 21/21 a10 +0.286 top3 0.80
s10 coupEl 14 annul 3 regCoup 4 take [0, 0, 13, 0, 1] upr [4, 0, 3, 0, 1, 4] open96 17 a6 0/1 big8 8 poor 21/21 a10 +0.356 top3 0.79
s11 coupEl 11 annul 3 regCoup 4 take [0, 0, 9, 1, 1] upr [3, 0, 1, 1, 1, 8] open96 16 a6 0/1 big8 8 poor 18/18 a10 +0.276 top3 0.91

thread 'a2_an_islamist_takeover_without_a_ballot_in_most_seeds_by_2000' (13484) panicked at spheres-sim\tests\bloc_census.rs:1018:5:
Islamist takeover by 2000 in 4/12 seeds
note: run with `RUST_BACKTRACE=1` environment variable to display a backtrace
test a2_an_islamist_takeover_without_a_ballot_in_most_seeds_by_2000 ... FAILED
A10: median discontent lead 0.300 over 12 seeds ([0.298553775542886, 0.28220605093472945, 0.304588239674766, 0.3028724715884695, 0.3099118355770171, 0.29413450517280937, 0.3008054015472195, 0.2924572789363593, 0.3845337761944498, 0.28565820901386696, 0.35642340209221324, 0.27641815928743124])
test a10_discontent_leads_the_roster_by_a_quarter_before_a_takeover ... ok
A1: median coups 15 top-3 share median 0.80
s0 coupEl 17 annul 2 regCoup 4 take [0, 0, 12, 0, 0] upr [5, 0, 2, 0, 0, 3] open96 22 a6 0/1 big8 8 poor 23/23 a10 +0.299 top3 0.71
s1 coupEl 15 annul 2 regCoup 4 take [0, 0, 11, 1, 1] upr [5, 0, 1, 1, 1, 8] open96 19 a6 0/1 big8 8 poor 21/21 a10 +0.282 top3 0.80
s2 coupEl 19 annul 2 regCoup 6 take [0, 0, 10, 1, 0] upr [2, 0, 0, 1, 0, 9] open96 20 a6 0/1 big8 8 poor 27/27 a10 +0.305 top3 0.68
s3 coupEl 14 annul 2 regCoup 3 take [0, 0, 12, 0, 1] upr [4, 0, 3, 0, 1, 3] open96 20 a6 0/1 big8 8 poor 19/19 a10 +0.303 top3 0.86
s4 coupEl 17 annul 3 regCoup 5 take [0, 0, 12, 1, 0] upr [1, 0, 2, 1, 0, 9] open96 19 a6 0/1 big8 8 poor 25/25 a10 +0.310 top3 0.82
s5 coupEl 17 annul 3 regCoup 3 take [0, 1, 12, 0, 0] upr [4, 1, 1, 0, 0, 4] open96 19 a6 0/1 big8 8 poor 23/23 a10 +0.294 top3 0.82
s6 coupEl 15 annul 2 regCoup 4 take [1, 0, 11, 1, 0] upr [4, 0, 1, 1, 0, 8] open96 19 a6 0/1 big8 8 poor 21/21 a10 +0.301 top3 0.80
s7 coupEl 15 annul 2 regCoup 3 take [0, 0, 10, 0, 1] upr [4, 0, 1, 0, 1, 4] open96 24 a6 0/1 big8 8 poor 20/20 a10 +0.292 top3 0.80
s8 coupEl 16 annul 2 regCoup 3 take [0, 0, 10, 1, 0] upr [2, 0, 3, 1, 0, 9] open96 19 a6 0/1 big8 8 poor 21/21 a10 +0.385 top3 0.81
s9 coupEl 15 annul 2 regCoup 4 take [0, 0, 12, 1, 0] upr [4, 0, 3, 1, 0, 8] open96 20 a6 0/1 big8 8 poor 21/21 a10 +0.286 top3 0.80
s10 coupEl 14 annul 3 regCoup 4 take [0, 0, 13, 0, 1] upr [4, 0, 3, 0, 1, 4] open96 17 a6 0/1 big8 8 poor 21/21 a10 +0.356 top3 0.79
s11 coupEl 11 annul 3 regCoup 4 take [0, 0, 9, 1, 1] upr [3, 0, 1, 1, 1, 8] open96 16 a6 0/1 big8 8 poor 18/18 a10 +0.276 top3 0.91

thread 'a1_coups_against_elected_governments_are_spread_not_three_micro_polities' (33708) panicked at spheres-sim\tests\bloc_census.rs:984:5:
median coups against elected governments 15
test a1_coups_against_elected_governments_are_spread_not_three_micro_polities ... FAILED
A3: 2/20 seeds with a Communist non-ballot takeover
s0 coupEl 17 annul 2 regCoup 4 take [0, 0, 12, 0, 0] upr [5, 0, 2, 0, 0, 3] open96 22 a6 0/1 big8 8 poor 23/23 a10 +0.299 top3 0.71
s1 coupEl 15 annul 2 regCoup 4 take [0, 0, 11, 1, 1] upr [5, 0, 1, 1, 1, 8] open96 19 a6 0/1 big8 8 poor 21/21 a10 +0.282 top3 0.80
s2 coupEl 19 annul 2 regCoup 6 take [0, 0, 10, 1, 0] upr [2, 0, 0, 1, 0, 9] open96 20 a6 0/1 big8 8 poor 27/27 a10 +0.305 top3 0.68
s3 coupEl 14 annul 2 regCoup 3 take [0, 0, 12, 0, 1] upr [4, 0, 3, 0, 1, 3] open96 20 a6 0/1 big8 8 poor 19/19 a10 +0.303 top3 0.86
s4 coupEl 17 annul 3 regCoup 5 take [0, 0, 12, 1, 0] upr [1, 0, 2, 1, 0, 9] open96 19 a6 0/1 big8 8 poor 25/25 a10 +0.310 top3 0.82
s5 coupEl 17 annul 3 regCoup 3 take [0, 1, 12, 0, 0] upr [4, 1, 1, 0, 0, 4] open96 19 a6 0/1 big8 8 poor 23/23 a10 +0.294 top3 0.82
s6 coupEl 15 annul 2 regCoup 4 take [1, 0, 11, 1, 0] upr [4, 0, 1, 1, 0, 8] open96 19 a6 0/1 big8 8 poor 21/21 a10 +0.301 top3 0.80
s7 coupEl 15 annul 2 regCoup 3 take [0, 0, 10, 0, 1] upr [4, 0, 1, 0, 1, 4] open96 24 a6 0/1 big8 8 poor 20/20 a10 +0.292 top3 0.80
s8 coupEl 16 annul 2 regCoup 3 take [0, 0, 10, 1, 0] upr [2, 0, 3, 1, 0, 9] open96 19 a6 0/1 big8 8 poor 21/21 a10 +0.385 top3 0.81
s9 coupEl 15 annul 2 regCoup 4 take [0, 0, 12, 1, 0] upr [4, 0, 3, 1, 0, 8] open96 20 a6 0/1 big8 8 poor 21/21 a10 +0.286 top3 0.80
s10 coupEl 14 annul 3 regCoup 4 take [0, 0, 13, 0, 1] upr [4, 0, 3, 0, 1, 4] open96 17 a6 0/1 big8 8 poor 21/21 a10 +0.356 top3 0.79
s11 coupEl 11 annul 3 regCoup 4 take [0, 0, 9, 1, 1] upr [3, 0, 1, 1, 1, 8] open96 16 a6 0/1 big8 8 poor 18/18 a10 +0.276 top3 0.91
s12 coupEl 11 annul 2 regCoup 4 take [0, 0, 8, 0, 1] upr [2, 0, 1, 0, 1, 4] open96 21 a6 0/1 big8 8 poor 17/17 a10 +0.308 top3 1.00
s13 coupEl 15 annul 2 regCoup 4 take [0, 0, 9, 0, 0] upr [1, 0, 2, 0, 0, 3] open96 21 a6 0/1 big8 8 poor 21/21 a10 +0.306 top3 0.80
s14 coupEl 15 annul 2 regCoup 4 take [0, 0, 11, 0, 0] upr [5, 0, 1, 0, 0, 4] open96 24 a6 0/1 big8 8 poor 21/21 a10 +0.295 top3 0.87
s15 coupEl 21 annul 2 regCoup 2 take [0, 0, 12, 1, 0] upr [3, 0, 2, 1, 0, 8] open96 17 a6 0/1 big8 8 poor 25/25 a10 +0.291 top3 0.71
s16 coupEl 12 annul 3 regCoup 3 take [0, 0, 12, 1, 1] upr [2, 0, 3, 1, 1, 8] open96 22 a6 0/1 big8 8 poor 18/18 a10 +0.354 top3 0.83
s17 coupEl 20 annul 2 regCoup 3 take [0, 0, 10, 0, 0] upr [3, 0, 2, 0, 0, 3] open96 22 a6 0/1 big8 8 poor 25/25 a10 +0.295 top3 0.65
s18 coupEl 15 annul 3 regCoup 4 take [0, 0, 13, 1, 1] upr [5, 0, 2, 1, 1, 8] open96 18 a6 0/1 big8 8 poor 22/22 a10 +0.301 top3 0.80
s19 coupEl 12 annul 2 regCoup 4 take [0, 1, 10, 1, 1] upr [3, 1, 1, 1, 1, 7] open96 16 a6 0/1 big8 8 poor 18/18 a10 +0.292 top3 0.83
test a3_a_communist_takeover_without_a_ballot_is_rare ... ok
A4: median 1990 regimes electoral at end-1996 19
s0 coupEl 17 annul 2 regCoup 4 take [0, 0, 12, 0, 0] upr [5, 0, 2, 0, 0, 3] open96 22 a6 0/1 big8 8 poor 23/23 a10 +0.299 top3 0.71
s1 coupEl 15 annul 2 regCoup 4 take [0, 0, 11, 1, 1] upr [5, 0, 1, 1, 1, 8] open96 19 a6 0/1 big8 8 poor 21/21 a10 +0.282 top3 0.80
s2 coupEl 19 annul 2 regCoup 6 take [0, 0, 10, 1, 0] upr [2, 0, 0, 1, 0, 9] open96 20 a6 0/1 big8 8 poor 27/27 a10 +0.305 top3 0.68
s3 coupEl 14 annul 2 regCoup 3 take [0, 0, 12, 0, 1] upr [4, 0, 3, 0, 1, 3] open96 20 a6 0/1 big8 8 poor 19/19 a10 +0.303 top3 0.86
s4 coupEl 17 annul 3 regCoup 5 take [0, 0, 12, 1, 0] upr [1, 0, 2, 1, 0, 9] open96 19 a6 0/1 big8 8 poor 25/25 a10 +0.310 top3 0.82
s5 coupEl 17 annul 3 regCoup 3 take [0, 1, 12, 0, 0] upr [4, 1, 1, 0, 0, 4] open96 19 a6 0/1 big8 8 poor 23/23 a10 +0.294 top3 0.82
s6 coupEl 15 annul 2 regCoup 4 take [1, 0, 11, 1, 0] upr [4, 0, 1, 1, 0, 8] open96 19 a6 0/1 big8 8 poor 21/21 a10 +0.301 top3 0.80
s7 coupEl 15 annul 2 regCoup 3 take [0, 0, 10, 0, 1] upr [4, 0, 1, 0, 1, 4] open96 24 a6 0/1 big8 8 poor 20/20 a10 +0.292 top3 0.80
s8 coupEl 16 annul 2 regCoup 3 take [0, 0, 10, 1, 0] upr [2, 0, 3, 1, 0, 9] open96 19 a6 0/1 big8 8 poor 21/21 a10 +0.385 top3 0.81
s9 coupEl 15 annul 2 regCoup 4 take [0, 0, 12, 1, 0] upr [4, 0, 3, 1, 0, 8] open96 20 a6 0/1 big8 8 poor 21/21 a10 +0.286 top3 0.80
s10 coupEl 14 annul 3 regCoup 4 take [0, 0, 13, 0, 1] upr [4, 0, 3, 0, 1, 4] open96 17 a6 0/1 big8 8 poor 21/21 a10 +0.356 top3 0.79
s11 coupEl 11 annul 3 regCoup 4 take [0, 0, 9, 1, 1] upr [3, 0, 1, 1, 1, 8] open96 16 a6 0/1 big8 8 poor 18/18 a10 +0.276 top3 0.91
test a4_the_democratisation_wave_opens_fifteen_regimes_by_1996 ... ok
A5: 7/12 seeds with a flagged successor party led back into government by ballot in >= 3 ex-communist states by 1996
s0 coupEl 17 annul 2 regCoup 4 take [0, 0, 12, 0, 0] upr [5, 0, 2, 0, 0, 3] open96 22 a6 0/1 big8 8 poor 23/23 a10 +0.299 top3 0.71
s1 coupEl 15 annul 2 regCoup 4 take [0, 0, 11, 1, 1] upr [5, 0, 1, 1, 1, 8] open96 19 a6 0/1 big8 8 poor 21/21 a10 +0.282 top3 0.80
s2 coupEl 19 annul 2 regCoup 6 take [0, 0, 10, 1, 0] upr [2, 0, 0, 1, 0, 9] open96 20 a6 0/1 big8 8 poor 27/27 a10 +0.305 top3 0.68
s3 coupEl 14 annul 2 regCoup 3 take [0, 0, 12, 0, 1] upr [4, 0, 3, 0, 1, 3] open96 20 a6 0/1 big8 8 poor 19/19 a10 +0.303 top3 0.86
s4 coupEl 17 annul 3 regCoup 5 take [0, 0, 12, 1, 0] upr [1, 0, 2, 1, 0, 9] open96 19 a6 0/1 big8 8 poor 25/25 a10 +0.310 top3 0.82
s5 coupEl 17 annul 3 regCoup 3 take [0, 1, 12, 0, 0] upr [4, 1, 1, 0, 0, 4] open96 19 a6 0/1 big8 8 poor 23/23 a10 +0.294 top3 0.82
s6 coupEl 15 annul 2 regCoup 4 take [1, 0, 11, 1, 0] upr [4, 0, 1, 1, 0, 8] open96 19 a6 0/1 big8 8 poor 21/21 a10 +0.301 top3 0.80
s7 coupEl 15 annul 2 regCoup 3 take [0, 0, 10, 0, 1] upr [4, 0, 1, 0, 1, 4] open96 24 a6 0/1 big8 8 poor 20/20 a10 +0.292 top3 0.80
s8 coupEl 16 annul 2 regCoup 3 take [0, 0, 10, 1, 0] upr [2, 0, 3, 1, 0, 9] open96 19 a6 0/1 big8 8 poor 21/21 a10 +0.385 top3 0.81
s9 coupEl 15 annul 2 regCoup 4 take [0, 0, 12, 1, 0] upr [4, 0, 3, 1, 0, 8] open96 20 a6 0/1 big8 8 poor 21/21 a10 +0.286 top3 0.80
s10 coupEl 14 annul 3 regCoup 4 take [0, 0, 13, 0, 1] upr [4, 0, 3, 0, 1, 4] open96 17 a6 0/1 big8 8 poor 21/21 a10 +0.356 top3 0.79
s11 coupEl 11 annul 3 regCoup 4 take [0, 0, 9, 1, 1] upr [3, 0, 1, 1, 1, 8] open96 16 a6 0/1 big8 8 poor 18/18 a10 +0.276 top3 0.91
test a5_ex_communists_return_by_ballot_in_most_seeds ... ok
A7: median ballot-flips / takeovers 7.654 ([4.416666666666667, 7.846153846153846, 9.636363636363637, 4.230769230769231, 8.76923076923077, 3.6153846153846154, 7.461538461538462, 4.2727272727272725, 8.909090909090908, 8.076923076923077, 3.9285714285714284, 9.0])
s0 coupEl 17 annul 2 regCoup 4 take [0, 0, 12, 0, 0] upr [5, 0, 2, 0, 0, 3] open96 22 a6 0/1 big8 8 poor 23/23 a10 +0.299 top3 0.71
s1 coupEl 15 annul 2 regCoup 4 take [0, 0, 11, 1, 1] upr [5, 0, 1, 1, 1, 8] open96 19 a6 0/1 big8 8 poor 21/21 a10 +0.282 top3 0.80
s2 coupEl 19 annul 2 regCoup 6 take [0, 0, 10, 1, 0] upr [2, 0, 0, 1, 0, 9] open96 20 a6 0/1 big8 8 poor 27/27 a10 +0.305 top3 0.68
s3 coupEl 14 annul 2 regCoup 3 take [0, 0, 12, 0, 1] upr [4, 0, 3, 0, 1, 3] open96 20 a6 0/1 big8 8 poor 19/19 a10 +0.303 top3 0.86
s4 coupEl 17 annul 3 regCoup 5 take [0, 0, 12, 1, 0] upr [1, 0, 2, 1, 0, 9] open96 19 a6 0/1 big8 8 poor 25/25 a10 +0.310 top3 0.82
s5 coupEl 17 annul 3 regCoup 3 take [0, 1, 12, 0, 0] upr [4, 1, 1, 0, 0, 4] open96 19 a6 0/1 big8 8 poor 23/23 a10 +0.294 top3 0.82
s6 coupEl 15 annul 2 regCoup 4 take [1, 0, 11, 1, 0] upr [4, 0, 1, 1, 0, 8] open96 19 a6 0/1 big8 8 poor 21/21 a10 +0.301 top3 0.80
s7 coupEl 15 annul 2 regCoup 3 take [0, 0, 10, 0, 1] upr [4, 0, 1, 0, 1, 4] open96 24 a6 0/1 big8 8 poor 20/20 a10 +0.292 top3 0.80
s8 coupEl 16 annul 2 regCoup 3 take [0, 0, 10, 1, 0] upr [2, 0, 3, 1, 0, 9] open96 19 a6 0/1 big8 8 poor 21/21 a10 +0.385 top3 0.81
s9 coupEl 15 annul 2 regCoup 4 take [0, 0, 12, 1, 0] upr [4, 0, 3, 1, 0, 8] open96 20 a6 0/1 big8 8 poor 21/21 a10 +0.286 top3 0.80
s10 coupEl 14 annul 3 regCoup 4 take [0, 0, 13, 0, 1] upr [4, 0, 3, 0, 1, 4] open96 17 a6 0/1 big8 8 poor 21/21 a10 +0.356 top3 0.79
s11 coupEl 11 annul 3 regCoup 4 take [0, 0, 9, 1, 1] upr [3, 0, 1, 1, 1, 8] open96 16 a6 0/1 big8 8 poor 18/18 a10 +0.276 top3 0.91
test a7_ballots_flip_the_ruling_bloc_three_times_as_often_as_takeovers ... ok
test a_ballot_and_an_uncoloured_collapse_do_not_fabricate_a_movement_takeover ... ok
A6 at 420 months: route events 0 in 12/12 seeds; pre-existing collapses beside [1, 1, 1, 1, 1, 1, 1, 1, 1, 1, 1, 1]
test a6_no_road_reaches_a_1990_democracy_in_thirty_five_years ... ok
A9: 260/260 = 1.000 of coups in nations under $8,000 a head
test a9_four_coups_in_five_strike_nations_under_8000_a_head ... ok
test a8_six_of_the_eight_big_regimes_keep_their_bloc_in_most_seeds ... ok

failures:

failures:
    a1_coups_against_elected_governments_are_spread_not_three_micro_polities
    a2_an_islamist_takeover_without_a_ballot_in_most_seeds_by_2000

test result: FAILED. 9 passed; 2 failed; 0 ignored; 0 measured; 1 filtered out; finished in 39.41s

A8: 40/40 seeds keep >= 6 of 8; per seed [8, 8, 8, 8, 8, 8, 8, 8, 8, 8, 8, 8, 8, 8, 8, 8, 8, 8, 8, 8, 8, 8, 8, 8, 8, 8, 8, 8, 8, 8, 8, 8, 8, 8, 8, 8, 8, 8, 8, 8]
