SUMMARY over 200 seeds
A1 coups against elected governments per seed: min 6.00 med 8.00 max 12.00 mean 7.880 sd 1.154
   band 4..14 on the median: P(median outside | n=200) by bootstrap = 0.0000
   top-3 nation share of a seed's coups: min 0.43 med 0.62 max 0.78 mean 0.610 sd 0.058
   annulments per seed: min 2.00 med 3.00 max 6.00 mean 2.990 sd 0.833
   regime coups by a pillar per seed: min 2.00 med 5.00 max 10.00 mean 5.405 sd 1.323
A2 seeds with >= 1 Islamist non-ballot takeover by end-2000: 128/200 = 0.640 (over the run: 133/200); Algeria Islamist 0/200 annulled 200/200
   Islamist uprisings per seed: min 0.00 med 1.00 max 1.00 mean 0.660 sd 0.475; max Islamist influence (winnable, non-ruling): min 0.69 med 0.69 max 0.69 mean 0.691 sd 0.000
A3 seeds with >= 1 Communist non-ballot takeover over the run: 1/200 = 0.005; Communist takeovers per seed: min 0.00 med 0.00 max 1.00 mean 0.005 sd 0.071; Communist-won uprisings per seed: min 0.00 med 0.00 max 0.00 mean 0.000 sd 0.000
A4 1990 regimes electoral at end-1996 per seed: min 15.00 med 19.00 max 24.00 mean 19.165 sd 1.943; band 15..40 on the median: P(outside) = 0.0000
   openings over the run by attribution drift/uprising/lever/card: min 2.00 med 7.00 max 13.00 mean 7.405 sd 1.799 / min 0.00 med 0.00 max 2.00 mean 0.020 sd 0.172 / min 19.00 med 24.00 max 29.00 mean 23.905 sd 1.906 / min 0.00 med 3.00 max 6.00 mean 2.810 sd 1.320
A5 successor party led back into government by ballot (distinct nations): seeds with >= 1 by end-1996 200/200 = 1.000; >= 3 by end-1996 200/200 (the bar); >= 1 over the run 200/200; nations per seed by 1996 min 3.00 med 6.00 max 8.00 mean 4.900 sd 1.623
A6 route events in 1990 auth <= 0.20 nations per seed: min 0.00 med 0.00 max 0.00 mean 0.000 sd 0.000 (pre-existing stability<12 collapses beside: min 0.00 med 1.00 max 1.00 mean 0.990 sd 0.100); seeds with zero route events 200/200
A7 ballot BLOC flips per seed min 63.00 med 115.00 max 148.00 mean 104.190 sd 24.164; ballot PARTY flips per seed min 105.00 med 156.00 max 196.00 mean 144.955 sd 24.756; non-ballot takeovers (bloc changes) per seed min 9.00 med 13.00 max 17.00 mean 12.545 sd 1.442
   ratio bloc-flips/takeovers per seed min 4.67 med 8.46 max 13.45 mean 8.345 sd 1.907; ratio party-flips/takeovers per seed min 7.27 med 11.67 max 17.82 mean 11.641 sd 2.077 (bar: median >= 3)
A8 seeds with >= 6 of the big eight keeping their 1990 bloc to end-2010: 200/200 = 1.000; per seed min 8.00 med 8.00 max 8.00 mean 8.000 sd 0.000
A9 coups (all kinds) in nations under $8,000 per head: 3255/3255 = 1.000
A10 per-seed median of (D in the year before a non-ballot takeover - roster median): min 0.26 med 0.34 max 0.38 mean 0.340 sd 0.025 (bar >= 0.25; seeds with data 200)
deaths in office per seed min 21.00 med 34.00 max 44.00 mean 33.450 sd 4.221; round-table levers min 19.00 med 27.00 max 34.00 mean 27.465 sd 2.445; suspensions min 0.00 med 0.00 max 0.00 mean 0.000 sd 0.000; programmes min 0.00 med 0.00 max 1.00 mean 0.015 sd 0.122
uprisings by winner W/C/N/I/NA/none: min 0.00 med 0.00 max 2.00 mean 0.245 sd 0.465 / min 0.00 med 0.00 max 0.00 mean 0.000 sd 0.000 / min 0.00 med 2.00 max 3.00 mean 1.775 sd 0.580 / min 0.00 med 1.00 max 1.00 mean 0.660 sd 0.475 / min 0.00 med 1.00 max 1.00 mean 0.635 sd 0.483 / min 3.00 med 7.00 max 10.00 mean 6.190 sd 2.113
uprising clause stab12/movement/both/none: min 1.00 med 6.00 max 10.00 mean 5.455 sd 1.982 / min 0.00 med 2.00 max 5.00 mean 2.215 sd 1.007 / min 0.00 med 0.00 max 1.00 mean 0.015 sd 0.122 / min 0.00 med 2.00 max 6.00 mean 1.820 sd 1.239
crowned uprisings the pre-tick flag did not see (armed inside the tick, S7-1): min 0.00 med 1.00 max 3.00 mean 1.085 sd 0.749 (total 217 of 663 crowns)

BY NATION over all seeds (top 14 each)
  a6_collapse    total  198 distinct   1: [("Argentina", 198)]
  annul          total  598 distinct   7: [("Yemen", 206), ("Algeria", 200), ("Guyana", 148), ("Georgia", 34), ("Cambodia", 8), ("Ethiopia", 1), ("Peru", 1)]
  communist_take total    1 distinct   1: [("Nicaragua", 1)]
  crown_unarmed_pre total  217 distinct   7: [("Afghanistan", 132), ("Mozambique", 38), ("Cambodia", 23), ("Guyana", 14), ("Sao Tome and Principe", 6), ("Chad", 3), ("Myanmar", 1)]
  elcoup         total 1576 distinct  10: [("Guatemala", 359), ("Myanmar", 308), ("Guyana", 245), ("Sao Tome and Principe", 241), ("Ecuador", 200), ("Comoros", 195), ("Mozambique", 16), ("Cambodia", 9), ("Chad", 2), ("Peru", 1)]
  excomm_1996    total  980 distinct   9: [("Bulgaria", 200), ("Croatia", 200), ("Poland", 200), ("Lithuania", 113), ("Ukraine", 113), ("Russia", 111), ("Tajikistan", 21), ("Sao Tome and Principe", 20), ("Angola", 2)]
  excomm_run     total 1563 distinct  12: [("Bulgaria", 200), ("Croatia", 200), ("Poland", 200), ("Sao Tome and Principe", 176), ("Angola", 151), ("Belarus", 113), ("Lithuania", 113), ("Russia", 113), ("Ukraine", 113), ("Tajikistan", 100), ("Bosnia", 83), ("Macedonia", 1)]
  islamist_take  total  135 distinct   2: [("Afghanistan", 132), ("Lebanon", 3)]
  opened_1996    total 4108 distinct  27: [("Central African Republic", 200), ("Congo-Brazzaville", 200), ("Ghana", 200), ("Lesotho", 200), ("Morocco", 200), ("Myanmar", 200), ("Sao Tome and Principe", 200), ("Zambia", 200), ("Kuwait", 188), ("Cape Verde", 169), ("Gabon", 167), ("Fiji", 166), ("Nigeria", 165), ("Cameroon", 164)]
  regcoup        total 1081 distinct  13: [("Vietnam", 200), ("Cambodia", 186), ("Chad", 169), ("Laos", 157), ("Afghanistan", 144), ("Kazakhstan", 78), ("Guyana", 51), ("Iraq", 35), ("Yemen", 29), ("Sao Tome and Principe", 25), ("Angola", 3), ("Ethiopia", 3), ("Bhutan", 1)]
ok

test result: ok. 1 passed; 0 failed; 0 ignored; 0 measured; 11 filtered out; finished in 141.14s

