SUMMARY over 200 seeds
A1 coups against elected governments per seed: min 5.00 med 8.00 max 11.00 mean 7.870 sd 1.183
   band 4..14 on the median: P(median outside | n=200) by bootstrap = 0.0000
   top-3 nation share of a seed's coups: min 0.38 med 0.60 max 0.75 mean 0.594 sd 0.060
   annulments per seed: min 2.00 med 3.00 max 5.00 mean 2.990 sd 0.827
   regime coups by a pillar per seed: min 2.00 med 5.50 max 9.00 mean 5.520 sd 1.341
A2 seeds with >= 1 Islamist non-ballot takeover by end-2000: 125/200 = 0.625 (over the run: 130/200); Algeria Islamist 0/200 annulled 200/200
   Islamist uprisings per seed: min 0.00 med 1.00 max 1.00 mean 0.650 sd 0.478; max Islamist influence (winnable, non-ruling): min 0.69 med 0.69 max 0.69 mean 0.691 sd 0.000
A3 seeds with >= 1 Communist non-ballot takeover over the run: 2/200 = 0.010; Communist takeovers per seed: min 0.00 med 0.00 max 1.00 mean 0.010 sd 0.100; Communist-won uprisings per seed: min 0.00 med 0.00 max 1.00 mean 0.010 sd 0.100
A4 1990 regimes electoral at end-1996 per seed: min 14.00 med 19.00 max 24.00 mean 19.160 sd 1.831; band 15..40 on the median: P(outside) = 0.0000
   openings over the run by attribution drift/uprising/lever/card: min 3.00 med 7.00 max 12.00 mean 7.140 sd 1.777 / min 0.00 med 0.00 max 1.00 mean 0.030 sd 0.171 / min 19.00 med 24.00 max 28.00 mean 24.285 sd 1.803 / min 0.00 med 3.00 max 7.00 mean 2.645 sd 1.231
A5 successor party led back into government by ballot (distinct nations): seeds with >= 1 by end-1996 200/200 = 1.000; >= 3 by end-1996 104/200 (the bar); >= 1 over the run 200/200; nations per seed by 1996 min 2.00 med 3.00 max 3.00 mean 2.520 sd 0.501
A6 route events in 1990 auth <= 0.20 nations per seed: min 0.00 med 0.00 max 0.00 mean 0.000 sd 0.000 (pre-existing stability<12 collapses beside: min 0.00 med 1.00 max 1.00 mean 0.990 sd 0.100); seeds with zero route events 200/200
A7 ballot BLOC flips per seed min 60.00 med 97.00 max 137.00 mean 94.155 sd 18.548; ballot PARTY flips per seed min 101.00 med 139.00 max 182.00 mean 137.505 sd 20.460; non-ballot takeovers (bloc changes) per seed min 9.00 med 13.00 max 17.00 mean 12.485 sd 1.601
   ratio bloc-flips/takeovers per seed min 4.50 med 7.56 max 12.44 mean 7.599 sd 1.481; ratio party-flips/takeovers per seed min 6.56 med 11.04 max 16.89 mean 11.129 sd 1.801 (bar: median >= 3)
A8 seeds with >= 6 of the big eight keeping their 1990 bloc to end-2010: 200/200 = 1.000; per seed min 8.00 med 8.00 max 8.00 mean 8.000 sd 0.000
A9 coups (all kinds) in nations under $8,000 per head: 3276/3276 = 1.000
A10 per-seed median of (D in the year before a non-ballot takeover - roster median): min 0.26 med 0.34 max 0.38 mean 0.334 sd 0.027 (bar >= 0.25; seeds with data 200)
deaths in office per seed min 24.00 med 35.00 max 45.00 mean 35.275 sd 4.071; round-table levers min 23.00 med 28.00 max 34.00 mean 27.815 sd 2.319; suspensions min 0.00 med 0.00 max 0.00 mean 0.000 sd 0.000; programmes min 0.00 med 0.00 max 1.00 mean 0.005 sd 0.071
uprisings by winner W/C/N/I/NA/none: min 0.00 med 0.00 max 2.00 mean 0.295 sd 0.489 / min 0.00 med 0.00 max 1.00 mean 0.010 sd 0.100 / min 0.00 med 2.00 max 3.00 mean 1.715 sd 0.668 / min 0.00 med 1.00 max 1.00 mean 0.650 sd 0.478 / min 0.00 med 1.00 max 1.00 mean 0.580 sd 0.495 / min 3.00 med 7.00 max 10.00 mean 6.005 sd 2.149
uprising clause stab12/movement/both/none: min 1.00 med 5.00 max 10.00 mean 5.395 sd 1.990 / min 0.00 med 2.00 max 5.00 mean 2.210 sd 1.020 / min 0.00 med 0.00 max 1.00 mean 0.010 sd 0.100 / min 0.00 med 1.00 max 6.00 mean 1.640 sd 1.203
crowned uprisings the pre-tick flag did not see (armed inside the tick, S7-1): min 0.00 med 1.00 max 4.00 mean 1.030 sd 0.756 (total 206 of 650 crowns)

BY NATION over all seeds (top 14 each)
  a6_collapse    total  198 distinct   1: [("Argentina", 198)]
  annul          total  598 distinct   8: [("Yemen", 203), ("Algeria", 200), ("Guyana", 142), ("Georgia", 25), ("Cambodia", 11), ("Nicaragua", 9), ("Congo-Brazzaville", 6), ("Afghanistan", 2)]
  communist_take total    2 distinct   2: [("Cambodia", 1), ("Guyana", 1)]
  crown_unarmed_pre total  206 distinct   7: [("Afghanistan", 130), ("Mozambique", 23), ("Cambodia", 22), ("Guyana", 19), ("Sao Tome and Principe", 6), ("Chad", 4), ("Myanmar", 2)]
  elcoup         total 1574 distinct   9: [("Myanmar", 306), ("Sao Tome and Principe", 276), ("Comoros", 271), ("Guatemala", 240), ("Guyana", 235), ("Suriname", 200), ("Mozambique", 36), ("Cambodia", 6), ("Chad", 4)]
  excomm_1996    total  504 distinct   3: [("Bulgaria", 200), ("Poland", 200), ("Russia", 104)]
  excomm_run     total 1401 distinct  10: [("Bulgaria", 200), ("Croatia", 200), ("Poland", 200), ("Sao Tome and Principe", 165), ("Angola", 146), ("Belarus", 104), ("Lithuania", 104), ("Russia", 104), ("Ukraine", 104), ("Tajikistan", 74)]
  islamist_take  total  131 distinct   2: [("Afghanistan", 130), ("Lebanon", 1)]
  opened_1996    total 4120 distinct  27: [("Central African Republic", 200), ("Congo-Brazzaville", 200), ("Ghana", 200), ("Lesotho", 200), ("Morocco", 200), ("Myanmar", 200), ("Sao Tome and Principe", 200), ("Zambia", 200), ("Kuwait", 190), ("Albania", 173), ("Gabon", 167), ("Cape Verde", 164), ("Nigeria", 164), ("Cameroon", 160)]
  regcoup        total 1104 distinct  12: [("Vietnam", 201), ("Cambodia", 180), ("Laos", 165), ("Chad", 161), ("Afghanistan", 143), ("Kazakhstan", 77), ("Guyana", 55), ("Sao Tome and Principe", 42), ("Iraq", 40), ("Yemen", 35), ("Angola", 4), ("Ethiopia", 1)]
ok

test result: ok. 1 passed; 0 failed; 0 ignored; 0 measured; 11 filtered out; finished in 140.64s

