
running 10 tests
A10: median discontent lead 0.330 over 12 seeds ([0.34271241387352225, 0.2751546573685485, 0.34773859989479416, 0.3005153103151987, 0.34774587817408986, 0.28652440188442063, 0.38403635054788243, 0.3319600901582094, 0.3263297620025569, 0.3374181834121357, 0.2776173154015007, 0.3283436684944434])
test a10_discontent_leads_the_roster_by_a_quarter_before_a_takeover ... ok
A2: 0/12 seeds; Algeria Islamist 0/12 annulled 0/12
s0 coupEl 15 annul 0 regCoup 42 take [0, 3, 22, 1, 3] upr [7, 2, 2, 1, 2, 13] open96 9 a6 0/1 big8 7 poor 57/57 a10 +0.343 top3 0.60
s1 coupEl 18 annul 0 regCoup 43 take [0, 1, 22, 0, 2] upr [10, 1, 1, 0, 1, 12] open96 9 a6 0/1 big8 8 poor 61/61 a10 +0.275 top3 0.61
s2 coupEl 17 annul 0 regCoup 40 take [0, 3, 22, 0, 3] upr [8, 2, 3, 0, 2, 13] open96 7 a6 0/1 big8 8 poor 57/57 a10 +0.348 top3 0.65
s3 coupEl 18 annul 0 regCoup 42 take [0, 0, 23, 0, 3] upr [8, 0, 2, 0, 2, 11] open96 8 a6 0/1 big8 8 poor 60/60 a10 +0.301 top3 0.67
s4 coupEl 15 annul 0 regCoup 42 take [0, 2, 19, 0, 4] upr [6, 2, 2, 0, 3, 12] open96 6 a6 0/1 big8 8 poor 57/57 a10 +0.348 top3 0.73
s5 coupEl 18 annul 0 regCoup 40 take [0, 0, 24, 0, 2] upr [9, 0, 2, 0, 1, 12] open96 8 a6 0/1 big8 7 poor 58/58 a10 +0.287 top3 0.61
s6 coupEl 14 annul 0 regCoup 39 take [0, 1, 21, 1, 4] upr [8, 1, 3, 1, 2, 11] open96 8 a6 0/1 big8 8 poor 53/53 a10 +0.384 top3 0.64
s7 coupEl 15 annul 0 regCoup 43 take [1, 0, 20, 0, 2] upr [7, 0, 1, 0, 1, 14] open96 8 a6 0/1 big8 8 poor 58/58 a10 +0.332 top3 0.67
s8 coupEl 15 annul 0 regCoup 42 take [0, 2, 20, 0, 4] upr [9, 2, 0, 0, 3, 14] open96 7 a6 0/1 big8 8 poor 57/57 a10 +0.326 top3 0.60
s9 coupEl 20 annul 0 regCoup 41 take [0, 2, 22, 0, 2] upr [10, 2, 1, 0, 1, 13] open96 9 a6 0/1 big8 8 poor 61/61 a10 +0.337 top3 0.65
s10 coupEl 18 annul 0 regCoup 40 take [0, 1, 19, 0, 1] upr [9, 1, 1, 0, 1, 12] open96 7 a6 0/1 big8 8 poor 58/58 a10 +0.278 top3 0.56
s11 coupEl 16 annul 0 regCoup 43 take [0, 3, 21, 0, 3] upr [8, 2, 1, 0, 2, 12] open96 6 a6 0/1 big8 7 poor 59/59 a10 +0.328 top3 0.62

thread 'a2_an_islamist_takeover_without_a_ballot_in_most_seeds_by_2000' (12280) panicked at spheres-sim\tests\bloc_census.rs:987:5:
Islamist takeover by 2000 in 0/12 seeds
note: run with `RUST_BACKTRACE=1` environment variable to display a backtrace
test a2_an_islamist_takeover_without_a_ballot_in_most_seeds_by_2000 ... FAILED
A1: median coups 16.5 top-3 share median 0.63
s0 coupEl 15 annul 0 regCoup 42 take [0, 3, 22, 1, 3] upr [7, 2, 2, 1, 2, 13] open96 9 a6 0/1 big8 7 poor 57/57 a10 +0.343 top3 0.60
s1 coupEl 18 annul 0 regCoup 43 take [0, 1, 22, 0, 2] upr [10, 1, 1, 0, 1, 12] open96 9 a6 0/1 big8 8 poor 61/61 a10 +0.275 top3 0.61
s2 coupEl 17 annul 0 regCoup 40 take [0, 3, 22, 0, 3] upr [8, 2, 3, 0, 2, 13] open96 7 a6 0/1 big8 8 poor 57/57 a10 +0.348 top3 0.65
s3 coupEl 18 annul 0 regCoup 42 take [0, 0, 23, 0, 3] upr [8, 0, 2, 0, 2, 11] open96 8 a6 0/1 big8 8 poor 60/60 a10 +0.301 top3 0.67
s4 coupEl 15 annul 0 regCoup 42 take [0, 2, 19, 0, 4] upr [6, 2, 2, 0, 3, 12] open96 6 a6 0/1 big8 8 poor 57/57 a10 +0.348 top3 0.73
s5 coupEl 18 annul 0 regCoup 40 take [0, 0, 24, 0, 2] upr [9, 0, 2, 0, 1, 12] open96 8 a6 0/1 big8 7 poor 58/58 a10 +0.287 top3 0.61
s6 coupEl 14 annul 0 regCoup 39 take [0, 1, 21, 1, 4] upr [8, 1, 3, 1, 2, 11] open96 8 a6 0/1 big8 8 poor 53/53 a10 +0.384 top3 0.64
s7 coupEl 15 annul 0 regCoup 43 take [1, 0, 20, 0, 2] upr [7, 0, 1, 0, 1, 14] open96 8 a6 0/1 big8 8 poor 58/58 a10 +0.332 top3 0.67
s8 coupEl 15 annul 0 regCoup 42 take [0, 2, 20, 0, 4] upr [9, 2, 0, 0, 3, 14] open96 7 a6 0/1 big8 8 poor 57/57 a10 +0.326 top3 0.60
s9 coupEl 20 annul 0 regCoup 41 take [0, 2, 22, 0, 2] upr [10, 2, 1, 0, 1, 13] open96 9 a6 0/1 big8 8 poor 61/61 a10 +0.337 top3 0.65
s10 coupEl 18 annul 0 regCoup 40 take [0, 1, 19, 0, 1] upr [9, 1, 1, 0, 1, 12] open96 7 a6 0/1 big8 8 poor 58/58 a10 +0.278 top3 0.56
s11 coupEl 16 annul 0 regCoup 43 take [0, 3, 21, 0, 3] upr [8, 2, 1, 0, 2, 12] open96 6 a6 0/1 big8 7 poor 59/59 a10 +0.328 top3 0.62

thread 'a1_coups_against_elected_governments_are_spread_not_three_micro_polities' (30072) panicked at spheres-sim\tests\bloc_census.rs:953:5:
median coups against elected governments 16.5
test a1_coups_against_elected_governments_are_spread_not_three_micro_polities ... FAILED
A3: 16/20 seeds with a Communist non-ballot takeover
s0 coupEl 15 annul 0 regCoup 42 take [0, 3, 22, 1, 3] upr [7, 2, 2, 1, 2, 13] open96 9 a6 0/1 big8 7 poor 57/57 a10 +0.343 top3 0.60
s1 coupEl 18 annul 0 regCoup 43 take [0, 1, 22, 0, 2] upr [10, 1, 1, 0, 1, 12] open96 9 a6 0/1 big8 8 poor 61/61 a10 +0.275 top3 0.61
s2 coupEl 17 annul 0 regCoup 40 take [0, 3, 22, 0, 3] upr [8, 2, 3, 0, 2, 13] open96 7 a6 0/1 big8 8 poor 57/57 a10 +0.348 top3 0.65
s3 coupEl 18 annul 0 regCoup 42 take [0, 0, 23, 0, 3] upr [8, 0, 2, 0, 2, 11] open96 8 a6 0/1 big8 8 poor 60/60 a10 +0.301 top3 0.67
s4 coupEl 15 annul 0 regCoup 42 take [0, 2, 19, 0, 4] upr [6, 2, 2, 0, 3, 12] open96 6 a6 0/1 big8 8 poor 57/57 a10 +0.348 top3 0.73
s5 coupEl 18 annul 0 regCoup 40 take [0, 0, 24, 0, 2] upr [9, 0, 2, 0, 1, 12] open96 8 a6 0/1 big8 7 poor 58/58 a10 +0.287 top3 0.61
s6 coupEl 14 annul 0 regCoup 39 take [0, 1, 21, 1, 4] upr [8, 1, 3, 1, 2, 11] open96 8 a6 0/1 big8 8 poor 53/53 a10 +0.384 top3 0.64
s7 coupEl 15 annul 0 regCoup 43 take [1, 0, 20, 0, 2] upr [7, 0, 1, 0, 1, 14] open96 8 a6 0/1 big8 8 poor 58/58 a10 +0.332 top3 0.67
s8 coupEl 15 annul 0 regCoup 42 take [0, 2, 20, 0, 4] upr [9, 2, 0, 0, 3, 14] open96 7 a6 0/1 big8 8 poor 57/57 a10 +0.326 top3 0.60
s9 coupEl 20 annul 0 regCoup 41 take [0, 2, 22, 0, 2] upr [10, 2, 1, 0, 1, 13] open96 9 a6 0/1 big8 8 poor 61/61 a10 +0.337 top3 0.65
s10 coupEl 18 annul 0 regCoup 40 take [0, 1, 19, 0, 1] upr [9, 1, 1, 0, 1, 12] open96 7 a6 0/1 big8 8 poor 58/58 a10 +0.278 top3 0.56
s11 coupEl 16 annul 0 regCoup 43 take [0, 3, 21, 0, 3] upr [8, 2, 1, 0, 2, 12] open96 6 a6 0/1 big8 7 poor 59/59 a10 +0.328 top3 0.62
s12 coupEl 14 annul 0 regCoup 41 take [0, 1, 18, 0, 2] upr [6, 1, 1, 0, 1, 12] open96 6 a6 0/1 big8 8 poor 55/55 a10 +0.302 top3 0.64
s13 coupEl 16 annul 0 regCoup 39 take [0, 2, 21, 0, 3] upr [9, 2, 2, 0, 2, 11] open96 7 a6 0/1 big8 8 poor 55/55 a10 +0.355 top3 0.56
s14 coupEl 18 annul 0 regCoup 42 take [1, 1, 24, 0, 4] upr [8, 0, 0, 0, 3, 13] open96 6 a6 0/1 big8 8 poor 60/60 a10 +0.312 top3 0.61
s15 coupEl 19 annul 0 regCoup 44 take [1, 1, 24, 1, 3] upr [8, 1, 2, 1, 2, 13] open96 6 a6 0/1 big8 8 poor 63/63 a10 +0.303 top3 0.58
s16 coupEl 19 annul 0 regCoup 42 take [0, 0, 24, 0, 2] upr [10, 0, 1, 0, 1, 13] open96 8 a6 0/1 big8 8 poor 61/61 a10 +0.275 top3 0.63
s17 coupEl 18 annul 0 regCoup 40 take [0, 1, 22, 1, 3] upr [8, 1, 1, 1, 2, 13] open96 7 a6 0/1 big8 8 poor 58/58 a10 +0.276 top3 0.56
s18 coupEl 20 annul 0 regCoup 41 take [0, 1, 24, 0, 3] upr [9, 1, 1, 0, 2, 11] open96 8 a6 0/1 big8 8 poor 61/61 a10 +0.305 top3 0.60
s19 coupEl 14 annul 0 regCoup 41 take [0, 1, 21, 1, 4] upr [6, 1, 2, 1, 3, 14] open96 8 a6 0/1 big8 8 poor 55/55 a10 +0.349 top3 0.57

thread 'a3_a_communist_takeover_without_a_ballot_is_rare' (16244) panicked at spheres-sim\tests\bloc_census.rs:1021:5:
a Communist takeover without a ballot in 16/20 seeds
test a3_a_communist_takeover_without_a_ballot_is_rare ... FAILED
A4: median 1990 regimes electoral at end-1996 8
s0 coupEl 15 annul 0 regCoup 42 take [0, 3, 22, 1, 3] upr [7, 2, 2, 1, 2, 13] open96 9 a6 0/1 big8 7 poor 57/57 a10 +0.343 top3 0.60
s1 coupEl 18 annul 0 regCoup 43 take [0, 1, 22, 0, 2] upr [10, 1, 1, 0, 1, 12] open96 9 a6 0/1 big8 8 poor 61/61 a10 +0.275 top3 0.61
s2 coupEl 17 annul 0 regCoup 40 take [0, 3, 22, 0, 3] upr [8, 2, 3, 0, 2, 13] open96 7 a6 0/1 big8 8 poor 57/57 a10 +0.348 top3 0.65
s3 coupEl 18 annul 0 regCoup 42 take [0, 0, 23, 0, 3] upr [8, 0, 2, 0, 2, 11] open96 8 a6 0/1 big8 8 poor 60/60 a10 +0.301 top3 0.67
s4 coupEl 15 annul 0 regCoup 42 take [0, 2, 19, 0, 4] upr [6, 2, 2, 0, 3, 12] open96 6 a6 0/1 big8 8 poor 57/57 a10 +0.348 top3 0.73
s5 coupEl 18 annul 0 regCoup 40 take [0, 0, 24, 0, 2] upr [9, 0, 2, 0, 1, 12] open96 8 a6 0/1 big8 7 poor 58/58 a10 +0.287 top3 0.61
s6 coupEl 14 annul 0 regCoup 39 take [0, 1, 21, 1, 4] upr [8, 1, 3, 1, 2, 11] open96 8 a6 0/1 big8 8 poor 53/53 a10 +0.384 top3 0.64
s7 coupEl 15 annul 0 regCoup 43 take [1, 0, 20, 0, 2] upr [7, 0, 1, 0, 1, 14] open96 8 a6 0/1 big8 8 poor 58/58 a10 +0.332 top3 0.67
s8 coupEl 15 annul 0 regCoup 42 take [0, 2, 20, 0, 4] upr [9, 2, 0, 0, 3, 14] open96 7 a6 0/1 big8 8 poor 57/57 a10 +0.326 top3 0.60
s9 coupEl 20 annul 0 regCoup 41 take [0, 2, 22, 0, 2] upr [10, 2, 1, 0, 1, 13] open96 9 a6 0/1 big8 8 poor 61/61 a10 +0.337 top3 0.65
s10 coupEl 18 annul 0 regCoup 40 take [0, 1, 19, 0, 1] upr [9, 1, 1, 0, 1, 12] open96 7 a6 0/1 big8 8 poor 58/58 a10 +0.278 top3 0.56
s11 coupEl 16 annul 0 regCoup 43 take [0, 3, 21, 0, 3] upr [8, 2, 1, 0, 2, 12] open96 6 a6 0/1 big8 7 poor 59/59 a10 +0.328 top3 0.62

thread 'a4_the_democratisation_wave_opens_fifteen_regimes_by_1996' (32932) panicked at spheres-sim\tests\bloc_census.rs:1058:5:
median regimes electoral by 1996: 8
test a4_the_democratisation_wave_opens_fifteen_regimes_by_1996 ... FAILED
A5: 11/12 seeds with a flagged successor party led back into government by ballot in >= 3 ex-communist states by 1996
s0 coupEl 15 annul 0 regCoup 42 take [0, 3, 22, 1, 3] upr [7, 2, 2, 1, 2, 13] open96 9 a6 0/1 big8 7 poor 57/57 a10 +0.343 top3 0.60
s1 coupEl 18 annul 0 regCoup 43 take [0, 1, 22, 0, 2] upr [10, 1, 1, 0, 1, 12] open96 9 a6 0/1 big8 8 poor 61/61 a10 +0.275 top3 0.61
s2 coupEl 17 annul 0 regCoup 40 take [0, 3, 22, 0, 3] upr [8, 2, 3, 0, 2, 13] open96 7 a6 0/1 big8 8 poor 57/57 a10 +0.348 top3 0.65
s3 coupEl 18 annul 0 regCoup 42 take [0, 0, 23, 0, 3] upr [8, 0, 2, 0, 2, 11] open96 8 a6 0/1 big8 8 poor 60/60 a10 +0.301 top3 0.67
s4 coupEl 15 annul 0 regCoup 42 take [0, 2, 19, 0, 4] upr [6, 2, 2, 0, 3, 12] open96 6 a6 0/1 big8 8 poor 57/57 a10 +0.348 top3 0.73
s5 coupEl 18 annul 0 regCoup 40 take [0, 0, 24, 0, 2] upr [9, 0, 2, 0, 1, 12] open96 8 a6 0/1 big8 7 poor 58/58 a10 +0.287 top3 0.61
s6 coupEl 14 annul 0 regCoup 39 take [0, 1, 21, 1, 4] upr [8, 1, 3, 1, 2, 11] open96 8 a6 0/1 big8 8 poor 53/53 a10 +0.384 top3 0.64
s7 coupEl 15 annul 0 regCoup 43 take [1, 0, 20, 0, 2] upr [7, 0, 1, 0, 1, 14] open96 8 a6 0/1 big8 8 poor 58/58 a10 +0.332 top3 0.67
s8 coupEl 15 annul 0 regCoup 42 take [0, 2, 20, 0, 4] upr [9, 2, 0, 0, 3, 14] open96 7 a6 0/1 big8 8 poor 57/57 a10 +0.326 top3 0.60
s9 coupEl 20 annul 0 regCoup 41 take [0, 2, 22, 0, 2] upr [10, 2, 1, 0, 1, 13] open96 9 a6 0/1 big8 8 poor 61/61 a10 +0.337 top3 0.65
s10 coupEl 18 annul 0 regCoup 40 take [0, 1, 19, 0, 1] upr [9, 1, 1, 0, 1, 12] open96 7 a6 0/1 big8 8 poor 58/58 a10 +0.278 top3 0.56
s11 coupEl 16 annul 0 regCoup 43 take [0, 3, 21, 0, 3] upr [8, 2, 1, 0, 2, 12] open96 6 a6 0/1 big8 7 poor 59/59 a10 +0.328 top3 0.62
test a5_ex_communists_return_by_ballot_in_most_seeds ... ok
A7: median ballot-flips / takeovers 3.750 ([3.3448275862068964, 3.88, 3.357142857142857, 3.769230769230769, 4.48, 3.8461538461538463, 3.6296296296296298, 3.9565217391304346, 3.6538461538461537, 3.730769230769231, 4.904761904761905, 3.5555555555555554])
s0 coupEl 15 annul 0 regCoup 42 take [0, 3, 22, 1, 3] upr [7, 2, 2, 1, 2, 13] open96 9 a6 0/1 big8 7 poor 57/57 a10 +0.343 top3 0.60
s1 coupEl 18 annul 0 regCoup 43 take [0, 1, 22, 0, 2] upr [10, 1, 1, 0, 1, 12] open96 9 a6 0/1 big8 8 poor 61/61 a10 +0.275 top3 0.61
s2 coupEl 17 annul 0 regCoup 40 take [0, 3, 22, 0, 3] upr [8, 2, 3, 0, 2, 13] open96 7 a6 0/1 big8 8 poor 57/57 a10 +0.348 top3 0.65
s3 coupEl 18 annul 0 regCoup 42 take [0, 0, 23, 0, 3] upr [8, 0, 2, 0, 2, 11] open96 8 a6 0/1 big8 8 poor 60/60 a10 +0.301 top3 0.67
s4 coupEl 15 annul 0 regCoup 42 take [0, 2, 19, 0, 4] upr [6, 2, 2, 0, 3, 12] open96 6 a6 0/1 big8 8 poor 57/57 a10 +0.348 top3 0.73
s5 coupEl 18 annul 0 regCoup 40 take [0, 0, 24, 0, 2] upr [9, 0, 2, 0, 1, 12] open96 8 a6 0/1 big8 7 poor 58/58 a10 +0.287 top3 0.61
s6 coupEl 14 annul 0 regCoup 39 take [0, 1, 21, 1, 4] upr [8, 1, 3, 1, 2, 11] open96 8 a6 0/1 big8 8 poor 53/53 a10 +0.384 top3 0.64
s7 coupEl 15 annul 0 regCoup 43 take [1, 0, 20, 0, 2] upr [7, 0, 1, 0, 1, 14] open96 8 a6 0/1 big8 8 poor 58/58 a10 +0.332 top3 0.67
s8 coupEl 15 annul 0 regCoup 42 take [0, 2, 20, 0, 4] upr [9, 2, 0, 0, 3, 14] open96 7 a6 0/1 big8 8 poor 57/57 a10 +0.326 top3 0.60
s9 coupEl 20 annul 0 regCoup 41 take [0, 2, 22, 0, 2] upr [10, 2, 1, 0, 1, 13] open96 9 a6 0/1 big8 8 poor 61/61 a10 +0.337 top3 0.65
s10 coupEl 18 annul 0 regCoup 40 take [0, 1, 19, 0, 1] upr [9, 1, 1, 0, 1, 12] open96 7 a6 0/1 big8 8 poor 58/58 a10 +0.278 top3 0.56
s11 coupEl 16 annul 0 regCoup 43 take [0, 3, 21, 0, 3] upr [8, 2, 1, 0, 2, 12] open96 6 a6 0/1 big8 7 poor 59/59 a10 +0.328 top3 0.62
test a7_ballots_flip_the_ruling_bloc_three_times_as_often_as_takeovers ... ok
A6 at 420 months: route events 0 in 12/12 seeds; pre-existing collapses beside [1, 1, 1, 1, 1, 1, 1, 1, 1, 1, 1, 1]
test a6_no_road_reaches_a_1990_democracy_in_thirty_five_years ... ok
A9: 696/696 = 1.000 of coups in nations under $8,000 a head
test a9_four_coups_in_five_strike_nations_under_8000_a_head ... ok
A8: 40/40 seeds keep >= 6 of 8; per seed [7, 8, 8, 8, 8, 7, 8, 8, 8, 8, 8, 7, 8, 8, 8, 8, 8, 8, 8, 8, 8, 8, 8, 8, 8, 7, 8, 8, 8, 8, 8, 8, 8, 8, 8, 8, 8, 8, 8, 8]
test a8_six_of_the_eight_big_regimes_keep_their_bloc_in_most_seeds ... ok

failures:

failures:
    a1_coups_against_elected_governments_are_spread_not_three_micro_polities
    a2_an_islamist_takeover_without_a_ballot_in_most_seeds_by_2000
    a3_a_communist_takeover_without_a_ballot_is_rare
    a4_the_democratisation_wave_opens_fifteen_regimes_by_1996

test result: FAILED. 6 passed; 4 failed; 0 ignored; 0 measured; 1 filtered out; finished in 40.07s

