
running 11 tests
A2: 9/12 seeds; Algeria Islamist 0/12 annulled 12/12
s0 coupEl 10 annul 2 regCoup 5 take [0, 0, 10, 0, 1] upr [0, 0, 1, 0, 1, 3] open96 19 a6 0/1 big8 8 poor 17/17 a10 +0.363 top3 0.60
s1 coupEl 9 annul 3 regCoup 7 take [0, 0, 12, 1, 1] upr [0, 0, 2, 1, 1, 8] open96 19 a6 0/1 big8 8 poor 19/19 a10 +0.364 top3 0.67
s2 coupEl 8 annul 4 regCoup 7 take [0, 0, 13, 1, 0] upr [0, 0, 2, 1, 0, 8] open96 20 a6 0/1 big8 8 poor 19/19 a10 +0.342 top3 0.62
s3 coupEl 8 annul 4 regCoup 4 take [0, 0, 13, 0, 0] upr [0, 0, 2, 0, 0, 5] open96 22 a6 0/1 big8 8 poor 16/16 a10 +0.358 top3 0.62
s4 coupEl 9 annul 4 regCoup 5 take [0, 0, 14, 1, 1] upr [0, 0, 2, 1, 1, 3] open96 19 a6 0/1 big8 8 poor 18/18 a10 +0.346 top3 0.67
s5 coupEl 7 annul 2 regCoup 6 take [0, 0, 10, 0, 1] upr [0, 0, 2, 0, 1, 5] open96 21 a6 0/1 big8 8 poor 15/15 a10 +0.368 top3 0.57
s6 coupEl 8 annul 3 regCoup 5 take [0, 0, 10, 1, 1] upr [1, 0, 1, 1, 1, 7] open96 19 a6 0/1 big8 8 poor 16/16 a10 +0.332 top3 0.50
s7 coupEl 11 annul 4 regCoup 3 take [0, 0, 15, 1, 0] upr [1, 0, 1, 1, 0, 7] open96 17 a6 0/1 big8 8 poor 18/18 a10 +0.310 top3 0.55
s8 coupEl 9 annul 2 regCoup 6 take [0, 0, 11, 1, 0] upr [0, 0, 1, 1, 0, 8] open96 16 a6 0/1 big8 8 poor 17/17 a10 +0.328 top3 0.67
s9 coupEl 8 annul 3 regCoup 7 take [0, 0, 11, 1, 1] upr [0, 0, 2, 1, 1, 8] open96 17 a6 0/1 big8 8 poor 18/18 a10 +0.364 top3 0.62
s10 coupEl 6 annul 2 regCoup 6 take [0, 0, 7, 1, 1] upr [0, 0, 0, 1, 1, 8] open96 19 a6 0/1 big8 8 poor 14/14 a10 +0.358 top3 0.67
s11 coupEl 10 annul 2 regCoup 4 take [0, 0, 12, 1, 1] upr [0, 0, 2, 1, 1, 4] open96 19 a6 0/1 big8 8 poor 16/16 a10 +0.368 top3 0.60
test a2_an_islamist_takeover_without_a_ballot_in_most_seeds_by_2000 ... ok
A1: median coups 8.5 top-3 share median 0.62
s0 coupEl 10 annul 2 regCoup 5 take [0, 0, 10, 0, 1] upr [0, 0, 1, 0, 1, 3] open96 19 a6 0/1 big8 8 poor 17/17 a10 +0.363 top3 0.60
s1 coupEl 9 annul 3 regCoup 7 take [0, 0, 12, 1, 1] upr [0, 0, 2, 1, 1, 8] open96 19 a6 0/1 big8 8 poor 19/19 a10 +0.364 top3 0.67
s2 coupEl 8 annul 4 regCoup 7 take [0, 0, 13, 1, 0] upr [0, 0, 2, 1, 0, 8] open96 20 a6 0/1 big8 8 poor 19/19 a10 +0.342 top3 0.62
s3 coupEl 8 annul 4 regCoup 4 take [0, 0, 13, 0, 0] upr [0, 0, 2, 0, 0, 5] open96 22 a6 0/1 big8 8 poor 16/16 a10 +0.358 top3 0.62
s4 coupEl 9 annul 4 regCoup 5 take [0, 0, 14, 1, 1] upr [0, 0, 2, 1, 1, 3] open96 19 a6 0/1 big8 8 poor 18/18 a10 +0.346 top3 0.67
s5 coupEl 7 annul 2 regCoup 6 take [0, 0, 10, 0, 1] upr [0, 0, 2, 0, 1, 5] open96 21 a6 0/1 big8 8 poor 15/15 a10 +0.368 top3 0.57
s6 coupEl 8 annul 3 regCoup 5 take [0, 0, 10, 1, 1] upr [1, 0, 1, 1, 1, 7] open96 19 a6 0/1 big8 8 poor 16/16 a10 +0.332 top3 0.50
s7 coupEl 11 annul 4 regCoup 3 take [0, 0, 15, 1, 0] upr [1, 0, 1, 1, 0, 7] open96 17 a6 0/1 big8 8 poor 18/18 a10 +0.310 top3 0.55
s8 coupEl 9 annul 2 regCoup 6 take [0, 0, 11, 1, 0] upr [0, 0, 1, 1, 0, 8] open96 16 a6 0/1 big8 8 poor 17/17 a10 +0.328 top3 0.67
s9 coupEl 8 annul 3 regCoup 7 take [0, 0, 11, 1, 1] upr [0, 0, 2, 1, 1, 8] open96 17 a6 0/1 big8 8 poor 18/18 a10 +0.364 top3 0.62
s10 coupEl 6 annul 2 regCoup 6 take [0, 0, 7, 1, 1] upr [0, 0, 0, 1, 1, 8] open96 19 a6 0/1 big8 8 poor 14/14 a10 +0.358 top3 0.67
s11 coupEl 10 annul 2 regCoup 4 take [0, 0, 12, 1, 1] upr [0, 0, 2, 1, 1, 4] open96 19 a6 0/1 big8 8 poor 16/16 a10 +0.368 top3 0.60

thread 'a1_coups_against_elected_governments_are_spread_not_three_micro_polities' (28948) panicked at spheres-sim\tests\bloc_census.rs:992:5:
three nations hold 0.62 of a seed's coups
note: run with `RUST_BACKTRACE=1` environment variable to display a backtrace
test a1_coups_against_elected_governments_are_spread_not_three_micro_polities ... FAILED
A10: median discontent lead 0.358 over 12 seeds ([0.3632567782819012, 0.3637826922475649, 0.34218659411572516, 0.35813668127290876, 0.34618869427505017, 0.36762231360262493, 0.33196814125861807, 0.3095773657016341, 0.327822131767043, 0.3636339173970208, 0.3582004104595086, 0.3680328207736876])
test a10_discontent_leads_the_roster_by_a_quarter_before_a_takeover ... ok
A3: 0/20 seeds with a Communist non-ballot takeover
s0 coupEl 10 annul 2 regCoup 5 take [0, 0, 10, 0, 1] upr [0, 0, 1, 0, 1, 3] open96 19 a6 0/1 big8 8 poor 17/17 a10 +0.363 top3 0.60
s1 coupEl 9 annul 3 regCoup 7 take [0, 0, 12, 1, 1] upr [0, 0, 2, 1, 1, 8] open96 19 a6 0/1 big8 8 poor 19/19 a10 +0.364 top3 0.67
s2 coupEl 8 annul 4 regCoup 7 take [0, 0, 13, 1, 0] upr [0, 0, 2, 1, 0, 8] open96 20 a6 0/1 big8 8 poor 19/19 a10 +0.342 top3 0.62
s3 coupEl 8 annul 4 regCoup 4 take [0, 0, 13, 0, 0] upr [0, 0, 2, 0, 0, 5] open96 22 a6 0/1 big8 8 poor 16/16 a10 +0.358 top3 0.62
s4 coupEl 9 annul 4 regCoup 5 take [0, 0, 14, 1, 1] upr [0, 0, 2, 1, 1, 3] open96 19 a6 0/1 big8 8 poor 18/18 a10 +0.346 top3 0.67
s5 coupEl 7 annul 2 regCoup 6 take [0, 0, 10, 0, 1] upr [0, 0, 2, 0, 1, 5] open96 21 a6 0/1 big8 8 poor 15/15 a10 +0.368 top3 0.57
s6 coupEl 8 annul 3 regCoup 5 take [0, 0, 10, 1, 1] upr [1, 0, 1, 1, 1, 7] open96 19 a6 0/1 big8 8 poor 16/16 a10 +0.332 top3 0.50
s7 coupEl 11 annul 4 regCoup 3 take [0, 0, 15, 1, 0] upr [1, 0, 1, 1, 0, 7] open96 17 a6 0/1 big8 8 poor 18/18 a10 +0.310 top3 0.55
s8 coupEl 9 annul 2 regCoup 6 take [0, 0, 11, 1, 0] upr [0, 0, 1, 1, 0, 8] open96 16 a6 0/1 big8 8 poor 17/17 a10 +0.328 top3 0.67
s9 coupEl 8 annul 3 regCoup 7 take [0, 0, 11, 1, 1] upr [0, 0, 2, 1, 1, 8] open96 17 a6 0/1 big8 8 poor 18/18 a10 +0.364 top3 0.62
test a3_a_communist_takeover_without_a_ballot_is_rare ... ok
s10 coupEl 6 annul 2 regCoup 6 take [0, 0, 7, 1, 1] upr [0, 0, 0, 1, 1, 8] open96 19 a6 0/1 big8 8 poor 14/14 a10 +0.358 top3 0.67
s11 coupEl 10 annul 2 regCoup 4 take [0, 0, 12, 1, 1] upr [0, 0, 2, 1, 1, 4] open96 19 a6 0/1 big8 8 poor 16/16 a10 +0.368 top3 0.60
s12 coupEl 8 annul 3 regCoup 5 take [0, 0, 12, 1, 1] upr [0, 0, 2, 1, 1, 3] open96 20 a6 0/1 big8 8 poor 16/16 a10 +0.369 top3 0.62
s13 coupEl 7 annul 3 regCoup 7 take [0, 0, 10, 0, 1] upr [1, 0, 1, 0, 0, 7] open96 22 a6 0/1 big8 8 poor 17/17 a10 +0.366 top3 0.57
s14 coupEl 6 annul 3 regCoup 4 take [0, 0, 10, 0, 1] upr [1, 0, 2, 0, 1, 3] open96 22 a6 0/1 big8 8 poor 13/13 a10 +0.316 top3 0.50
s15 coupEl 7 annul 2 regCoup 3 take [0, 0, 9, 0, 1] upr [1, 0, 1, 0, 1, 4] open96 17 a6 0/1 big8 8 poor 12/12 a10 +0.339 top3 0.57
s16 coupEl 8 annul 2 regCoup 7 take [0, 0, 11, 1, 1] upr [0, 0, 2, 1, 1, 8] open96 17 a6 0/1 big8 8 poor 17/17 a10 +0.317 top3 0.62
s17 coupEl 8 annul 2 regCoup 7 take [0, 0, 10, 0, 0] upr [0, 0, 1, 0, 0, 7] open96 18 a6 0/1 big8 8 poor 17/17 a10 +0.343 top3 0.62
s18 coupEl 6 annul 2 regCoup 5 take [0, 0, 9, 0, 1] upr [1, 0, 2, 0, 1, 3] open96 21 a6 0/1 big8 8 poor 13/13 a10 +0.364 top3 0.67
s19 coupEl 8 annul 3 regCoup 7 take [0, 0, 12, 1, 1] upr [1, 0, 2, 1, 1, 8] open96 19 a6 0/1 big8 8 poor 18/18 a10 +0.304 top3 0.62
A5: 7/12 seeds with a flagged successor party led back into government by ballot in >= 3 ex-communist states by 1996
s0 coupEl 10 annul 2 regCoup 5 take [0, 0, 10, 0, 1] upr [0, 0, 1, 0, 1, 3] open96 19 a6 0/1 big8 8 poor 17/17 a10 +0.363 top3 0.60
s1 coupEl 9 annul 3 regCoup 7 take [0, 0, 12, 1, 1] upr [0, 0, 2, 1, 1, 8] open96 19 a6 0/1 big8 8 poor 19/19 a10 +0.364 top3 0.67
s2 coupEl 8 annul 4 regCoup 7 take [0, 0, 13, 1, 0] upr [0, 0, 2, 1, 0, 8] open96 20 a6 0/1 big8 8 poor 19/19 a10 +0.342 top3 0.62
s3 coupEl 8 annul 4 regCoup 4 take [0, 0, 13, 0, 0] upr [0, 0, 2, 0, 0, 5] open96 22 a6 0/1 big8 8 poor 16/16 a10 +0.358 top3 0.62
s4 coupEl 9 annul 4 regCoup 5 take [0, 0, 14, 1, 1] upr [0, 0, 2, 1, 1, 3] open96 19 a6 0/1 big8 8 poor 18/18 a10 +0.346 top3 0.67
s5 coupEl 7 annul 2 regCoup 6 take [0, 0, 10, 0, 1] upr [0, 0, 2, 0, 1, 5] open96 21 a6 0/1 big8 8 poor 15/15 a10 +0.368 top3 0.57
s6 coupEl 8 annul 3 regCoup 5 take [0, 0, 10, 1, 1] upr [1, 0, 1, 1, 1, 7] open96 19 a6 0/1 big8 8 poor 16/16 a10 +0.332 top3 0.50
s7 coupEl 11 annul 4 regCoup 3 take [0, 0, 15, 1, 0] upr [1, 0, 1, 1, 0, 7] open96 17 a6 0/1 big8 8 poor 18/18 a10 +0.310 top3 0.55
s8 coupEl 9 annul 2 regCoup 6 take [0, 0, 11, 1, 0] upr [0, 0, 1, 1, 0, 8] open96 16 a6 0/1 big8 8 poor 17/17 a10 +0.328 top3 0.67
s9 coupEl 8 annul 3 regCoup 7 take [0, 0, 11, 1, 1] upr [0, 0, 2, 1, 1, 8] open96 17 a6 0/1 big8 8 poor 18/18 a10 +0.364 top3 0.62
s10 coupEl 6 annul 2 regCoup 6 take [0, 0, 7, 1, 1] upr [0, 0, 0, 1, 1, 8] open96 19 a6 0/1 big8 8 poor 14/14 a10 +0.358 top3 0.67
s11 coupEl 10 annul 2 regCoup 4 take [0, 0, 12, 1, 1] upr [0, 0, 2, 1, 1, 4] open96 19 a6 0/1 big8 8 poor 16/16 a10 +0.368 top3 0.60
test a5_ex_communists_return_by_ballot_in_most_seeds ... ok
A4: median 1990 regimes electoral at end-1996 19
s0 coupEl 10 annul 2 regCoup 5 take [0, 0, 10, 0, 1] upr [0, 0, 1, 0, 1, 3] open96 19 a6 0/1 big8 8 poor 17/17 a10 +0.363 top3 0.60
s1 coupEl 9 annul 3 regCoup 7 take [0, 0, 12, 1, 1] upr [0, 0, 2, 1, 1, 8] open96 19 a6 0/1 big8 8 poor 19/19 a10 +0.364 top3 0.67
s2 coupEl 8 annul 4 regCoup 7 take [0, 0, 13, 1, 0] upr [0, 0, 2, 1, 0, 8] open96 20 a6 0/1 big8 8 poor 19/19 a10 +0.342 top3 0.62
s3 coupEl 8 annul 4 regCoup 4 take [0, 0, 13, 0, 0] upr [0, 0, 2, 0, 0, 5] open96 22 a6 0/1 big8 8 poor 16/16 a10 +0.358 top3 0.62
s4 coupEl 9 annul 4 regCoup 5 take [0, 0, 14, 1, 1] upr [0, 0, 2, 1, 1, 3] open96 19 a6 0/1 big8 8 poor 18/18 a10 +0.346 top3 0.67
s5 coupEl 7 annul 2 regCoup 6 take [0, 0, 10, 0, 1] upr [0, 0, 2, 0, 1, 5] open96 21 a6 0/1 big8 8 poor 15/15 a10 +0.368 top3 0.57
s6 coupEl 8 annul 3 regCoup 5 take [0, 0, 10, 1, 1] upr [1, 0, 1, 1, 1, 7] open96 19 a6 0/1 big8 8 poor 16/16 a10 +0.332 top3 0.50
s7 coupEl 11 annul 4 regCoup 3 take [0, 0, 15, 1, 0] upr [1, 0, 1, 1, 0, 7] open96 17 a6 0/1 big8 8 poor 18/18 a10 +0.310 top3 0.55
s8 coupEl 9 annul 2 regCoup 6 take [0, 0, 11, 1, 0] upr [0, 0, 1, 1, 0, 8] open96 16 a6 0/1 big8 8 poor 17/17 a10 +0.328 top3 0.67
s9 coupEl 8 annul 3 regCoup 7 take [0, 0, 11, 1, 1] upr [0, 0, 2, 1, 1, 8] open96 17 a6 0/1 big8 8 poor 18/18 a10 +0.364 top3 0.62
s10 coupEl 6 annul 2 regCoup 6 take [0, 0, 7, 1, 1] upr [0, 0, 0, 1, 1, 8] open96 19 a6 0/1 big8 8 poor 14/14 a10 +0.358 top3 0.67
s11 coupEl 10 annul 2 regCoup 4 take [0, 0, 12, 1, 1] upr [0, 0, 2, 1, 1, 4] open96 19 a6 0/1 big8 8 poor 16/16 a10 +0.368 top3 0.60
test a4_the_democratisation_wave_opens_fifteen_regimes_by_1996 ... ok
A7: median ballot-flips / takeovers 7.815 ([7.818181818181818, 7.428571428571429, 8.214285714285714, 6.461538461538462, 4.5, 6.636363636363637, 8.75, 7.8125, 9.166666666666666, 9.0, 12.0, 6.357142857142857])
s0 coupEl 10 annul 2 regCoup 5 take [0, 0, 10, 0, 1] upr [0, 0, 1, 0, 1, 3] open96 19 a6 0/1 big8 8 poor 17/17 a10 +0.363 top3 0.60
s1 coupEl 9 annul 3 regCoup 7 take [0, 0, 12, 1, 1] upr [0, 0, 2, 1, 1, 8] open96 19 a6 0/1 big8 8 poor 19/19 a10 +0.364 top3 0.67
s2 coupEl 8 annul 4 regCoup 7 take [0, 0, 13, 1, 0] upr [0, 0, 2, 1, 0, 8] open96 20 a6 0/1 big8 8 poor 19/19 a10 +0.342 top3 0.62
s3 coupEl 8 annul 4 regCoup 4 take [0, 0, 13, 0, 0] upr [0, 0, 2, 0, 0, 5] open96 22 a6 0/1 big8 8 poor 16/16 a10 +0.358 top3 0.62
s4 coupEl 9 annul 4 regCoup 5 take [0, 0, 14, 1, 1] upr [0, 0, 2, 1, 1, 3] open96 19 a6 0/1 big8 8 poor 18/18 a10 +0.346 top3 0.67
s5 coupEl 7 annul 2 regCoup 6 take [0, 0, 10, 0, 1] upr [0, 0, 2, 0, 1, 5] open96 21 a6 0/1 big8 8 poor 15/15 a10 +0.368 top3 0.57
s6 coupEl 8 annul 3 regCoup 5 take [0, 0, 10, 1, 1] upr [1, 0, 1, 1, 1, 7] open96 19 a6 0/1 big8 8 poor 16/16 a10 +0.332 top3 0.50
s7 coupEl 11 annul 4 regCoup 3 take [0, 0, 15, 1, 0] upr [1, 0, 1, 1, 0, 7] open96 17 a6 0/1 big8 8 poor 18/18 a10 +0.310 top3 0.55
s8 coupEl 9 annul 2 regCoup 6 take [0, 0, 11, 1, 0] upr [0, 0, 1, 1, 0, 8] open96 16 a6 0/1 big8 8 poor 17/17 a10 +0.328 top3 0.67
s9 coupEl 8 annul 3 regCoup 7 take [0, 0, 11, 1, 1] upr [0, 0, 2, 1, 1, 8] open96 17 a6 0/1 big8 8 poor 18/18 a10 +0.364 top3 0.62
s10 coupEl 6 annul 2 regCoup 6 take [0, 0, 7, 1, 1] upr [0, 0, 0, 1, 1, 8] open96 19 a6 0/1 big8 8 poor 14/14 a10 +0.358 top3 0.67
s11 coupEl 10 annul 2 regCoup 4 take [0, 0, 12, 1, 1] upr [0, 0, 2, 1, 1, 4] open96 19 a6 0/1 big8 8 poor 16/16 a10 +0.368 top3 0.60
test a7_ballots_flip_the_ruling_bloc_three_times_as_often_as_takeovers ... ok
test a_ballot_and_an_uncoloured_collapse_do_not_fabricate_a_movement_takeover ... ok
A6 at 420 months: route events 0 in 12/12 seeds; pre-existing collapses beside [1, 1, 1, 1, 1, 1, 1, 1, 1, 1, 1, 1]
test a6_no_road_reaches_a_1990_democracy_in_thirty_five_years ... ok
A9: 203/203 = 1.000 of coups in nations under $8,000 a head
test a9_four_coups_in_five_strike_nations_under_8000_a_head ... ok
A8: 40/40 seeds keep >= 6 of 8; per seed [8, 8, 8, 8, 8, 8, 8, 8, 8, 8, 8, 8, 8, 8, 8, 8, 8, 8, 8, 8, 8, 8, 8, 8, 8, 8, 8, 8, 8, 8, 8, 8, 8, 8, 8, 8, 8, 8, 8, 8]
test a8_six_of_the_eight_big_regimes_keep_their_bloc_in_most_seeds ... ok

failures:

failures:
    a1_coups_against_elected_governments_are_spread_not_three_micro_polities

test result: FAILED. 10 passed; 1 failed; 0 ignored; 0 measured; 1 filtered out; finished in 89.06s

