✔ overview routes annual renewal, building counts and advice without changing the draft (3.0711ms)
✔ overview reflects enacted plans and does not invent a construction count when unavailable (2.0053ms)
✔ annual drafts adopt the current fiscal year without changing the saved draft (2.0325ms)
✔ Welfare keeps the existing Pensions budget key and changes only its own allocation (3.6478ms)
✔ ministry presses preserve tax, rate and unrelated orders and one atomic annual draft (3.2447ms)
✔ revert discards every queued order and redraws the live budget (1.777ms)
✔ closing the cabinet preserves drafts, removes modality and restores focus (1.8442ms)
✔ cabinet keyboard navigation wraps tabs and traps focus without consuming native range keys (3.5353ms)
✔ cabinet is an accessible modal with industry and a gameplay-shortcut guard (2.503ms)
✔ tab selection changes visibility and roving focus, never the pending budget (2.0768ms)
✔ industry tab delegates opening, mounts once and closes its read lifecycle on departure (2.3781ms)
✔ cash-flow lifecycle follows overview visibility and preserves drafts (2.8791ms)
✔ cash-flow shortcuts navigate to financial controls without changing the plan or issuing orders (4.041ms)
✔ an explicit cash-flow link reveals the summary after reopening the overview (1.2517ms)
✔ industry actions reach specific existing controls without making economic orders (2.4008ms)
✔ draft summary reacts to queued tax and includes interest exactly once (3.7751ms)
✔ enacting an untouched first budget queues the inherited plan and advances exactly one day (2.1287ms)
✔ a failed enact preserves the mixed draft and releases the busy guard for retry (3.2016ms)
✔ all draft controls are inert only while the asynchronous enact is pending (4.8322ms)
✔ dated command refusals are surfaced in the footer and live region after advance (3.287ms)
✔ the cabinet painting is local and the original vector remains available (14.4729ms)
✔ effect previews index the served reference-anchored curve and respect its limits (2.2103ms)
✔ budget cost distinguishes first enactment, cuts and reopening an enacted year (2.0732ms)
✔ the treasury card distinguishes absent books from zero money and preserves annual units (1.6163ms)
✔ queued dialog close preserves a destination focus established by Finder or advisor navigation (1.5363ms)
✔ ordinary dialog dismissal returns focus while a queued close cannot disturb a reopened dialog (0.5528ms)
✔ shared labels reserve the entire text rectangle across layers (0.1693ms)
✔ finder finds owned provinces without requiring a globe hit (0.1739ms)
✔ advisor distinguishes annual renewal, unopened funding and an intentional daily pause (0.1946ms)
✔ advisor fixes blocked work before the server suggestion and uses that suggestion before healthy work or old assets (0.1315ms)
✔ advisor preserves server suggestion order and exact workshop size without scoring candidates (0.0783ms)
✔ advisor falls through to healthy work, operation and exploration only after funding and suggestions (0.0779ms)
✔ advisor progress matches the construction queue without hiding small paid work (0.0997ms)
✔ research list keeps full names, filters available prerequisites, and sorts focus first (0.4821ms)
✔ Advisor growth drags keep the subtraction used by the simulation (0.1566ms)
✔ stability explains served signed points and scope without calculating a second economic formula (0.2539ms)
✔ stability display handles missing data and escapes labels without trusting action names (0.5087ms)
✔ completed arms facility navigation opens company procurement without changing production or issuing commands (3.2928ms)
✔ industry renders served inventories and modeled power separately from dated operations (11.6797ms)
✔ component inventory retains its own units beside industrial packs (1.9333ms)
✔ the power summary preserves its native receipt date and limited scope (1.0003ms)
✔ unknown operation receipts never become zero output or zero spending (0.8127ms)
✔ support facilities explain their effect once and are never zero-output alarms (0.5728ms)
✔ research receipts keep acquisition-cost research units distinct from actual cash spending and packs (0.7219ms)
✔ site search supports province names, codes and facility names with server attention semantics (0.971ms)
✔ empty completed industry bridges exact queued projects and inherited economic context (0.9247ms)
✔ construction bridge uses the same one-decimal progress and visible tiny-work rule as Construction (0.9419ms)
✔ all user-visible strings and action attributes are escaped; unknown metrics stay unknown (0.6728ms)
✔ navigation sends only exact existing navigation targets, never commands (0.7964ms)
✔ stale, loading, changed-world and pending-order guards reject navigation (4.4581ms)
✔ a bound action cannot operate a replacement payload even on the same campaign state (1.9614ms)
✔ GET industry is session-bound, validates identity and binds accepted readings to the exact state (3.3241ms)
✔ industry rejects same-session readings from another date before enabling facility navigation (2.6786ms)
✔ facility stages distinguish installed capacity assigned qualified and actually used workers from dated paid output (1.8348ms)
✔ installed but unstaffed facilities retain unknown employment and no invented first operating receipt (0.8639ms)
✔ lifecycle labels and units are escaped while unknown effects never become zero (0.8706ms)
✔ an exact completed facility link resets old filters and preserves its stable identity (0.7708ms)
✔ facility deep links wait for a current matching card then focus it only once (1.3699ms)
✔ expanded workforce requirements and summary focus survive a refreshed native reading (2.5894ms)
✔ late reads are rejected after state adoption, close, tab switch and newer request (6.7175ms)
✔ new campaign adoption immediately clears old nation data and view without waiting for a response (1.6022ms)
✔ refresh failure keeps prior dated reading disabled and exposes a real retry (2.2641ms)
✔ search caret, scroll and expanded facility role survive repaint while background tabs cannot overwrite them (1.9093ms)
✔ filter selection keeps keyboard focus on its replacement button after each repaint (1.8562ms)
✔ refresh focus returns after success or failure and repeated binding adds no duplicate handlers (4.4172ms)
✔ opening the page uses the root Cabinet entry, preserves same-campaign filters and makes one read (1.0653ms)
✔ the shipped standalone script parses and the desk styles are scoped and responsive (0.4103ms)
ℹ tests 67
ℹ suites 0
ℹ pass 67
ℹ fail 0
ℹ cancelled 0
ℹ skipped 0
ℹ todo 0
ℹ duration_ms 127.9983
