✔ financial priorities preserve server order, evidence amounts and periods with at most three cards (18.7187ms)
✔ missing priorities produce no invented diagnosis and unknown evidence remains unknown (1.0136ms)
✔ priority buttons navigate to the exact server control and reject stale or replaced readings (3.8142ms)
✔ annual ministry rows expose exact ministry review actions without adding a table column (2.02ms)
✔ priority text and periods are escaped and only exactly duplicated alerts are removed (1.2898ms)
✔ only alerts represented by a displayed priority ID are suppressed (1.2139ms)
✔ dated government spending is separate from current balances and the enacted annual plan (1.5411ms)
✔ server totals and net position are displayed unchanged, never reconstructed from component sums (1.5875ms)
✔ construction and prepaid usage are disclosed once without adding a second cash charge (0.7455ms)
✔ income split belongs only to current annual estimates, with the oil fiscal source named precisely (1.2446ms)
✔ missing receipts and unknown balances or actual expenses never become fabricated zeroes (0.853ms)
✔ construction affordability comes from the server with authority distinct from cash (1.3007ms)
✔ navigation is concise, strictly read-only, and retains exact ministry targets (1.1498ms)
✔ draft notice updates without writes, requests, discarded edits or a false navigation lock (1.9108ms)
✔ stale readings and pending orders cannot navigate, while captured actions reject replaced payloads (9.2836ms)
✔ GET is session-bound and accepted readings belong to the exact world object (12.8493ms)
✔ late responses cannot survive state adoption, a closed Cabinet, another tab or a newer request (10.0012ms)
✔ new campaign immediately removes old nation balances and view state before its read completes (3.3248ms)
✔ failed refresh retains a dated disabled reading and exposes a working explicit retry (5.8908ms)
✔ expanded annual plan, scroll and keyboard focus survive repaint but hidden tabs cannot overwrite them (4.2508ms)
✔ refresh restores keyboard focus after success and failure without duplicate event binding (6.9871ms)
✔ explicit cash-flow reveal resets deep overview scroll and keeps title focused after async refresh (3.5304ms)
✔ ordinary tab activation makes one request and never polls while closed (3.9448ms)
✔ external text and attributes are escaped, and standalone assets parse with scoped responsive styles (2.1747ms)
✔ money reconciliation displays authoritative cash debt and financing without recomputing a receipt (2.9862ms)
✔ commitments and approved decisions remain distinct from paid money and cannot create orders (3.0908ms)
✔ unavailable money coverage and unknown future bills remain explicit without fabricated zeroes (1.0196ms)
✔ empty commitment categories stay hidden while recorded items and nonzero totals remain visible (0.9155ms)
✔ reconciliation distinguishes a day still in progress from a completed recorded day (2.7399ms)
✔ selected retained day disclosures and action focus survive refresh but never a campaign replacement (7.5279ms)
✔ discarded or malformed retained days cannot become selectable fabricated receipts (4.8672ms)
✔ a same-session reading with a mismatched calendar date is refused before enabling navigation (2.71ms)
✔ signed net interest and recovery placement preserve the served model and suppress only duplicate recovery (3.6345ms)
✔ money labels and retained-day options cannot inject markup or financial commands (1.7202ms)
✔ qualified company identities keep supplier property and contractor fees separate (17.6513ms)
✔ role, sector and available-work filters use the correct company account (0.8166ms)
✔ supplier operating readings preserve unknowns, shortage quantities and actual receipt distinction (1.3187ms)
✔ supplier deep links cannot resolve a service contractor with the same numeric ID (0.8228ms)
✔ assignment review makes no purchase and confirmation sends the exact returned quote once (1.2711ms)
✔ a replaced campaign, intervening state or pending command invalidates open review (1.9752ms)
✔ wrong action or campaign in a quote cannot become a command (2.2354ms)
✔ refused quotes and refused commands do not adopt or automatically retry (1.0837ms)
✔ company-network adoption uses the same explicit review and command lane (0.543ms)
✔ late directory or command responses cannot replace another campaign (0.5938ms)
✔ designer review honors selected manufacturer and refuses unavailable deep links (2.7067ms)
✔ company panel is reachable and all shipped inline JavaScript remains parseable (9.8287ms)
✔ advanced component navigation resets old quotes and preserves the native shortage (3.1668ms)
✔ Every Exchange snapshot and quote read carries the active campaign identity (1.603ms)
✔ Materials dashboard renders authoritative capacity, output, demand and GDP boundaries (15.8232ms)
✔ Materials is optional for legacy worlds and does not invent missing figures (0.9529ms)
✔ Materials quote keeps server totals, fractional inputs, eligibility and blockers distinct (2.1769ms)
✔ Materials purchase sends exact quote through the existing idempotent receipt barrier (1.3982ms)
✔ A Materials draft, stale quote or pending turn cannot send a purchase (2.4959ms)
✔ Delayed Materials quotes cannot overwrite another draft, turn or campaign (2.1551ms)
✔ Materials cancellation selects only a live displayed order and preserves completed deliveries (0.6366ms)
✔ Inherited industry renders five served groups without turning estimated capacity into packs (1.2491ms)
✔ Inherited Exchange estimate is optional and safely displays incomplete data (0.8773ms)
✔ Inherited source names and modeled location text are escaped in the actual Exchange view (0.7943ms)
✔ Inherited-sector context passes through funded, queued and uncovered annual capacity without pack math (0.8144ms)
✔ Exchange delegates workshops to the shared construction queue and preserves coverage limits (0.664ms)
✔ Exchange workshop actions route to Construction without issuing a competing purchase (0.7632ms)
✔ Stale or forbidden module quotes never place an order (1.8562ms)
✔ A delayed module quote cannot survive a state change or replace the new campaign (1.5866ms)
✔ Exchange assets, semantic tabs and modal shortcut barrier are shipped (0.8626ms)
✔ All four actual view renderers handle an empty campaign (0.8155ms)
✔ Industry distinguishes settled receipts from forecasts and an unsettled start (0.5403ms)
✔ Exchange links to the Industry desk with a dated summary instead of duplicate production-site cards (0.9838ms)
✔ the Industry desk remains reachable when Economic Competition is disabled without enabling it (1.1113ms)
✔ industry navigation preserves stale and pending Exchange guards without issuing orders (2.8908ms)
✔ Capacity planning paints both server-authored balances without inventing demand or output (2.0453ms)
✔ A missing capacity plan stays unknown rather than displaying zero demand (0.6109ms)
✔ Supply forecast paints two authoritative Need Covered Gap cards without recomputing coverage (2.1833ms)
✔ Missing or partial supply forecasts stay unknown rather than inventing zero coverage (0.9125ms)
✔ Contracted Materials remain distinct from installed capacity and already delivered stock (0.9691ms)
✔ Server country names, status reasons and input values are escaped (0.8586ms)
✔ World decisions expose saved supply snapshots, next target and funding under compact disclosure (1.2371ms)
✔ World view filters actual server tiers and names, without claiming guaranteed growth (0.7465ms)
✔ Purchase uses the exact served affordable quote, never the larger form request (0.9608ms)
✔ an Exchange quote changed during asynchronous consent cannot submit its old terms (2.3112ms)
✔ Lost response keeps the exact receipt for retry, and blocks a new order (0.9846ms)
✔ A pending economic order cannot be rebound to a new campaign (1.364ms)
✔ Reopening Exchange preserves a live uncertain receipt when browser storage fails (0.9001ms)
✔ State changes invalidate in-flight supplier queries and unstick the search button (2.1064ms)
✔ An invalidated snapshot cannot overwrite a newer server state (0.8052ms)
✔ A pending turn blocks an immediate economic purchase (0.5917ms)
✔ Quota wait overrides a paid project next-day promise without discarding funded work (1.0765ms)
✔ Counteroffer acceptance is shown only to its buyer, never its seller (1.0099ms)
✔ A delayed economic receipt cannot race a newer day into the displayed campaign (3.1235ms)
✔ Uncertain economic receipts block every mutation route but permit read-only Continue (5.0619ms)
✔ The exact economic receipt may still reach the protected command API (1.9074ms)
✔ A stored receipt blocks the first post-reload mutation before Exchange opens (1.8888ms)
✔ An economic receipt retry waits for an already in-flight turn to finish (1.8196ms)
✔ A previous-server receipt requires explicit dismissal before an empty server can Load (2.1547ms)
✔ designer starts from the server balanced preset and renders supplied ratings and costs without recalculating (14.0892ms)
✔ starting from a legacy model uses its supplied separate specifications and preserves the original (8.3098ms)
✔ independent new specifications are submitted separately and grouped for review (14.1197ms)
✔ aviation family uses supplied defaults, clears ground slots and groups all eight independent specifications (219.5319ms)
✔ aircraft part inspection focuses its group and payload edits submit all eight slots to a pure fresh review (182.8634ms)
✔ aviation readiness precedes maintenance, preserves server loadout readings and navigates through captured actions (2.5008ms)
✔ 3D preview retains one live host and camera across pricing responses, typing, and component changes (6.9695ms)
✔ model controls retain focus across a repaint and expose keyboard, camera, finish, and download actions (2.4396ms)
✔ leaving the designer and closing release the model exactly once while returning remounts it (2.8551ms)
✔ same campaign state refresh keeps the preview but switching nations disposes before the new response arrives (6.7775ms)
✔ an unavailable or failed renderer leaves the configuration and priced review usable (2.9181ms)
✔ component choice permits a future draft but invalidates old effects and uses a pure server review (6.2164ms)
✔ name and search edits preserve caret and never create orders or discard the draft on tab navigation (5.153ms)
✔ development, manufacturing and service show dated receipts, preserved platform age and real funding labels (1.197ms)
✔ unknown supplied metrics and costs remain unknown; all unsafe names, notes and attributes are escaped (0.9282ms)
✔ research links navigate to exact technology without acquiring it or changing allocations (2.6916ms)
✔ save and programme actions require an explicit review confirmation and send exactly the supplied command (6.9657ms)
✔ quantity, site and daily funding changes request a new quote before an exact committed order (7.2408ms)
✔ late order quotes cannot re-enable a commit after input edits, tab navigation or closing (3.4087ms)
✔ an invalid order quote or unknown number never falls back to a zero-cost accepted order (3.1831ms)
✔ stale state, pending orders and replacement payloads block captured buttons and direct confirmations (15.8892ms)
✔ reads and previews validate session identity and rejected previews cannot expose a legal action (5.9225ms)
✔ new campaign removes old drafts and holdings immediately while same-campaign refresh preserves work (8.209ms)
✔ an old design quote loses to the latest draft and cannot survive closing (4.2191ms)
✔ refresh failures remain explicit and retryable without losing a draft or creating a polling loop (5.5212ms)
✔ tabs support roving keyboard focus and details, scroll and refresh focus survive repaint (3.5076ms)
✔ explicit opening uses root visibility, respects requested tabs and makes one snapshot read (2.6968ms)
✔ published assets parse and retain scoped responsive controls without an alternative command channel (1.419ms)
✔ order review reveals itself from a long catalogue and retains its raw-input requirements through requotes (3.6378ms)
✔ active equipment campaigns expose supplied funding and plant navigation without inventing orders (1.6184ms)
✔ fullscreen bridge mounts outside the inert game, closes other rooms, and preserves the draft on return (10.3965ms)
✔ shell commands use the existing channel and adopted response while preserving local drafts and policy queues (5.456ms)
✔ reviewed retirement reaches the real command bridge and reports immediate fleet changes (4.584ms)
✔ refused, uncertain and cross-campaign command responses never adopt or announce a successful order (6.9999ms)
✔ research navigation keeps equipment-only integrations local and pins a genuine prerequisite in its real domain (4.6928ms)
✔ funding and plant shortcuts retain exact backend targets and never issue equipment commands (2.5359ms)
✔ fullscreen equipment consumes world shortcuts, permits native input, pauses a running clock and closes on Escape (2.4224ms)
✔ raw-input navigation opens Resources without orders or loss of an unsaved equipment draft (2.002ms)
✔ the published shell includes reachable research and manufacturing entrances plus session and modal hooks (10.5984ms)
✔ legacy manufacturing holdings distinguish complete vehicles from legacy equipment equivalents (1.8047ms)
✔ research branches expose real prerequisites, unlocks and four states with independent filters (4.3315ms)
✔ research review buttons and prerequisite links retain campaign freshness guards after filtering (1.066ms)
✔ research connectors represent only actual visible prerequisite edges (0.734ms)
✔ vehicle family changes preserve compatible parts and discard incompatible slots and source revisions (7.179ms)
✔ platform changes update untouched starting names while retaining typed and saved names (14.0625ms)
✔ fractional ratings display at most three decimals while preserving precise server comparison data (1.0214ms)
✔ comparison uses supplied numbers, directional tradeoffs and component changes with a persistent baseline (7.2961ms)
✔ late comparison responses cannot price a different baseline or enable its old actions (4.894ms)
✔ modernization gives reasons and tradeoffs and opens a local proposal without issuing an order (4.5506ms)
✔ model part events open and focus their specification without repricing or remounting the camera (2.3679ms)
✔ production supply precedes project cards and shows server quantities with separate physical units (1.7219ms)
✔ per-project supply expands and keeps its exact resource target without placing an order (1.6437ms)
✔ optional supply data preserves old responses and explicit empty stages without inventing requirements (1.3344ms)
✔ supply navigation rejects stale data, replaced readings, pending orders and command-shaped actions (5.1752ms)
✔ order supply appears before confirmation and invalid orders may review resources without submitting (2.9656ms)
✔ quoted supply links require the captured quote and current order settings even when campaign data is fresh (15.842ms)
✔ supply text and attributes escape unsafe server content while small physical requirements remain visible (0.9131ms)
✔ commodity navigation reaches the exact resource and preserves unsaved designs while refusing pending navigation (2.166ms)
✔ material tables contain horizontal scrolling and retain readable narrow controls (1.0187ms)
✔ service overview precedes modernization and displays supplied fleet counts and role capabilities (1.4745ms)
✔ service navigation preserves a local design and refuses stale readings or command-shaped shortcuts (8.51ms)
✔ retirement effects and permanent loss are reviewed before any command and quantity edits require a new captured quote (6.4261ms)
✔ invalid retirement reviews keep effects visible but cannot remove vehicles (2.4284ms)
✔ retirement confirmation from a dismissed review cannot confirm another current review (3.6434ms)
✔ fleet shortcuts switch only recognized equipment tabs while preserving the open room and unsaved design (3.9981ms)
✔ service overview and effects escape labels, role detail and attributes while optional responses stay usable (1.2063ms)
✔ maintenance, supply and target confirmations use the real command bridge with accurate outcomes (6.2167ms)
✔ maintenance and target planning show authoritative figures without issuing orders on navigation (3.3287ms)
✔ supply horizon keeps its numeric type and editing the cash cap invalidates the previous purchase review (6.5763ms)
✔ ammunition is a separate keyboard workflow with server figures, action paths and one search (4.3343ms)
✔ ammunition order edits require a new captured quote before submitting the server command (8.0431ms)
✔ ammunition activation and batch controls remain reviewed and reject stale board actions (5.4517ms)
✔ all ammunition bridge commands report their own result and preserve unrelated drafts and queues (17.1143ms)
✔ ammunition empty states, filtering and server text stay usable and escaped (3.3244ms)
✔ ammunition reserve cards share search counts and retain authoritative values and original action indexes (13.3102ms)
✔ reserve target and Boolean automation edits invalidate captured quotes before exact confirmation (10.8989ms)
✔ reserve removal requires its own fresh quote and stale reserve cards cannot send commands (8.5981ms)
✔ reserve bridge distinguishes manual, automatic and removal outcomes and returns to ammunition only on success (12.7232ms)
✔ material purchasing policy precedes manual purchases and shows three recent receipts with preserved history paths (2.8092ms)
✔ optional material purchasing data keeps old payloads usable, escapes receipt text and avoids duplicated ammunition history (2.4685ms)
✔ material purchasing authorization uses exact edited Boolean and numeric values only after a fresh quote (9.8806ms)
✔ material purchasing reviews reject stale or pending confirmations and invalid authorization quotes (23.3259ms)
✔ clearing the material purchasing policy requires a fresh explicit review (11.2942ms)
✔ material purchasing bridge distinguishes disabled, enabled and cleared policies and returns to Production (10.869ms)
✔ supplier market leads with actual foreign stock and separates company administration and paid arrivals (4.4076ms)
✔ supplier location and affordable filters use native quantities and retain original offer action paths (20.2039ms)
✔ foreign model inspection uses the seller specification without unlocking parts or replacing the draft (5.7018ms)
✔ supplier commissioning is shown as paid work rather than invented ready inventory or dates (1.6222ms)
✔ import cancellation reviews blocked access and dated refund terms before issuing the exact command (17.7551ms)
✔ import filters and reviews cannot act across replaced campaigns, stale dates or pending receipts (24.0847ms)
✔ market zero matches keeps an explicit route to unavailable offers and restores focused filters (5.7851ms)
✔ domestic and foreign paid deliveries retain separate original action paths outside the offer filters (5.1584ms)
✔ import ammunition preserves exact family and store units without a guessed vehicle or researched components (4.6173ms)
✔ paused supplier programmes link to existing Exchange enrollment without adopting rules or spending (2.3038ms)
✔ new import commands use the existing transaction channel without modifying drafts or research (7.1736ms)
✔ companies explain separate ownership and show server-priced stock, delivery and fleet need without issuing orders (2.7964ms)
✔ company model inspection uses frozen specifications while preserving an unfinished design and one live renderer (5.5069ms)
✔ company establishment name, facility and paid capital remain editable and are sent only after a fresh review (8.2615ms)
✔ manufacturer selection keeps numeric identity and quotes development separately from stock purchases (6.5503ms)
✔ company purchase quantity changes invalidate the old sale quote and show delivery and upkeep before confirmation (15.3341ms)
✔ company purchases cannot commit insufficient stock or funding and old inputs cannot alter another review (8.5087ms)
✔ company buttons and reviewed purchase reject replaced state, old campaigns and pending orders (24.3129ms)
✔ company renderers escape all supplier, specification, milestone and offer text and tolerate old payloads (1.9998ms)
✔ company command bridge uses the existing transaction channel and returns to procurement only after success (24.8595ms)
✔ companies navigation stays in the equipment room, preserves drafts and has visible entry points (2.4635ms)
✔ a tank draft survives the no-manufacturer route and returns to the same editable specifications (4.177ms)
✔ establishment with no eligible plant shows an explained unavailable select and keeps the server refusal visible (5.2818ms)
✔ company family filters use supplied categories and keep accounts and paid deliveries visible (226.8744ms)
✔ mixed supplier 3D inspection retains exact aircraft and specialist specs without touching the local tank draft (196.1279ms)
✔ filtered aircraft purchases retain original action identity and require a new review after changing model family (231.8504ms)
✔ company search combines with family filtering while empty results remove a previous 3D model and preserve the draft (206.7555ms)
✔ family fallback requires known catalogue metadata and campaign changes reset the filter and selected model (208.1043ms)
✔ ammunition supplier shelf shows authoritative stock, reserve reasons and arrivals ahead of preserved public batches (199.3515ms)
✔ ammunition supplier search keeps original offer paths and combines supplier, family and paid-delivery records (201.0305ms)
✔ reviewed ammunition stock quantity invalidates previous quotes and confirms only the exact fresh supplier command (212.1114ms)
✔ supplier ammunition commissioning and failed purchases use standard review guards without replacing old public batch controls (218.724ms)
✔ company ammunition filtering never fabricates a vehicle preview and rejects captured hidden vehicle controls (203.2267ms)
✔ supplier ammunition empty and unavailable records retain explanations, escape text and invent no prices or model units (1.7407ms)
✔ all company ammunition bridge commands preserve payloads and drafts and return to the ammunition shelf only on success (642.0135ms)
✔ converted ammunition reserve plans follow served manual controls while existing public batches remain separately controllable (200.8519ms)
✔ a supplier reserve preserves the actual suspended automatic preference and confirms without claiming replenishment was enabled (211.083ms)
✔ manufacturer refit contracts render in both service and companies with original action paths and retained public work (214.3458ms)
✔ refit contracts are optional for old saves and empty state guides the available fleet without inventing work (1.4649ms)
✔ manufacturer refit review shows authoritative escrow, readiness, queue and exact profile comparison before spending (202.7775ms)
✔ source and target inspection keep one exact aircraft or ground model and preserve unfinished designer specifications (421.6646ms)
✔ changing refit target or quantity hides stale identity and rejects old model controls and confirmation (214.1336ms)
✔ refit cancellation reviews released and finishing quantities plus deferred refunds without a daily funding control (206.2087ms)
✔ unavailable refit offers and changed campaigns block spending while unknown or ammunition specs never get a guessed vehicle model (600.5922ms)
✔ company refit bridge retains reviewed fixed-price commands, pending refunds and drafts through the transaction channel (410.501ms)
✔ s09 guidance displays native conditions and costs and replacement is a cancellable local review (7.5022ms)
✔ s09 captured recommendation and replacement controls reject stale campaign, preview and draft identities (17.8669ms)
✔ s09 presets and exact saved library rows ask before discarding an unsaved design (7.1627ms)
✔ s09 save status is exact native identity, never a local acknowledgement or automatic save (8.8423ms)
✔ s09 accepted save becomes saved only when its exact name and specification appear in the refreshed native library (6.3656ms)
✔ s09 research effects explore an actual compatible part without teaching it or replacing edits before confirmation (7.3627ms)
✔ s09 unlock exploration refuses invented compatibility and stale buttons while future preview blockers remain authoritative (4.238ms)
✔ s09 named saved drafts reopen by actual ID after load while unsaved memory and replacement proposals are cleared (11.8691ms)
✔ s09 guidance and research details escape supplied text and keep optional older payloads usable (4.6487ms)
✔ s09 rich research lists disclose five parts first and retain every later component identity and expanded state (3.7144ms)
✔ s09 current-design costs have a separate escaped heading and guidance uses the served art route (2.2904ms)
✔ S18 flight pages separate live records, retain local drafts, and never invent assignments (3.1955ms)
✔ supplier input recovery preserves industry, component and construction targets without orders (2.2285ms)
✔ supplier input cards preserve small shortages, compact large stock and disclose missing readings (4.6432ms)
✔ s12-s15 air shell sends all reviewed kinds through protected receipts and returns to flight (5.8776ms)
✔ s12 nested squadron fields requote the exact native order and confirm only current input (6.14ms)
✔ s12 nested order paths reject prototype keys and captured air controls reject stale state (0.9801ms)
✔ s13 air command map links preserve native range and capacity and require a current reading (1.781ms)
✔ s14 routine support retains typed boolean permission through the shared review form (4.2566ms)
✔ s15 refused mission review still opens its native target geometry without launching (2.1376ms)
✔ s16 defense province edits requote the native patrol and preserve role-aware map navigation (4.342ms)
✔ s16 interception report preserves distinct native estimates and one actual aircraft loss total (1.3662ms)
✔ s17 military staff setting uses a pure review and protected command receipt (4.4984ms)
✔ campaign mount uses its standard guidance navigation and suppresses the redundant floating launcher (1.5388ms)
✔ every actual guidance route opens its existing review and preserves routing details without orders (32.8612ms)
✔ equipment tabs are validated against the real tab list and industry opens a named site only when complete (39.2439ms)
✔ an airbase route lands on the real Air command Bases page after the campaign reset (6.8489ms)
✔ every new guidance destination is an actual global opener loaded by the page (0.9302ms)
✔ api captures only successful native save and load responses for guidance receipts (9.2353ms)
✔ the page exposes the mounted guidance receipt handler after mounting (1.1796ms)
✔ unknown routes, pending work and absent campaigns return before closing or navigating anything (39.1002ms)
✔ actual document keyboard listener keeps N, speed keys and Space inert behind open guidance (1.1682ms)
✔ guidance scripts, styles and artwork are referenced and served, and every inline script parses (20.2248ms)
✔ a fresh campaign reads not yet on every step, with an obstacle and a review route (2.1238ms)
✔ real native records are recognised as achieved with their dates (3.4381ms)
✔ reading progress, commands and previews never achieve a result (1.5966ms)
✔ finances needs a dated yearly budget decision from this calendar year (4.6622ms)
✔ completed construction uses the mapped province instead of the raw journal headline (0.3852ms)
✔ construction needs dated paid work; completion and output are later milestones (2.3644ms)
✔ retained native payments keep work paid after a project leaves the active queue (0.9355ms)
✔ paid mine work funded from the construction budget counts as construction work (1.2952ms)
✔ research and design results need a dated saved design, revision, payment or completion (1.3075ms)
✔ only a draft the native designer check accepts counts as a saved design (0.9548ms)
✔ completed component research survives the next research order clearing its date (0.943ms)
✔ development payment survives the daily tick zeroing last_spent_bn (0.897ms)
✔ procurement names the current obstacle and counts only a dated delivery (1.7924ms)
✔ a blocked delivery or import is never advertised as on its way (1.785ms)
✔ air force preparation follows the airbase route before squadrons and missions (1.9504ms)
✔ identity mismatch or an unreadable reading makes every step unknown (2.8181ms)
✔ a disabled or missing section is unknown, never not yet (1.4853ms)
✔ a loaded save re-derives results from native records and needs a matching load receipt (1.5898ms)
✔ receipts from another session, player or later date do not count (3.0773ms)
✔ receipts are bounded to the newest twenty and read only own data properties (0.7717ms)
✔ hostile, huge, sparse and accessor inputs are bounded and never throw (3.7509ms)
✔ the route is deterministic, deeply frozen and retains no caller object (1.2597ms)
✔ evaluate adds at most one route card, for the first unachieved step with an obstacle (1.0511ms)
✔ the browser UMD build exposes recognize without DOM, clock or storage (3.7472ms)
✔ milestone details name the province, never the internal district id, and a completed airbase keeps a funding date (0.4212ms)
✔ missing saved progress begins fresh and persists only the tutorial preference key (1.8468ms)
✔ corrupted and future-schema storage recover without restoring invented completions (0.5119ms)
✔ missing or denied storage uses memory and explicitly discloses visit-only progress (1.0326ms)
✔ failed preference writes retain the latest learning state in memory (0.1989ms)
✔ fresh advice evaluates exactly the validated snapshot using the actual advisor model (1.7026ms)
✔ all four snapshot identity fields must match exactly before advice becomes ready (0.4056ms)
✔ replacing the state object while loading rejects even an otherwise matching old response (0.1769ms)
✔ in-place session, player, turn or date mutation cannot keep ready advice actionable (0.7995ms)
✔ a response matching a mutated request object cannot bypass the original request identity (0.169ms)
✔ changed invalidates loading requests and late success or failure cannot replace stale state (0.2984ms)
✔ cancel discards late refresh responses without repainting closed guidance (0.2363ms)
✔ out-of-order refresh completion cannot replace the latest success or latest error (0.4364ms)
✔ a failed refresh is retryable and successful retry clears the old error (0.3252ms)
✔ navigation requires a campaign and readiness for advice, but tutorial reading is independent (0.2303ms)
✔ busy state blocks tutorial and advice navigation without calling the adapter (0.3056ms)
✔ tutorial navigation is explicit, read-only routing and never marks a lesson complete (0.1629ms)
✔ reading choices survive refresh, campaign switches, filters and view changes (0.3674ms)
✔ hide and restore affect advice visibility only, and a new campaign clears hidden advice (0.3868ms)
✔ render distinguishes unavailable, loading, stale and empty ready briefings (0.2158ms)
✔ render escapes untrusted advice, attributes, snapshot names and notices without routing injection (0.5763ms)
✔ filters, invalid view input and glossary queries remain presentation choices (0.2205ms)
✔ rendered tutorial completion excludes skips and keeps skipped chapters replayable (0.2023ms)
✔ subscriptions unsubscribe cleanly without affecting model progress (0.067ms)
✔ mount opens a paused tutorial and routes only after an explicit lesson click (1.6647ms)
✔ hosts can suppress the floating launcher without disabling guidance or tutorial return progress (3.7078ms)
✔ refresh and hiding the focused last card retain enabled focus inside the guidance dialog (1.205ms)
✔ the route is recognized from the whole validated response with stored receipts (1.3363ms)
✔ outcomes for another nation or day are unknown without failing the advice reading (2.5871ms)
✔ reading progress never changes the route and a skipped lesson keeps an achieved result (1.1805ms)
✔ changed keeps a labelled last-checked route only for the same session and player (0.8922ms)
✔ stale and out-of-order route readings are dropped before recognition (0.3977ms)
✔ a malformed, throwing or absent recognizer never becomes a campaign result (0.5653ms)
✔ save and load receipts are validated exactly and stored under their own key (0.8325ms)
✔ receipts for a foreign session are ignored and recognition receives only validated copies (0.3945ms)
✔ a receipt re-reads the route and cards only for the current verified reading (0.2179ms)
✔ stored receipts are parsed within bounds and malformed rows are dropped (2.3282ms)
✔ receipt storage failures keep receipts in memory and disclose visit-only storage (0.4713ms)
✔ receipts from another tab are merged before every write and every reading (1.8458ms)
✔ a storage event for the receipt key re-reads only the current verified reading (2.4906ms)
✔ an unreadable receipt store vouches for nothing, is never overwritten, and still counts this visit (0.8264ms)
✔ route panel escapes every served field and never renders an unknown status as progress (0.6067ms)
✔ route panel states separate no campaign, loading, stale and ready readings (0.4747ms)
✔ the lesson comes first and one plain line summarises campaign results beside lesson progress (0.3806ms)
✔ opening the tutorial reads a live campaign, and route buttons follow only ready current advice (3.6558ms)
✔ the illustrative review page shows its annual-budget card and a readable first-hour route (4.7752ms)
✔ milestone dates never break across lines inside the route panel (0.4285ms)
✔ industry renders served inventories and modeled power separately from dated operations (17.5524ms)
✔ component inventory retains its own units beside industrial packs (3.1551ms)
✔ the power summary preserves its native receipt date and limited scope (1.2186ms)
✔ unknown operation receipts never become zero output or zero spending (1.2749ms)
✔ support facilities explain their effect once and are never zero-output alarms (0.8046ms)
✔ research receipts keep acquisition-cost research units distinct from actual cash spending and packs (0.9435ms)
✔ site search supports province names, codes and facility names with server attention semantics (1.371ms)
✔ empty completed industry bridges exact queued projects and inherited economic context (1.377ms)
✔ construction bridge uses the same one-decimal progress and visible tiny-work rule as Construction (1.0618ms)
✔ all user-visible strings and action attributes are escaped; unknown metrics stay unknown (1.5456ms)
✔ navigation sends only exact existing navigation targets, never commands (0.681ms)
✔ stale, loading, changed-world and pending-order guards reject navigation (5.0283ms)
✔ a bound action cannot operate a replacement payload even on the same campaign state (2.9732ms)
✔ GET industry is session-bound, validates identity and binds accepted readings to the exact state (4.0735ms)
✔ industry rejects same-session readings from another date before enabling facility navigation (2.8669ms)
✔ facility stages distinguish installed capacity assigned qualified and actually used workers from dated paid output (1.8504ms)
✔ installed but unstaffed facilities retain unknown employment and no invented first operating receipt (1.294ms)
✔ lifecycle labels and units are escaped while unknown effects never become zero (1.6797ms)
✔ an exact completed facility link resets old filters and preserves its stable identity (1.4019ms)
✔ facility deep links wait for a current matching card then focus it only once (2.0182ms)
✔ expanded workforce requirements and summary focus survive a refreshed native reading (4.0563ms)
✔ late reads are rejected after state adoption, close, tab switch and newer request (10.3508ms)
✔ new campaign adoption immediately clears old nation data and view without waiting for a response (2.3255ms)
✔ refresh failure keeps prior dated reading disabled and exposes a real retry (3.6707ms)
✔ search caret, scroll and expanded facility role survive repaint while background tabs cannot overwrite them (2.6159ms)
✔ filter selection keeps keyboard focus on its replacement button after each repaint (1.9616ms)
✔ refresh focus returns after success or failure and repeated binding adds no duplicate handlers (4.9377ms)
✔ opening the page uses the root Cabinet entry, preserves same-campaign filters and makes one read (1.3412ms)
✔ the shipped standalone script parses and the desk styles are scoped and responsive (0.5717ms)
ℹ tests 355
ℹ suites 0
ℹ pass 355
ℹ fail 0
ℹ cancelled 0
ℹ skipped 0
ℹ todo 0
ℹ duration_ms 6727.7603
