✔ top-room selection follows visual priority without changing any open state (979.3316ms)
✔ explicit map-view operations remain non-modal while other rooms still win (390.2109ms)
✔ Tab wraps at room boundaries, enters from outside, and leaves middle controls native (218.0622ms)
✔ Tab ignores hidden, inert, disabled and negative-tabindex descendants (93.8208ms)
✔ an empty or loading room contains keyboard focus on itself (95.2878ms)
✔ nation tabs reveal exactly one page and preserve drafts and game state (388.4596ms)
✔ non-native action rows gain Enter and Space activation without swallowing other keys (25.5579ms)
✔ nation tabs maintain exactly one tab stop when selection changes (260.5785ms)
✔ all three arcade stylesheets are local, embedded and served as CSS (3.8341ms)
✔ help contains time shortcuts but leaves its native close button usable (1.8254ms)
✔ overview routes annual renewal, building counts and advice without changing the draft (38.5118ms)
✔ overview reflects enacted plans and does not invent a construction count when unavailable (317.3138ms)
✔ annual drafts adopt the current fiscal year without changing the saved draft (226.8143ms)
✔ Welfare keeps the existing Pensions budget key and changes only its own allocation (324.6298ms)
✔ ministry presses preserve tax, rate and unrelated orders and one atomic annual draft (341.5738ms)
✔ revert discards every queued order and redraws the live budget (135.5245ms)
✔ closing the cabinet preserves drafts, removes modality and restores focus (203.8198ms)
✔ cabinet keyboard navigation wraps tabs and traps focus without consuming native range keys (571.0776ms)
✔ cabinet is an accessible modal with industry and a gameplay-shortcut guard (2.2985ms)
✔ tab selection changes visibility and roving focus, never the pending budget (195.5597ms)
✔ industry tab delegates opening, mounts once and closes its read lifecycle on departure (284.2737ms)
✔ cash-flow lifecycle follows overview visibility and preserves drafts (444.2043ms)
✔ cash-flow shortcuts navigate to financial controls without changing the plan or issuing orders (673.4403ms)
✔ an explicit cash-flow link reveals the summary after reopening the overview (111.2083ms)
✔ industry actions reach specific existing controls without making economic orders (426.764ms)
✔ draft summary reacts to queued tax and includes interest exactly once (115.8175ms)
✔ enacting an untouched first budget queues the inherited plan and advances exactly one day (100.546ms)
✔ a failed enact preserves the mixed draft and releases the busy guard for retry (310.9277ms)
✔ all draft controls are inert only while the asynchronous enact is pending (308.4276ms)
✔ dated command refusals are surfaced in the footer and live region after advance (156.6304ms)
✔ the cabinet painting is local and the original vector remains available (5.2759ms)
✔ effect previews index the served reference-anchored curve and respect its limits (347.0998ms)
✔ budget cost distinguishes first enactment, cuts and reopening an enacted year (270.5968ms)
✔ the treasury card distinguishes absent books from zero money and preserves annual units (176.5576ms)
✔ six metric descriptions and their delta rules are deeply immutable (1.8516ms)
✔ date labels use real UTC days, accept legacy months, and reject rollover dates (0.3635ms)
✔ daily windows include end-minus-days-plus-one with leap and month-end boundaries (0.3625ms)
✔ 30/365/1825-day views are calendar windows rather than counts of irregular observations (0.2242ms)
✔ the first recorded day is usable and an extinct nation ends at its final observation (0.2958ms)
✔ series spans intersect the world history and fall back only when GDP is missing (0.261ms)
✔ missing or invalid date labels never turn into made-up daily observations (0.1147ms)
✔ points preserve null, nonfinite, undefined and sparse holes without coercing strings (0.2331ms)
✔ delta distinguishes percent changes, percentage points and raw stability points (0.2598ms)
✔ infographic values distinguish real zero from missing and keep displayed rate units (41.5684ms)
✔ trend axes distinguish narrow real GDP spans with a common compact currency unit (6.3569ms)
✔ adaptive rate and score axes retain nonzero signs, small spans and scientific extremes (6.3602ms)
✔ infographic changes distinguish direction, no change, unavailable and percentage points (1.1805ms)
✔ trace thinning preserves endpoints, local extrema, order and data gaps (1.8931ms)
✔ sparkline geometry uses actual dates across irregular month ends and leap years (1.2583ms)
✔ sparklines break at null observations and show one truthful dot on day one (2.1652ms)
✔ late and extinct national charts label only their recorded lifespan (1.0952ms)
✔ classic-script order and global names remain safe and all Chronicle assets are served (80.404ms)
✔ renderer pins the selected date through history trimming and follows latest only when requested (4.0808ms)
✔ renderer uses one coherent fallback time axis and explains retained history and smoothed rates (0.9421ms)
✔ first-day and empty retained histories have truthful interaction states (2.0932ms)
✔ every actual guidance route opens its existing review and preserves routing details without orders (1369.6623ms)
✔ unknown routes, pending work and absent campaigns return before closing or navigating anything (3082.309ms)
✔ actual document keyboard listener keeps N, speed keys and Space inert behind open guidance (18.6834ms)
✔ guidance scripts, styles and artwork are referenced and served, and every inline script parses (25.9758ms)
✔ every painted scene is a packaged local WebP rather than a remote dependency (32.4551ms)
✔ scene catalogue rejects arbitrary paths and prototype properties (0.1821ms)
✔ art is the final presentation stylesheet so existing room backdrops cannot mask it (7.1378ms)
✔ background choice follows existing accessible page state without new UI lifecycle work (4.2395ms)
✔ art includes narrow-screen and high-contrast treatments without new moving backgrounds (0.3112ms)
✔ the original thirteen facility meshes keep their exact geometry and semantics (15506.5676ms)
✔ the kind table is exactly PROJECT_KINDS, in both directions (1.8539ms)
✔ every kind builds at every stage and every level, at both detail levels, inside its budget (25704.0445ms)
✔ stage tables are ordered, cover 0..1 and describe the same five states for every kind (1.0873ms)
✔ the stage is a pure function of recorded server progress (7155.226ms)
✔ geometry is deterministic across fresh loads and unaffected by anything outside its inputs (3634.753ms)
✔ two node processes build byte-identical geometry, normals included (4337.3745ms)
✔ later stages are never less built than earlier ones (19432.6942ms)
✔ curved surfaces are smooth-shaded and flat ones are not (6098.0295ms)
✔ surfaces you stand on and surfaces it rains on face the sky (3213.2768ms)
✔ structure and envelope are modelled rather than boxed (953.3718ms)
✔ paused and blocked sites stop work honestly, and nothing else does (4227.2016ms)
✔ a level upgrade extends the compound instead of cloning the building (4679.8948ms)
✔ the placeholder count is asserted, not described (797.0073ms)
✔ the arms plant is realised and every kind declares what it is not (667.1845ms)
✔ every kind is composed of what section E says it is (2785.2357ms)
✔ the five stages of every kind are structurally different, not just heavier (14642.3323ms)
✔ the two retrofits are installed in a host that already stands (114.1622ms)
✔ delivered wings stand on the fill they were built on (992.8703ms)
✔ no wall clock, no frame counter and no second RNG can reach this geometry (1.8988ms)
✔ the browser global exports the same contract with no dependencies (58.9925ms)
✔ unknown and malformed input resolves to a stable, honest default (262.3192ms)
ℹ tests 86
ℹ suites 0
ℹ pass 86
ℹ fail 0
ℹ cancelled 0
ℹ skipped 0
ℹ todo 0
ℹ duration_ms 115542.773
