
running 1 test
S22 diagnosis day 1/31: 1 Jan 2015 -> 2 Jan 2015, observed 375.480 ms, native 501.450 ms; exact world/headlines
S22 diagnosis day 2/31: 2 Jan 2015 -> 3 Jan 2015, observed 227.993 ms, native 318.085 ms; exact world/headlines
S22 diagnosis day 3/31: 3 Jan 2015 -> 4 Jan 2015, observed 238.220 ms, native 225.831 ms; exact world/headlines
S22 diagnosis day 4/31: 4 Jan 2015 -> 5 Jan 2015, observed 260.601 ms, native 237.614 ms; exact world/headlines
S22 diagnosis day 5/31: 5 Jan 2015 -> 6 Jan 2015, observed 317.778 ms, native 323.633 ms; exact world/headlines
S22 diagnosis day 6/31: 6 Jan 2015 -> 7 Jan 2015, observed 327.287 ms, native 321.398 ms; exact world/headlines
S22 diagnosis day 7/31: 7 Jan 2015 -> 8 Jan 2015, observed 330.791 ms, native 330.449 ms; exact world/headlines
S22 diagnosis day 8/31: 8 Jan 2015 -> 9 Jan 2015, observed 326.471 ms, native 323.043 ms; exact world/headlines
S22 diagnosis day 9/31: 9 Jan 2015 -> 10 Jan 2015, observed 336.709 ms, native 337.866 ms; exact world/headlines
S22 diagnosis day 10/31: 10 Jan 2015 -> 11 Jan 2015, observed 328.747 ms, native 331.849 ms; exact world/headlines
S22 diagnosis day 11/31: 11 Jan 2015 -> 12 Jan 2015, observed 306.423 ms, native 334.789 ms; exact world/headlines
S22 diagnosis day 12/31: 12 Jan 2015 -> 13 Jan 2015, observed 337.502 ms, native 343.875 ms; exact world/headlines
S22 diagnosis day 13/31: 13 Jan 2015 -> 14 Jan 2015, observed 320.999 ms, native 326.433 ms; exact world/headlines
S22 diagnosis day 14/31: 14 Jan 2015 -> 15 Jan 2015, observed 295.907 ms, native 263.444 ms; exact world/headlines
S22 diagnosis day 15/31: 15 Jan 2015 -> 16 Jan 2015, observed 257.167 ms, native 253.074 ms; exact world/headlines
S22 diagnosis day 16/31: 16 Jan 2015 -> 17 Jan 2015, observed 263.761 ms, native 249.299 ms; exact world/headlines
S22 diagnosis day 17/31: 17 Jan 2015 -> 18 Jan 2015, observed 362.023 ms, native 334.745 ms; exact world/headlines
S22 diagnosis day 18/31: 18 Jan 2015 -> 19 Jan 2015, observed 229.169 ms, native 222.481 ms; exact world/headlines
S22 diagnosis day 19/31: 19 Jan 2015 -> 20 Jan 2015, observed 322.190 ms, native 313.505 ms; exact world/headlines
S22 diagnosis day 20/31: 20 Jan 2015 -> 21 Jan 2015, observed 329.484 ms, native 325.380 ms; exact world/headlines
S22 diagnosis day 21/31: 21 Jan 2015 -> 22 Jan 2015, observed 320.023 ms, native 310.939 ms; exact world/headlines
S22 diagnosis day 22/31: 22 Jan 2015 -> 23 Jan 2015, observed 333.578 ms, native 334.103 ms; exact world/headlines
S22 diagnosis day 23/31: 23 Jan 2015 -> 24 Jan 2015, observed 330.252 ms, native 322.543 ms; exact world/headlines
S22 diagnosis day 24/31: 24 Jan 2015 -> 25 Jan 2015, observed 323.456 ms, native 320.103 ms; exact world/headlines
S22 diagnosis day 25/31: 25 Jan 2015 -> 26 Jan 2015, observed 320.959 ms, native 324.250 ms; exact world/headlines
S22 diagnosis day 26/31: 26 Jan 2015 -> 27 Jan 2015, observed 313.821 ms, native 320.179 ms; exact world/headlines
S22 diagnosis day 27/31: 27 Jan 2015 -> 28 Jan 2015, observed 363.302 ms, native 337.556 ms; exact world/headlines
S22 diagnosis day 28/31: 28 Jan 2015 -> 29 Jan 2015, observed 271.339 ms, native 251.596 ms; exact world/headlines
S22 diagnosis day 29/31: 29 Jan 2015 -> 30 Jan 2015, observed 284.170 ms, native 266.930 ms; exact world/headlines
S22 diagnosis day 30/31: 30 Jan 2015 -> 31 Jan 2015, observed 249.963 ms, native 242.570 ms; exact world/headlines
S22 diagnosis day 31/31: 31 Jan 2015 -> 1 Feb 2015, observed 984.958 ms, native 984.308 ms; exact world/headlines
test performance::s22_daily_subsystem_diagnosis ... ok

test result: ok. 1 passed; 0 failed; 0 ignored; 0 measured; 450 filtered out; finished in 62.87s

