2026-09-28T19:48:45.2173811Z Current runner version: '2.337.0'
2026-09-28T19:48:45.2211243Z ##[group]Runner Image Provisioner
2026-09-28T19:48:45.2213054Z Hosted Compute Agent
2026-09-28T19:48:45.2214142Z Version: 20260828.587
2026-09-28T19:48:45.2215312Z Commit: abac92662cab4cc7352de4f9f9d2e2419aad9c29
2026-09-28T19:48:45.2216714Z Build Date: 2026-08-28T16:44:25Z
2026-09-28T19:48:45.2218020Z Worker ID: {b6186046-cc92-42b1-9167-13befe7f6bfd}
2026-09-28T19:48:45.2219286Z Azure Region: eastus
2026-09-28T19:48:45.2220481Z ##[endgroup]
2026-09-28T19:48:45.2223192Z ##[group]Operating System
2026-09-28T19:48:45.2224366Z Ubuntu
2026-09-28T19:48:45.2225279Z 24.04.5
2026-09-28T19:48:45.2226148Z LTS
2026-09-28T19:48:45.2227165Z ##[endgroup]
2026-09-28T19:48:45.2228164Z ##[group]Runner Image
2026-09-28T19:48:45.2229185Z Image: ubuntu-24.04
2026-09-28T19:48:45.2230120Z Version: 20260920.314.1
2026-09-28T19:48:45.2232633Z Included Software: https://github.com/actions/runner-images/blob/ubuntu24/20260920.314/images/ubuntu/Ubuntu2404-Readme.md
2026-09-28T19:48:45.2235404Z Image Release: https://github.com/actions/runner-images/releases/tag/ubuntu24%2F20260920.314
2026-09-28T19:48:45.2237218Z ##[endgroup]
2026-09-28T19:48:45.2239153Z ##[group]GITHUB_TOKEN Permissions
2026-09-28T19:48:45.2243564Z Contents: read
2026-09-28T19:48:45.2244662Z Metadata: read
2026-09-28T19:48:45.2245641Z ##[endgroup]
2026-09-28T19:48:45.2248629Z Secret source: Actions
2026-09-28T19:48:45.2250346Z Cache mode: write
2026-09-28T19:48:45.2252459Z Prepare workflow directory
2026-09-28T19:48:45.2740449Z Prepare all required actions
2026-09-28T19:48:45.2801318Z Getting action download info
2026-09-28T19:48:45.4943613Z Download action repository 'actions/setup-python@v5' (SHA:a26af69be951a213d495a4c3e4e4022e16d87065)
2026-09-28T19:48:45.6633151Z Download action repository 'actions/download-artifact@v4' (SHA:d3f86a106a0bac45b974a628896c90dbdf5c8093)
2026-09-28T19:48:45.8674317Z Download action repository 'actions/upload-artifact@v4' (SHA:ea165f8d65b6e75b540449e92b4886f43607fa02)
2026-09-28T19:48:46.0857140Z Complete job name: cell (brazil-1990)
2026-09-28T19:48:46.1655557Z ##[group]Run actions/setup-python@v5
2026-09-28T19:48:46.1656683Z with:
2026-09-28T19:48:46.1657118Z   python-version: 3.13
2026-09-28T19:48:46.1657625Z   check-latest: false
2026-09-28T19:48:46.1661397Z   token: ***
2026-09-28T19:48:46.1662073Z   update-environment: true
2026-09-28T19:48:46.1662597Z   allow-prereleases: false
2026-09-28T19:48:46.1663077Z   freethreaded: false
2026-09-28T19:48:46.1663801Z ##[endgroup]
2026-09-28T19:48:46.3352660Z ##[group]Installed versions
2026-09-28T19:48:46.3430229Z (node:2113) [DEP0040] DeprecationWarning: The `punycode` module is deprecated. Please use a userland alternative instead.
2026-09-28T19:48:46.3433403Z (Use `node --trace-deprecation ...` to show where the warning was created)
2026-09-28T19:48:46.3460877Z Successfully set up CPython (3.13.15)
2026-09-28T19:48:46.3462723Z ##[endgroup]
2026-09-28T19:48:46.3852220Z ##[group]Run actions/download-artifact@v4
2026-09-28T19:48:46.3853387Z with:
2026-09-28T19:48:46.3854100Z   name: full-stability-frozen-1
2026-09-28T19:48:46.3854942Z   path: frozen
2026-09-28T19:48:46.3855635Z   merge-multiple: false
2026-09-28T19:48:46.3856420Z   repository: ridgemerkley2-web/Spheres
2026-09-28T19:48:46.3857384Z   run-id: 36474011141
2026-09-28T19:48:46.3858109Z env:
2026-09-28T19:48:46.3858954Z   pythonLocation: /opt/hostedtoolcache/Python/3.13.15/x64
2026-09-28T19:48:46.3860352Z   PKG_CONFIG_PATH: /opt/hostedtoolcache/Python/3.13.15/x64/lib/pkgconfig
2026-09-28T19:48:46.3861908Z   Python_ROOT_DIR: /opt/hostedtoolcache/Python/3.13.15/x64
2026-09-28T19:48:46.3863193Z   Python2_ROOT_DIR: /opt/hostedtoolcache/Python/3.13.15/x64
2026-09-28T19:48:46.3864928Z   Python3_ROOT_DIR: /opt/hostedtoolcache/Python/3.13.15/x64
2026-09-28T19:48:46.3866464Z   LD_LIBRARY_PATH: /opt/hostedtoolcache/Python/3.13.15/x64/lib
2026-09-28T19:48:46.3867539Z ##[endgroup]
2026-09-28T19:48:46.5518156Z Downloading single artifact
2026-09-28T19:48:46.5678986Z (node:2123) [DEP0040] DeprecationWarning: The `punycode` module is deprecated. Please use a userland alternative instead.
2026-09-28T19:48:46.5682643Z (Use `node --trace-deprecation ...` to show where the warning was created)
2026-09-28T19:48:46.6665762Z Preparing to download the following artifacts:
2026-09-28T19:48:46.6667520Z - full-stability-frozen-1 (ID: 10993525137, Size: 251763956, Expected Digest: sha256:c0b8cac48eb04e5c4bf171d44ae480bcc940e7884c236ab973963fed4621021f)
2026-09-28T19:48:46.8029827Z Redirecting to blob download url: https://productionresultssa15.blob.core.windows.net/actions-results/9f04f3d3-a0ec-4c2f-9243-287c869ea6f9/workflow-job-run-b4e25666-37d2-5c5e-b7c9-79c0c70c262c/artifacts/21a58e5ad768f3d825d279659e73e90fd4f566c1102ba130743afd8c79099a6b.zip
2026-09-28T19:48:46.8036167Z Starting download of artifact to: /home/runner/work/Spheres/Spheres/frozen
2026-09-28T19:48:46.8880942Z (node:2123) [DEP0005] DeprecationWarning: Buffer() is deprecated due to security and usability issues. Please use the Buffer.alloc(), Buffer.allocUnsafe(), or Buffer.from() methods instead.
2026-09-28T19:48:50.9771977Z SHA256 digest of downloaded artifact is c0b8cac48eb04e5c4bf171d44ae480bcc940e7884c236ab973963fed4621021f
2026-09-28T19:48:50.9773672Z Artifact download completed successfully.
2026-09-28T19:48:50.9774091Z Total of 1 artifact(s) downloaded
2026-09-28T19:48:50.9774475Z Download artifact has finished successfully
2026-09-28T19:48:50.9976969Z ##[group]Run chmod u+x frozen/native-test
2026-09-28T19:48:50.9977511Z [36;1mchmod u+x frozen/native-test[0m
2026-09-28T19:48:50.9978356Z [36;1mpython -B frozen/distributed_stability.py cell --bundle frozen --manifest-sha256 "$FROZEN_MANIFEST" --id "$CELL_ID" --out evidence --timeout-seconds 18000[0m
2026-09-28T19:48:51.0288297Z shell: /usr/bin/bash -e {0}
2026-09-28T19:48:51.0288874Z env:
2026-09-28T19:48:51.0289406Z   pythonLocation: /opt/hostedtoolcache/Python/3.13.15/x64
2026-09-28T19:48:51.0290217Z   PKG_CONFIG_PATH: /opt/hostedtoolcache/Python/3.13.15/x64/lib/pkgconfig
2026-09-28T19:48:51.0291047Z   Python_ROOT_DIR: /opt/hostedtoolcache/Python/3.13.15/x64
2026-09-28T19:48:51.0292046Z   Python2_ROOT_DIR: /opt/hostedtoolcache/Python/3.13.15/x64
2026-09-28T19:48:51.0292767Z   Python3_ROOT_DIR: /opt/hostedtoolcache/Python/3.13.15/x64
2026-09-28T19:48:51.0293485Z   LD_LIBRARY_PATH: /opt/hostedtoolcache/Python/3.13.15/x64/lib
2026-09-28T19:48:51.0294405Z   FROZEN_MANIFEST: 70a51be54a7e3100a5267ca310bf5c7f05a3c388a389b7c54904e6365c477cc8
2026-09-28T19:48:51.0295172Z   CELL_ID: brazil-1990
2026-09-28T19:48:51.0295593Z ##[endgroup]
2026-09-29T00:49:04.1814921Z Distributed stability refused: InvalidEvidence: Shard did not complete unchanged
2026-09-29T00:49:04.1907327Z ##[error]Process completed with exit code 2.
2026-09-29T00:49:04.1988014Z ##[group]Run actions/upload-artifact@v4
2026-09-29T00:49:04.1988340Z with:
2026-09-29T00:49:04.1988561Z   name: full-stability-cell-brazil-1990-1
2026-09-29T00:49:04.1988846Z   path: evidence
2026-09-29T00:49:04.1989066Z   if-no-files-found: error
2026-09-29T00:49:04.1989353Z   compression-level: 0
2026-09-29T00:49:04.1989574Z   retention-days: 7
2026-09-29T00:49:04.1989783Z   overwrite: false
2026-09-29T00:49:04.1989996Z   include-hidden-files: false
2026-09-29T00:49:04.1990233Z env:
2026-09-29T00:49:04.1990488Z   pythonLocation: /opt/hostedtoolcache/Python/3.13.15/x64
2026-09-29T00:49:04.1990926Z   PKG_CONFIG_PATH: /opt/hostedtoolcache/Python/3.13.15/x64/lib/pkgconfig
2026-09-29T00:49:04.1991366Z   Python_ROOT_DIR: /opt/hostedtoolcache/Python/3.13.15/x64
2026-09-29T00:49:04.1992068Z   Python2_ROOT_DIR: /opt/hostedtoolcache/Python/3.13.15/x64
2026-09-29T00:49:04.1992470Z   Python3_ROOT_DIR: /opt/hostedtoolcache/Python/3.13.15/x64
2026-09-29T00:49:04.1992897Z   LD_LIBRARY_PATH: /opt/hostedtoolcache/Python/3.13.15/x64/lib
2026-09-29T00:49:04.1993231Z ##[endgroup]
2026-09-29T00:49:04.3629808Z (node:4208) [DEP0040] DeprecationWarning: The `punycode` module is deprecated. Please use a userland alternative instead.
2026-09-29T00:49:04.3630738Z (Use `node --trace-deprecation ...` to show where the warning was created)
2026-09-29T00:49:04.3735863Z With the provided path, there will be 15 files uploaded
2026-09-29T00:49:04.3742085Z Artifact name is valid!
2026-09-29T00:49:04.3743038Z Root directory input is valid!
2026-09-29T00:49:04.6331400Z Beginning upload of artifact content to blob storage
2026-09-29T00:49:04.6878218Z (node:4208) [DEP0169] DeprecationWarning: `url.parse()` behavior is not standardized and prone to errors that have security implications. Use the WHATWG URL API instead. CVEs are not issued for `url.parse()` vulnerabilities.
2026-09-29T00:49:04.9137153Z Uploaded bytes 8388608
2026-09-29T00:49:05.0055260Z Uploaded bytes 16777216
2026-09-29T00:49:05.0161182Z Uploaded bytes 25165824
2026-09-29T00:49:05.0450941Z Uploaded bytes 33554432
2026-09-29T00:49:05.0842286Z Uploaded bytes 41943040
2026-09-29T00:49:05.1741145Z Uploaded bytes 45714314
2026-09-29T00:49:05.1911657Z Finished uploading artifact content to blob storage!
2026-09-29T00:49:05.1913343Z SHA256 digest of uploaded artifact zip is a20dd20c2ef89c9bf62f779cfc9724875487eea9d09f202e176253587b38929e
2026-09-29T00:49:05.1915377Z Finalizing artifact upload
2026-09-29T00:49:05.3876991Z Artifact full-stability-cell-brazil-1990-1.zip successfully finalized. Artifact ID 11007081387
2026-09-29T00:49:05.3878690Z Artifact full-stability-cell-brazil-1990-1 has been successfully uploaded! Final size is 45714314 bytes. Artifact ID is 11007081387
2026-09-29T00:49:05.3885449Z Artifact download URL: https://github.com/ridgemerkley2-web/Spheres/actions/runs/36474011141/artifacts/11007081387
2026-09-29T00:49:05.4104173Z Cleaning up orphan processes
2026-09-29T00:49:05.4448306Z ##[warning]Node.js 20 is deprecated. The following actions target Node.js 20 but are being forced to run on Node.js 24: actions/download-artifact@v4, actions/setup-python@v5, actions/upload-artifact@v4. For more information see: https://github.blog/changelog/2025-09-19-deprecation-of-node-20-on-github-actions-runners/
