2026-09-28T19:47:37.9977040Z Current runner version: '2.337.0'
2026-09-28T19:47:37.9995818Z ##[group]Runner Image Provisioner
2026-09-28T19:47:37.9996444Z Hosted Compute Agent
2026-09-28T19:47:37.9996826Z Version: 20260828.587
2026-09-28T19:47:37.9997228Z Commit: abac92662cab4cc7352de4f9f9d2e2419aad9c29
2026-09-28T19:47:37.9997726Z Build Date: 2026-08-28T16:44:25Z
2026-09-28T19:47:37.9998181Z Worker ID: {bd45033a-3dd9-437c-b603-f6d63e438bb8}
2026-09-28T19:47:37.9998611Z Azure Region: centralus
2026-09-28T19:47:37.9999028Z ##[endgroup]
2026-09-28T19:47:37.9999862Z ##[group]Operating System
2026-09-28T19:47:38.0000273Z Ubuntu
2026-09-28T19:47:38.0000681Z 24.04.5
2026-09-28T19:47:38.0000997Z LTS
2026-09-28T19:47:38.0001371Z ##[endgroup]
2026-09-28T19:47:38.0001899Z ##[group]Runner Image
2026-09-28T19:47:38.0002290Z Image: ubuntu-24.04
2026-09-28T19:47:38.0002691Z Version: 20260920.314.1
2026-09-28T19:47:38.0003508Z Included Software: https://github.com/actions/runner-images/blob/ubuntu24/20260920.314/images/ubuntu/Ubuntu2404-Readme.md
2026-09-28T19:47:38.0004445Z Image Release: https://github.com/actions/runner-images/releases/tag/ubuntu24%2F20260920.314
2026-09-28T19:47:38.0005113Z ##[endgroup]
2026-09-28T19:47:38.0005872Z ##[group]GITHUB_TOKEN Permissions
2026-09-28T19:47:38.0007338Z Contents: read
2026-09-28T19:47:38.0007712Z Metadata: read
2026-09-28T19:47:38.0008064Z ##[endgroup]
2026-09-28T19:47:38.0009721Z Secret source: Actions
2026-09-28T19:47:38.0010307Z Cache mode: write
2026-09-28T19:47:38.0010822Z Prepare workflow directory
2026-09-28T19:47:38.0253002Z Prepare all required actions
2026-09-28T19:47:38.0284962Z Getting action download info
2026-09-28T19:47:38.2477946Z Download action repository 'actions/setup-python@v5' (SHA:a26af69be951a213d495a4c3e4e4022e16d87065)
2026-09-28T19:47:38.4154077Z Download action repository 'actions/download-artifact@v4' (SHA:d3f86a106a0bac45b974a628896c90dbdf5c8093)
2026-09-28T19:47:39.1566239Z Download action repository 'actions/upload-artifact@v4' (SHA:ea165f8d65b6e75b540449e92b4886f43607fa02)
2026-09-28T19:47:39.5482429Z Complete job name: cell (brazil-42)
2026-09-28T19:47:39.6028312Z ##[group]Run actions/setup-python@v5
2026-09-28T19:47:39.6029169Z with:
2026-09-28T19:47:39.6029701Z   python-version: 3.13
2026-09-28T19:47:39.6030305Z   check-latest: false
2026-09-28T19:47:39.6036159Z   token: ***
2026-09-28T19:47:39.6036730Z   update-environment: true
2026-09-28T19:47:39.6037386Z   allow-prereleases: false
2026-09-28T19:47:39.6038027Z   freethreaded: false
2026-09-28T19:47:39.6038715Z ##[endgroup]
2026-09-28T19:47:39.6998043Z ##[group]Installed versions
2026-09-28T19:47:39.7055784Z (node:1922) [DEP0040] DeprecationWarning: The `punycode` module is deprecated. Please use a userland alternative instead.
2026-09-28T19:47:39.7057505Z (Use `node --trace-deprecation ...` to show where the warning was created)
2026-09-28T19:47:39.7059066Z Successfully set up CPython (3.13.15)
2026-09-28T19:47:39.7060820Z ##[endgroup]
2026-09-28T19:47:39.7327601Z ##[group]Run actions/download-artifact@v4
2026-09-28T19:47:39.7328424Z with:
2026-09-28T19:47:39.7329195Z   name: full-stability-frozen-1
2026-09-28T19:47:39.7329834Z   path: frozen
2026-09-28T19:47:39.7330391Z   merge-multiple: false
2026-09-28T19:47:39.7331025Z   repository: ridgemerkley2-web/Spheres
2026-09-28T19:47:39.7331885Z   run-id: 36474011141
2026-09-28T19:47:39.7332448Z env:
2026-09-28T19:47:39.7333102Z   pythonLocation: /opt/hostedtoolcache/Python/3.13.15/x64
2026-09-28T19:47:39.7334298Z   PKG_CONFIG_PATH: /opt/hostedtoolcache/Python/3.13.15/x64/lib/pkgconfig
2026-09-28T19:47:39.7335900Z   Python_ROOT_DIR: /opt/hostedtoolcache/Python/3.13.15/x64
2026-09-28T19:47:39.7337134Z   Python2_ROOT_DIR: /opt/hostedtoolcache/Python/3.13.15/x64
2026-09-28T19:47:39.7338235Z   Python3_ROOT_DIR: /opt/hostedtoolcache/Python/3.13.15/x64
2026-09-28T19:47:39.7339445Z   LD_LIBRARY_PATH: /opt/hostedtoolcache/Python/3.13.15/x64/lib
2026-09-28T19:47:39.7340296Z ##[endgroup]
2026-09-28T19:47:39.8387319Z Downloading single artifact
2026-09-28T19:47:39.8490421Z (node:1931) [DEP0040] DeprecationWarning: The `punycode` module is deprecated. Please use a userland alternative instead.
2026-09-28T19:47:39.8493779Z (Use `node --trace-deprecation ...` to show where the warning was created)
2026-09-28T19:47:39.9865222Z Preparing to download the following artifacts:
2026-09-28T19:47:39.9866634Z - full-stability-frozen-1 (ID: 10993525137, Size: 251763956, Expected Digest: sha256:c0b8cac48eb04e5c4bf171d44ae480bcc940e7884c236ab973963fed4621021f)
2026-09-28T19:47:40.1568077Z Redirecting to blob download url: https://productionresultssa15.blob.core.windows.net/actions-results/9f04f3d3-a0ec-4c2f-9243-287c869ea6f9/workflow-job-run-b4e25666-37d2-5c5e-b7c9-79c0c70c262c/artifacts/21a58e5ad768f3d825d279659e73e90fd4f566c1102ba130743afd8c79099a6b.zip
2026-09-28T19:47:40.1570631Z Starting download of artifact to: /home/runner/work/Spheres/Spheres/frozen
2026-09-28T19:47:40.3596631Z (node:1931) [DEP0005] DeprecationWarning: Buffer() is deprecated due to security and usability issues. Please use the Buffer.alloc(), Buffer.allocUnsafe(), or Buffer.from() methods instead.
2026-09-28T19:47:44.7274519Z SHA256 digest of downloaded artifact is c0b8cac48eb04e5c4bf171d44ae480bcc940e7884c236ab973963fed4621021f
2026-09-28T19:47:44.7274970Z Artifact download completed successfully.
2026-09-28T19:47:44.7275165Z Total of 1 artifact(s) downloaded
2026-09-28T19:47:44.7277988Z Download artifact has finished successfully
2026-09-28T19:47:44.7432809Z ##[group]Run chmod u+x frozen/native-test
2026-09-28T19:47:44.7433066Z [36;1mchmod u+x frozen/native-test[0m
2026-09-28T19:47:44.7433489Z [36;1mpython -B frozen/distributed_stability.py cell --bundle frozen --manifest-sha256 "$FROZEN_MANIFEST" --id "$CELL_ID" --out evidence --timeout-seconds 18000[0m
2026-09-28T19:47:44.7690163Z shell: /usr/bin/bash -e {0}
2026-09-28T19:47:44.7690341Z env:
2026-09-28T19:47:44.7690509Z   pythonLocation: /opt/hostedtoolcache/Python/3.13.15/x64
2026-09-28T19:47:44.7690764Z   PKG_CONFIG_PATH: /opt/hostedtoolcache/Python/3.13.15/x64/lib/pkgconfig
2026-09-28T19:47:44.7691029Z   Python_ROOT_DIR: /opt/hostedtoolcache/Python/3.13.15/x64
2026-09-28T19:47:44.7691255Z   Python2_ROOT_DIR: /opt/hostedtoolcache/Python/3.13.15/x64
2026-09-28T19:47:44.7691661Z   Python3_ROOT_DIR: /opt/hostedtoolcache/Python/3.13.15/x64
2026-09-28T19:47:44.7691903Z   LD_LIBRARY_PATH: /opt/hostedtoolcache/Python/3.13.15/x64/lib
2026-09-28T19:47:44.7692244Z   FROZEN_MANIFEST: 70a51be54a7e3100a5267ca310bf5c7f05a3c388a389b7c54904e6365c477cc8
2026-09-28T19:47:44.7692479Z   CELL_ID: brazil-42
2026-09-28T19:47:44.7692616Z ##[endgroup]
2026-09-29T00:47:54.5730284Z Distributed stability refused: InvalidEvidence: Shard did not complete unchanged
2026-09-29T00:47:54.5820753Z ##[error]Process completed with exit code 2.
2026-09-29T00:47:54.5874640Z ##[group]Run actions/upload-artifact@v4
2026-09-29T00:47:54.5874832Z with:
2026-09-29T00:47:54.5874965Z   name: full-stability-cell-brazil-42-1
2026-09-29T00:47:54.5875125Z   path: evidence
2026-09-29T00:47:54.5875256Z   if-no-files-found: error
2026-09-29T00:47:54.5875412Z   compression-level: 0
2026-09-29T00:47:54.5875538Z   retention-days: 7
2026-09-29T00:47:54.5875655Z   overwrite: false
2026-09-29T00:47:54.5875793Z   include-hidden-files: false
2026-09-29T00:47:54.5875945Z env:
2026-09-29T00:47:54.5876127Z   pythonLocation: /opt/hostedtoolcache/Python/3.13.15/x64
2026-09-29T00:47:54.5876371Z   PKG_CONFIG_PATH: /opt/hostedtoolcache/Python/3.13.15/x64/lib/pkgconfig
2026-09-29T00:47:54.5876609Z   Python_ROOT_DIR: /opt/hostedtoolcache/Python/3.13.15/x64
2026-09-29T00:47:54.5876852Z   Python2_ROOT_DIR: /opt/hostedtoolcache/Python/3.13.15/x64
2026-09-29T00:47:54.5877065Z   Python3_ROOT_DIR: /opt/hostedtoolcache/Python/3.13.15/x64
2026-09-29T00:47:54.5877307Z   LD_LIBRARY_PATH: /opt/hostedtoolcache/Python/3.13.15/x64/lib
2026-09-29T00:47:54.5877491Z ##[endgroup]
2026-09-29T00:47:54.7027165Z (node:3941) [DEP0040] DeprecationWarning: The `punycode` module is deprecated. Please use a userland alternative instead.
2026-09-29T00:47:54.7027747Z (Use `node --trace-deprecation ...` to show where the warning was created)
2026-09-29T00:47:54.7090057Z With the provided path, there will be 15 files uploaded
2026-09-29T00:47:54.7093780Z Artifact name is valid!
2026-09-29T00:47:54.7094261Z Root directory input is valid!
2026-09-29T00:47:55.0499210Z Beginning upload of artifact content to blob storage
2026-09-29T00:47:55.0840770Z (node:3941) [DEP0169] DeprecationWarning: `url.parse()` behavior is not standardized and prone to errors that have security implications. Use the WHATWG URL API instead. CVEs are not issued for `url.parse()` vulnerabilities.
2026-09-29T00:47:55.5496238Z Uploaded bytes 8388608
2026-09-29T00:47:55.6114175Z Uploaded bytes 16777216
2026-09-29T00:47:55.6129496Z Uploaded bytes 25165824
2026-09-29T00:47:55.7286479Z Uploaded bytes 33554432
2026-09-29T00:47:55.7659940Z Uploaded bytes 41943040
2026-09-29T00:47:56.0105117Z Uploaded bytes 49646110
2026-09-29T00:47:56.0483900Z Finished uploading artifact content to blob storage!
2026-09-29T00:47:56.0484405Z SHA256 digest of uploaded artifact zip is b3883004777dc798e0c5290277e2ae73bb1bc69830796cc79150ad9e0e362718
2026-09-29T00:47:56.0490807Z Finalizing artifact upload
2026-09-29T00:47:56.2792560Z Artifact full-stability-cell-brazil-42-1.zip successfully finalized. Artifact ID 11006093868
2026-09-29T00:47:56.2793116Z Artifact full-stability-cell-brazil-42-1 has been successfully uploaded! Final size is 49646110 bytes. Artifact ID is 11006093868
2026-09-29T00:47:56.2797595Z Artifact download URL: https://github.com/ridgemerkley2-web/Spheres/actions/runs/36474011141/artifacts/11006093868
2026-09-29T00:47:56.2970571Z Cleaning up orphan processes
2026-09-29T00:47:56.3166385Z ##[warning]Node.js 20 is deprecated. The following actions target Node.js 20 but are being forced to run on Node.js 24: actions/download-artifact@v4, actions/setup-python@v5, actions/upload-artifact@v4. For more information see: https://github.blog/changelog/2025-09-19-deprecation-of-node-20-on-github-actions-runners/
