2026-09-28T20:02:03.4272508Z Current runner version: '2.337.0'
2026-09-28T20:02:03.4297595Z ##[group]Runner Image Provisioner
2026-09-28T20:02:03.4298431Z Hosted Compute Agent
2026-09-28T20:02:03.4299370Z Version: 20260828.587
2026-09-28T20:02:03.4300075Z Commit: abac92662cab4cc7352de4f9f9d2e2419aad9c29
2026-09-28T20:02:03.4300818Z Build Date: 2026-08-28T16:44:25Z
2026-09-28T20:02:03.4301630Z Worker ID: {28ebc683-65da-41b1-af96-0dbfabc5933c}
2026-09-28T20:02:03.4302364Z Azure Region: eastus
2026-09-28T20:02:03.4302972Z ##[endgroup]
2026-09-28T20:02:03.4304465Z ##[group]Operating System
2026-09-28T20:02:03.4305108Z Ubuntu
2026-09-28T20:02:03.4305763Z 24.04.5
2026-09-28T20:02:03.4306291Z LTS
2026-09-28T20:02:03.4306872Z ##[endgroup]
2026-09-28T20:02:03.4307449Z ##[group]Runner Image
2026-09-28T20:02:03.4308042Z Image: ubuntu-24.04
2026-09-28T20:02:03.4309047Z Version: 20260920.314.1
2026-09-28T20:02:03.4310374Z Included Software: https://github.com/actions/runner-images/blob/ubuntu24/20260920.314/images/ubuntu/Ubuntu2404-Readme.md
2026-09-28T20:02:03.4312033Z Image Release: https://github.com/actions/runner-images/releases/tag/ubuntu24%2F20260920.314
2026-09-28T20:02:03.4313025Z ##[endgroup]
2026-09-28T20:02:03.4314221Z ##[group]GITHUB_TOKEN Permissions
2026-09-28T20:02:03.4316333Z Contents: read
2026-09-28T20:02:03.4317475Z Metadata: read
2026-09-28T20:02:03.4318061Z ##[endgroup]
2026-09-28T20:02:03.4320494Z Secret source: Actions
2026-09-28T20:02:03.4321589Z Cache mode: write
2026-09-28T20:02:03.4322524Z Prepare workflow directory
2026-09-28T20:02:03.4648428Z Prepare all required actions
2026-09-28T20:02:03.4695896Z Getting action download info
2026-09-28T20:02:03.7088257Z Download action repository 'actions/setup-python@v5' (SHA:a26af69be951a213d495a4c3e4e4022e16d87065)
2026-09-28T20:02:03.8519849Z Download action repository 'actions/download-artifact@v4' (SHA:d3f86a106a0bac45b974a628896c90dbdf5c8093)
2026-09-28T20:02:04.0099155Z Download action repository 'actions/upload-artifact@v4' (SHA:ea165f8d65b6e75b540449e92b4886f43607fa02)
2026-09-28T20:02:04.2141885Z Complete job name: cell (brazil-7)
2026-09-28T20:02:04.3075136Z ##[group]Run actions/setup-python@v5
2026-09-28T20:02:04.3076082Z with:
2026-09-28T20:02:04.3076536Z   python-version: 3.13
2026-09-28T20:02:04.3077040Z   check-latest: false
2026-09-28T20:02:04.3081275Z   token: ***
2026-09-28T20:02:04.3081755Z   update-environment: true
2026-09-28T20:02:04.3082283Z   allow-prereleases: false
2026-09-28T20:02:04.3082800Z   freethreaded: false
2026-09-28T20:02:04.3083534Z ##[endgroup]
2026-09-28T20:02:04.4575177Z ##[group]Installed versions
2026-09-28T20:02:04.4658101Z (node:2143) [DEP0040] DeprecationWarning: The `punycode` module is deprecated. Please use a userland alternative instead.
2026-09-28T20:02:04.4660580Z (Use `node --trace-deprecation ...` to show where the warning was created)
2026-09-28T20:02:04.4662151Z Successfully set up CPython (3.13.15)
2026-09-28T20:02:04.4663825Z ##[endgroup]
2026-09-28T20:02:04.5086047Z ##[group]Run actions/download-artifact@v4
2026-09-28T20:02:04.5087126Z with:
2026-09-28T20:02:04.5087881Z   name: full-stability-frozen-1
2026-09-28T20:02:04.5089557Z   path: frozen
2026-09-28T20:02:04.5090846Z   merge-multiple: false
2026-09-28T20:02:04.5092040Z   repository: ridgemerkley2-web/Spheres
2026-09-28T20:02:04.5092958Z   run-id: 36474011141
2026-09-28T20:02:04.5093752Z env:
2026-09-28T20:02:04.5094639Z   pythonLocation: /opt/hostedtoolcache/Python/3.13.15/x64
2026-09-28T20:02:04.5096071Z   PKG_CONFIG_PATH: /opt/hostedtoolcache/Python/3.13.15/x64/lib/pkgconfig
2026-09-28T20:02:04.5097476Z   Python_ROOT_DIR: /opt/hostedtoolcache/Python/3.13.15/x64
2026-09-28T20:02:04.5098923Z   Python2_ROOT_DIR: /opt/hostedtoolcache/Python/3.13.15/x64
2026-09-28T20:02:04.5099890Z   Python3_ROOT_DIR: /opt/hostedtoolcache/Python/3.13.15/x64
2026-09-28T20:02:04.5101034Z   LD_LIBRARY_PATH: /opt/hostedtoolcache/Python/3.13.15/x64/lib
2026-09-28T20:02:04.5101726Z ##[endgroup]
2026-09-28T20:02:04.6634916Z Downloading single artifact
2026-09-28T20:02:04.6778459Z (node:2151) [DEP0040] DeprecationWarning: The `punycode` module is deprecated. Please use a userland alternative instead.
2026-09-28T20:02:04.6781563Z (Use `node --trace-deprecation ...` to show where the warning was created)
2026-09-28T20:02:04.7614398Z Preparing to download the following artifacts:
2026-09-28T20:02:04.7616643Z - full-stability-frozen-1 (ID: 10993525137, Size: 251763956, Expected Digest: sha256:c0b8cac48eb04e5c4bf171d44ae480bcc940e7884c236ab973963fed4621021f)
2026-09-28T20:02:04.9181707Z Redirecting to blob download url: https://productionresultssa15.blob.core.windows.net/actions-results/9f04f3d3-a0ec-4c2f-9243-287c869ea6f9/workflow-job-run-b4e25666-37d2-5c5e-b7c9-79c0c70c262c/artifacts/21a58e5ad768f3d825d279659e73e90fd4f566c1102ba130743afd8c79099a6b.zip
2026-09-28T20:02:04.9194798Z Starting download of artifact to: /home/runner/work/Spheres/Spheres/frozen
2026-09-28T20:02:05.0147418Z (node:2151) [DEP0005] DeprecationWarning: Buffer() is deprecated due to security and usability issues. Please use the Buffer.alloc(), Buffer.allocUnsafe(), or Buffer.from() methods instead.
2026-09-28T20:02:08.7709968Z SHA256 digest of downloaded artifact is c0b8cac48eb04e5c4bf171d44ae480bcc940e7884c236ab973963fed4621021f
2026-09-28T20:02:08.7711399Z Artifact download completed successfully.
2026-09-28T20:02:08.7712111Z Total of 1 artifact(s) downloaded
2026-09-28T20:02:08.7716970Z Download artifact has finished successfully
2026-09-28T20:02:08.7876125Z ##[group]Run chmod u+x frozen/native-test
2026-09-28T20:02:08.7876621Z [36;1mchmod u+x frozen/native-test[0m
2026-09-28T20:02:08.7877424Z [36;1mpython -B frozen/distributed_stability.py cell --bundle frozen --manifest-sha256 "$FROZEN_MANIFEST" --id "$CELL_ID" --out evidence --timeout-seconds 18000[0m
2026-09-28T20:02:08.8141374Z shell: /usr/bin/bash -e {0}
2026-09-28T20:02:08.8141780Z env:
2026-09-28T20:02:08.8142159Z   pythonLocation: /opt/hostedtoolcache/Python/3.13.15/x64
2026-09-28T20:02:08.8142745Z   PKG_CONFIG_PATH: /opt/hostedtoolcache/Python/3.13.15/x64/lib/pkgconfig
2026-09-28T20:02:08.8143365Z   Python_ROOT_DIR: /opt/hostedtoolcache/Python/3.13.15/x64
2026-09-28T20:02:08.8143901Z   Python2_ROOT_DIR: /opt/hostedtoolcache/Python/3.13.15/x64
2026-09-28T20:02:08.8144420Z   Python3_ROOT_DIR: /opt/hostedtoolcache/Python/3.13.15/x64
2026-09-28T20:02:08.8144950Z   LD_LIBRARY_PATH: /opt/hostedtoolcache/Python/3.13.15/x64/lib
2026-09-28T20:02:08.8145626Z   FROZEN_MANIFEST: 70a51be54a7e3100a5267ca310bf5c7f05a3c388a389b7c54904e6365c477cc8
2026-09-28T20:02:08.8146179Z   CELL_ID: brazil-7
2026-09-28T20:02:08.8146451Z ##[endgroup]
2026-09-29T01:02:21.9580551Z Distributed stability refused: InvalidEvidence: Shard did not complete unchanged
2026-09-29T01:02:21.9672175Z ##[error]Process completed with exit code 2.
2026-09-29T01:02:21.9754868Z ##[group]Run actions/upload-artifact@v4
2026-09-29T01:02:21.9755192Z with:
2026-09-29T01:02:21.9755419Z   name: full-stability-cell-brazil-7-1
2026-09-29T01:02:21.9755695Z   path: evidence
2026-09-29T01:02:21.9755909Z   if-no-files-found: error
2026-09-29T01:02:21.9756172Z   compression-level: 0
2026-09-29T01:02:21.9756395Z   retention-days: 7
2026-09-29T01:02:21.9756624Z   overwrite: false
2026-09-29T01:02:21.9756842Z   include-hidden-files: false
2026-09-29T01:02:21.9757082Z env:
2026-09-29T01:02:21.9757341Z   pythonLocation: /opt/hostedtoolcache/Python/3.13.15/x64
2026-09-29T01:02:21.9757779Z   PKG_CONFIG_PATH: /opt/hostedtoolcache/Python/3.13.15/x64/lib/pkgconfig
2026-09-29T01:02:21.9758206Z   Python_ROOT_DIR: /opt/hostedtoolcache/Python/3.13.15/x64
2026-09-29T01:02:21.9758836Z   Python2_ROOT_DIR: /opt/hostedtoolcache/Python/3.13.15/x64
2026-09-29T01:02:21.9759220Z   Python3_ROOT_DIR: /opt/hostedtoolcache/Python/3.13.15/x64
2026-09-29T01:02:21.9759642Z   LD_LIBRARY_PATH: /opt/hostedtoolcache/Python/3.13.15/x64/lib
2026-09-29T01:02:21.9759969Z ##[endgroup]
2026-09-29T01:02:22.1389303Z (node:4930) [DEP0040] DeprecationWarning: The `punycode` module is deprecated. Please use a userland alternative instead.
2026-09-29T01:02:22.1390177Z (Use `node --trace-deprecation ...` to show where the warning was created)
2026-09-29T01:02:22.1500225Z With the provided path, there will be 15 files uploaded
2026-09-29T01:02:22.1506595Z Artifact name is valid!
2026-09-29T01:02:22.1507610Z Root directory input is valid!
2026-09-29T01:02:22.3888615Z Beginning upload of artifact content to blob storage
2026-09-29T01:02:22.4635790Z (node:4930) [DEP0169] DeprecationWarning: `url.parse()` behavior is not standardized and prone to errors that have security implications. Use the WHATWG URL API instead. CVEs are not issued for `url.parse()` vulnerabilities.
2026-09-29T01:02:22.6613156Z Uploaded bytes 8388608
2026-09-29T01:02:22.7398751Z Uploaded bytes 16777216
2026-09-29T01:02:22.7898906Z Uploaded bytes 25165824
2026-09-29T01:02:22.8437914Z Uploaded bytes 33554432
2026-09-29T01:02:22.8463261Z Uploaded bytes 41943040
2026-09-29T01:02:22.9425676Z Uploaded bytes 45959717
2026-09-29T01:02:22.9619672Z Finished uploading artifact content to blob storage!
2026-09-29T01:02:22.9621399Z SHA256 digest of uploaded artifact zip is 7cd2de6b012565a11f4a80ab920857c3cda0991adf4023038b19e560258d325d
2026-09-29T01:02:22.9622743Z Finalizing artifact upload
2026-09-29T01:02:23.1908002Z Artifact full-stability-cell-brazil-7-1.zip successfully finalized. Artifact ID 11007283883
2026-09-29T01:02:23.1909730Z Artifact full-stability-cell-brazil-7-1 has been successfully uploaded! Final size is 45959717 bytes. Artifact ID is 11007283883
2026-09-29T01:02:23.1914686Z Artifact download URL: https://github.com/ridgemerkley2-web/Spheres/actions/runs/36474011141/artifacts/11007283883
2026-09-29T01:02:23.2111166Z Cleaning up orphan processes
2026-09-29T01:02:23.2379569Z ##[warning]Node.js 20 is deprecated. The following actions target Node.js 20 but are being forced to run on Node.js 24: actions/download-artifact@v4, actions/setup-python@v5, actions/upload-artifact@v4. For more information see: https://github.blog/changelog/2025-09-19-deprecation-of-node-20-on-github-actions-runners/
