2026-09-28T21:34:30.1943554Z Current runner version: '2.337.0'
2026-09-28T21:34:30.1962611Z ##[group]Runner Image Provisioner
2026-09-28T21:34:30.1963284Z Hosted Compute Agent
2026-09-28T21:34:30.1963696Z Version: 20260828.587
2026-09-28T21:34:30.1964133Z Commit: abac92662cab4cc7352de4f9f9d2e2419aad9c29
2026-09-28T21:34:30.1964652Z Build Date: 2026-08-28T16:44:25Z
2026-09-28T21:34:30.1965134Z Worker ID: {33dc9ffc-8934-4519-9b7e-fad45856d226}
2026-09-28T21:34:30.1965607Z Azure Region: centralus
2026-09-28T21:34:30.1966022Z ##[endgroup]
2026-09-28T21:34:30.1966979Z ##[group]Operating System
2026-09-28T21:34:30.1967579Z Ubuntu
2026-09-28T21:34:30.1967969Z 24.04.5
2026-09-28T21:34:30.1968330Z LTS
2026-09-28T21:34:30.1968700Z ##[endgroup]
2026-09-28T21:34:30.1969075Z ##[group]Runner Image
2026-09-28T21:34:30.1969478Z Image: ubuntu-24.04
2026-09-28T21:34:30.1969887Z Version: 20260920.314.1
2026-09-28T21:34:30.1970760Z Included Software: https://github.com/actions/runner-images/blob/ubuntu24/20260920.314/images/ubuntu/Ubuntu2404-Readme.md
2026-09-28T21:34:30.1971795Z Image Release: https://github.com/actions/runner-images/releases/tag/ubuntu24%2F20260920.314
2026-09-28T21:34:30.1972435Z ##[endgroup]
2026-09-28T21:34:30.1973309Z ##[group]GITHUB_TOKEN Permissions
2026-09-28T21:34:30.1975115Z Contents: read
2026-09-28T21:34:30.1975522Z Metadata: read
2026-09-28T21:34:30.1975897Z ##[endgroup]
2026-09-28T21:34:30.1978041Z Secret source: Actions
2026-09-28T21:34:30.1978692Z Cache mode: write
2026-09-28T21:34:30.1979224Z Prepare workflow directory
2026-09-28T21:34:30.2213424Z Prepare all required actions
2026-09-28T21:34:30.2248633Z Getting action download info
2026-09-28T21:34:30.4731289Z Download action repository 'actions/setup-python@v5' (SHA:a26af69be951a213d495a4c3e4e4022e16d87065)
2026-09-28T21:34:30.6190851Z Download action repository 'actions/download-artifact@v4' (SHA:d3f86a106a0bac45b974a628896c90dbdf5c8093)
2026-09-28T21:34:31.1068418Z Download action repository 'actions/upload-artifact@v4' (SHA:ea165f8d65b6e75b540449e92b4886f43607fa02)
2026-09-28T21:34:31.3418258Z Complete job name: cell (france-42)
2026-09-28T21:34:31.4001892Z ##[group]Run actions/setup-python@v5
2026-09-28T21:34:31.4002589Z with:
2026-09-28T21:34:31.4002977Z   python-version: 3.13
2026-09-28T21:34:31.4003382Z   check-latest: false
2026-09-28T21:34:31.4006062Z   token: ***
2026-09-28T21:34:31.4006418Z   update-environment: true
2026-09-28T21:34:31.4006875Z   allow-prereleases: false
2026-09-28T21:34:31.4007933Z   freethreaded: false
2026-09-28T21:34:31.4008471Z ##[endgroup]
2026-09-28T21:34:31.5038939Z ##[group]Installed versions
2026-09-28T21:34:31.5082055Z (node:1919) [DEP0040] DeprecationWarning: The `punycode` module is deprecated. Please use a userland alternative instead.
2026-09-28T21:34:31.5083295Z (Use `node --trace-deprecation ...` to show where the warning was created)
2026-09-28T21:34:31.5084014Z Successfully set up CPython (3.13.15)
2026-09-28T21:34:31.5084997Z ##[endgroup]
2026-09-28T21:34:31.5370241Z ##[group]Run actions/download-artifact@v4
2026-09-28T21:34:31.5371107Z with:
2026-09-28T21:34:31.5371644Z   name: full-stability-frozen-1
2026-09-28T21:34:31.5372487Z   path: frozen
2026-09-28T21:34:31.5373175Z   merge-multiple: false
2026-09-28T21:34:31.5373877Z   repository: ridgemerkley2-web/Spheres
2026-09-28T21:34:31.5374675Z   run-id: 36474011141
2026-09-28T21:34:31.5375424Z env:
2026-09-28T21:34:31.5376296Z   pythonLocation: /opt/hostedtoolcache/Python/3.13.15/x64
2026-09-28T21:34:31.5378109Z   PKG_CONFIG_PATH: /opt/hostedtoolcache/Python/3.13.15/x64/lib/pkgconfig
2026-09-28T21:34:31.5379113Z   Python_ROOT_DIR: /opt/hostedtoolcache/Python/3.13.15/x64
2026-09-28T21:34:31.5380160Z   Python2_ROOT_DIR: /opt/hostedtoolcache/Python/3.13.15/x64
2026-09-28T21:34:31.5381023Z   Python3_ROOT_DIR: /opt/hostedtoolcache/Python/3.13.15/x64
2026-09-28T21:34:31.5381937Z   LD_LIBRARY_PATH: /opt/hostedtoolcache/Python/3.13.15/x64/lib
2026-09-28T21:34:31.5382819Z ##[endgroup]
2026-09-28T21:34:31.6581526Z Downloading single artifact
2026-09-28T21:34:31.6679792Z (node:1927) [DEP0040] DeprecationWarning: The `punycode` module is deprecated. Please use a userland alternative instead.
2026-09-28T21:34:31.6681172Z (Use `node --trace-deprecation ...` to show where the warning was created)
2026-09-28T21:34:31.8421748Z Preparing to download the following artifacts:
2026-09-28T21:34:31.8424302Z - full-stability-frozen-1 (ID: 10993525137, Size: 251763956, Expected Digest: sha256:c0b8cac48eb04e5c4bf171d44ae480bcc940e7884c236ab973963fed4621021f)
2026-09-28T21:34:32.0231513Z Redirecting to blob download url: https://productionresultssa15.blob.core.windows.net/actions-results/9f04f3d3-a0ec-4c2f-9243-287c869ea6f9/workflow-job-run-b4e25666-37d2-5c5e-b7c9-79c0c70c262c/artifacts/21a58e5ad768f3d825d279659e73e90fd4f566c1102ba130743afd8c79099a6b.zip
2026-09-28T21:34:32.0234256Z Starting download of artifact to: /home/runner/work/Spheres/Spheres/frozen
2026-09-28T21:34:32.2190554Z (node:1927) [DEP0005] DeprecationWarning: Buffer() is deprecated due to security and usability issues. Please use the Buffer.alloc(), Buffer.allocUnsafe(), or Buffer.from() methods instead.
2026-09-28T21:34:36.1561789Z SHA256 digest of downloaded artifact is c0b8cac48eb04e5c4bf171d44ae480bcc940e7884c236ab973963fed4621021f
2026-09-28T21:34:36.1564064Z Artifact download completed successfully.
2026-09-28T21:34:36.1564635Z Total of 1 artifact(s) downloaded
2026-09-28T21:34:36.1566849Z Download artifact has finished successfully
2026-09-28T21:34:36.1680639Z ##[group]Run chmod u+x frozen/native-test
2026-09-28T21:34:36.1681198Z [36;1mchmod u+x frozen/native-test[0m
2026-09-28T21:34:36.1681849Z [36;1mpython -B frozen/distributed_stability.py cell --bundle frozen --manifest-sha256 "$FROZEN_MANIFEST" --id "$CELL_ID" --out evidence --timeout-seconds 18000[0m
2026-09-28T21:34:36.1988239Z shell: /usr/bin/bash -e {0}
2026-09-28T21:34:36.1988576Z env:
2026-09-28T21:34:36.1988987Z   pythonLocation: /opt/hostedtoolcache/Python/3.13.15/x64
2026-09-28T21:34:36.1989447Z   PKG_CONFIG_PATH: /opt/hostedtoolcache/Python/3.13.15/x64/lib/pkgconfig
2026-09-28T21:34:36.1989911Z   Python_ROOT_DIR: /opt/hostedtoolcache/Python/3.13.15/x64
2026-09-28T21:34:36.1990284Z   Python2_ROOT_DIR: /opt/hostedtoolcache/Python/3.13.15/x64
2026-09-28T21:34:36.1990705Z   Python3_ROOT_DIR: /opt/hostedtoolcache/Python/3.13.15/x64
2026-09-28T21:34:36.1991143Z   LD_LIBRARY_PATH: /opt/hostedtoolcache/Python/3.13.15/x64/lib
2026-09-28T21:34:36.1991693Z   FROZEN_MANIFEST: 70a51be54a7e3100a5267ca310bf5c7f05a3c388a389b7c54904e6365c477cc8
2026-09-28T21:34:36.1992089Z   CELL_ID: france-42
2026-09-28T21:34:36.1992346Z ##[endgroup]
2026-09-29T02:34:48.4971059Z Distributed stability refused: InvalidEvidence: Shard did not complete unchanged
2026-09-29T02:34:48.5058926Z ##[error]Process completed with exit code 2.
2026-09-29T02:34:48.5124694Z ##[group]Run actions/upload-artifact@v4
2026-09-29T02:34:48.5125010Z with:
2026-09-29T02:34:48.5125325Z   name: full-stability-cell-france-42-1
2026-09-29T02:34:48.5125612Z   path: evidence
2026-09-29T02:34:48.5125865Z   if-no-files-found: error
2026-09-29T02:34:48.5126179Z   compression-level: 0
2026-09-29T02:34:48.5126448Z   retention-days: 7
2026-09-29T02:34:48.5126725Z   overwrite: false
2026-09-29T02:34:48.5127281Z   include-hidden-files: false
2026-09-29T02:34:48.5127605Z env:
2026-09-29T02:34:48.5127921Z   pythonLocation: /opt/hostedtoolcache/Python/3.13.15/x64
2026-09-29T02:34:48.5128316Z   PKG_CONFIG_PATH: /opt/hostedtoolcache/Python/3.13.15/x64/lib/pkgconfig
2026-09-29T02:34:48.5128743Z   Python_ROOT_DIR: /opt/hostedtoolcache/Python/3.13.15/x64
2026-09-29T02:34:48.5129142Z   Python2_ROOT_DIR: /opt/hostedtoolcache/Python/3.13.15/x64
2026-09-29T02:34:48.5129518Z   Python3_ROOT_DIR: /opt/hostedtoolcache/Python/3.13.15/x64
2026-09-29T02:34:48.5129994Z   LD_LIBRARY_PATH: /opt/hostedtoolcache/Python/3.13.15/x64/lib
2026-09-29T02:34:48.5130324Z ##[endgroup]
2026-09-29T02:34:48.6325407Z (node:3986) [DEP0040] DeprecationWarning: The `punycode` module is deprecated. Please use a userland alternative instead.
2026-09-29T02:34:48.6325961Z (Use `node --trace-deprecation ...` to show where the warning was created)
2026-09-29T02:34:48.6412699Z With the provided path, there will be 15 files uploaded
2026-09-29T02:34:48.6418008Z Artifact name is valid!
2026-09-29T02:34:48.6418377Z Root directory input is valid!
2026-09-29T02:34:49.0262210Z Beginning upload of artifact content to blob storage
2026-09-29T02:34:49.0639623Z (node:3986) [DEP0169] DeprecationWarning: `url.parse()` behavior is not standardized and prone to errors that have security implications. Use the WHATWG URL API instead. CVEs are not issued for `url.parse()` vulnerabilities.
2026-09-29T02:34:49.6124027Z Uploaded bytes 8388608
2026-09-29T02:34:49.6167345Z Uploaded bytes 16777216
2026-09-29T02:34:49.6317052Z Uploaded bytes 25165824
2026-09-29T02:34:49.7366734Z Uploaded bytes 33554432
2026-09-29T02:34:49.8226894Z Uploaded bytes 41943040
2026-09-29T02:34:49.8413484Z Uploaded bytes 50331648
2026-09-29T02:34:49.8790038Z Uploaded bytes 50433421
2026-09-29T02:34:49.9194303Z Finished uploading artifact content to blob storage!
2026-09-29T02:34:49.9195057Z SHA256 digest of uploaded artifact zip is f22f9ab55ff3520649c74d2e3e32ef1726768e32785290f517ea29a874730b0e
2026-09-29T02:34:49.9196458Z Finalizing artifact upload
2026-09-29T02:34:50.1846600Z Artifact full-stability-cell-france-42-1.zip successfully finalized. Artifact ID 11009463534
2026-09-29T02:34:50.1847517Z Artifact full-stability-cell-france-42-1 has been successfully uploaded! Final size is 50433421 bytes. Artifact ID is 11009463534
2026-09-29T02:34:50.1854131Z Artifact download URL: https://github.com/ridgemerkley2-web/Spheres/actions/runs/36474011141/artifacts/11009463534
2026-09-29T02:34:50.2021906Z Cleaning up orphan processes
2026-09-29T02:34:50.2202635Z ##[warning]Node.js 20 is deprecated. The following actions target Node.js 20 but are being forced to run on Node.js 24: actions/download-artifact@v4, actions/setup-python@v5, actions/upload-artifact@v4. For more information see: https://github.blog/changelog/2025-09-19-deprecation-of-node-20-on-github-actions-runners/
