2026-09-28T20:25:31.7009970Z Current runner version: '2.337.0'
2026-09-28T20:25:31.7031113Z ##[group]Runner Image Provisioner
2026-09-28T20:25:31.7031899Z Hosted Compute Agent
2026-09-28T20:25:31.7032383Z Version: 20260828.587
2026-09-28T20:25:31.7032931Z Commit: abac92662cab4cc7352de4f9f9d2e2419aad9c29
2026-09-28T20:25:31.7033874Z Build Date: 2026-08-28T16:44:25Z
2026-09-28T20:25:31.7034480Z Worker ID: {f6b07b3e-f321-467f-a69e-c22a1f7e57ab}
2026-09-28T20:25:31.7035135Z Azure Region: westus3
2026-09-28T20:25:31.7035610Z ##[endgroup]
2026-09-28T20:25:31.7036911Z ##[group]Operating System
2026-09-28T20:25:31.7037466Z Ubuntu
2026-09-28T20:25:31.7037897Z 24.04.5
2026-09-28T20:25:31.7038370Z LTS
2026-09-28T20:25:31.7038795Z ##[endgroup]
2026-09-28T20:25:31.7039254Z ##[group]Runner Image
2026-09-28T20:25:31.7039826Z Image: ubuntu-24.04
2026-09-28T20:25:31.7040334Z Version: 20260920.314.1
2026-09-28T20:25:31.7041378Z Included Software: https://github.com/actions/runner-images/blob/ubuntu24/20260920.314/images/ubuntu/Ubuntu2404-Readme.md
2026-09-28T20:25:31.7042582Z Image Release: https://github.com/actions/runner-images/releases/tag/ubuntu24%2F20260920.314
2026-09-28T20:25:31.7043611Z ##[endgroup]
2026-09-28T20:25:31.7044480Z ##[group]GITHUB_TOKEN Permissions
2026-09-28T20:25:31.7046357Z Contents: read
2026-09-28T20:25:31.7046837Z Metadata: read
2026-09-28T20:25:31.7047688Z ##[endgroup]
2026-09-28T20:25:31.7049486Z Secret source: Actions
2026-09-28T20:25:31.7050337Z Cache mode: write
2026-09-28T20:25:31.7050943Z Prepare workflow directory
2026-09-28T20:25:31.7316935Z Prepare all required actions
2026-09-28T20:25:31.7357031Z Getting action download info
2026-09-28T20:25:32.0724443Z Download action repository 'actions/setup-python@v5' (SHA:a26af69be951a213d495a4c3e4e4022e16d87065)
2026-09-28T20:25:32.2225786Z Download action repository 'actions/download-artifact@v4' (SHA:d3f86a106a0bac45b974a628896c90dbdf5c8093)
2026-09-28T20:25:32.9459074Z Download action repository 'actions/upload-artifact@v4' (SHA:ea165f8d65b6e75b540449e92b4886f43607fa02)
2026-09-28T20:25:33.1838918Z Complete job name: cell (france-1990)
2026-09-28T20:25:33.2422666Z ##[group]Run actions/setup-python@v5
2026-09-28T20:25:33.2423645Z with:
2026-09-28T20:25:33.2424020Z   python-version: 3.13
2026-09-28T20:25:33.2424405Z   check-latest: false
2026-09-28T20:25:33.2427454Z   token: ***
2026-09-28T20:25:33.2427822Z   update-environment: true
2026-09-28T20:25:33.2428228Z   allow-prereleases: false
2026-09-28T20:25:33.2428618Z   freethreaded: false
2026-09-28T20:25:33.2429135Z ##[endgroup]
2026-09-28T20:25:33.3539200Z ##[group]Installed versions
2026-09-28T20:25:33.3589129Z (node:1963) [DEP0040] DeprecationWarning: The `punycode` module is deprecated. Please use a userland alternative instead.
2026-09-28T20:25:33.3590620Z (Use `node --trace-deprecation ...` to show where the warning was created)
2026-09-28T20:25:33.3591545Z Successfully set up CPython (3.13.15)
2026-09-28T20:25:33.3592621Z ##[endgroup]
2026-09-28T20:25:33.3849603Z ##[group]Run actions/download-artifact@v4
2026-09-28T20:25:33.3850331Z with:
2026-09-28T20:25:33.3850687Z   name: full-stability-frozen-1
2026-09-28T20:25:33.3851102Z   path: frozen
2026-09-28T20:25:33.3851518Z   merge-multiple: false
2026-09-28T20:25:33.3851909Z   repository: ridgemerkley2-web/Spheres
2026-09-28T20:25:33.3852483Z   run-id: 36474011141
2026-09-28T20:25:33.3853003Z env:
2026-09-28T20:25:33.3853728Z   pythonLocation: /opt/hostedtoolcache/Python/3.13.15/x64
2026-09-28T20:25:33.3854414Z   PKG_CONFIG_PATH: /opt/hostedtoolcache/Python/3.13.15/x64/lib/pkgconfig
2026-09-28T20:25:33.3855062Z   Python_ROOT_DIR: /opt/hostedtoolcache/Python/3.13.15/x64
2026-09-28T20:25:33.3855661Z   Python2_ROOT_DIR: /opt/hostedtoolcache/Python/3.13.15/x64
2026-09-28T20:25:33.3856253Z   Python3_ROOT_DIR: /opt/hostedtoolcache/Python/3.13.15/x64
2026-09-28T20:25:33.3856856Z   LD_LIBRARY_PATH: /opt/hostedtoolcache/Python/3.13.15/x64/lib
2026-09-28T20:25:33.3857466Z ##[endgroup]
2026-09-28T20:25:33.5035279Z Downloading single artifact
2026-09-28T20:25:33.5141251Z (node:1971) [DEP0040] DeprecationWarning: The `punycode` module is deprecated. Please use a userland alternative instead.
2026-09-28T20:25:33.5143672Z (Use `node --trace-deprecation ...` to show where the warning was created)
2026-09-28T20:25:33.7401083Z Preparing to download the following artifacts:
2026-09-28T20:25:33.7402793Z - full-stability-frozen-1 (ID: 10993525137, Size: 251763956, Expected Digest: sha256:c0b8cac48eb04e5c4bf171d44ae480bcc940e7884c236ab973963fed4621021f)
2026-09-28T20:25:33.9620816Z Redirecting to blob download url: https://productionresultssa15.blob.core.windows.net/actions-results/9f04f3d3-a0ec-4c2f-9243-287c869ea6f9/workflow-job-run-b4e25666-37d2-5c5e-b7c9-79c0c70c262c/artifacts/21a58e5ad768f3d825d279659e73e90fd4f566c1102ba130743afd8c79099a6b.zip
2026-09-28T20:25:33.9625453Z Starting download of artifact to: /home/runner/work/Spheres/Spheres/frozen
2026-09-28T20:25:34.2090985Z (node:1971) [DEP0005] DeprecationWarning: Buffer() is deprecated due to security and usability issues. Please use the Buffer.alloc(), Buffer.allocUnsafe(), or Buffer.from() methods instead.
2026-09-28T20:25:38.9523485Z SHA256 digest of downloaded artifact is c0b8cac48eb04e5c4bf171d44ae480bcc940e7884c236ab973963fed4621021f
2026-09-28T20:25:38.9525045Z Artifact download completed successfully.
2026-09-28T20:25:38.9525512Z Total of 1 artifact(s) downloaded
2026-09-28T20:25:38.9528131Z Download artifact has finished successfully
2026-09-28T20:25:38.9674087Z ##[group]Run chmod u+x frozen/native-test
2026-09-28T20:25:38.9674665Z [36;1mchmod u+x frozen/native-test[0m
2026-09-28T20:25:38.9675539Z [36;1mpython -B frozen/distributed_stability.py cell --bundle frozen --manifest-sha256 "$FROZEN_MANIFEST" --id "$CELL_ID" --out evidence --timeout-seconds 18000[0m
2026-09-28T20:25:38.9885010Z shell: /usr/bin/bash -e {0}
2026-09-28T20:25:38.9885336Z env:
2026-09-28T20:25:38.9885624Z   pythonLocation: /opt/hostedtoolcache/Python/3.13.15/x64
2026-09-28T20:25:38.9886032Z   PKG_CONFIG_PATH: /opt/hostedtoolcache/Python/3.13.15/x64/lib/pkgconfig
2026-09-28T20:25:38.9886450Z   Python_ROOT_DIR: /opt/hostedtoolcache/Python/3.13.15/x64
2026-09-28T20:25:38.9886804Z   Python2_ROOT_DIR: /opt/hostedtoolcache/Python/3.13.15/x64
2026-09-28T20:25:38.9887169Z   Python3_ROOT_DIR: /opt/hostedtoolcache/Python/3.13.15/x64
2026-09-28T20:25:38.9887534Z   LD_LIBRARY_PATH: /opt/hostedtoolcache/Python/3.13.15/x64/lib
2026-09-28T20:25:38.9888050Z   FROZEN_MANIFEST: 70a51be54a7e3100a5267ca310bf5c7f05a3c388a389b7c54904e6365c477cc8
2026-09-28T20:25:38.9888421Z   CELL_ID: france-1990
2026-09-28T20:25:38.9888657Z ##[endgroup]
2026-09-29T01:25:51.2493574Z Distributed stability refused: InvalidEvidence: Shard did not complete unchanged
2026-09-29T01:25:51.2574022Z ##[error]Process completed with exit code 2.
2026-09-29T01:25:51.2637828Z ##[group]Run actions/upload-artifact@v4
2026-09-29T01:25:51.2638082Z with:
2026-09-29T01:25:51.2638266Z   name: full-stability-cell-france-1990-1
2026-09-29T01:25:51.2638494Z   path: evidence
2026-09-29T01:25:51.2638672Z   if-no-files-found: error
2026-09-29T01:25:51.2638895Z   compression-level: 0
2026-09-29T01:25:51.2639074Z   retention-days: 7
2026-09-29T01:25:51.2639242Z   overwrite: false
2026-09-29T01:25:51.2639425Z   include-hidden-files: false
2026-09-29T01:25:51.2639641Z env:
2026-09-29T01:25:51.2639881Z   pythonLocation: /opt/hostedtoolcache/Python/3.13.15/x64
2026-09-29T01:25:51.2640230Z   PKG_CONFIG_PATH: /opt/hostedtoolcache/Python/3.13.15/x64/lib/pkgconfig
2026-09-29T01:25:51.2640564Z   Python_ROOT_DIR: /opt/hostedtoolcache/Python/3.13.15/x64
2026-09-29T01:25:51.2640875Z   Python2_ROOT_DIR: /opt/hostedtoolcache/Python/3.13.15/x64
2026-09-29T01:25:51.2641181Z   Python3_ROOT_DIR: /opt/hostedtoolcache/Python/3.13.15/x64
2026-09-29T01:25:51.2641521Z   LD_LIBRARY_PATH: /opt/hostedtoolcache/Python/3.13.15/x64/lib
2026-09-29T01:25:51.2641786Z ##[endgroup]
2026-09-29T01:25:51.3933524Z (node:4599) [DEP0040] DeprecationWarning: The `punycode` module is deprecated. Please use a userland alternative instead.
2026-09-29T01:25:51.3934234Z (Use `node --trace-deprecation ...` to show where the warning was created)
2026-09-29T01:25:51.4013569Z With the provided path, there will be 15 files uploaded
2026-09-29T01:25:51.4018213Z Artifact name is valid!
2026-09-29T01:25:51.4018659Z Root directory input is valid!
2026-09-29T01:25:51.7266776Z Beginning upload of artifact content to blob storage
2026-09-29T01:25:51.7706705Z (node:4599) [DEP0169] DeprecationWarning: `url.parse()` behavior is not standardized and prone to errors that have security implications. Use the WHATWG URL API instead. CVEs are not issued for `url.parse()` vulnerabilities.
2026-09-29T01:25:52.4997051Z Uploaded bytes 8388608
2026-09-29T01:25:52.5597078Z Uploaded bytes 16777216
2026-09-29T01:25:52.6253016Z Uploaded bytes 25165824
2026-09-29T01:25:52.6437711Z Uploaded bytes 33554432
2026-09-29T01:25:52.7464258Z Uploaded bytes 41943040
2026-09-29T01:25:52.9723399Z Uploaded bytes 47888047
2026-09-29T01:25:53.0324062Z Finished uploading artifact content to blob storage!
2026-09-29T01:25:53.0324649Z SHA256 digest of uploaded artifact zip is 3709d9342a81fac98a6e423269ffe163e88a2fb5389411afc420008840a5a662
2026-09-29T01:25:53.0326073Z Finalizing artifact upload
2026-09-29T01:25:53.2565375Z Artifact full-stability-cell-france-1990-1.zip successfully finalized. Artifact ID 11007399017
2026-09-29T01:25:53.2566442Z Artifact full-stability-cell-france-1990-1 has been successfully uploaded! Final size is 47888047 bytes. Artifact ID is 11007399017
2026-09-29T01:25:53.2570845Z Artifact download URL: https://github.com/ridgemerkley2-web/Spheres/actions/runs/36474011141/artifacts/11007399017
2026-09-29T01:25:53.2735880Z Cleaning up orphan processes
2026-09-29T01:25:53.2940086Z ##[warning]Node.js 20 is deprecated. The following actions target Node.js 20 but are being forced to run on Node.js 24: actions/download-artifact@v4, actions/setup-python@v5, actions/upload-artifact@v4. For more information see: https://github.blog/changelog/2025-09-19-deprecation-of-node-20-on-github-actions-runners/
