2026-09-28T20:26:24.2014583Z Current runner version: '2.337.0'
2026-09-28T20:26:24.2030744Z ##[group]Runner Image Provisioner
2026-09-28T20:26:24.2031364Z Hosted Compute Agent
2026-09-28T20:26:24.2031729Z Version: 20260828.587
2026-09-28T20:26:24.2032133Z Commit: abac92662cab4cc7352de4f9f9d2e2419aad9c29
2026-09-28T20:26:24.2032569Z Build Date: 2026-08-28T16:44:25Z
2026-09-28T20:26:24.2032953Z Worker ID: {b6f93d67-b34c-4841-915c-440e053a5ed0}
2026-09-28T20:26:24.2033430Z Azure Region: westus2
2026-09-28T20:26:24.2033762Z ##[endgroup]
2026-09-28T20:26:24.2034534Z ##[group]Operating System
2026-09-28T20:26:24.2034893Z Ubuntu
2026-09-28T20:26:24.2035201Z 24.04.5
2026-09-28T20:26:24.2035570Z LTS
2026-09-28T20:26:24.2036024Z ##[endgroup]
2026-09-28T20:26:24.2036368Z ##[group]Runner Image
2026-09-28T20:26:24.2036724Z Image: ubuntu-24.04
2026-09-28T20:26:24.2037052Z Version: 20260920.314.1
2026-09-28T20:26:24.2037825Z Included Software: https://github.com/actions/runner-images/blob/ubuntu24/20260920.314/images/ubuntu/Ubuntu2404-Readme.md
2026-09-28T20:26:24.2038678Z Image Release: https://github.com/actions/runner-images/releases/tag/ubuntu24%2F20260920.314
2026-09-28T20:26:24.2039230Z ##[endgroup]
2026-09-28T20:26:24.2039875Z ##[group]GITHUB_TOKEN Permissions
2026-09-28T20:26:24.2041206Z Contents: read
2026-09-28T20:26:24.2041536Z Metadata: read
2026-09-28T20:26:24.2042105Z ##[endgroup]
2026-09-28T20:26:24.2043350Z Secret source: Actions
2026-09-28T20:26:24.2043964Z Cache mode: write
2026-09-28T20:26:24.2044406Z Prepare workflow directory
2026-09-28T20:26:24.2234484Z Prepare all required actions
2026-09-28T20:26:24.2264067Z Getting action download info
2026-09-28T20:26:24.6116695Z Download action repository 'actions/setup-python@v5' (SHA:a26af69be951a213d495a4c3e4e4022e16d87065)
2026-09-28T20:26:25.0017934Z Download action repository 'actions/download-artifact@v4' (SHA:d3f86a106a0bac45b974a628896c90dbdf5c8093)
2026-09-28T20:26:25.3317699Z Download action repository 'actions/upload-artifact@v4' (SHA:ea165f8d65b6e75b540449e92b4886f43607fa02)
2026-09-28T20:26:25.5744835Z Complete job name: cell (france-7)
2026-09-28T20:26:25.6242901Z ##[group]Run actions/setup-python@v5
2026-09-28T20:26:25.6243645Z with:
2026-09-28T20:26:25.6244098Z   python-version: 3.13
2026-09-28T20:26:25.6244616Z   check-latest: false
2026-09-28T20:26:25.6249295Z   token: ***
2026-09-28T20:26:25.6249767Z   update-environment: true
2026-09-28T20:26:25.6250312Z   allow-prereleases: false
2026-09-28T20:26:25.6250854Z   freethreaded: false
2026-09-28T20:26:25.6251444Z ##[endgroup]
2026-09-28T20:26:25.7118907Z ##[group]Installed versions
2026-09-28T20:26:25.7241384Z (node:1949) [DEP0040] DeprecationWarning: The `punycode` module is deprecated. Please use a userland alternative instead.
2026-09-28T20:26:25.7243618Z (Use `node --trace-deprecation ...` to show where the warning was created)
2026-09-28T20:26:25.7244973Z Successfully set up CPython (3.13.15)
2026-09-28T20:26:25.7246646Z ##[endgroup]
2026-09-28T20:26:25.7499230Z ##[group]Run actions/download-artifact@v4
2026-09-28T20:26:25.7499898Z with:
2026-09-28T20:26:25.7500348Z   name: full-stability-frozen-1
2026-09-28T20:26:25.7500886Z   path: frozen
2026-09-28T20:26:25.7501346Z   merge-multiple: false
2026-09-28T20:26:25.7501885Z   repository: ridgemerkley2-web/Spheres
2026-09-28T20:26:25.7502476Z   run-id: 36474011141
2026-09-28T20:26:25.7502942Z env:
2026-09-28T20:26:25.7503488Z   pythonLocation: /opt/hostedtoolcache/Python/3.13.15/x64
2026-09-28T20:26:25.7504426Z   PKG_CONFIG_PATH: /opt/hostedtoolcache/Python/3.13.15/x64/lib/pkgconfig
2026-09-28T20:26:25.7505338Z   Python_ROOT_DIR: /opt/hostedtoolcache/Python/3.13.15/x64
2026-09-28T20:26:25.7506279Z   Python2_ROOT_DIR: /opt/hostedtoolcache/Python/3.13.15/x64
2026-09-28T20:26:25.7507116Z   Python3_ROOT_DIR: /opt/hostedtoolcache/Python/3.13.15/x64
2026-09-28T20:26:25.7507959Z   LD_LIBRARY_PATH: /opt/hostedtoolcache/Python/3.13.15/x64/lib
2026-09-28T20:26:25.7508688Z ##[endgroup]
2026-09-28T20:26:25.8464855Z Downloading single artifact
2026-09-28T20:26:25.8548437Z (node:1957) [DEP0040] DeprecationWarning: The `punycode` module is deprecated. Please use a userland alternative instead.
2026-09-28T20:26:25.8550498Z (Use `node --trace-deprecation ...` to show where the warning was created)
2026-09-28T20:26:26.1651409Z Preparing to download the following artifacts:
2026-09-28T20:26:26.1652298Z - full-stability-frozen-1 (ID: 10993525137, Size: 251763956, Expected Digest: sha256:c0b8cac48eb04e5c4bf171d44ae480bcc940e7884c236ab973963fed4621021f)
2026-09-28T20:26:26.4361776Z Redirecting to blob download url: https://productionresultssa15.blob.core.windows.net/actions-results/9f04f3d3-a0ec-4c2f-9243-287c869ea6f9/workflow-job-run-b4e25666-37d2-5c5e-b7c9-79c0c70c262c/artifacts/21a58e5ad768f3d825d279659e73e90fd4f566c1102ba130743afd8c79099a6b.zip
2026-09-28T20:26:26.4369497Z Starting download of artifact to: /home/runner/work/Spheres/Spheres/frozen
2026-09-28T20:26:26.8136374Z (node:1957) [DEP0005] DeprecationWarning: Buffer() is deprecated due to security and usability issues. Please use the Buffer.alloc(), Buffer.allocUnsafe(), or Buffer.from() methods instead.
2026-09-28T20:26:33.8279043Z SHA256 digest of downloaded artifact is c0b8cac48eb04e5c4bf171d44ae480bcc940e7884c236ab973963fed4621021f
2026-09-28T20:26:33.8280764Z Artifact download completed successfully.
2026-09-28T20:26:33.8281102Z Total of 1 artifact(s) downloaded
2026-09-28T20:26:33.8281941Z Download artifact has finished successfully
2026-09-28T20:26:33.8432657Z ##[group]Run chmod u+x frozen/native-test
2026-09-28T20:26:33.8432927Z [36;1mchmod u+x frozen/native-test[0m
2026-09-28T20:26:33.8433342Z [36;1mpython -B frozen/distributed_stability.py cell --bundle frozen --manifest-sha256 "$FROZEN_MANIFEST" --id "$CELL_ID" --out evidence --timeout-seconds 18000[0m
2026-09-28T20:26:33.8850795Z shell: /usr/bin/bash -e {0}
2026-09-28T20:26:33.8850985Z env:
2026-09-28T20:26:33.8851173Z   pythonLocation: /opt/hostedtoolcache/Python/3.13.15/x64
2026-09-28T20:26:33.8851445Z   PKG_CONFIG_PATH: /opt/hostedtoolcache/Python/3.13.15/x64/lib/pkgconfig
2026-09-28T20:26:33.8851723Z   Python_ROOT_DIR: /opt/hostedtoolcache/Python/3.13.15/x64
2026-09-28T20:26:33.8851961Z   Python2_ROOT_DIR: /opt/hostedtoolcache/Python/3.13.15/x64
2026-09-28T20:26:33.8852198Z   Python3_ROOT_DIR: /opt/hostedtoolcache/Python/3.13.15/x64
2026-09-28T20:26:33.8852443Z   LD_LIBRARY_PATH: /opt/hostedtoolcache/Python/3.13.15/x64/lib
2026-09-28T20:26:33.8852790Z   FROZEN_MANIFEST: 70a51be54a7e3100a5267ca310bf5c7f05a3c388a389b7c54904e6365c477cc8
2026-09-28T20:26:33.8853043Z   CELL_ID: france-7
2026-09-28T20:26:33.8853188Z ##[endgroup]
2026-09-29T01:26:43.8766038Z Distributed stability refused: InvalidEvidence: Shard did not complete unchanged
2026-09-29T01:26:43.8843408Z ##[error]Process completed with exit code 2.
2026-09-29T01:26:43.8894766Z ##[group]Run actions/upload-artifact@v4
2026-09-29T01:26:43.8894947Z with:
2026-09-29T01:26:43.8895078Z   name: full-stability-cell-france-7-1
2026-09-29T01:26:43.8895229Z   path: evidence
2026-09-29T01:26:43.8895352Z   if-no-files-found: error
2026-09-29T01:26:43.8895503Z   compression-level: 0
2026-09-29T01:26:43.8895626Z   retention-days: 7
2026-09-29T01:26:43.8895742Z   overwrite: false
2026-09-29T01:26:43.8896071Z   include-hidden-files: false
2026-09-29T01:26:43.8896227Z env:
2026-09-29T01:26:43.8896417Z   pythonLocation: /opt/hostedtoolcache/Python/3.13.15/x64
2026-09-29T01:26:43.8896656Z   PKG_CONFIG_PATH: /opt/hostedtoolcache/Python/3.13.15/x64/lib/pkgconfig
2026-09-29T01:26:43.8896892Z   Python_ROOT_DIR: /opt/hostedtoolcache/Python/3.13.15/x64
2026-09-29T01:26:43.8897108Z   Python2_ROOT_DIR: /opt/hostedtoolcache/Python/3.13.15/x64
2026-09-29T01:26:43.8897320Z   Python3_ROOT_DIR: /opt/hostedtoolcache/Python/3.13.15/x64
2026-09-29T01:26:43.8897557Z   LD_LIBRARY_PATH: /opt/hostedtoolcache/Python/3.13.15/x64/lib
2026-09-29T01:26:43.8897746Z ##[endgroup]
2026-09-29T01:26:43.9895153Z (node:3925) [DEP0040] DeprecationWarning: The `punycode` module is deprecated. Please use a userland alternative instead.
2026-09-29T01:26:43.9895589Z (Use `node --trace-deprecation ...` to show where the warning was created)
2026-09-29T01:26:43.9985550Z With the provided path, there will be 15 files uploaded
2026-09-29T01:26:43.9986156Z Artifact name is valid!
2026-09-29T01:26:43.9986381Z Root directory input is valid!
2026-09-29T01:26:44.3913933Z Beginning upload of artifact content to blob storage
2026-09-29T01:26:44.4235286Z (node:3925) [DEP0169] DeprecationWarning: `url.parse()` behavior is not standardized and prone to errors that have security implications. Use the WHATWG URL API instead. CVEs are not issued for `url.parse()` vulnerabilities.
2026-09-29T01:26:45.3930215Z Uploaded bytes 8388608
2026-09-29T01:26:45.4052515Z Uploaded bytes 16777216
2026-09-29T01:26:45.4278568Z Uploaded bytes 25165824
2026-09-29T01:26:45.4569376Z Uploaded bytes 33554432
2026-09-29T01:26:45.7059601Z Uploaded bytes 41943040
2026-09-29T01:26:46.0551379Z Uploaded bytes 47938257
2026-09-29T01:26:46.1301192Z Finished uploading artifact content to blob storage!
2026-09-29T01:26:46.1301881Z SHA256 digest of uploaded artifact zip is 095b2716800cbc8272b0cfddee01de8213164aee47bd28e2b3efdea4b3e96c70
2026-09-29T01:26:46.1303220Z Finalizing artifact upload
2026-09-29T01:26:46.3654654Z Artifact full-stability-cell-france-7-1.zip successfully finalized. Artifact ID 11008315374
2026-09-29T01:26:46.3656506Z Artifact full-stability-cell-france-7-1 has been successfully uploaded! Final size is 47938257 bytes. Artifact ID is 11008315374
2026-09-29T01:26:46.3661626Z Artifact download URL: https://github.com/ridgemerkley2-web/Spheres/actions/runs/36474011141/artifacts/11008315374
2026-09-29T01:26:46.3917109Z Cleaning up orphan processes
2026-09-29T01:26:46.4071442Z ##[warning]Node.js 20 is deprecated. The following actions target Node.js 20 but are being forced to run on Node.js 24: actions/download-artifact@v4, actions/setup-python@v5, actions/upload-artifact@v4. For more information see: https://github.blog/changelog/2025-09-19-deprecation-of-node-20-on-github-actions-runners/
