2026-09-28T20:06:38.0378805Z Current runner version: '2.337.0'
2026-09-28T20:06:38.0397538Z ##[group]Runner Image Provisioner
2026-09-28T20:06:38.0398160Z Hosted Compute Agent
2026-09-28T20:06:38.0398590Z Version: 20260828.587
2026-09-28T20:06:38.0399048Z Commit: abac92662cab4cc7352de4f9f9d2e2419aad9c29
2026-09-28T20:06:38.0399542Z Build Date: 2026-08-28T16:44:25Z
2026-09-28T20:06:38.0399986Z Worker ID: {54f81650-2a5c-4c63-9130-c8113e7aebf4}
2026-09-28T20:06:38.0400490Z Azure Region: centralus
2026-09-28T20:06:38.0400903Z ##[endgroup]
2026-09-28T20:06:38.0401824Z ##[group]Operating System
2026-09-28T20:06:38.0402275Z Ubuntu
2026-09-28T20:06:38.0402607Z 24.04.5
2026-09-28T20:06:38.0402976Z LTS
2026-09-28T20:06:38.0403337Z ##[endgroup]
2026-09-28T20:06:38.0403709Z ##[group]Runner Image
2026-09-28T20:06:38.0404114Z Image: ubuntu-24.04
2026-09-28T20:06:38.0404650Z Version: 20260920.314.1
2026-09-28T20:06:38.0405553Z Included Software: https://github.com/actions/runner-images/blob/ubuntu24/20260920.314/images/ubuntu/Ubuntu2404-Readme.md
2026-09-28T20:06:38.0406575Z Image Release: https://github.com/actions/runner-images/releases/tag/ubuntu24%2F20260920.314
2026-09-28T20:06:38.0407233Z ##[endgroup]
2026-09-28T20:06:38.0407986Z ##[group]GITHUB_TOKEN Permissions
2026-09-28T20:06:38.0409781Z Contents: read
2026-09-28T20:06:38.0410169Z Metadata: read
2026-09-28T20:06:38.0410804Z ##[endgroup]
2026-09-28T20:06:38.0412267Z Secret source: Actions
2026-09-28T20:06:38.0412934Z Cache mode: write
2026-09-28T20:06:38.0413416Z Prepare workflow directory
2026-09-28T20:06:38.0639602Z Prepare all required actions
2026-09-28T20:06:38.0677784Z Getting action download info
2026-09-28T20:06:38.6283782Z Download action repository 'actions/setup-python@v5' (SHA:a26af69be951a213d495a4c3e4e4022e16d87065)
2026-09-28T20:06:39.9880773Z Download action repository 'actions/download-artifact@v4' (SHA:d3f86a106a0bac45b974a628896c90dbdf5c8093)
2026-09-28T20:06:40.4616773Z Download action repository 'actions/upload-artifact@v4' (SHA:ea165f8d65b6e75b540449e92b4886f43607fa02)
2026-09-28T20:06:40.8066354Z Complete job name: cell (india-42)
2026-09-28T20:06:40.8587410Z ##[group]Run actions/setup-python@v5
2026-09-28T20:06:40.8587887Z with:
2026-09-28T20:06:40.8588222Z   python-version: 3.13
2026-09-28T20:06:40.8588489Z   check-latest: false
2026-09-28T20:06:40.8590656Z   token: ***
2026-09-28T20:06:40.8591053Z   update-environment: true
2026-09-28T20:06:40.8591356Z   allow-prereleases: false
2026-09-28T20:06:40.8591703Z   freethreaded: false
2026-09-28T20:06:40.8592551Z ##[endgroup]
2026-09-28T20:06:40.9645441Z ##[group]Installed versions
2026-09-28T20:06:41.1478272Z (node:1915) [DEP0040] DeprecationWarning: The `punycode` module is deprecated. Please use a userland alternative instead.
2026-09-28T20:06:41.1479022Z (Use `node --trace-deprecation ...` to show where the warning was created)
2026-09-28T20:06:41.1479613Z Successfully set up CPython (3.13.15)
2026-09-28T20:06:41.1480381Z ##[endgroup]
2026-09-28T20:06:41.1770794Z ##[group]Run actions/download-artifact@v4
2026-09-28T20:06:41.1772240Z with:
2026-09-28T20:06:41.1773542Z   name: full-stability-frozen-1
2026-09-28T20:06:41.1774929Z   path: frozen
2026-09-28T20:06:41.1775626Z   merge-multiple: false
2026-09-28T20:06:41.1776118Z   repository: ridgemerkley2-web/Spheres
2026-09-28T20:06:41.1776767Z   run-id: 36474011141
2026-09-28T20:06:41.1777305Z env:
2026-09-28T20:06:41.1777885Z   pythonLocation: /opt/hostedtoolcache/Python/3.13.15/x64
2026-09-28T20:06:41.1778670Z   PKG_CONFIG_PATH: /opt/hostedtoolcache/Python/3.13.15/x64/lib/pkgconfig
2026-09-28T20:06:41.1779466Z   Python_ROOT_DIR: /opt/hostedtoolcache/Python/3.13.15/x64
2026-09-28T20:06:41.1780039Z   Python2_ROOT_DIR: /opt/hostedtoolcache/Python/3.13.15/x64
2026-09-28T20:06:41.1780615Z   Python3_ROOT_DIR: /opt/hostedtoolcache/Python/3.13.15/x64
2026-09-28T20:06:41.1781166Z   LD_LIBRARY_PATH: /opt/hostedtoolcache/Python/3.13.15/x64/lib
2026-09-28T20:06:41.1781624Z ##[endgroup]
2026-09-28T20:06:41.3239895Z Downloading single artifact
2026-09-28T20:06:41.3351742Z (node:1923) [DEP0040] DeprecationWarning: The `punycode` module is deprecated. Please use a userland alternative instead.
2026-09-28T20:06:41.3352898Z (Use `node --trace-deprecation ...` to show where the warning was created)
2026-09-28T20:06:41.4921512Z Preparing to download the following artifacts:
2026-09-28T20:06:41.4923179Z - full-stability-frozen-1 (ID: 10993525137, Size: 251763956, Expected Digest: sha256:c0b8cac48eb04e5c4bf171d44ae480bcc940e7884c236ab973963fed4621021f)
2026-09-28T20:06:41.6916861Z Redirecting to blob download url: https://productionresultssa15.blob.core.windows.net/actions-results/9f04f3d3-a0ec-4c2f-9243-287c869ea6f9/workflow-job-run-b4e25666-37d2-5c5e-b7c9-79c0c70c262c/artifacts/21a58e5ad768f3d825d279659e73e90fd4f566c1102ba130743afd8c79099a6b.zip
2026-09-28T20:06:41.6918515Z Starting download of artifact to: /home/runner/work/Spheres/Spheres/frozen
2026-09-28T20:06:41.9037869Z (node:1923) [DEP0005] DeprecationWarning: Buffer() is deprecated due to security and usability issues. Please use the Buffer.alloc(), Buffer.allocUnsafe(), or Buffer.from() methods instead.
2026-09-28T20:06:50.1611220Z SHA256 digest of downloaded artifact is c0b8cac48eb04e5c4bf171d44ae480bcc940e7884c236ab973963fed4621021f
2026-09-28T20:06:50.1611997Z Artifact download completed successfully.
2026-09-28T20:06:50.1612519Z Total of 1 artifact(s) downloaded
2026-09-28T20:06:50.1614193Z Download artifact has finished successfully
2026-09-28T20:06:50.1725130Z ##[group]Run chmod u+x frozen/native-test
2026-09-28T20:06:50.1725610Z [36;1mchmod u+x frozen/native-test[0m
2026-09-28T20:06:50.1726214Z [36;1mpython -B frozen/distributed_stability.py cell --bundle frozen --manifest-sha256 "$FROZEN_MANIFEST" --id "$CELL_ID" --out evidence --timeout-seconds 18000[0m
2026-09-28T20:06:50.4702158Z shell: /usr/bin/bash -e {0}
2026-09-28T20:06:50.4702561Z env:
2026-09-28T20:06:50.4703218Z   pythonLocation: /opt/hostedtoolcache/Python/3.13.15/x64
2026-09-28T20:06:50.4703664Z   PKG_CONFIG_PATH: /opt/hostedtoolcache/Python/3.13.15/x64/lib/pkgconfig
2026-09-28T20:06:50.4704088Z   Python_ROOT_DIR: /opt/hostedtoolcache/Python/3.13.15/x64
2026-09-28T20:06:50.4704735Z   Python2_ROOT_DIR: /opt/hostedtoolcache/Python/3.13.15/x64
2026-09-28T20:06:50.4705109Z   Python3_ROOT_DIR: /opt/hostedtoolcache/Python/3.13.15/x64
2026-09-28T20:06:50.4705538Z   LD_LIBRARY_PATH: /opt/hostedtoolcache/Python/3.13.15/x64/lib
2026-09-28T20:06:50.4706130Z   FROZEN_MANIFEST: 70a51be54a7e3100a5267ca310bf5c7f05a3c388a389b7c54904e6365c477cc8
2026-09-28T20:06:50.4706619Z   CELL_ID: india-42
2026-09-28T20:06:50.4706886Z ##[endgroup]
2026-09-29T01:07:02.5157009Z Distributed stability refused: InvalidEvidence: Shard did not complete unchanged
2026-09-29T01:07:02.5252578Z ##[error]Process completed with exit code 2.
2026-09-29T01:07:02.5315377Z ##[group]Run actions/upload-artifact@v4
2026-09-29T01:07:02.5315618Z with:
2026-09-29T01:07:02.5315796Z   name: full-stability-cell-india-42-1
2026-09-29T01:07:02.5316003Z   path: evidence
2026-09-29T01:07:02.5316179Z   if-no-files-found: error
2026-09-29T01:07:02.5316379Z   compression-level: 0
2026-09-29T01:07:02.5316553Z   retention-days: 7
2026-09-29T01:07:02.5316714Z   overwrite: false
2026-09-29T01:07:02.5316899Z   include-hidden-files: false
2026-09-29T01:07:02.5317092Z env:
2026-09-29T01:07:02.5317318Z   pythonLocation: /opt/hostedtoolcache/Python/3.13.15/x64
2026-09-29T01:07:02.5317633Z   PKG_CONFIG_PATH: /opt/hostedtoolcache/Python/3.13.15/x64/lib/pkgconfig
2026-09-29T01:07:02.5317946Z   Python_ROOT_DIR: /opt/hostedtoolcache/Python/3.13.15/x64
2026-09-29T01:07:02.5318223Z   Python2_ROOT_DIR: /opt/hostedtoolcache/Python/3.13.15/x64
2026-09-29T01:07:02.5318500Z   Python3_ROOT_DIR: /opt/hostedtoolcache/Python/3.13.15/x64
2026-09-29T01:07:02.5318832Z   LD_LIBRARY_PATH: /opt/hostedtoolcache/Python/3.13.15/x64/lib
2026-09-29T01:07:02.5319075Z ##[endgroup]
2026-09-29T01:07:02.6462058Z (node:3962) [DEP0040] DeprecationWarning: The `punycode` module is deprecated. Please use a userland alternative instead.
2026-09-29T01:07:02.6462570Z (Use `node --trace-deprecation ...` to show where the warning was created)
2026-09-29T01:07:02.6558037Z With the provided path, there will be 15 files uploaded
2026-09-29T01:07:02.6565391Z Artifact name is valid!
2026-09-29T01:07:02.6566073Z Root directory input is valid!
2026-09-29T01:07:03.0225464Z Beginning upload of artifact content to blob storage
2026-09-29T01:07:03.0601772Z (node:3962) [DEP0169] DeprecationWarning: `url.parse()` behavior is not standardized and prone to errors that have security implications. Use the WHATWG URL API instead. CVEs are not issued for `url.parse()` vulnerabilities.
2026-09-29T01:07:03.5693042Z Uploaded bytes 8388608
2026-09-29T01:07:03.6868972Z Uploaded bytes 16777216
2026-09-29T01:07:03.6889257Z Uploaded bytes 25165824
2026-09-29T01:07:03.7022704Z Uploaded bytes 33554432
2026-09-29T01:07:03.8392061Z Uploaded bytes 41943040
2026-09-29T01:07:04.0360667Z Uploaded bytes 50100214
2026-09-29T01:07:04.0750451Z Finished uploading artifact content to blob storage!
2026-09-29T01:07:04.0751166Z SHA256 digest of uploaded artifact zip is 5cb11d40dbb3541c775e6a28121a395ef3787429b855431b181b0e0ad27a4354
2026-09-29T01:07:04.0752405Z Finalizing artifact upload
2026-09-29T01:07:04.2974099Z Artifact full-stability-cell-india-42-1.zip successfully finalized. Artifact ID 11007640815
2026-09-29T01:07:04.2974876Z Artifact full-stability-cell-india-42-1 has been successfully uploaded! Final size is 50100214 bytes. Artifact ID is 11007640815
2026-09-29T01:07:04.2979679Z Artifact download URL: https://github.com/ridgemerkley2-web/Spheres/actions/runs/36474011141/artifacts/11007640815
2026-09-29T01:07:04.3129896Z Cleaning up orphan processes
2026-09-29T01:07:04.3293039Z ##[warning]Node.js 20 is deprecated. The following actions target Node.js 20 but are being forced to run on Node.js 24: actions/download-artifact@v4, actions/setup-python@v5, actions/upload-artifact@v4. For more information see: https://github.blog/changelog/2025-09-19-deprecation-of-node-20-on-github-actions-runners/
