2026-09-28T19:48:06.7939335Z Current runner version: '2.337.0'
2026-09-28T19:48:06.7973656Z ##[group]Runner Image Provisioner
2026-09-28T19:48:06.7975084Z Hosted Compute Agent
2026-09-28T19:48:06.7976189Z Version: 20260828.587
2026-09-28T19:48:06.7977505Z Commit: abac92662cab4cc7352de4f9f9d2e2419aad9c29
2026-09-28T19:48:06.7978755Z Build Date: 2026-08-28T16:44:25Z
2026-09-28T19:48:06.7979993Z Worker ID: {e43ada76-b0db-4f75-a87e-20a21741bf52}
2026-09-28T19:48:06.7981281Z Azure Region: eastus2
2026-09-28T19:48:06.7982313Z ##[endgroup]
2026-09-28T19:48:06.7985209Z ##[group]Operating System
2026-09-28T19:48:06.7986206Z Ubuntu
2026-09-28T19:48:06.7987418Z 24.04.5
2026-09-28T19:48:06.7988347Z LTS
2026-09-28T19:48:06.7989348Z ##[endgroup]
2026-09-28T19:48:06.7990233Z ##[group]Runner Image
2026-09-28T19:48:06.7991190Z Image: ubuntu-24.04
2026-09-28T19:48:06.7992295Z Version: 20260920.314.1
2026-09-28T19:48:06.7994455Z Included Software: https://github.com/actions/runner-images/blob/ubuntu24/20260920.314/images/ubuntu/Ubuntu2404-Readme.md
2026-09-28T19:48:06.7997510Z Image Release: https://github.com/actions/runner-images/releases/tag/ubuntu24%2F20260920.314
2026-09-28T19:48:06.7999772Z ##[endgroup]
2026-09-28T19:48:06.8001734Z ##[group]GITHUB_TOKEN Permissions
2026-09-28T19:48:06.8004736Z Contents: read
2026-09-28T19:48:06.8005785Z Metadata: read
2026-09-28T19:48:06.8007035Z ##[endgroup]
2026-09-28T19:48:06.8010193Z Secret source: Actions
2026-09-28T19:48:06.8011713Z Cache mode: write
2026-09-28T19:48:06.8013380Z Prepare workflow directory
2026-09-28T19:48:06.8458680Z Prepare all required actions
2026-09-28T19:48:06.8506822Z Getting action download info
2026-09-28T19:48:07.0531528Z Download action repository 'actions/setup-python@v5' (SHA:a26af69be951a213d495a4c3e4e4022e16d87065)
2026-09-28T19:48:07.2509640Z Download action repository 'actions/download-artifact@v4' (SHA:d3f86a106a0bac45b974a628896c90dbdf5c8093)
2026-09-28T19:48:07.5163679Z Download action repository 'actions/upload-artifact@v4' (SHA:ea165f8d65b6e75b540449e92b4886f43607fa02)
2026-09-28T19:48:07.7808031Z Complete job name: cell (india-7)
2026-09-28T19:48:07.8624197Z ##[group]Run actions/setup-python@v5
2026-09-28T19:48:07.8625271Z with:
2026-09-28T19:48:07.8625786Z   python-version: 3.13
2026-09-28T19:48:07.8626333Z   check-latest: false
2026-09-28T19:48:07.8630917Z   token: ***
2026-09-28T19:48:07.8631435Z   update-environment: true
2026-09-28T19:48:07.8632004Z   allow-prereleases: false
2026-09-28T19:48:07.8632553Z   freethreaded: false
2026-09-28T19:48:07.8633362Z ##[endgroup]
2026-09-28T19:48:08.0040200Z ##[group]Installed versions
2026-09-28T19:48:08.0599943Z (node:2114) [DEP0040] DeprecationWarning: The `punycode` module is deprecated. Please use a userland alternative instead.
2026-09-28T19:48:08.0602686Z (Use `node --trace-deprecation ...` to show where the warning was created)
2026-09-28T19:48:08.0604430Z Successfully set up CPython (3.13.15)
2026-09-28T19:48:08.0606925Z ##[endgroup]
2026-09-28T19:48:08.0972951Z ##[group]Run actions/download-artifact@v4
2026-09-28T19:48:08.0973756Z with:
2026-09-28T19:48:08.0974257Z   name: full-stability-frozen-1
2026-09-28T19:48:08.0974830Z   path: frozen
2026-09-28T19:48:08.0975333Z   merge-multiple: false
2026-09-28T19:48:08.0975908Z   repository: ridgemerkley2-web/Spheres
2026-09-28T19:48:08.0976774Z   run-id: 36474011141
2026-09-28T19:48:08.0977334Z env:
2026-09-28T19:48:08.0977912Z   pythonLocation: /opt/hostedtoolcache/Python/3.13.15/x64
2026-09-28T19:48:08.0978845Z   PKG_CONFIG_PATH: /opt/hostedtoolcache/Python/3.13.15/x64/lib/pkgconfig
2026-09-28T19:48:08.0980367Z   Python_ROOT_DIR: /opt/hostedtoolcache/Python/3.13.15/x64
2026-09-28T19:48:08.0981763Z   Python2_ROOT_DIR: /opt/hostedtoolcache/Python/3.13.15/x64
2026-09-28T19:48:08.0983183Z   Python3_ROOT_DIR: /opt/hostedtoolcache/Python/3.13.15/x64
2026-09-28T19:48:08.0984443Z   LD_LIBRARY_PATH: /opt/hostedtoolcache/Python/3.13.15/x64/lib
2026-09-28T19:48:08.0985313Z ##[endgroup]
2026-09-28T19:48:08.2603685Z Downloading single artifact
2026-09-28T19:48:08.2750490Z (node:2122) [DEP0040] DeprecationWarning: The `punycode` module is deprecated. Please use a userland alternative instead.
2026-09-28T19:48:08.2753142Z (Use `node --trace-deprecation ...` to show where the warning was created)
2026-09-28T19:48:08.3485227Z Preparing to download the following artifacts:
2026-09-28T19:48:08.3488331Z - full-stability-frozen-1 (ID: 10993525137, Size: 251763956, Expected Digest: sha256:c0b8cac48eb04e5c4bf171d44ae480bcc940e7884c236ab973963fed4621021f)
2026-09-28T19:48:08.4602347Z Redirecting to blob download url: https://productionresultssa15.blob.core.windows.net/actions-results/9f04f3d3-a0ec-4c2f-9243-287c869ea6f9/workflow-job-run-b4e25666-37d2-5c5e-b7c9-79c0c70c262c/artifacts/21a58e5ad768f3d825d279659e73e90fd4f566c1102ba130743afd8c79099a6b.zip
2026-09-28T19:48:08.4607912Z Starting download of artifact to: /home/runner/work/Spheres/Spheres/frozen
2026-09-28T19:48:08.5595665Z (node:2122) [DEP0005] DeprecationWarning: Buffer() is deprecated due to security and usability issues. Please use the Buffer.alloc(), Buffer.allocUnsafe(), or Buffer.from() methods instead.
2026-09-28T19:48:12.7635429Z SHA256 digest of downloaded artifact is c0b8cac48eb04e5c4bf171d44ae480bcc940e7884c236ab973963fed4621021f
2026-09-28T19:48:12.7637692Z Artifact download completed successfully.
2026-09-28T19:48:12.7638099Z Total of 1 artifact(s) downloaded
2026-09-28T19:48:12.7644265Z Download artifact has finished successfully
2026-09-28T19:48:12.7807157Z ##[group]Run chmod u+x frozen/native-test
2026-09-28T19:48:12.7807663Z [36;1mchmod u+x frozen/native-test[0m
2026-09-28T19:48:12.7808488Z [36;1mpython -B frozen/distributed_stability.py cell --bundle frozen --manifest-sha256 "$FROZEN_MANIFEST" --id "$CELL_ID" --out evidence --timeout-seconds 18000[0m
2026-09-28T19:48:12.8156331Z shell: /usr/bin/bash -e {0}
2026-09-28T19:48:12.8157191Z env:
2026-09-28T19:48:12.8157655Z   pythonLocation: /opt/hostedtoolcache/Python/3.13.15/x64
2026-09-28T19:48:12.8158305Z   PKG_CONFIG_PATH: /opt/hostedtoolcache/Python/3.13.15/x64/lib/pkgconfig
2026-09-28T19:48:12.8158951Z   Python_ROOT_DIR: /opt/hostedtoolcache/Python/3.13.15/x64
2026-09-28T19:48:12.8159502Z   Python2_ROOT_DIR: /opt/hostedtoolcache/Python/3.13.15/x64
2026-09-28T19:48:12.8160043Z   Python3_ROOT_DIR: /opt/hostedtoolcache/Python/3.13.15/x64
2026-09-28T19:48:12.8160612Z   LD_LIBRARY_PATH: /opt/hostedtoolcache/Python/3.13.15/x64/lib
2026-09-28T19:48:12.8161356Z   FROZEN_MANIFEST: 70a51be54a7e3100a5267ca310bf5c7f05a3c388a389b7c54904e6365c477cc8
2026-09-28T19:48:12.8161940Z   CELL_ID: india-7
2026-09-28T19:48:12.8162250Z ##[endgroup]
2026-09-29T00:48:26.7304711Z Distributed stability refused: InvalidEvidence: Shard did not complete unchanged
2026-09-29T00:48:26.7415433Z ##[error]Process completed with exit code 2.
2026-09-29T00:48:26.7513994Z ##[group]Run actions/upload-artifact@v4
2026-09-29T00:48:26.7514333Z with:
2026-09-29T00:48:26.7514553Z   name: full-stability-cell-india-7-1
2026-09-29T00:48:26.7514836Z   path: evidence
2026-09-29T00:48:26.7515056Z   if-no-files-found: error
2026-09-29T00:48:26.7515319Z   compression-level: 0
2026-09-29T00:48:26.7515543Z   retention-days: 7
2026-09-29T00:48:26.7515750Z   overwrite: false
2026-09-29T00:48:26.7515973Z   include-hidden-files: false
2026-09-29T00:48:26.7516227Z env:
2026-09-29T00:48:26.7516769Z   pythonLocation: /opt/hostedtoolcache/Python/3.13.15/x64
2026-09-29T00:48:26.7517272Z   PKG_CONFIG_PATH: /opt/hostedtoolcache/Python/3.13.15/x64/lib/pkgconfig
2026-09-29T00:48:26.7517714Z   Python_ROOT_DIR: /opt/hostedtoolcache/Python/3.13.15/x64
2026-09-29T00:48:26.7518105Z   Python2_ROOT_DIR: /opt/hostedtoolcache/Python/3.13.15/x64
2026-09-29T00:48:26.7518489Z   Python3_ROOT_DIR: /opt/hostedtoolcache/Python/3.13.15/x64
2026-09-29T00:48:26.7518915Z   LD_LIBRARY_PATH: /opt/hostedtoolcache/Python/3.13.15/x64/lib
2026-09-29T00:48:26.7519249Z ##[endgroup]
2026-09-29T00:48:26.9134169Z (node:4932) [DEP0040] DeprecationWarning: The `punycode` module is deprecated. Please use a userland alternative instead.
2026-09-29T00:48:26.9135194Z (Use `node --trace-deprecation ...` to show where the warning was created)
2026-09-29T00:48:26.9250058Z With the provided path, there will be 15 files uploaded
2026-09-29T00:48:26.9251026Z Artifact name is valid!
2026-09-29T00:48:26.9251475Z Root directory input is valid!
2026-09-29T00:48:27.1615598Z Beginning upload of artifact content to blob storage
2026-09-29T00:48:27.2260418Z (node:4932) [DEP0169] DeprecationWarning: `url.parse()` behavior is not standardized and prone to errors that have security implications. Use the WHATWG URL API instead. CVEs are not issued for `url.parse()` vulnerabilities.
2026-09-29T00:48:27.4747899Z Uploaded bytes 8388608
2026-09-29T00:48:27.5409471Z Uploaded bytes 16777216
2026-09-29T00:48:27.5923183Z Uploaded bytes 25165824
2026-09-29T00:48:27.7145782Z Uploaded bytes 33554432
2026-09-29T00:48:28.1504636Z Uploaded bytes 41943040
2026-09-29T00:48:28.2278452Z Uploaded bytes 45088677
2026-09-29T00:48:28.2404564Z Finished uploading artifact content to blob storage!
2026-09-29T00:48:28.2405712Z SHA256 digest of uploaded artifact zip is 87c445dcd5a2b23368825187daeb49ed359166e16d0cf2a3c221c8d258ceda6c
2026-09-29T00:48:28.2407734Z Finalizing artifact upload
2026-09-29T00:48:28.4585549Z Artifact full-stability-cell-india-7-1.zip successfully finalized. Artifact ID 11006228579
2026-09-29T00:48:28.4587106Z Artifact full-stability-cell-india-7-1 has been successfully uploaded! Final size is 45088677 bytes. Artifact ID is 11006228579
2026-09-29T00:48:28.4593028Z Artifact download URL: https://github.com/ridgemerkley2-web/Spheres/actions/runs/36474011141/artifacts/11006228579
2026-09-29T00:48:28.4784447Z Cleaning up orphan processes
2026-09-29T00:48:28.5120262Z ##[warning]Node.js 20 is deprecated. The following actions target Node.js 20 but are being forced to run on Node.js 24: actions/download-artifact@v4, actions/setup-python@v5, actions/upload-artifact@v4. For more information see: https://github.blog/changelog/2025-09-19-deprecation-of-node-20-on-github-actions-runners/
