2026-09-28T19:50:26.7348687Z Current runner version: '2.337.0'
2026-09-28T19:50:26.7373540Z ##[group]Runner Image Provisioner
2026-09-28T19:50:26.7374448Z Hosted Compute Agent
2026-09-28T19:50:26.7375098Z Version: 20260828.587
2026-09-28T19:50:26.7375830Z Commit: abac92662cab4cc7352de4f9f9d2e2419aad9c29
2026-09-28T19:50:26.7376602Z Build Date: 2026-08-28T16:44:25Z
2026-09-28T19:50:26.7377636Z Worker ID: {51957cfb-9573-42db-b742-6dae7f2f3c87}
2026-09-28T19:50:26.7378474Z Azure Region: centralus
2026-09-28T19:50:26.7379096Z ##[endgroup]
2026-09-28T19:50:26.7380652Z ##[group]Operating System
2026-09-28T19:50:26.7381296Z Ubuntu
2026-09-28T19:50:26.7381876Z 24.04.5
2026-09-28T19:50:26.7382487Z LTS
2026-09-28T19:50:26.7383031Z ##[endgroup]
2026-09-28T19:50:26.7383638Z ##[group]Runner Image
2026-09-28T19:50:26.7384272Z Image: ubuntu-24.04
2026-09-28T19:50:26.7384891Z Version: 20260920.314.1
2026-09-28T19:50:26.7386213Z Included Software: https://github.com/actions/runner-images/blob/ubuntu24/20260920.314/images/ubuntu/Ubuntu2404-Readme.md
2026-09-28T19:50:26.7388239Z Image Release: https://github.com/actions/runner-images/releases/tag/ubuntu24%2F20260920.314
2026-09-28T19:50:26.7389296Z ##[endgroup]
2026-09-28T19:50:26.7390589Z ##[group]GITHUB_TOKEN Permissions
2026-09-28T19:50:26.7392820Z Contents: read
2026-09-28T19:50:26.7393457Z Metadata: read
2026-09-28T19:50:26.7394442Z ##[endgroup]
2026-09-28T19:50:26.7397083Z Secret source: Actions
2026-09-28T19:50:26.7398139Z Cache mode: write
2026-09-28T19:50:26.7399031Z Prepare workflow directory
2026-09-28T19:50:26.7728100Z Prepare all required actions
2026-09-28T19:50:26.7777082Z Getting action download info
2026-09-28T19:50:27.0544160Z Download action repository 'actions/setup-python@v5' (SHA:a26af69be951a213d495a4c3e4e4022e16d87065)
2026-09-28T19:50:27.1912636Z Download action repository 'actions/download-artifact@v4' (SHA:d3f86a106a0bac45b974a628896c90dbdf5c8093)
2026-09-28T19:50:27.6915190Z Download action repository 'actions/upload-artifact@v4' (SHA:ea165f8d65b6e75b540449e92b4886f43607fa02)
2026-09-28T19:50:27.9058410Z Complete job name: cell (japan-7)
2026-09-28T19:50:27.9817123Z ##[group]Run actions/setup-python@v5
2026-09-28T19:50:27.9818134Z with:
2026-09-28T19:50:27.9818621Z   python-version: 3.13
2026-09-28T19:50:27.9819148Z   check-latest: false
2026-09-28T19:50:27.9823451Z   token: ***
2026-09-28T19:50:27.9823955Z   update-environment: true
2026-09-28T19:50:27.9824521Z   allow-prereleases: false
2026-09-28T19:50:27.9825056Z   freethreaded: false
2026-09-28T19:50:27.9825739Z ##[endgroup]
2026-09-28T19:50:28.1237064Z ##[group]Installed versions
2026-09-28T19:50:28.1283164Z (node:2130) [DEP0040] DeprecationWarning: The `punycode` module is deprecated. Please use a userland alternative instead.
2026-09-28T19:50:28.1285162Z (Use `node --trace-deprecation ...` to show where the warning was created)
2026-09-28T19:50:28.1286421Z Successfully set up CPython (3.13.15)
2026-09-28T19:50:28.1288147Z ##[endgroup]
2026-09-28T19:50:28.1664256Z ##[group]Run actions/download-artifact@v4
2026-09-28T19:50:28.1664984Z with:
2026-09-28T19:50:28.1665462Z   name: full-stability-frozen-1
2026-09-28T19:50:28.1666030Z   path: frozen
2026-09-28T19:50:28.1666740Z   merge-multiple: false
2026-09-28T19:50:28.1667701Z   repository: ridgemerkley2-web/Spheres
2026-09-28T19:50:28.1668451Z   run-id: 36474011141
2026-09-28T19:50:28.1668932Z env:
2026-09-28T19:50:28.1669506Z   pythonLocation: /opt/hostedtoolcache/Python/3.13.15/x64
2026-09-28T19:50:28.1670479Z   PKG_CONFIG_PATH: /opt/hostedtoolcache/Python/3.13.15/x64/lib/pkgconfig
2026-09-28T19:50:28.1671422Z   Python_ROOT_DIR: /opt/hostedtoolcache/Python/3.13.15/x64
2026-09-28T19:50:28.1672264Z   Python2_ROOT_DIR: /opt/hostedtoolcache/Python/3.13.15/x64
2026-09-28T19:50:28.1673111Z   Python3_ROOT_DIR: /opt/hostedtoolcache/Python/3.13.15/x64
2026-09-28T19:50:28.1673992Z   LD_LIBRARY_PATH: /opt/hostedtoolcache/Python/3.13.15/x64/lib
2026-09-28T19:50:28.1674747Z ##[endgroup]
2026-09-28T19:50:28.3258109Z Downloading single artifact
2026-09-28T19:50:28.3406075Z (node:2139) [DEP0040] DeprecationWarning: The `punycode` module is deprecated. Please use a userland alternative instead.
2026-09-28T19:50:28.3409150Z (Use `node --trace-deprecation ...` to show where the warning was created)
2026-09-28T19:50:28.4866981Z Preparing to download the following artifacts:
2026-09-28T19:50:28.4868781Z - full-stability-frozen-1 (ID: 10993525137, Size: 251763956, Expected Digest: sha256:c0b8cac48eb04e5c4bf171d44ae480bcc940e7884c236ab973963fed4621021f)
2026-09-28T19:50:28.6569755Z Redirecting to blob download url: https://productionresultssa15.blob.core.windows.net/actions-results/9f04f3d3-a0ec-4c2f-9243-287c869ea6f9/workflow-job-run-b4e25666-37d2-5c5e-b7c9-79c0c70c262c/artifacts/21a58e5ad768f3d825d279659e73e90fd4f566c1102ba130743afd8c79099a6b.zip
2026-09-28T19:50:28.6575230Z Starting download of artifact to: /home/runner/work/Spheres/Spheres/frozen
2026-09-28T19:50:28.8899399Z (node:2139) [DEP0005] DeprecationWarning: Buffer() is deprecated due to security and usability issues. Please use the Buffer.alloc(), Buffer.allocUnsafe(), or Buffer.from() methods instead.
2026-09-28T19:50:33.6497345Z SHA256 digest of downloaded artifact is c0b8cac48eb04e5c4bf171d44ae480bcc940e7884c236ab973963fed4621021f
2026-09-28T19:50:33.6498535Z Artifact download completed successfully.
2026-09-28T19:50:33.6498993Z Total of 1 artifact(s) downloaded
2026-09-28T19:50:33.6503214Z Download artifact has finished successfully
2026-09-28T19:50:33.6674163Z ##[group]Run chmod u+x frozen/native-test
2026-09-28T19:50:33.6674646Z [36;1mchmod u+x frozen/native-test[0m
2026-09-28T19:50:33.6675459Z [36;1mpython -B frozen/distributed_stability.py cell --bundle frozen --manifest-sha256 "$FROZEN_MANIFEST" --id "$CELL_ID" --out evidence --timeout-seconds 18000[0m
2026-09-28T19:50:33.7001656Z shell: /usr/bin/bash -e {0}
2026-09-28T19:50:33.7002043Z env:
2026-09-28T19:50:33.7002400Z   pythonLocation: /opt/hostedtoolcache/Python/3.13.15/x64
2026-09-28T19:50:33.7002922Z   PKG_CONFIG_PATH: /opt/hostedtoolcache/Python/3.13.15/x64/lib/pkgconfig
2026-09-28T19:50:33.7003447Z   Python_ROOT_DIR: /opt/hostedtoolcache/Python/3.13.15/x64
2026-09-28T19:50:33.7003917Z   Python2_ROOT_DIR: /opt/hostedtoolcache/Python/3.13.15/x64
2026-09-28T19:50:33.7004365Z   Python3_ROOT_DIR: /opt/hostedtoolcache/Python/3.13.15/x64
2026-09-28T19:50:33.7004834Z   LD_LIBRARY_PATH: /opt/hostedtoolcache/Python/3.13.15/x64/lib
2026-09-28T19:50:33.7005489Z   FROZEN_MANIFEST: 70a51be54a7e3100a5267ca310bf5c7f05a3c388a389b7c54904e6365c477cc8
2026-09-28T19:50:33.7005977Z   CELL_ID: japan-7
2026-09-28T19:50:33.7006256Z ##[endgroup]
2026-09-29T00:50:50.0428118Z Distributed stability refused: InvalidEvidence: Shard did not complete unchanged
2026-09-29T00:50:50.0530241Z ##[error]Process completed with exit code 2.
2026-09-29T00:50:50.0607761Z ##[group]Run actions/upload-artifact@v4
2026-09-29T00:50:50.0608105Z with:
2026-09-29T00:50:50.0608338Z   name: full-stability-cell-japan-7-1
2026-09-29T00:50:50.0608616Z   path: evidence
2026-09-29T00:50:50.0608852Z   if-no-files-found: error
2026-09-29T00:50:50.0609123Z   compression-level: 0
2026-09-29T00:50:50.0609355Z   retention-days: 7
2026-09-29T00:50:50.0609569Z   overwrite: false
2026-09-29T00:50:50.0609803Z   include-hidden-files: false
2026-09-29T00:50:50.0610066Z env:
2026-09-29T00:50:50.0610364Z   pythonLocation: /opt/hostedtoolcache/Python/3.13.15/x64
2026-09-29T00:50:50.0610811Z   PKG_CONFIG_PATH: /opt/hostedtoolcache/Python/3.13.15/x64/lib/pkgconfig
2026-09-29T00:50:50.0611236Z   Python_ROOT_DIR: /opt/hostedtoolcache/Python/3.13.15/x64
2026-09-29T00:50:50.0611625Z   Python2_ROOT_DIR: /opt/hostedtoolcache/Python/3.13.15/x64
2026-09-29T00:50:50.0612017Z   Python3_ROOT_DIR: /opt/hostedtoolcache/Python/3.13.15/x64
2026-09-29T00:50:50.0612446Z   LD_LIBRARY_PATH: /opt/hostedtoolcache/Python/3.13.15/x64/lib
2026-09-29T00:50:50.0612777Z ##[endgroup]
2026-09-29T00:50:50.2269696Z (node:4210) [DEP0040] DeprecationWarning: The `punycode` module is deprecated. Please use a userland alternative instead.
2026-09-29T00:50:50.2270569Z (Use `node --trace-deprecation ...` to show where the warning was created)
2026-09-29T00:50:50.2389841Z With the provided path, there will be 15 files uploaded
2026-09-29T00:50:50.2390697Z Artifact name is valid!
2026-09-29T00:50:50.2391096Z Root directory input is valid!
2026-09-29T00:50:50.5620002Z Beginning upload of artifact content to blob storage
2026-09-29T00:50:50.6179494Z (node:4210) [DEP0169] DeprecationWarning: `url.parse()` behavior is not standardized and prone to errors that have security implications. Use the WHATWG URL API instead. CVEs are not issued for `url.parse()` vulnerabilities.
2026-09-29T00:50:51.1170604Z Uploaded bytes 8388608
2026-09-29T00:50:51.1205633Z Uploaded bytes 16777216
2026-09-29T00:50:51.2798316Z Uploaded bytes 25165824
2026-09-29T00:50:51.2945359Z Uploaded bytes 33554432
2026-09-29T00:50:51.4100001Z Uploaded bytes 41943040
2026-09-29T00:50:51.6397966Z Uploaded bytes 48053942
2026-09-29T00:50:51.6809244Z Finished uploading artifact content to blob storage!
2026-09-29T00:50:51.6810408Z SHA256 digest of uploaded artifact zip is c6ecb84545254df292daf620a8ee6c0197855fce899e026cf50077f8005f4e16
2026-09-29T00:50:51.6812040Z Finalizing artifact upload
2026-09-29T00:50:51.9261158Z Artifact full-stability-cell-japan-7-1.zip successfully finalized. Artifact ID 11006323714
2026-09-29T00:50:51.9266566Z Artifact full-stability-cell-japan-7-1 has been successfully uploaded! Final size is 48053942 bytes. Artifact ID is 11006323714
2026-09-29T00:50:51.9269221Z Artifact download URL: https://github.com/ridgemerkley2-web/Spheres/actions/runs/36474011141/artifacts/11006323714
2026-09-29T00:50:51.9469576Z Cleaning up orphan processes
2026-09-29T00:50:51.9740138Z ##[warning]Node.js 20 is deprecated. The following actions target Node.js 20 but are being forced to run on Node.js 24: actions/download-artifact@v4, actions/setup-python@v5, actions/upload-artifact@v4. For more information see: https://github.blog/changelog/2025-09-19-deprecation-of-node-20-on-github-actions-runners/
