2026-09-28T19:47:37.6790666Z Current runner version: '2.337.0'
2026-09-28T19:47:37.6823745Z ##[group]Runner Image Provisioner
2026-09-28T19:47:37.6824956Z Hosted Compute Agent
2026-09-28T19:47:37.6826033Z Version: 20260828.587
2026-09-28T19:47:37.6827009Z Commit: abac92662cab4cc7352de4f9f9d2e2419aad9c29
2026-09-28T19:47:37.6828189Z Build Date: 2026-08-28T16:44:25Z
2026-09-28T19:47:37.6829277Z Worker ID: {e782c36d-1fec-40ed-a103-95a7b323799f}
2026-09-28T19:47:37.6830424Z Azure Region: eastus2
2026-09-28T19:47:37.6831582Z ##[endgroup]
2026-09-28T19:47:37.6833665Z ##[group]Operating System
2026-09-28T19:47:37.6834756Z Ubuntu
2026-09-28T19:47:37.6835582Z 24.04.5
2026-09-28T19:47:37.6836368Z LTS
2026-09-28T19:47:37.6837359Z ##[endgroup]
2026-09-28T19:47:37.6838201Z ##[group]Runner Image
2026-09-28T19:47:37.6839154Z Image: ubuntu-24.04
2026-09-28T19:47:37.6840072Z Version: 20260920.314.1
2026-09-28T19:47:37.6842380Z Included Software: https://github.com/actions/runner-images/blob/ubuntu24/20260920.314/images/ubuntu/Ubuntu2404-Readme.md
2026-09-28T19:47:37.6844940Z Image Release: https://github.com/actions/runner-images/releases/tag/ubuntu24%2F20260920.314
2026-09-28T19:47:37.6846549Z ##[endgroup]
2026-09-28T19:47:37.6848308Z ##[group]GITHUB_TOKEN Permissions
2026-09-28T19:47:37.6852203Z Contents: read
2026-09-28T19:47:37.6853191Z Metadata: read
2026-09-28T19:47:37.6854036Z ##[endgroup]
2026-09-28T19:47:37.6856734Z Secret source: Actions
2026-09-28T19:47:37.6858254Z Cache mode: write
2026-09-28T19:47:37.6859714Z Prepare workflow directory
2026-09-28T19:47:37.7313599Z Prepare all required actions
2026-09-28T19:47:37.7381765Z Getting action download info
2026-09-28T19:47:37.9570717Z Download action repository 'actions/setup-python@v5' (SHA:a26af69be951a213d495a4c3e4e4022e16d87065)
2026-09-28T19:47:38.1128837Z Download action repository 'actions/download-artifact@v4' (SHA:d3f86a106a0bac45b974a628896c90dbdf5c8093)
2026-09-28T19:47:38.3464890Z Download action repository 'actions/upload-artifact@v4' (SHA:ea165f8d65b6e75b540449e92b4886f43607fa02)
2026-09-28T19:47:38.5669862Z Complete job name: cell (japan-1990)
2026-09-28T19:47:38.6440860Z ##[group]Run actions/setup-python@v5
2026-09-28T19:47:38.6442123Z with:
2026-09-28T19:47:38.6442614Z   python-version: 3.13
2026-09-28T19:47:38.6443145Z   check-latest: false
2026-09-28T19:47:38.6448621Z   token: ***
2026-09-28T19:47:38.6449099Z   update-environment: true
2026-09-28T19:47:38.6449797Z   allow-prereleases: false
2026-09-28T19:47:38.6450606Z   freethreaded: false
2026-09-28T19:47:38.6451896Z ##[endgroup]
2026-09-28T19:47:38.8009527Z ##[group]Installed versions
2026-09-28T19:47:38.8074985Z (node:2134) [DEP0040] DeprecationWarning: The `punycode` module is deprecated. Please use a userland alternative instead.
2026-09-28T19:47:38.8077525Z (Use `node --trace-deprecation ...` to show where the warning was created)
2026-09-28T19:47:38.8079026Z Successfully set up CPython (3.13.15)
2026-09-28T19:47:38.8080608Z ##[endgroup]
2026-09-28T19:47:38.8490710Z ##[group]Run actions/download-artifact@v4
2026-09-28T19:47:38.8492040Z with:
2026-09-28T19:47:38.8492717Z   name: full-stability-frozen-1
2026-09-28T19:47:38.8493313Z   path: frozen
2026-09-28T19:47:38.8493890Z   merge-multiple: false
2026-09-28T19:47:38.8494578Z   repository: ridgemerkley2-web/Spheres
2026-09-28T19:47:38.8495580Z   run-id: 36474011141
2026-09-28T19:47:38.8496322Z env:
2026-09-28T19:47:38.8496966Z   pythonLocation: /opt/hostedtoolcache/Python/3.13.15/x64
2026-09-28T19:47:38.8498206Z   PKG_CONFIG_PATH: /opt/hostedtoolcache/Python/3.13.15/x64/lib/pkgconfig
2026-09-28T19:47:38.8499371Z   Python_ROOT_DIR: /opt/hostedtoolcache/Python/3.13.15/x64
2026-09-28T19:47:38.8500281Z   Python2_ROOT_DIR: /opt/hostedtoolcache/Python/3.13.15/x64
2026-09-28T19:47:38.8501746Z   Python3_ROOT_DIR: /opt/hostedtoolcache/Python/3.13.15/x64
2026-09-28T19:47:38.8502693Z   LD_LIBRARY_PATH: /opt/hostedtoolcache/Python/3.13.15/x64/lib
2026-09-28T19:47:38.8503521Z ##[endgroup]
2026-09-28T19:47:39.0185665Z Downloading single artifact
2026-09-28T19:47:39.0328543Z (node:2142) [DEP0040] DeprecationWarning: The `punycode` module is deprecated. Please use a userland alternative instead.
2026-09-28T19:47:39.0332318Z (Use `node --trace-deprecation ...` to show where the warning was created)
2026-09-28T19:47:39.1376903Z Preparing to download the following artifacts:
2026-09-28T19:47:39.1380701Z - full-stability-frozen-1 (ID: 10993525137, Size: 251763956, Expected Digest: sha256:c0b8cac48eb04e5c4bf171d44ae480bcc940e7884c236ab973963fed4621021f)
2026-09-28T19:47:39.2885878Z Redirecting to blob download url: https://productionresultssa15.blob.core.windows.net/actions-results/9f04f3d3-a0ec-4c2f-9243-287c869ea6f9/workflow-job-run-b4e25666-37d2-5c5e-b7c9-79c0c70c262c/artifacts/21a58e5ad768f3d825d279659e73e90fd4f566c1102ba130743afd8c79099a6b.zip
2026-09-28T19:47:39.2892952Z Starting download of artifact to: /home/runner/work/Spheres/Spheres/frozen
2026-09-28T19:47:39.3827796Z (node:2142) [DEP0005] DeprecationWarning: Buffer() is deprecated due to security and usability issues. Please use the Buffer.alloc(), Buffer.allocUnsafe(), or Buffer.from() methods instead.
2026-09-28T19:47:43.5612510Z SHA256 digest of downloaded artifact is c0b8cac48eb04e5c4bf171d44ae480bcc940e7884c236ab973963fed4621021f
2026-09-28T19:47:43.5613574Z Artifact download completed successfully.
2026-09-28T19:47:43.5614115Z Total of 1 artifact(s) downloaded
2026-09-28T19:47:43.5617870Z Download artifact has finished successfully
2026-09-28T19:47:43.5809064Z ##[group]Run chmod u+x frozen/native-test
2026-09-28T19:47:43.5809564Z [36;1mchmod u+x frozen/native-test[0m
2026-09-28T19:47:43.5810380Z [36;1mpython -B frozen/distributed_stability.py cell --bundle frozen --manifest-sha256 "$FROZEN_MANIFEST" --id "$CELL_ID" --out evidence --timeout-seconds 18000[0m
2026-09-28T19:47:43.6088578Z shell: /usr/bin/bash -e {0}
2026-09-28T19:47:43.6088982Z env:
2026-09-28T19:47:43.6089351Z   pythonLocation: /opt/hostedtoolcache/Python/3.13.15/x64
2026-09-28T19:47:43.6089888Z   PKG_CONFIG_PATH: /opt/hostedtoolcache/Python/3.13.15/x64/lib/pkgconfig
2026-09-28T19:47:43.6090438Z   Python_ROOT_DIR: /opt/hostedtoolcache/Python/3.13.15/x64
2026-09-28T19:47:43.6090884Z   Python2_ROOT_DIR: /opt/hostedtoolcache/Python/3.13.15/x64
2026-09-28T19:47:43.6091337Z   Python3_ROOT_DIR: /opt/hostedtoolcache/Python/3.13.15/x64
2026-09-28T19:47:43.6092087Z   LD_LIBRARY_PATH: /opt/hostedtoolcache/Python/3.13.15/x64/lib
2026-09-28T19:47:43.6092768Z   FROZEN_MANIFEST: 70a51be54a7e3100a5267ca310bf5c7f05a3c388a389b7c54904e6365c477cc8
2026-09-28T19:47:43.6093282Z   CELL_ID: japan-1990
2026-09-28T19:47:43.6093572Z ##[endgroup]
2026-09-29T00:47:59.7033858Z Distributed stability refused: InvalidEvidence: Shard did not complete unchanged
2026-09-29T00:47:59.7139065Z ##[error]Process completed with exit code 2.
2026-09-29T00:47:59.7217017Z ##[group]Run actions/upload-artifact@v4
2026-09-29T00:47:59.7217345Z with:
2026-09-29T00:47:59.7217581Z   name: full-stability-cell-japan-1990-1
2026-09-29T00:47:59.7217862Z   path: evidence
2026-09-29T00:47:59.7218092Z   if-no-files-found: error
2026-09-29T00:47:59.7218450Z   compression-level: 0
2026-09-29T00:47:59.7218754Z   retention-days: 7
2026-09-29T00:47:59.7218968Z   overwrite: false
2026-09-29T00:47:59.7219212Z   include-hidden-files: false
2026-09-29T00:47:59.7219495Z env:
2026-09-29T00:47:59.7219819Z   pythonLocation: /opt/hostedtoolcache/Python/3.13.15/x64
2026-09-29T00:47:59.7220329Z   PKG_CONFIG_PATH: /opt/hostedtoolcache/Python/3.13.15/x64/lib/pkgconfig
2026-09-29T00:47:59.7220777Z   Python_ROOT_DIR: /opt/hostedtoolcache/Python/3.13.15/x64
2026-09-29T00:47:59.7221164Z   Python2_ROOT_DIR: /opt/hostedtoolcache/Python/3.13.15/x64
2026-09-29T00:47:59.7221727Z   Python3_ROOT_DIR: /opt/hostedtoolcache/Python/3.13.15/x64
2026-09-29T00:47:59.7222160Z   LD_LIBRARY_PATH: /opt/hostedtoolcache/Python/3.13.15/x64/lib
2026-09-29T00:47:59.7222512Z ##[endgroup]
2026-09-29T00:47:59.8890666Z (node:4717) [DEP0040] DeprecationWarning: The `punycode` module is deprecated. Please use a userland alternative instead.
2026-09-29T00:47:59.8892118Z (Use `node --trace-deprecation ...` to show where the warning was created)
2026-09-29T00:47:59.8989150Z With the provided path, there will be 15 files uploaded
2026-09-29T00:47:59.8990011Z Artifact name is valid!
2026-09-29T00:47:59.8990418Z Root directory input is valid!
2026-09-29T00:48:00.1851079Z Beginning upload of artifact content to blob storage
2026-09-29T00:48:00.2363439Z (node:4717) [DEP0169] DeprecationWarning: `url.parse()` behavior is not standardized and prone to errors that have security implications. Use the WHATWG URL API instead. CVEs are not issued for `url.parse()` vulnerabilities.
2026-09-29T00:48:00.5034600Z Uploaded bytes 8388608
2026-09-29T00:48:00.5349185Z Uploaded bytes 16777216
2026-09-29T00:48:00.5362852Z Uploaded bytes 25165824
2026-09-29T00:48:00.5857715Z Uploaded bytes 33554432
2026-09-29T00:48:00.6999343Z Uploaded bytes 41943040
2026-09-29T00:48:00.8983739Z Uploaded bytes 48991210
2026-09-29T00:48:00.9100805Z Finished uploading artifact content to blob storage!
2026-09-29T00:48:00.9102069Z SHA256 digest of uploaded artifact zip is 0ff9f2d4147150fa6b705b06525a2832f95c064e56b996e5f554b1712c243d6a
2026-09-29T00:48:00.9103916Z Finalizing artifact upload
2026-09-29T00:48:01.1303682Z Artifact full-stability-cell-japan-1990-1.zip successfully finalized. Artifact ID 11006228517
2026-09-29T00:48:01.1304995Z Artifact full-stability-cell-japan-1990-1 has been successfully uploaded! Final size is 48991210 bytes. Artifact ID is 11006228517
2026-09-29T00:48:01.1310943Z Artifact download URL: https://github.com/ridgemerkley2-web/Spheres/actions/runs/36474011141/artifacts/11006228517
2026-09-29T00:48:01.1517833Z Cleaning up orphan processes
2026-09-29T00:48:01.1771987Z ##[warning]Node.js 20 is deprecated. The following actions target Node.js 20 but are being forced to run on Node.js 24: actions/download-artifact@v4, actions/setup-python@v5, actions/upload-artifact@v4. For more information see: https://github.blog/changelog/2025-09-19-deprecation-of-node-20-on-github-actions-runners/
