2026-09-28T20:32:26.2376334Z Current runner version: '2.337.0'
2026-09-28T20:32:26.2400928Z ##[group]Runner Image Provisioner
2026-09-28T20:32:26.2402052Z Hosted Compute Agent
2026-09-28T20:32:26.2402639Z Version: 20260828.587
2026-09-28T20:32:26.2403419Z Commit: abac92662cab4cc7352de4f9f9d2e2419aad9c29
2026-09-28T20:32:26.2404428Z Build Date: 2026-08-28T16:44:25Z
2026-09-28T20:32:26.2405104Z Worker ID: {af44e9f3-7de3-4386-bf06-ee9b9eb67463}
2026-09-28T20:32:26.2405920Z Azure Region: westus2
2026-09-28T20:32:26.2406495Z ##[endgroup]
2026-09-28T20:32:26.2408282Z ##[group]Operating System
2026-09-28T20:32:26.2408937Z Ubuntu
2026-09-28T20:32:26.2409462Z 24.04.5
2026-09-28T20:32:26.2410058Z LTS
2026-09-28T20:32:26.2410568Z ##[endgroup]
2026-09-28T20:32:26.2411108Z ##[group]Runner Image
2026-09-28T20:32:26.2411802Z Image: ubuntu-24.04
2026-09-28T20:32:26.2412365Z Version: 20260920.314.1
2026-09-28T20:32:26.2413681Z Included Software: https://github.com/actions/runner-images/blob/ubuntu24/20260920.314/images/ubuntu/Ubuntu2404-Readme.md
2026-09-28T20:32:26.2415491Z Image Release: https://github.com/actions/runner-images/releases/tag/ubuntu24%2F20260920.314
2026-09-28T20:32:26.2416479Z ##[endgroup]
2026-09-28T20:32:26.2417555Z ##[group]GITHUB_TOKEN Permissions
2026-09-28T20:32:26.2419733Z Contents: read
2026-09-28T20:32:26.2420420Z Metadata: read
2026-09-28T20:32:26.2421412Z ##[endgroup]
2026-09-28T20:32:26.2423503Z Secret source: Actions
2026-09-28T20:32:26.2424852Z Cache mode: write
2026-09-28T20:32:26.2425614Z Prepare workflow directory
2026-09-28T20:32:26.2766037Z Prepare all required actions
2026-09-28T20:32:26.2817704Z Getting action download info
2026-09-28T20:32:26.6619756Z Download action repository 'actions/setup-python@v5' (SHA:a26af69be951a213d495a4c3e4e4022e16d87065)
2026-09-28T20:32:26.8236331Z Download action repository 'actions/download-artifact@v4' (SHA:d3f86a106a0bac45b974a628896c90dbdf5c8093)
2026-09-28T20:32:27.0982802Z Download action repository 'actions/upload-artifact@v4' (SHA:ea165f8d65b6e75b540449e92b4886f43607fa02)
2026-09-28T20:32:27.3146809Z Complete job name: cell (japan-42)
2026-09-28T20:32:27.3954168Z ##[group]Run actions/setup-python@v5
2026-09-28T20:32:27.3955226Z with:
2026-09-28T20:32:27.3955720Z   python-version: 3.13
2026-09-28T20:32:27.3956245Z   check-latest: false
2026-09-28T20:32:27.3960089Z   token: ***
2026-09-28T20:32:27.3960582Z   update-environment: true
2026-09-28T20:32:27.3961138Z   allow-prereleases: false
2026-09-28T20:32:27.3961681Z   freethreaded: false
2026-09-28T20:32:27.3962406Z ##[endgroup]
2026-09-28T20:32:27.5443146Z ##[group]Installed versions
2026-09-28T20:32:27.5521671Z (node:2124) [DEP0040] DeprecationWarning: The `punycode` module is deprecated. Please use a userland alternative instead.
2026-09-28T20:32:27.5523791Z (Use `node --trace-deprecation ...` to show where the warning was created)
2026-09-28T20:32:27.5524982Z Successfully set up CPython (3.13.15)
2026-09-28T20:32:27.5526541Z ##[endgroup]
2026-09-28T20:32:27.5925270Z ##[group]Run actions/download-artifact@v4
2026-09-28T20:32:27.5926041Z with:
2026-09-28T20:32:27.5926522Z   name: full-stability-frozen-1
2026-09-28T20:32:27.5927075Z   path: frozen
2026-09-28T20:32:27.5927550Z   merge-multiple: false
2026-09-28T20:32:27.5928104Z   repository: ridgemerkley2-web/Spheres
2026-09-28T20:32:27.5928698Z   run-id: 36474011141
2026-09-28T20:32:27.5929175Z env:
2026-09-28T20:32:27.5929736Z   pythonLocation: /opt/hostedtoolcache/Python/3.13.15/x64
2026-09-28T20:32:27.5931145Z   PKG_CONFIG_PATH: /opt/hostedtoolcache/Python/3.13.15/x64/lib/pkgconfig
2026-09-28T20:32:27.5932712Z   Python_ROOT_DIR: /opt/hostedtoolcache/Python/3.13.15/x64
2026-09-28T20:32:27.5934412Z   Python2_ROOT_DIR: /opt/hostedtoolcache/Python/3.13.15/x64
2026-09-28T20:32:27.5935875Z   Python3_ROOT_DIR: /opt/hostedtoolcache/Python/3.13.15/x64
2026-09-28T20:32:27.5937312Z   LD_LIBRARY_PATH: /opt/hostedtoolcache/Python/3.13.15/x64/lib
2026-09-28T20:32:27.5938575Z ##[endgroup]
2026-09-28T20:32:27.7599373Z Downloading single artifact
2026-09-28T20:32:27.7742133Z (node:2132) [DEP0040] DeprecationWarning: The `punycode` module is deprecated. Please use a userland alternative instead.
2026-09-28T20:32:27.7744870Z (Use `node --trace-deprecation ...` to show where the warning was created)
2026-09-28T20:32:28.0434204Z Preparing to download the following artifacts:
2026-09-28T20:32:28.0436664Z - full-stability-frozen-1 (ID: 10993525137, Size: 251763956, Expected Digest: sha256:c0b8cac48eb04e5c4bf171d44ae480bcc940e7884c236ab973963fed4621021f)
2026-09-28T20:32:28.3188868Z Redirecting to blob download url: https://productionresultssa15.blob.core.windows.net/actions-results/9f04f3d3-a0ec-4c2f-9243-287c869ea6f9/workflow-job-run-b4e25666-37d2-5c5e-b7c9-79c0c70c262c/artifacts/21a58e5ad768f3d825d279659e73e90fd4f566c1102ba130743afd8c79099a6b.zip
2026-09-28T20:32:28.3199751Z Starting download of artifact to: /home/runner/work/Spheres/Spheres/frozen
2026-09-28T20:32:28.7055001Z (node:2132) [DEP0005] DeprecationWarning: Buffer() is deprecated due to security and usability issues. Please use the Buffer.alloc(), Buffer.allocUnsafe(), or Buffer.from() methods instead.
2026-09-28T20:32:41.4543285Z SHA256 digest of downloaded artifact is c0b8cac48eb04e5c4bf171d44ae480bcc940e7884c236ab973963fed4621021f
2026-09-28T20:32:41.4544759Z Artifact download completed successfully.
2026-09-28T20:32:41.4545523Z Total of 1 artifact(s) downloaded
2026-09-28T20:32:41.4550458Z Download artifact has finished successfully
2026-09-28T20:32:41.4727084Z ##[group]Run chmod u+x frozen/native-test
2026-09-28T20:32:41.4727553Z [36;1mchmod u+x frozen/native-test[0m
2026-09-28T20:32:41.4728353Z [36;1mpython -B frozen/distributed_stability.py cell --bundle frozen --manifest-sha256 "$FROZEN_MANIFEST" --id "$CELL_ID" --out evidence --timeout-seconds 18000[0m
2026-09-28T20:32:41.5100939Z shell: /usr/bin/bash -e {0}
2026-09-28T20:32:41.5101411Z env:
2026-09-28T20:32:41.5101855Z   pythonLocation: /opt/hostedtoolcache/Python/3.13.15/x64
2026-09-28T20:32:41.5102536Z   PKG_CONFIG_PATH: /opt/hostedtoolcache/Python/3.13.15/x64/lib/pkgconfig
2026-09-28T20:32:41.5103229Z   Python_ROOT_DIR: /opt/hostedtoolcache/Python/3.13.15/x64
2026-09-28T20:32:41.5104035Z   Python2_ROOT_DIR: /opt/hostedtoolcache/Python/3.13.15/x64
2026-09-28T20:32:41.5104639Z   Python3_ROOT_DIR: /opt/hostedtoolcache/Python/3.13.15/x64
2026-09-28T20:32:41.5105288Z   LD_LIBRARY_PATH: /opt/hostedtoolcache/Python/3.13.15/x64/lib
2026-09-28T20:32:41.5106081Z   FROZEN_MANIFEST: 70a51be54a7e3100a5267ca310bf5c7f05a3c388a389b7c54904e6365c477cc8
2026-09-28T20:32:41.5106663Z   CELL_ID: japan-42
2026-09-28T20:32:41.5106934Z ##[endgroup]
2026-09-29T01:32:55.7790235Z Distributed stability refused: InvalidEvidence: Shard did not complete unchanged
2026-09-29T01:32:55.7900740Z ##[error]Process completed with exit code 2.
2026-09-29T01:32:55.7979247Z ##[group]Run actions/upload-artifact@v4
2026-09-29T01:32:55.7979571Z with:
2026-09-29T01:32:55.7979791Z   name: full-stability-cell-japan-42-1
2026-09-29T01:32:55.7980060Z   path: evidence
2026-09-29T01:32:55.7980270Z   if-no-files-found: error
2026-09-29T01:32:55.7980533Z   compression-level: 0
2026-09-29T01:32:55.7980749Z   retention-days: 7
2026-09-29T01:32:55.7980954Z   overwrite: false
2026-09-29T01:32:55.7981178Z   include-hidden-files: false
2026-09-29T01:32:55.7981432Z env:
2026-09-29T01:32:55.7981720Z   pythonLocation: /opt/hostedtoolcache/Python/3.13.15/x64
2026-09-29T01:32:55.7982152Z   PKG_CONFIG_PATH: /opt/hostedtoolcache/Python/3.13.15/x64/lib/pkgconfig
2026-09-29T01:32:55.7982574Z   Python_ROOT_DIR: /opt/hostedtoolcache/Python/3.13.15/x64
2026-09-29T01:32:55.7982959Z   Python2_ROOT_DIR: /opt/hostedtoolcache/Python/3.13.15/x64
2026-09-29T01:32:55.7983342Z   Python3_ROOT_DIR: /opt/hostedtoolcache/Python/3.13.15/x64
2026-09-29T01:32:55.7983760Z   LD_LIBRARY_PATH: /opt/hostedtoolcache/Python/3.13.15/x64/lib
2026-09-29T01:32:55.7984281Z ##[endgroup]
2026-09-29T01:32:55.9714639Z (node:4266) [DEP0040] DeprecationWarning: The `punycode` module is deprecated. Please use a userland alternative instead.
2026-09-29T01:32:55.9715628Z (Use `node --trace-deprecation ...` to show where the warning was created)
2026-09-29T01:32:55.9841381Z With the provided path, there will be 15 files uploaded
2026-09-29T01:32:55.9842360Z Artifact name is valid!
2026-09-29T01:32:55.9842801Z Root directory input is valid!
2026-09-29T01:32:56.4026708Z Beginning upload of artifact content to blob storage
2026-09-29T01:32:56.4581259Z (node:4266) [DEP0169] DeprecationWarning: `url.parse()` behavior is not standardized and prone to errors that have security implications. Use the WHATWG URL API instead. CVEs are not issued for `url.parse()` vulnerabilities.
2026-09-29T01:32:57.3982588Z Uploaded bytes 8388608
2026-09-29T01:32:57.4678334Z Uploaded bytes 16777216
2026-09-29T01:32:57.5159066Z Uploaded bytes 25165824
2026-09-29T01:32:57.5399889Z Uploaded bytes 33554432
2026-09-29T01:32:57.7009416Z Uploaded bytes 41943040
2026-09-29T01:32:58.0873198Z Uploaded bytes 47811418
2026-09-29T01:32:58.1650313Z Finished uploading artifact content to blob storage!
2026-09-29T01:32:58.1651915Z SHA256 digest of uploaded artifact zip is 7ec25d9c8812971624ea23ff0d61b60d9673645db9f01e890252ae3b139c1af9
2026-09-29T01:32:58.1654106Z Finalizing artifact upload
2026-09-29T01:32:58.4487957Z Artifact full-stability-cell-japan-42-1.zip successfully finalized. Artifact ID 11008136204
2026-09-29T01:32:58.4489749Z Artifact full-stability-cell-japan-42-1 has been successfully uploaded! Final size is 47811418 bytes. Artifact ID is 11008136204
2026-09-29T01:32:58.4495957Z Artifact download URL: https://github.com/ridgemerkley2-web/Spheres/actions/runs/36474011141/artifacts/11008136204
2026-09-29T01:32:58.4698535Z Cleaning up orphan processes
2026-09-29T01:32:58.5045337Z ##[warning]Node.js 20 is deprecated. The following actions target Node.js 20 but are being forced to run on Node.js 24: actions/download-artifact@v4, actions/setup-python@v5, actions/upload-artifact@v4. For more information see: https://github.blog/changelog/2025-09-19-deprecation-of-node-20-on-github-actions-runners/
