2026-09-28T20:08:29.1879433Z Current runner version: '2.337.0'
2026-09-28T20:08:29.1913316Z ##[group]Runner Image Provisioner
2026-09-28T20:08:29.1915045Z Hosted Compute Agent
2026-09-28T20:08:29.1916110Z Version: 20260828.587
2026-09-28T20:08:29.1917555Z Commit: abac92662cab4cc7352de4f9f9d2e2419aad9c29
2026-09-28T20:08:29.1918884Z Build Date: 2026-08-28T16:44:25Z
2026-09-28T20:08:29.1920057Z Worker ID: {b5af5fa5-d554-4558-a630-94daab573c65}
2026-09-28T20:08:29.1921375Z Azure Region: eastus
2026-09-28T20:08:29.1922373Z ##[endgroup]
2026-09-28T20:08:29.1924558Z ##[group]Operating System
2026-09-28T20:08:29.1925747Z Ubuntu
2026-09-28T20:08:29.1926628Z 24.04.5
2026-09-28T20:08:29.1927872Z LTS
2026-09-28T20:08:29.1928693Z ##[endgroup]
2026-09-28T20:08:29.1929741Z ##[group]Runner Image
2026-09-28T20:08:29.1930776Z Image: ubuntu-24.04
2026-09-28T20:08:29.1931685Z Version: 20260920.314.1
2026-09-28T20:08:29.1933895Z Included Software: https://github.com/actions/runner-images/blob/ubuntu24/20260920.314/images/ubuntu/Ubuntu2404-Readme.md
2026-09-28T20:08:29.1937422Z Image Release: https://github.com/actions/runner-images/releases/tag/ubuntu24%2F20260920.314
2026-09-28T20:08:29.1939201Z ##[endgroup]
2026-09-28T20:08:29.1941218Z ##[group]GITHUB_TOKEN Permissions
2026-09-28T20:08:29.1944175Z Contents: read
2026-09-28T20:08:29.1945096Z Metadata: read
2026-09-28T20:08:29.1946187Z ##[endgroup]
2026-09-28T20:08:29.1949470Z Secret source: Actions
2026-09-28T20:08:29.1951052Z Cache mode: write
2026-09-28T20:08:29.1952490Z Prepare workflow directory
2026-09-28T20:08:29.2429000Z Prepare all required actions
2026-09-28T20:08:29.2500534Z Getting action download info
2026-09-28T20:08:29.4940986Z Download action repository 'actions/setup-python@v5' (SHA:a26af69be951a213d495a4c3e4e4022e16d87065)
2026-09-28T20:08:29.6900149Z Download action repository 'actions/download-artifact@v4' (SHA:d3f86a106a0bac45b974a628896c90dbdf5c8093)
2026-09-28T20:08:29.8645913Z Download action repository 'actions/upload-artifact@v4' (SHA:ea165f8d65b6e75b540449e92b4886f43607fa02)
2026-09-28T20:08:30.0806417Z Complete job name: cell (saudiarabia-7)
2026-09-28T20:08:30.1617309Z ##[group]Run actions/setup-python@v5
2026-09-28T20:08:30.1618368Z with:
2026-09-28T20:08:30.1618858Z   python-version: 3.13
2026-09-28T20:08:30.1619385Z   check-latest: false
2026-09-28T20:08:30.1623463Z   token: ***
2026-09-28T20:08:30.1623960Z   update-environment: true
2026-09-28T20:08:30.1624542Z   allow-prereleases: false
2026-09-28T20:08:30.1625078Z   freethreaded: false
2026-09-28T20:08:30.1625806Z ##[endgroup]
2026-09-28T20:08:30.3122200Z ##[group]Installed versions
2026-09-28T20:08:30.3194829Z (node:2116) [DEP0040] DeprecationWarning: The `punycode` module is deprecated. Please use a userland alternative instead.
2026-09-28T20:08:30.3197455Z (Use `node --trace-deprecation ...` to show where the warning was created)
2026-09-28T20:08:30.3198906Z Successfully set up CPython (3.13.15)
2026-09-28T20:08:30.3200450Z ##[endgroup]
2026-09-28T20:08:30.3584198Z ##[group]Run actions/download-artifact@v4
2026-09-28T20:08:30.3584978Z with:
2026-09-28T20:08:30.3585457Z   name: full-stability-frozen-1
2026-09-28T20:08:30.3586015Z   path: frozen
2026-09-28T20:08:30.3586481Z   merge-multiple: false
2026-09-28T20:08:30.3587408Z   repository: ridgemerkley2-web/Spheres
2026-09-28T20:08:30.3588088Z   run-id: 36474011141
2026-09-28T20:08:30.3588738Z env:
2026-09-28T20:08:30.3590367Z   pythonLocation: /opt/hostedtoolcache/Python/3.13.15/x64
2026-09-28T20:08:30.3592127Z   PKG_CONFIG_PATH: /opt/hostedtoolcache/Python/3.13.15/x64/lib/pkgconfig
2026-09-28T20:08:30.3593684Z   Python_ROOT_DIR: /opt/hostedtoolcache/Python/3.13.15/x64
2026-09-28T20:08:30.3595129Z   Python2_ROOT_DIR: /opt/hostedtoolcache/Python/3.13.15/x64
2026-09-28T20:08:30.3596815Z   Python3_ROOT_DIR: /opt/hostedtoolcache/Python/3.13.15/x64
2026-09-28T20:08:30.3598832Z   LD_LIBRARY_PATH: /opt/hostedtoolcache/Python/3.13.15/x64/lib
2026-09-28T20:08:30.3600444Z ##[endgroup]
2026-09-28T20:08:30.5231435Z Downloading single artifact
2026-09-28T20:08:30.5379789Z (node:2124) [DEP0040] DeprecationWarning: The `punycode` module is deprecated. Please use a userland alternative instead.
2026-09-28T20:08:30.5381867Z (Use `node --trace-deprecation ...` to show where the warning was created)
2026-09-28T20:08:30.6109110Z Preparing to download the following artifacts:
2026-09-28T20:08:30.6112002Z - full-stability-frozen-1 (ID: 10993525137, Size: 251763956, Expected Digest: sha256:c0b8cac48eb04e5c4bf171d44ae480bcc940e7884c236ab973963fed4621021f)
2026-09-28T20:08:30.7481065Z Redirecting to blob download url: https://productionresultssa15.blob.core.windows.net/actions-results/9f04f3d3-a0ec-4c2f-9243-287c869ea6f9/workflow-job-run-b4e25666-37d2-5c5e-b7c9-79c0c70c262c/artifacts/21a58e5ad768f3d825d279659e73e90fd4f566c1102ba130743afd8c79099a6b.zip
2026-09-28T20:08:30.7487122Z Starting download of artifact to: /home/runner/work/Spheres/Spheres/frozen
2026-09-28T20:08:30.8411037Z (node:2124) [DEP0005] DeprecationWarning: Buffer() is deprecated due to security and usability issues. Please use the Buffer.alloc(), Buffer.allocUnsafe(), or Buffer.from() methods instead.
2026-09-28T20:08:34.8329865Z SHA256 digest of downloaded artifact is c0b8cac48eb04e5c4bf171d44ae480bcc940e7884c236ab973963fed4621021f
2026-09-28T20:08:34.8331247Z Artifact download completed successfully.
2026-09-28T20:08:34.8335523Z Total of 1 artifact(s) downloaded
2026-09-28T20:08:34.8338790Z Download artifact has finished successfully
2026-09-28T20:08:34.8520254Z ##[group]Run chmod u+x frozen/native-test
2026-09-28T20:08:34.8520719Z [36;1mchmod u+x frozen/native-test[0m
2026-09-28T20:08:34.8521511Z [36;1mpython -B frozen/distributed_stability.py cell --bundle frozen --manifest-sha256 "$FROZEN_MANIFEST" --id "$CELL_ID" --out evidence --timeout-seconds 18000[0m
2026-09-28T20:08:34.8914621Z shell: /usr/bin/bash -e {0}
2026-09-28T20:08:34.8915007Z env:
2026-09-28T20:08:34.8915389Z   pythonLocation: /opt/hostedtoolcache/Python/3.13.15/x64
2026-09-28T20:08:34.8916000Z   PKG_CONFIG_PATH: /opt/hostedtoolcache/Python/3.13.15/x64/lib/pkgconfig
2026-09-28T20:08:34.8916629Z   Python_ROOT_DIR: /opt/hostedtoolcache/Python/3.13.15/x64
2026-09-28T20:08:34.8917390Z   Python2_ROOT_DIR: /opt/hostedtoolcache/Python/3.13.15/x64
2026-09-28T20:08:34.8917963Z   Python3_ROOT_DIR: /opt/hostedtoolcache/Python/3.13.15/x64
2026-09-28T20:08:34.8918518Z   LD_LIBRARY_PATH: /opt/hostedtoolcache/Python/3.13.15/x64/lib
2026-09-28T20:08:34.8919246Z   FROZEN_MANIFEST: 70a51be54a7e3100a5267ca310bf5c7f05a3c388a389b7c54904e6365c477cc8
2026-09-28T20:08:34.8919838Z   CELL_ID: saudiarabia-7
2026-09-28T20:08:34.8920165Z ##[endgroup]
2026-09-29T01:08:49.1198493Z Distributed stability refused: InvalidEvidence: Shard did not complete unchanged
2026-09-29T01:08:49.1304574Z ##[error]Process completed with exit code 2.
2026-09-29T01:08:49.1382661Z ##[group]Run actions/upload-artifact@v4
2026-09-29T01:08:49.1382999Z with:
2026-09-29T01:08:49.1383232Z   name: full-stability-cell-saudiarabia-7-1
2026-09-29T01:08:49.1383524Z   path: evidence
2026-09-29T01:08:49.1383739Z   if-no-files-found: error
2026-09-29T01:08:49.1383994Z   compression-level: 0
2026-09-29T01:08:49.1384211Z   retention-days: 7
2026-09-29T01:08:49.1384420Z   overwrite: false
2026-09-29T01:08:49.1384643Z   include-hidden-files: false
2026-09-29T01:08:49.1384893Z env:
2026-09-29T01:08:49.1385177Z   pythonLocation: /opt/hostedtoolcache/Python/3.13.15/x64
2026-09-29T01:08:49.1385618Z   PKG_CONFIG_PATH: /opt/hostedtoolcache/Python/3.13.15/x64/lib/pkgconfig
2026-09-29T01:08:49.1386042Z   Python_ROOT_DIR: /opt/hostedtoolcache/Python/3.13.15/x64
2026-09-29T01:08:49.1386432Z   Python2_ROOT_DIR: /opt/hostedtoolcache/Python/3.13.15/x64
2026-09-29T01:08:49.1386812Z   Python3_ROOT_DIR: /opt/hostedtoolcache/Python/3.13.15/x64
2026-09-29T01:08:49.1387414Z   LD_LIBRARY_PATH: /opt/hostedtoolcache/Python/3.13.15/x64/lib
2026-09-29T01:08:49.1387744Z ##[endgroup]
2026-09-29T01:08:49.3050698Z (node:4936) [DEP0040] DeprecationWarning: The `punycode` module is deprecated. Please use a userland alternative instead.
2026-09-29T01:08:49.3051574Z (Use `node --trace-deprecation ...` to show where the warning was created)
2026-09-29T01:08:49.3181934Z With the provided path, there will be 15 files uploaded
2026-09-29T01:08:49.3188079Z Artifact name is valid!
2026-09-29T01:08:49.3188889Z Root directory input is valid!
2026-09-29T01:08:49.5772445Z Beginning upload of artifact content to blob storage
2026-09-29T01:08:49.6346180Z (node:4936) [DEP0169] DeprecationWarning: `url.parse()` behavior is not standardized and prone to errors that have security implications. Use the WHATWG URL API instead. CVEs are not issued for `url.parse()` vulnerabilities.
2026-09-29T01:08:49.8611447Z Uploaded bytes 8388608
2026-09-29T01:08:49.9724308Z Uploaded bytes 16777216
2026-09-29T01:08:50.0090531Z Uploaded bytes 25165824
2026-09-29T01:08:50.0162016Z Uploaded bytes 33554432
2026-09-29T01:08:50.0655674Z Uploaded bytes 41943040
2026-09-29T01:08:50.2297865Z Uploaded bytes 47647630
2026-09-29T01:08:50.2476632Z Finished uploading artifact content to blob storage!
2026-09-29T01:08:50.2478213Z SHA256 digest of uploaded artifact zip is b0d782f79b970680ad1b57e1fe67671602a730fdeb609996b4bbb09850658d6f
2026-09-29T01:08:50.2480969Z Finalizing artifact upload
2026-09-29T01:08:50.4709569Z Artifact full-stability-cell-saudiarabia-7-1.zip successfully finalized. Artifact ID 11006853673
2026-09-29T01:08:50.4711246Z Artifact full-stability-cell-saudiarabia-7-1 has been successfully uploaded! Final size is 47647630 bytes. Artifact ID is 11006853673
2026-09-29T01:08:50.4718605Z Artifact download URL: https://github.com/ridgemerkley2-web/Spheres/actions/runs/36474011141/artifacts/11006853673
2026-09-29T01:08:50.4911455Z Cleaning up orphan processes
2026-09-29T01:08:50.5242072Z ##[warning]Node.js 20 is deprecated. The following actions target Node.js 20 but are being forced to run on Node.js 24: actions/download-artifact@v4, actions/setup-python@v5, actions/upload-artifact@v4. For more information see: https://github.blog/changelog/2025-09-19-deprecation-of-node-20-on-github-actions-runners/
