2026-09-29T00:38:36.0859200Z Current runner version: '2.337.0'
2026-09-29T00:38:36.0887894Z ##[group]Runner Image Provisioner
2026-09-29T00:38:36.0888835Z Hosted Compute Agent
2026-09-29T00:38:36.0889408Z Version: 20260828.587
2026-09-29T00:38:36.0890011Z Commit: abac92662cab4cc7352de4f9f9d2e2419aad9c29
2026-09-29T00:38:36.0890680Z Build Date: 2026-08-28T16:44:25Z
2026-09-29T00:38:36.0891290Z Worker ID: {4ba3662b-d5cd-45df-b633-3d3f9cf42cb6}
2026-09-29T00:38:36.0891980Z Azure Region: westus3
2026-09-29T00:38:36.0892504Z ##[endgroup]
2026-09-29T00:38:36.0894024Z ##[group]Operating System
2026-09-29T00:38:36.0894631Z Ubuntu
2026-09-29T00:38:36.0895097Z 24.04.5
2026-09-29T00:38:36.0895605Z LTS
2026-09-29T00:38:36.0896249Z ##[endgroup]
2026-09-29T00:38:36.0896758Z ##[group]Runner Image
2026-09-29T00:38:36.0897366Z Image: ubuntu-24.04
2026-09-29T00:38:36.0897876Z Version: 20260920.314.1
2026-09-29T00:38:36.0899172Z Included Software: https://github.com/actions/runner-images/blob/ubuntu24/20260920.314/images/ubuntu/Ubuntu2404-Readme.md
2026-09-29T00:38:36.0900570Z Image Release: https://github.com/actions/runner-images/releases/tag/ubuntu24%2F20260920.314
2026-09-29T00:38:36.0901451Z ##[endgroup]
2026-09-29T00:38:36.0902456Z ##[group]GITHUB_TOKEN Permissions
2026-09-29T00:38:36.0904911Z Contents: read
2026-09-29T00:38:36.0905503Z Metadata: read
2026-09-29T00:38:36.0906576Z ##[endgroup]
2026-09-29T00:38:36.0908949Z Secret source: Actions
2026-09-29T00:38:36.0909913Z Cache mode: write
2026-09-29T00:38:36.0910621Z Prepare workflow directory
2026-09-29T00:38:36.1256486Z Prepare all required actions
2026-09-29T00:38:36.1307579Z Getting action download info
2026-09-29T00:38:36.4398553Z Download action repository 'actions/setup-python@v5' (SHA:a26af69be951a213d495a4c3e4e4022e16d87065)
2026-09-29T00:38:36.6274061Z Download action repository 'actions/download-artifact@v4' (SHA:d3f86a106a0bac45b974a628896c90dbdf5c8093)
2026-09-29T00:38:37.3713630Z Download action repository 'actions/upload-artifact@v4' (SHA:ea165f8d65b6e75b540449e92b4886f43607fa02)
2026-09-29T00:38:37.6203146Z Complete job name: cell (saudiarabia-42)
2026-09-29T00:38:37.6958674Z ##[group]Run actions/setup-python@v5
2026-09-29T00:38:37.6959849Z with:
2026-09-29T00:38:37.6960488Z   python-version: 3.13
2026-09-29T00:38:37.6961156Z   check-latest: false
2026-09-29T00:38:37.6965616Z   token: ***
2026-09-29T00:38:37.6966465Z   update-environment: true
2026-09-29T00:38:37.6967190Z   allow-prereleases: false
2026-09-29T00:38:37.6967864Z   freethreaded: false
2026-09-29T00:38:37.6968741Z ##[endgroup]
2026-09-29T00:38:37.8599352Z ##[group]Installed versions
2026-09-29T00:38:37.9104995Z (node:2066) [DEP0040] DeprecationWarning: The `punycode` module is deprecated. Please use a userland alternative instead.
2026-09-29T00:38:37.9107523Z (Use `node --trace-deprecation ...` to show where the warning was created)
2026-09-29T00:38:37.9109217Z Successfully set up CPython (3.13.15)
2026-09-29T00:38:37.9111460Z ##[endgroup]
2026-09-29T00:38:37.9508014Z ##[group]Run actions/download-artifact@v4
2026-09-29T00:38:37.9508804Z with:
2026-09-29T00:38:37.9509301Z   name: full-stability-frozen-1
2026-09-29T00:38:37.9509894Z   path: frozen
2026-09-29T00:38:37.9510386Z   merge-multiple: false
2026-09-29T00:38:37.9510965Z   repository: ridgemerkley2-web/Spheres
2026-09-29T00:38:37.9511583Z   run-id: 36474011141
2026-09-29T00:38:37.9512089Z env:
2026-09-29T00:38:37.9512680Z   pythonLocation: /opt/hostedtoolcache/Python/3.13.15/x64
2026-09-29T00:38:37.9513635Z   PKG_CONFIG_PATH: /opt/hostedtoolcache/Python/3.13.15/x64/lib/pkgconfig
2026-09-29T00:38:37.9514548Z   Python_ROOT_DIR: /opt/hostedtoolcache/Python/3.13.15/x64
2026-09-29T00:38:37.9515459Z   Python2_ROOT_DIR: /opt/hostedtoolcache/Python/3.13.15/x64
2026-09-29T00:38:37.9517288Z   Python3_ROOT_DIR: /opt/hostedtoolcache/Python/3.13.15/x64
2026-09-29T00:38:37.9520221Z   LD_LIBRARY_PATH: /opt/hostedtoolcache/Python/3.13.15/x64/lib
2026-09-29T00:38:37.9522796Z ##[endgroup]
2026-09-29T00:38:38.1200957Z Downloading single artifact
2026-09-29T00:38:38.1352791Z (node:2074) [DEP0040] DeprecationWarning: The `punycode` module is deprecated. Please use a userland alternative instead.
2026-09-29T00:38:38.1357013Z (Use `node --trace-deprecation ...` to show where the warning was created)
2026-09-29T00:38:38.3671574Z Preparing to download the following artifacts:
2026-09-29T00:38:38.3673102Z - full-stability-frozen-1 (ID: 10993525137, Size: 251763956, Expected Digest: sha256:c0b8cac48eb04e5c4bf171d44ae480bcc940e7884c236ab973963fed4621021f)
2026-09-29T00:38:38.5972013Z Redirecting to blob download url: https://productionresultssa15.blob.core.windows.net/actions-results/9f04f3d3-a0ec-4c2f-9243-287c869ea6f9/workflow-job-run-b4e25666-37d2-5c5e-b7c9-79c0c70c262c/artifacts/21a58e5ad768f3d825d279659e73e90fd4f566c1102ba130743afd8c79099a6b.zip
2026-09-29T00:38:38.5977953Z Starting download of artifact to: /home/runner/work/Spheres/Spheres/frozen
2026-09-29T00:38:38.8458980Z (node:2074) [DEP0005] DeprecationWarning: Buffer() is deprecated due to security and usability issues. Please use the Buffer.alloc(), Buffer.allocUnsafe(), or Buffer.from() methods instead.
2026-09-29T00:38:44.0932363Z SHA256 digest of downloaded artifact is c0b8cac48eb04e5c4bf171d44ae480bcc940e7884c236ab973963fed4621021f
2026-09-29T00:38:44.0934845Z Artifact download completed successfully.
2026-09-29T00:38:44.0935519Z Total of 1 artifact(s) downloaded
2026-09-29T00:38:44.0939962Z Download artifact has finished successfully
2026-09-29T00:38:44.1087982Z ##[group]Run chmod u+x frozen/native-test
2026-09-29T00:38:44.1088510Z [36;1mchmod u+x frozen/native-test[0m
2026-09-29T00:38:44.1089298Z [36;1mpython -B frozen/distributed_stability.py cell --bundle frozen --manifest-sha256 "$FROZEN_MANIFEST" --id "$CELL_ID" --out evidence --timeout-seconds 18000[0m
2026-09-29T00:38:44.1350141Z shell: /usr/bin/bash -e {0}
2026-09-29T00:38:44.1350549Z env:
2026-09-29T00:38:44.1350896Z   pythonLocation: /opt/hostedtoolcache/Python/3.13.15/x64
2026-09-29T00:38:44.1351404Z   PKG_CONFIG_PATH: /opt/hostedtoolcache/Python/3.13.15/x64/lib/pkgconfig
2026-09-29T00:38:44.1351918Z   Python_ROOT_DIR: /opt/hostedtoolcache/Python/3.13.15/x64
2026-09-29T00:38:44.1352349Z   Python2_ROOT_DIR: /opt/hostedtoolcache/Python/3.13.15/x64
2026-09-29T00:38:44.1352788Z   Python3_ROOT_DIR: /opt/hostedtoolcache/Python/3.13.15/x64
2026-09-29T00:38:44.1353251Z   LD_LIBRARY_PATH: /opt/hostedtoolcache/Python/3.13.15/x64/lib
2026-09-29T00:38:44.1353919Z   FROZEN_MANIFEST: 70a51be54a7e3100a5267ca310bf5c7f05a3c388a389b7c54904e6365c477cc8
2026-09-29T00:38:44.1354394Z   CELL_ID: saudiarabia-42
2026-09-29T00:38:44.1354698Z ##[endgroup]
2026-09-29T05:38:58.9338959Z Distributed stability refused: InvalidEvidence: Shard did not complete unchanged
2026-09-29T05:38:58.9442486Z ##[error]Process completed with exit code 2.
2026-09-29T05:38:58.9523798Z ##[group]Run actions/upload-artifact@v4
2026-09-29T05:38:58.9524122Z with:
2026-09-29T05:38:58.9524373Z   name: full-stability-cell-saudiarabia-42-1
2026-09-29T05:38:58.9524678Z   path: evidence
2026-09-29T05:38:58.9524898Z   if-no-files-found: error
2026-09-29T05:38:58.9525163Z   compression-level: 0
2026-09-29T05:38:58.9525397Z   retention-days: 7
2026-09-29T05:38:58.9525612Z   overwrite: false
2026-09-29T05:38:58.9526097Z   include-hidden-files: false
2026-09-29T05:38:58.9526381Z env:
2026-09-29T05:38:58.9526696Z   pythonLocation: /opt/hostedtoolcache/Python/3.13.15/x64
2026-09-29T05:38:58.9527132Z   PKG_CONFIG_PATH: /opt/hostedtoolcache/Python/3.13.15/x64/lib/pkgconfig
2026-09-29T05:38:58.9527555Z   Python_ROOT_DIR: /opt/hostedtoolcache/Python/3.13.15/x64
2026-09-29T05:38:58.9527928Z   Python2_ROOT_DIR: /opt/hostedtoolcache/Python/3.13.15/x64
2026-09-29T05:38:58.9528312Z   Python3_ROOT_DIR: /opt/hostedtoolcache/Python/3.13.15/x64
2026-09-29T05:38:58.9528743Z   LD_LIBRARY_PATH: /opt/hostedtoolcache/Python/3.13.15/x64/lib
2026-09-29T05:38:58.9529058Z ##[endgroup]
2026-09-29T05:38:59.1276251Z (node:4022) [DEP0040] DeprecationWarning: The `punycode` module is deprecated. Please use a userland alternative instead.
2026-09-29T05:38:59.1277601Z (Use `node --trace-deprecation ...` to show where the warning was created)
2026-09-29T05:38:59.1411729Z With the provided path, there will be 15 files uploaded
2026-09-29T05:38:59.1412747Z Artifact name is valid!
2026-09-29T05:38:59.1413226Z Root directory input is valid!
2026-09-29T05:38:59.5626571Z Beginning upload of artifact content to blob storage
2026-09-29T05:38:59.6221468Z (node:4022) [DEP0169] DeprecationWarning: `url.parse()` behavior is not standardized and prone to errors that have security implications. Use the WHATWG URL API instead. CVEs are not issued for `url.parse()` vulnerabilities.
2026-09-29T05:39:00.2971587Z Uploaded bytes 8388608
2026-09-29T05:39:00.3594994Z Uploaded bytes 16777216
2026-09-29T05:39:00.4389120Z Uploaded bytes 25165824
2026-09-29T05:39:00.4544125Z Uploaded bytes 33554432
2026-09-29T05:39:00.5615082Z Uploaded bytes 41943040
2026-09-29T05:39:00.9217152Z Uploaded bytes 49011347
2026-09-29T05:39:00.9853928Z Finished uploading artifact content to blob storage!
2026-09-29T05:39:00.9855580Z SHA256 digest of uploaded artifact zip is de1cdfa968448e2eef6df3eb0cce8801352d03856269e8310ac3239785b1fbb1
2026-09-29T05:39:00.9857123Z Finalizing artifact upload
2026-09-29T05:39:01.2121063Z Artifact full-stability-cell-saudiarabia-42-1.zip successfully finalized. Artifact ID 11014079481
2026-09-29T05:39:01.2122783Z Artifact full-stability-cell-saudiarabia-42-1 has been successfully uploaded! Final size is 49011347 bytes. Artifact ID is 11014079481
2026-09-29T05:39:01.2130109Z Artifact download URL: https://github.com/ridgemerkley2-web/Spheres/actions/runs/36474011141/artifacts/11014079481
2026-09-29T05:39:01.2332632Z Cleaning up orphan processes
2026-09-29T05:39:01.2528909Z ##[warning]Node.js 20 is deprecated. The following actions target Node.js 20 but are being forced to run on Node.js 24: actions/download-artifact@v4, actions/setup-python@v5, actions/upload-artifact@v4. For more information see: https://github.blog/changelog/2025-09-19-deprecation-of-node-20-on-github-actions-runners/
