2026-09-28T19:50:41.9156127Z Current runner version: '2.337.0'
2026-09-28T19:50:41.9182903Z ##[group]Runner Image Provisioner
2026-09-28T19:50:41.9183840Z Hosted Compute Agent
2026-09-28T19:50:41.9184370Z Version: 20260828.587
2026-09-28T19:50:41.9184970Z Commit: abac92662cab4cc7352de4f9f9d2e2419aad9c29
2026-09-28T19:50:41.9185672Z Build Date: 2026-08-28T16:44:25Z
2026-09-28T19:50:41.9186269Z Worker ID: {206d9f1a-e531-443b-b848-4ba777887e82}
2026-09-28T19:50:41.9186935Z Azure Region: westus3
2026-09-28T19:50:41.9187445Z ##[endgroup]
2026-09-28T19:50:41.9188940Z ##[group]Operating System
2026-09-28T19:50:41.9189689Z Ubuntu
2026-09-28T19:50:41.9190187Z 24.04.5
2026-09-28T19:50:41.9190699Z LTS
2026-09-28T19:50:41.9191162Z ##[endgroup]
2026-09-28T19:50:41.9191675Z ##[group]Runner Image
2026-09-28T19:50:41.9192240Z Image: ubuntu-24.04
2026-09-28T19:50:41.9192746Z Version: 20260920.314.1
2026-09-28T19:50:41.9193903Z Included Software: https://github.com/actions/runner-images/blob/ubuntu24/20260920.314/images/ubuntu/Ubuntu2404-Readme.md
2026-09-28T19:50:41.9195289Z Image Release: https://github.com/actions/runner-images/releases/tag/ubuntu24%2F20260920.314
2026-09-28T19:50:41.9196179Z ##[endgroup]
2026-09-28T19:50:41.9197214Z ##[group]GITHUB_TOKEN Permissions
2026-09-28T19:50:41.9199407Z Contents: read
2026-09-28T19:50:41.9200076Z Metadata: read
2026-09-28T19:50:41.9200957Z ##[endgroup]
2026-09-28T19:50:41.9203155Z Secret source: Actions
2026-09-28T19:50:41.9204077Z Cache mode: write
2026-09-28T19:50:41.9204754Z Prepare workflow directory
2026-09-28T19:50:41.9581144Z Prepare all required actions
2026-09-28T19:50:41.9630250Z Getting action download info
2026-09-28T19:50:42.2884102Z Download action repository 'actions/setup-python@v5' (SHA:a26af69be951a213d495a4c3e4e4022e16d87065)
2026-09-28T19:50:42.4086415Z Download action repository 'actions/download-artifact@v4' (SHA:d3f86a106a0bac45b974a628896c90dbdf5c8093)
2026-09-28T19:50:43.3605298Z Download action repository 'actions/upload-artifact@v4' (SHA:ea165f8d65b6e75b540449e92b4886f43607fa02)
2026-09-28T19:50:43.5416383Z Complete job name: cell (saudiarabia-1990)
2026-09-28T19:50:43.6143567Z ##[group]Run actions/setup-python@v5
2026-09-28T19:50:43.6144820Z with:
2026-09-28T19:50:43.6145423Z   python-version: 3.13
2026-09-28T19:50:43.6146065Z   check-latest: false
2026-09-28T19:50:43.6150628Z   token: ***
2026-09-28T19:50:43.6151211Z   update-environment: true
2026-09-28T19:50:43.6151997Z   allow-prereleases: false
2026-09-28T19:50:43.6152621Z   freethreaded: false
2026-09-28T19:50:43.6153643Z ##[endgroup]
2026-09-28T19:50:43.7677381Z ##[group]Installed versions
2026-09-28T19:50:43.7725545Z (node:2055) [DEP0040] DeprecationWarning: The `punycode` module is deprecated. Please use a userland alternative instead.
2026-09-28T19:50:43.7727472Z (Use `node --trace-deprecation ...` to show where the warning was created)
2026-09-28T19:50:43.7728754Z Successfully set up CPython (3.13.15)
2026-09-28T19:50:43.7730618Z ##[endgroup]
2026-09-28T19:50:43.8080831Z ##[group]Run actions/download-artifact@v4
2026-09-28T19:50:43.8081586Z with:
2026-09-28T19:50:43.8082076Z   name: full-stability-frozen-1
2026-09-28T19:50:43.8082648Z   path: frozen
2026-09-28T19:50:43.8083136Z   merge-multiple: false
2026-09-28T19:50:43.8083696Z   repository: ridgemerkley2-web/Spheres
2026-09-28T19:50:43.8084301Z   run-id: 36474011141
2026-09-28T19:50:43.8084793Z env:
2026-09-28T19:50:43.8085369Z   pythonLocation: /opt/hostedtoolcache/Python/3.13.15/x64
2026-09-28T19:50:43.8086290Z   PKG_CONFIG_PATH: /opt/hostedtoolcache/Python/3.13.15/x64/lib/pkgconfig
2026-09-28T19:50:43.8088450Z   Python_ROOT_DIR: /opt/hostedtoolcache/Python/3.13.15/x64
2026-09-28T19:50:43.8090073Z   Python2_ROOT_DIR: /opt/hostedtoolcache/Python/3.13.15/x64
2026-09-28T19:50:43.8091521Z   Python3_ROOT_DIR: /opt/hostedtoolcache/Python/3.13.15/x64
2026-09-28T19:50:43.8092908Z   LD_LIBRARY_PATH: /opt/hostedtoolcache/Python/3.13.15/x64/lib
2026-09-28T19:50:43.8093663Z ##[endgroup]
2026-09-28T19:50:43.9698513Z Downloading single artifact
2026-09-28T19:50:43.9846605Z (node:2063) [DEP0040] DeprecationWarning: The `punycode` module is deprecated. Please use a userland alternative instead.
2026-09-28T19:50:43.9850270Z (Use `node --trace-deprecation ...` to show where the warning was created)
2026-09-28T19:50:44.2000853Z Preparing to download the following artifacts:
2026-09-28T19:50:44.2002537Z - full-stability-frozen-1 (ID: 10993525137, Size: 251763956, Expected Digest: sha256:c0b8cac48eb04e5c4bf171d44ae480bcc940e7884c236ab973963fed4621021f)
2026-09-28T19:50:44.4220606Z Redirecting to blob download url: https://productionresultssa15.blob.core.windows.net/actions-results/9f04f3d3-a0ec-4c2f-9243-287c869ea6f9/workflow-job-run-b4e25666-37d2-5c5e-b7c9-79c0c70c262c/artifacts/21a58e5ad768f3d825d279659e73e90fd4f566c1102ba130743afd8c79099a6b.zip
2026-09-28T19:50:44.4223614Z Starting download of artifact to: /home/runner/work/Spheres/Spheres/frozen
2026-09-28T19:50:44.6910268Z (node:2063) [DEP0005] DeprecationWarning: Buffer() is deprecated due to security and usability issues. Please use the Buffer.alloc(), Buffer.allocUnsafe(), or Buffer.from() methods instead.
2026-09-28T19:50:50.2288994Z SHA256 digest of downloaded artifact is c0b8cac48eb04e5c4bf171d44ae480bcc940e7884c236ab973963fed4621021f
2026-09-28T19:50:50.2290878Z Artifact download completed successfully.
2026-09-28T19:50:50.2291715Z Total of 1 artifact(s) downloaded
2026-09-28T19:50:50.2295515Z Download artifact has finished successfully
2026-09-28T19:50:50.2465918Z ##[group]Run chmod u+x frozen/native-test
2026-09-28T19:50:50.2466435Z [36;1mchmod u+x frozen/native-test[0m
2026-09-28T19:50:50.2467235Z [36;1mpython -B frozen/distributed_stability.py cell --bundle frozen --manifest-sha256 "$FROZEN_MANIFEST" --id "$CELL_ID" --out evidence --timeout-seconds 18000[0m
2026-09-28T19:50:50.2725542Z shell: /usr/bin/bash -e {0}
2026-09-28T19:50:50.2725923Z env:
2026-09-28T19:50:50.2726266Z   pythonLocation: /opt/hostedtoolcache/Python/3.13.15/x64
2026-09-28T19:50:50.2726771Z   PKG_CONFIG_PATH: /opt/hostedtoolcache/Python/3.13.15/x64/lib/pkgconfig
2026-09-28T19:50:50.2727287Z   Python_ROOT_DIR: /opt/hostedtoolcache/Python/3.13.15/x64
2026-09-28T19:50:50.2727723Z   Python2_ROOT_DIR: /opt/hostedtoolcache/Python/3.13.15/x64
2026-09-28T19:50:50.2728181Z   Python3_ROOT_DIR: /opt/hostedtoolcache/Python/3.13.15/x64
2026-09-28T19:50:50.2728627Z   LD_LIBRARY_PATH: /opt/hostedtoolcache/Python/3.13.15/x64/lib
2026-09-28T19:50:50.2729239Z   FROZEN_MANIFEST: 70a51be54a7e3100a5267ca310bf5c7f05a3c388a389b7c54904e6365c477cc8
2026-09-28T19:50:50.2729961Z   CELL_ID: saudiarabia-1990
2026-09-28T19:50:50.2730266Z ##[endgroup]
2026-09-29T00:51:04.3988982Z Distributed stability refused: InvalidEvidence: Shard did not complete unchanged
2026-09-29T00:51:04.4092898Z ##[error]Process completed with exit code 2.
2026-09-29T00:51:04.4175621Z ##[group]Run actions/upload-artifact@v4
2026-09-29T00:51:04.4184497Z with:
2026-09-29T00:51:04.4184865Z   name: full-stability-cell-saudiarabia-1990-1
2026-09-29T00:51:04.4185196Z   path: evidence
2026-09-29T00:51:04.4185427Z   if-no-files-found: error
2026-09-29T00:51:04.4185715Z   compression-level: 0
2026-09-29T00:51:04.4185956Z   retention-days: 7
2026-09-29T00:51:04.4186179Z   overwrite: false
2026-09-29T00:51:04.4186413Z   include-hidden-files: false
2026-09-29T00:51:04.4186663Z env:
2026-09-29T00:51:04.4186959Z   pythonLocation: /opt/hostedtoolcache/Python/3.13.15/x64
2026-09-29T00:51:04.4187399Z   PKG_CONFIG_PATH: /opt/hostedtoolcache/Python/3.13.15/x64/lib/pkgconfig
2026-09-29T00:51:04.4187820Z   Python_ROOT_DIR: /opt/hostedtoolcache/Python/3.13.15/x64
2026-09-29T00:51:04.4188202Z   Python2_ROOT_DIR: /opt/hostedtoolcache/Python/3.13.15/x64
2026-09-29T00:51:04.4188589Z   Python3_ROOT_DIR: /opt/hostedtoolcache/Python/3.13.15/x64
2026-09-29T00:51:04.4189019Z   LD_LIBRARY_PATH: /opt/hostedtoolcache/Python/3.13.15/x64/lib
2026-09-29T00:51:04.4189350Z ##[endgroup]
2026-09-29T00:51:04.5827184Z (node:3957) [DEP0040] DeprecationWarning: The `punycode` module is deprecated. Please use a userland alternative instead.
2026-09-29T00:51:04.5832244Z (Use `node --trace-deprecation ...` to show where the warning was created)
2026-09-29T00:51:04.5940433Z With the provided path, there will be 15 files uploaded
2026-09-29T00:51:04.5947011Z Artifact name is valid!
2026-09-29T00:51:04.5947494Z Root directory input is valid!
2026-09-29T00:51:05.0171953Z Beginning upload of artifact content to blob storage
2026-09-29T00:51:05.0716096Z (node:3957) [DEP0169] DeprecationWarning: `url.parse()` behavior is not standardized and prone to errors that have security implications. Use the WHATWG URL API instead. CVEs are not issued for `url.parse()` vulnerabilities.
2026-09-29T00:51:05.8251547Z Uploaded bytes 8388608
2026-09-29T00:51:05.8283518Z Uploaded bytes 16777216
2026-09-29T00:51:05.9230108Z Uploaded bytes 25165824
2026-09-29T00:51:05.9663862Z Uploaded bytes 33554432
2026-09-29T00:51:06.0651274Z Uploaded bytes 41943040
2026-09-29T00:51:06.3078729Z Uploaded bytes 48092222
2026-09-29T00:51:06.3644287Z Finished uploading artifact content to blob storage!
2026-09-29T00:51:06.3645228Z SHA256 digest of uploaded artifact zip is 2c0e22c34671811a28b6273d8d0647aa9f23cf5608841fc207f86467ba337e99
2026-09-29T00:51:06.3647148Z Finalizing artifact upload
2026-09-29T00:51:06.6375250Z Artifact full-stability-cell-saudiarabia-1990-1.zip successfully finalized. Artifact ID 11007202414
2026-09-29T00:51:06.6376442Z Artifact full-stability-cell-saudiarabia-1990-1 has been successfully uploaded! Final size is 48092222 bytes. Artifact ID is 11007202414
2026-09-29T00:51:06.6382136Z Artifact download URL: https://github.com/ridgemerkley2-web/Spheres/actions/runs/36474011141/artifacts/11007202414
2026-09-29T00:51:06.6563578Z Cleaning up orphan processes
2026-09-29T00:51:06.6766554Z ##[warning]Node.js 20 is deprecated. The following actions target Node.js 20 but are being forced to run on Node.js 24: actions/download-artifact@v4, actions/setup-python@v5, actions/upload-artifact@v4. For more information see: https://github.blog/changelog/2025-09-19-deprecation-of-node-20-on-github-actions-runners/
