2026-09-28T19:47:38.4700825Z Current runner version: '2.337.0'
2026-09-28T19:47:38.4742100Z ##[group]Runner Image Provisioner
2026-09-28T19:47:38.4743753Z Hosted Compute Agent
2026-09-28T19:47:38.4744933Z Version: 20260828.587
2026-09-28T19:47:38.4746045Z Commit: abac92662cab4cc7352de4f9f9d2e2419aad9c29
2026-09-28T19:47:38.4747620Z Build Date: 2026-08-28T16:44:25Z
2026-09-28T19:47:38.4748851Z Worker ID: {2572b9ce-c922-46ea-96a6-6013a4ad380a}
2026-09-28T19:47:38.4750216Z Azure Region: centralus
2026-09-28T19:47:38.4751527Z ##[endgroup]
2026-09-28T19:47:38.4753757Z ##[group]Operating System
2026-09-28T19:47:38.4754933Z Ubuntu
2026-09-28T19:47:38.4755761Z 24.04.5
2026-09-28T19:47:38.4756659Z LTS
2026-09-28T19:47:38.4757535Z ##[endgroup]
2026-09-28T19:47:38.4758416Z ##[group]Runner Image
2026-09-28T19:47:38.4759471Z Image: ubuntu-24.04
2026-09-28T19:47:38.4760382Z Version: 20260920.314.1
2026-09-28T19:47:38.4762775Z Included Software: https://github.com/actions/runner-images/blob/ubuntu24/20260920.314/images/ubuntu/Ubuntu2404-Readme.md
2026-09-28T19:47:38.4765377Z Image Release: https://github.com/actions/runner-images/releases/tag/ubuntu24%2F20260920.314
2026-09-28T19:47:38.4767098Z ##[endgroup]
2026-09-28T19:47:38.4769173Z ##[group]GITHUB_TOKEN Permissions
2026-09-28T19:47:38.4772668Z Contents: read
2026-09-28T19:47:38.4773726Z Metadata: read
2026-09-28T19:47:38.4775299Z ##[endgroup]
2026-09-28T19:47:38.4778501Z Secret source: Actions
2026-09-28T19:47:38.4780260Z Cache mode: write
2026-09-28T19:47:38.4782412Z Prepare workflow directory
2026-09-28T19:47:38.5157827Z Prepare all required actions
2026-09-28T19:47:38.5207871Z Getting action download info
2026-09-28T19:47:38.7955983Z Download action repository 'actions/setup-python@v5' (SHA:a26af69be951a213d495a4c3e4e4022e16d87065)
2026-09-28T19:47:38.9387614Z Download action repository 'actions/download-artifact@v4' (SHA:d3f86a106a0bac45b974a628896c90dbdf5c8093)
2026-09-28T19:47:39.4286689Z Download action repository 'actions/upload-artifact@v4' (SHA:ea165f8d65b6e75b540449e92b4886f43607fa02)
2026-09-28T19:47:39.6417330Z Complete job name: cell (southafrica-42)
2026-09-28T19:47:39.7252670Z ##[group]Run actions/setup-python@v5
2026-09-28T19:47:39.7253786Z with:
2026-09-28T19:47:39.7254305Z   python-version: 3.13
2026-09-28T19:47:39.7254848Z   check-latest: false
2026-09-28T19:47:39.7259402Z   token: ***
2026-09-28T19:47:39.7259922Z   update-environment: true
2026-09-28T19:47:39.7260504Z   allow-prereleases: false
2026-09-28T19:47:39.7261283Z   freethreaded: false
2026-09-28T19:47:39.7262106Z ##[endgroup]
2026-09-28T19:47:39.8816110Z ##[group]Installed versions
2026-09-28T19:47:39.8895580Z (node:2124) [DEP0040] DeprecationWarning: The `punycode` module is deprecated. Please use a userland alternative instead.
2026-09-28T19:47:39.8897920Z (Use `node --trace-deprecation ...` to show where the warning was created)
2026-09-28T19:47:39.8899348Z Successfully set up CPython (3.13.15)
2026-09-28T19:47:39.8901068Z ##[endgroup]
2026-09-28T19:47:39.9286451Z ##[group]Run actions/download-artifact@v4
2026-09-28T19:47:39.9287535Z with:
2026-09-28T19:47:39.9288641Z   name: full-stability-frozen-1
2026-09-28T19:47:39.9290050Z   path: frozen
2026-09-28T19:47:39.9291562Z   merge-multiple: false
2026-09-28T19:47:39.9293048Z   repository: ridgemerkley2-web/Spheres
2026-09-28T19:47:39.9294582Z   run-id: 36474011141
2026-09-28T19:47:39.9295703Z env:
2026-09-28T19:47:39.9296569Z   pythonLocation: /opt/hostedtoolcache/Python/3.13.15/x64
2026-09-28T19:47:39.9298070Z   PKG_CONFIG_PATH: /opt/hostedtoolcache/Python/3.13.15/x64/lib/pkgconfig
2026-09-28T19:47:39.9299557Z   Python_ROOT_DIR: /opt/hostedtoolcache/Python/3.13.15/x64
2026-09-28T19:47:39.9300837Z   Python2_ROOT_DIR: /opt/hostedtoolcache/Python/3.13.15/x64
2026-09-28T19:47:39.9302154Z   Python3_ROOT_DIR: /opt/hostedtoolcache/Python/3.13.15/x64
2026-09-28T19:47:39.9303455Z   LD_LIBRARY_PATH: /opt/hostedtoolcache/Python/3.13.15/x64/lib
2026-09-28T19:47:39.9304590Z ##[endgroup]
2026-09-28T19:47:40.0880202Z Downloading single artifact
2026-09-28T19:47:40.1027396Z (node:2132) [DEP0040] DeprecationWarning: The `punycode` module is deprecated. Please use a userland alternative instead.
2026-09-28T19:47:40.1030394Z (Use `node --trace-deprecation ...` to show where the warning was created)
2026-09-28T19:47:40.2665750Z Preparing to download the following artifacts:
2026-09-28T19:47:40.2668235Z - full-stability-frozen-1 (ID: 10993525137, Size: 251763956, Expected Digest: sha256:c0b8cac48eb04e5c4bf171d44ae480bcc940e7884c236ab973963fed4621021f)
2026-09-28T19:47:40.4545430Z Redirecting to blob download url: https://productionresultssa15.blob.core.windows.net/actions-results/9f04f3d3-a0ec-4c2f-9243-287c869ea6f9/workflow-job-run-b4e25666-37d2-5c5e-b7c9-79c0c70c262c/artifacts/21a58e5ad768f3d825d279659e73e90fd4f566c1102ba130743afd8c79099a6b.zip
2026-09-28T19:47:40.4551821Z Starting download of artifact to: /home/runner/work/Spheres/Spheres/frozen
2026-09-28T19:47:40.6526425Z (node:2132) [DEP0005] DeprecationWarning: Buffer() is deprecated due to security and usability issues. Please use the Buffer.alloc(), Buffer.allocUnsafe(), or Buffer.from() methods instead.
2026-09-28T19:47:45.5440307Z SHA256 digest of downloaded artifact is c0b8cac48eb04e5c4bf171d44ae480bcc940e7884c236ab973963fed4621021f
2026-09-28T19:47:45.5441513Z Artifact download completed successfully.
2026-09-28T19:47:45.5441923Z Total of 1 artifact(s) downloaded
2026-09-28T19:47:45.5447172Z Download artifact has finished successfully
2026-09-28T19:47:45.5619865Z ##[group]Run chmod u+x frozen/native-test
2026-09-28T19:47:45.5620355Z [36;1mchmod u+x frozen/native-test[0m
2026-09-28T19:47:45.5621684Z [36;1mpython -B frozen/distributed_stability.py cell --bundle frozen --manifest-sha256 "$FROZEN_MANIFEST" --id "$CELL_ID" --out evidence --timeout-seconds 18000[0m
2026-09-28T19:47:45.5944912Z shell: /usr/bin/bash -e {0}
2026-09-28T19:47:45.5945391Z env:
2026-09-28T19:47:45.5945805Z   pythonLocation: /opt/hostedtoolcache/Python/3.13.15/x64
2026-09-28T19:47:45.5946433Z   PKG_CONFIG_PATH: /opt/hostedtoolcache/Python/3.13.15/x64/lib/pkgconfig
2026-09-28T19:47:45.5947095Z   Python_ROOT_DIR: /opt/hostedtoolcache/Python/3.13.15/x64
2026-09-28T19:47:45.5947655Z   Python2_ROOT_DIR: /opt/hostedtoolcache/Python/3.13.15/x64
2026-09-28T19:47:45.5948202Z   Python3_ROOT_DIR: /opt/hostedtoolcache/Python/3.13.15/x64
2026-09-28T19:47:45.5948775Z   LD_LIBRARY_PATH: /opt/hostedtoolcache/Python/3.13.15/x64/lib
2026-09-28T19:47:45.5949557Z   FROZEN_MANIFEST: 70a51be54a7e3100a5267ca310bf5c7f05a3c388a389b7c54904e6365c477cc8
2026-09-28T19:47:45.5950155Z   CELL_ID: southafrica-42
2026-09-28T19:47:45.5950501Z ##[endgroup]
2026-09-29T00:47:59.3863198Z Distributed stability refused: InvalidEvidence: Shard did not complete unchanged
2026-09-29T00:47:59.3975731Z ##[error]Process completed with exit code 2.
2026-09-29T00:47:59.4058043Z ##[group]Run actions/upload-artifact@v4
2026-09-29T00:47:59.4058380Z with:
2026-09-29T00:47:59.4058621Z   name: full-stability-cell-southafrica-42-1
2026-09-29T00:47:59.4058922Z   path: evidence
2026-09-29T00:47:59.4059151Z   if-no-files-found: error
2026-09-29T00:47:59.4059424Z   compression-level: 0
2026-09-29T00:47:59.4059654Z   retention-days: 7
2026-09-29T00:47:59.4059874Z   overwrite: false
2026-09-29T00:47:59.4060105Z   include-hidden-files: false
2026-09-29T00:47:59.4060369Z env:
2026-09-29T00:47:59.4060662Z   pythonLocation: /opt/hostedtoolcache/Python/3.13.15/x64
2026-09-29T00:47:59.4061404Z   PKG_CONFIG_PATH: /opt/hostedtoolcache/Python/3.13.15/x64/lib/pkgconfig
2026-09-29T00:47:59.4061858Z   Python_ROOT_DIR: /opt/hostedtoolcache/Python/3.13.15/x64
2026-09-29T00:47:59.4062256Z   Python2_ROOT_DIR: /opt/hostedtoolcache/Python/3.13.15/x64
2026-09-29T00:47:59.4062648Z   Python3_ROOT_DIR: /opt/hostedtoolcache/Python/3.13.15/x64
2026-09-29T00:47:59.4063078Z   LD_LIBRARY_PATH: /opt/hostedtoolcache/Python/3.13.15/x64/lib
2026-09-29T00:47:59.4063422Z ##[endgroup]
2026-09-29T00:47:59.5699883Z (node:4207) [DEP0040] DeprecationWarning: The `punycode` module is deprecated. Please use a userland alternative instead.
2026-09-29T00:47:59.5701415Z (Use `node --trace-deprecation ...` to show where the warning was created)
2026-09-29T00:47:59.5801032Z With the provided path, there will be 15 files uploaded
2026-09-29T00:47:59.5807814Z Artifact name is valid!
2026-09-29T00:47:59.5808520Z Root directory input is valid!
2026-09-29T00:47:59.8819664Z Beginning upload of artifact content to blob storage
2026-09-29T00:47:59.9461180Z (node:4207) [DEP0169] DeprecationWarning: `url.parse()` behavior is not standardized and prone to errors that have security implications. Use the WHATWG URL API instead. CVEs are not issued for `url.parse()` vulnerabilities.
2026-09-29T00:48:00.4978051Z Uploaded bytes 8388608
2026-09-29T00:48:00.5510276Z Uploaded bytes 16777216
2026-09-29T00:48:00.5592517Z Uploaded bytes 25165824
2026-09-29T00:48:00.5713797Z Uploaded bytes 33554432
2026-09-29T00:48:00.7607539Z Uploaded bytes 41943040
2026-09-29T00:48:00.9938973Z Uploaded bytes 48042581
2026-09-29T00:48:01.0385152Z Finished uploading artifact content to blob storage!
2026-09-29T00:48:01.0386344Z SHA256 digest of uploaded artifact zip is a18948459e4fe278ccf514055de7cb64984cefacaf103beb31e00a05a8193a41
2026-09-29T00:48:01.0388149Z Finalizing artifact upload
2026-09-29T00:48:01.3044862Z Artifact full-stability-cell-southafrica-42-1.zip successfully finalized. Artifact ID 11006083849
2026-09-29T00:48:01.3046675Z Artifact full-stability-cell-southafrica-42-1 has been successfully uploaded! Final size is 48042581 bytes. Artifact ID is 11006083849
2026-09-29T00:48:01.3053250Z Artifact download URL: https://github.com/ridgemerkley2-web/Spheres/actions/runs/36474011141/artifacts/11006083849
2026-09-29T00:48:01.3243318Z Cleaning up orphan processes
2026-09-29T00:48:01.3497274Z ##[warning]Node.js 20 is deprecated. The following actions target Node.js 20 but are being forced to run on Node.js 24: actions/download-artifact@v4, actions/setup-python@v5, actions/upload-artifact@v4. For more information see: https://github.blog/changelog/2025-09-19-deprecation-of-node-20-on-github-actions-runners/
