2026-09-28T20:15:30.3364339Z Current runner version: '2.337.0'
2026-09-28T20:15:30.3390554Z ##[group]Runner Image Provisioner
2026-09-28T20:15:30.3391593Z Hosted Compute Agent
2026-09-28T20:15:30.3392210Z Version: 20260828.587
2026-09-28T20:15:30.3392993Z Commit: abac92662cab4cc7352de4f9f9d2e2419aad9c29
2026-09-28T20:15:30.3393764Z Build Date: 2026-08-28T16:44:25Z
2026-09-28T20:15:30.3394451Z Worker ID: {e2115811-725e-465d-84ad-1456dbdb85fd}
2026-09-28T20:15:30.3395288Z Azure Region: northcentralus
2026-09-28T20:15:30.3395976Z ##[endgroup]
2026-09-28T20:15:30.3397484Z ##[group]Operating System
2026-09-28T20:15:30.3398135Z Ubuntu
2026-09-28T20:15:30.3398665Z 24.04.5
2026-09-28T20:15:30.3399273Z LTS
2026-09-28T20:15:30.3399985Z ##[endgroup]
2026-09-28T20:15:30.3400638Z ##[group]Runner Image
2026-09-28T20:15:30.3401287Z Image: ubuntu-24.04
2026-09-28T20:15:30.3401882Z Version: 20260920.314.1
2026-09-28T20:15:30.3403222Z Included Software: https://github.com/actions/runner-images/blob/ubuntu24/20260920.314/images/ubuntu/Ubuntu2404-Readme.md
2026-09-28T20:15:30.3404859Z Image Release: https://github.com/actions/runner-images/releases/tag/ubuntu24%2F20260920.314
2026-09-28T20:15:30.3406043Z ##[endgroup]
2026-09-28T20:15:30.3407235Z ##[group]GITHUB_TOKEN Permissions
2026-09-28T20:15:30.3409554Z Contents: read
2026-09-28T20:15:30.3410224Z Metadata: read
2026-09-28T20:15:30.3411258Z ##[endgroup]
2026-09-28T20:15:30.3413337Z Secret source: Actions
2026-09-28T20:15:30.3414383Z Cache mode: write
2026-09-28T20:15:30.3415352Z Prepare workflow directory
2026-09-28T20:15:30.3755786Z Prepare all required actions
2026-09-28T20:15:30.3803097Z Getting action download info
2026-09-28T20:15:30.6426523Z Download action repository 'actions/setup-python@v5' (SHA:a26af69be951a213d495a4c3e4e4022e16d87065)
2026-09-28T20:15:30.7947494Z Download action repository 'actions/download-artifact@v4' (SHA:d3f86a106a0bac45b974a628896c90dbdf5c8093)
2026-09-28T20:15:31.2276800Z Download action repository 'actions/upload-artifact@v4' (SHA:ea165f8d65b6e75b540449e92b4886f43607fa02)
2026-09-28T20:15:31.4411002Z Complete job name: cell (southafrica-7)
2026-09-28T20:15:31.5174089Z ##[group]Run actions/setup-python@v5
2026-09-28T20:15:31.5175033Z with:
2026-09-28T20:15:31.5175516Z   python-version: 3.13
2026-09-28T20:15:31.5176047Z   check-latest: false
2026-09-28T20:15:31.5180706Z   token: ***
2026-09-28T20:15:31.5181211Z   update-environment: true
2026-09-28T20:15:31.5181775Z   allow-prereleases: false
2026-09-28T20:15:31.5182307Z   freethreaded: false
2026-09-28T20:15:31.5183084Z ##[endgroup]
2026-09-28T20:15:31.6632541Z ##[group]Installed versions
2026-09-28T20:15:31.6643162Z (node:2148) [DEP0040] DeprecationWarning: The `punycode` module is deprecated. Please use a userland alternative instead.
2026-09-28T20:15:31.6645095Z (Use `node --trace-deprecation ...` to show where the warning was created)
2026-09-28T20:15:31.6646307Z Successfully set up CPython (3.13.15)
2026-09-28T20:15:31.6647685Z ##[endgroup]
2026-09-28T20:15:31.6958027Z ##[group]Run actions/download-artifact@v4
2026-09-28T20:15:31.6959091Z with:
2026-09-28T20:15:31.6959970Z   name: full-stability-frozen-1
2026-09-28T20:15:31.6960762Z   path: frozen
2026-09-28T20:15:31.6961441Z   merge-multiple: false
2026-09-28T20:15:31.6962227Z   repository: ridgemerkley2-web/Spheres
2026-09-28T20:15:31.6963098Z   run-id: 36474011141
2026-09-28T20:15:31.6963784Z env:
2026-09-28T20:15:31.6964584Z   pythonLocation: /opt/hostedtoolcache/Python/3.13.15/x64
2026-09-28T20:15:31.6966026Z   PKG_CONFIG_PATH: /opt/hostedtoolcache/Python/3.13.15/x64/lib/pkgconfig
2026-09-28T20:15:31.6967445Z   Python_ROOT_DIR: /opt/hostedtoolcache/Python/3.13.15/x64
2026-09-28T20:15:31.6968617Z   Python2_ROOT_DIR: /opt/hostedtoolcache/Python/3.13.15/x64
2026-09-28T20:15:31.6969960Z   Python3_ROOT_DIR: /opt/hostedtoolcache/Python/3.13.15/x64
2026-09-28T20:15:31.6971190Z   LD_LIBRARY_PATH: /opt/hostedtoolcache/Python/3.13.15/x64/lib
2026-09-28T20:15:31.6972284Z ##[endgroup]
2026-09-28T20:15:31.8461728Z Downloading single artifact
2026-09-28T20:15:31.8597879Z (node:2156) [DEP0040] DeprecationWarning: The `punycode` module is deprecated. Please use a userland alternative instead.
2026-09-28T20:15:31.8600405Z (Use `node --trace-deprecation ...` to show where the warning was created)
2026-09-28T20:15:31.9955037Z Preparing to download the following artifacts:
2026-09-28T20:15:31.9957175Z - full-stability-frozen-1 (ID: 10993525137, Size: 251763956, Expected Digest: sha256:c0b8cac48eb04e5c4bf171d44ae480bcc940e7884c236ab973963fed4621021f)
2026-09-28T20:15:32.1678914Z Redirecting to blob download url: https://productionresultssa15.blob.core.windows.net/actions-results/9f04f3d3-a0ec-4c2f-9243-287c869ea6f9/workflow-job-run-b4e25666-37d2-5c5e-b7c9-79c0c70c262c/artifacts/21a58e5ad768f3d825d279659e73e90fd4f566c1102ba130743afd8c79099a6b.zip
2026-09-28T20:15:32.1688369Z Starting download of artifact to: /home/runner/work/Spheres/Spheres/frozen
2026-09-28T20:15:32.3478557Z (node:2156) [DEP0005] DeprecationWarning: Buffer() is deprecated due to security and usability issues. Please use the Buffer.alloc(), Buffer.allocUnsafe(), or Buffer.from() methods instead.
2026-09-28T20:15:36.3377444Z SHA256 digest of downloaded artifact is c0b8cac48eb04e5c4bf171d44ae480bcc940e7884c236ab973963fed4621021f
2026-09-28T20:15:36.3379049Z Artifact download completed successfully.
2026-09-28T20:15:36.3383405Z Total of 1 artifact(s) downloaded
2026-09-28T20:15:36.3383787Z Download artifact has finished successfully
2026-09-28T20:15:36.3559160Z ##[group]Run chmod u+x frozen/native-test
2026-09-28T20:15:36.3559902Z [36;1mchmod u+x frozen/native-test[0m
2026-09-28T20:15:36.3560716Z [36;1mpython -B frozen/distributed_stability.py cell --bundle frozen --manifest-sha256 "$FROZEN_MANIFEST" --id "$CELL_ID" --out evidence --timeout-seconds 18000[0m
2026-09-28T20:15:36.3827434Z shell: /usr/bin/bash -e {0}
2026-09-28T20:15:36.3827806Z env:
2026-09-28T20:15:36.3828160Z   pythonLocation: /opt/hostedtoolcache/Python/3.13.15/x64
2026-09-28T20:15:36.3828680Z   PKG_CONFIG_PATH: /opt/hostedtoolcache/Python/3.13.15/x64/lib/pkgconfig
2026-09-28T20:15:36.3829207Z   Python_ROOT_DIR: /opt/hostedtoolcache/Python/3.13.15/x64
2026-09-28T20:15:36.3829841Z   Python2_ROOT_DIR: /opt/hostedtoolcache/Python/3.13.15/x64
2026-09-28T20:15:36.3830296Z   Python3_ROOT_DIR: /opt/hostedtoolcache/Python/3.13.15/x64
2026-09-28T20:15:36.3830755Z   LD_LIBRARY_PATH: /opt/hostedtoolcache/Python/3.13.15/x64/lib
2026-09-28T20:15:36.3831406Z   FROZEN_MANIFEST: 70a51be54a7e3100a5267ca310bf5c7f05a3c388a389b7c54904e6365c477cc8
2026-09-28T20:15:36.3831897Z   CELL_ID: southafrica-7
2026-09-28T20:15:36.3832191Z ##[endgroup]
2026-09-29T01:15:52.9707676Z Distributed stability refused: InvalidEvidence: Shard did not complete unchanged
2026-09-29T01:15:52.9814413Z ##[error]Process completed with exit code 2.
2026-09-29T01:15:52.9896684Z ##[group]Run actions/upload-artifact@v4
2026-09-29T01:15:52.9897011Z with:
2026-09-29T01:15:52.9897253Z   name: full-stability-cell-southafrica-7-1
2026-09-29T01:15:52.9897551Z   path: evidence
2026-09-29T01:15:52.9897781Z   if-no-files-found: error
2026-09-29T01:15:52.9898056Z   compression-level: 0
2026-09-29T01:15:52.9898284Z   retention-days: 7
2026-09-29T01:15:52.9898500Z   overwrite: false
2026-09-29T01:15:52.9898728Z   include-hidden-files: false
2026-09-29T01:15:52.9898995Z env:
2026-09-29T01:15:52.9899293Z   pythonLocation: /opt/hostedtoolcache/Python/3.13.15/x64
2026-09-29T01:15:52.9899958Z   PKG_CONFIG_PATH: /opt/hostedtoolcache/Python/3.13.15/x64/lib/pkgconfig
2026-09-29T01:15:52.9900388Z   Python_ROOT_DIR: /opt/hostedtoolcache/Python/3.13.15/x64
2026-09-29T01:15:52.9900775Z   Python2_ROOT_DIR: /opt/hostedtoolcache/Python/3.13.15/x64
2026-09-29T01:15:52.9901231Z   Python3_ROOT_DIR: /opt/hostedtoolcache/Python/3.13.15/x64
2026-09-29T01:15:52.9901813Z   LD_LIBRARY_PATH: /opt/hostedtoolcache/Python/3.13.15/x64/lib
2026-09-29T01:15:52.9902291Z ##[endgroup]
2026-09-29T01:15:53.1512384Z (node:4789) [DEP0040] DeprecationWarning: The `punycode` module is deprecated. Please use a userland alternative instead.
2026-09-29T01:15:53.1513162Z (Use `node --trace-deprecation ...` to show where the warning was created)
2026-09-29T01:15:53.1614386Z With the provided path, there will be 15 files uploaded
2026-09-29T01:15:53.1619774Z Artifact name is valid!
2026-09-29T01:15:53.1620438Z Root directory input is valid!
2026-09-29T01:15:53.4092757Z Beginning upload of artifact content to blob storage
2026-09-29T01:15:53.4771875Z (node:4789) [DEP0169] DeprecationWarning: `url.parse()` behavior is not standardized and prone to errors that have security implications. Use the WHATWG URL API instead. CVEs are not issued for `url.parse()` vulnerabilities.
2026-09-29T01:15:53.8587592Z Uploaded bytes 8388608
2026-09-29T01:15:53.8705921Z Uploaded bytes 16777216
2026-09-29T01:15:53.9576093Z Uploaded bytes 25165824
2026-09-29T01:15:54.0203144Z Uploaded bytes 33554432
2026-09-29T01:15:54.0439749Z Uploaded bytes 41943040
2026-09-29T01:15:54.0956764Z Uploaded bytes 50331648
2026-09-29T01:15:54.1266419Z Uploaded bytes 50580318
2026-09-29T01:15:54.1574348Z Finished uploading artifact content to blob storage!
2026-09-29T01:15:54.1575286Z SHA256 digest of uploaded artifact zip is 7f9b453a22c6117d8c03b976246514e081737e376102fcced26958e010e57ce2
2026-09-29T01:15:54.1577403Z Finalizing artifact upload
2026-09-29T01:15:54.4519910Z Artifact full-stability-cell-southafrica-7-1.zip successfully finalized. Artifact ID 11007219009
2026-09-29T01:15:54.4539755Z Artifact full-stability-cell-southafrica-7-1 has been successfully uploaded! Final size is 50580318 bytes. Artifact ID is 11007219009
2026-09-29T01:15:54.4540790Z Artifact download URL: https://github.com/ridgemerkley2-web/Spheres/actions/runs/36474011141/artifacts/11007219009
2026-09-29T01:15:54.4735293Z Cleaning up orphan processes
2026-09-29T01:15:54.4961515Z ##[warning]Node.js 20 is deprecated. The following actions target Node.js 20 but are being forced to run on Node.js 24: actions/download-artifact@v4, actions/setup-python@v5, actions/upload-artifact@v4. For more information see: https://github.blog/changelog/2025-09-19-deprecation-of-node-20-on-github-actions-runners/
