2026-09-28T19:52:38.5376974Z Current runner version: '2.337.0'
2026-09-28T19:52:38.5402276Z ##[group]Runner Image Provisioner
2026-09-28T19:52:38.5403420Z Hosted Compute Agent
2026-09-28T19:52:38.5404079Z Version: 20260828.587
2026-09-28T19:52:38.5404714Z Commit: abac92662cab4cc7352de4f9f9d2e2419aad9c29
2026-09-28T19:52:38.5405529Z Build Date: 2026-08-28T16:44:25Z
2026-09-28T19:52:38.5406223Z Worker ID: {57696b3e-9dd3-4ab6-b56a-54adf1747a45}
2026-09-28T19:52:38.5407006Z Azure Region: eastus
2026-09-28T19:52:38.5407569Z ##[endgroup]
2026-09-28T19:52:38.5409274Z ##[group]Operating System
2026-09-28T19:52:38.5410019Z Ubuntu
2026-09-28T19:52:38.5410537Z 24.04.5
2026-09-28T19:52:38.5411077Z LTS
2026-09-28T19:52:38.5411627Z ##[endgroup]
2026-09-28T19:52:38.5412165Z ##[group]Runner Image
2026-09-28T19:52:38.5412792Z Image: ubuntu-24.04
2026-09-28T19:52:38.5413346Z Version: 20260920.314.1
2026-09-28T19:52:38.5415029Z Included Software: https://github.com/actions/runner-images/blob/ubuntu24/20260920.314/images/ubuntu/Ubuntu2404-Readme.md
2026-09-28T19:52:38.5416650Z Image Release: https://github.com/actions/runner-images/releases/tag/ubuntu24%2F20260920.314
2026-09-28T19:52:38.5417634Z ##[endgroup]
2026-09-28T19:52:38.5419014Z ##[group]GITHUB_TOKEN Permissions
2026-09-28T19:52:38.5421212Z Contents: read
2026-09-28T19:52:38.5421806Z Metadata: read
2026-09-28T19:52:38.5422457Z ##[endgroup]
2026-09-28T19:52:38.5424512Z Secret source: Actions
2026-09-28T19:52:38.5425600Z Cache mode: write
2026-09-28T19:52:38.5426521Z Prepare workflow directory
2026-09-28T19:52:38.5751556Z Prepare all required actions
2026-09-28T19:52:38.5799000Z Getting action download info
2026-09-28T19:52:38.7672957Z Download action repository 'actions/setup-python@v5' (SHA:a26af69be951a213d495a4c3e4e4022e16d87065)
2026-09-28T19:52:38.9174403Z Download action repository 'actions/download-artifact@v4' (SHA:d3f86a106a0bac45b974a628896c90dbdf5c8093)
2026-09-28T19:52:39.0899983Z Download action repository 'actions/upload-artifact@v4' (SHA:ea165f8d65b6e75b540449e92b4886f43607fa02)
2026-09-28T19:52:39.2957550Z Complete job name: cell (southafrica-1990)
2026-09-28T19:52:39.3727429Z ##[group]Run actions/setup-python@v5
2026-09-28T19:52:39.3728538Z with:
2026-09-28T19:52:39.3728996Z   python-version: 3.13
2026-09-28T19:52:39.3729476Z   check-latest: false
2026-09-28T19:52:39.3733396Z   token: ***
2026-09-28T19:52:39.3733839Z   update-environment: true
2026-09-28T19:52:39.3734336Z   allow-prereleases: false
2026-09-28T19:52:39.3734817Z   freethreaded: false
2026-09-28T19:52:39.3735513Z ##[endgroup]
2026-09-28T19:52:39.5173023Z ##[group]Installed versions
2026-09-28T19:52:39.5239008Z (node:2152) [DEP0040] DeprecationWarning: The `punycode` module is deprecated. Please use a userland alternative instead.
2026-09-28T19:52:39.5240877Z (Use `node --trace-deprecation ...` to show where the warning was created)
2026-09-28T19:52:39.5241789Z Successfully set up CPython (3.13.15)
2026-09-28T19:52:39.5243197Z ##[endgroup]
2026-09-28T19:52:39.5676356Z ##[group]Run actions/download-artifact@v4
2026-09-28T19:52:39.5677022Z with:
2026-09-28T19:52:39.5677454Z   name: full-stability-frozen-1
2026-09-28T19:52:39.5677954Z   path: frozen
2026-09-28T19:52:39.5678576Z   merge-multiple: false
2026-09-28T19:52:39.5679086Z   repository: ridgemerkley2-web/Spheres
2026-09-28T19:52:39.5679631Z   run-id: 36474011141
2026-09-28T19:52:39.5680061Z env:
2026-09-28T19:52:39.5680563Z   pythonLocation: /opt/hostedtoolcache/Python/3.13.15/x64
2026-09-28T19:52:39.5681394Z   PKG_CONFIG_PATH: /opt/hostedtoolcache/Python/3.13.15/x64/lib/pkgconfig
2026-09-28T19:52:39.5682213Z   Python_ROOT_DIR: /opt/hostedtoolcache/Python/3.13.15/x64
2026-09-28T19:52:39.5682950Z   Python2_ROOT_DIR: /opt/hostedtoolcache/Python/3.13.15/x64
2026-09-28T19:52:39.5683711Z   Python3_ROOT_DIR: /opt/hostedtoolcache/Python/3.13.15/x64
2026-09-28T19:52:39.5684448Z   LD_LIBRARY_PATH: /opt/hostedtoolcache/Python/3.13.15/x64/lib
2026-09-28T19:52:39.5685104Z ##[endgroup]
2026-09-28T19:52:39.7301028Z Downloading single artifact
2026-09-28T19:52:39.7441383Z (node:2160) [DEP0040] DeprecationWarning: The `punycode` module is deprecated. Please use a userland alternative instead.
2026-09-28T19:52:39.7443912Z (Use `node --trace-deprecation ...` to show where the warning was created)
2026-09-28T19:52:39.8347463Z Preparing to download the following artifacts:
2026-09-28T19:52:39.8350195Z - full-stability-frozen-1 (ID: 10993525137, Size: 251763956, Expected Digest: sha256:c0b8cac48eb04e5c4bf171d44ae480bcc940e7884c236ab973963fed4621021f)
2026-09-28T19:52:39.9750340Z Redirecting to blob download url: https://productionresultssa15.blob.core.windows.net/actions-results/9f04f3d3-a0ec-4c2f-9243-287c869ea6f9/workflow-job-run-b4e25666-37d2-5c5e-b7c9-79c0c70c262c/artifacts/21a58e5ad768f3d825d279659e73e90fd4f566c1102ba130743afd8c79099a6b.zip
2026-09-28T19:52:39.9753217Z Starting download of artifact to: /home/runner/work/Spheres/Spheres/frozen
2026-09-28T19:52:40.1001936Z (node:2160) [DEP0005] DeprecationWarning: Buffer() is deprecated due to security and usability issues. Please use the Buffer.alloc(), Buffer.allocUnsafe(), or Buffer.from() methods instead.
2026-09-28T19:52:43.9531507Z SHA256 digest of downloaded artifact is c0b8cac48eb04e5c4bf171d44ae480bcc940e7884c236ab973963fed4621021f
2026-09-28T19:52:43.9532455Z Artifact download completed successfully.
2026-09-28T19:52:43.9533178Z Total of 1 artifact(s) downloaded
2026-09-28T19:52:43.9533809Z Download artifact has finished successfully
2026-09-28T19:52:43.9716697Z ##[group]Run chmod u+x frozen/native-test
2026-09-28T19:52:43.9717210Z [36;1mchmod u+x frozen/native-test[0m
2026-09-28T19:52:43.9718018Z [36;1mpython -B frozen/distributed_stability.py cell --bundle frozen --manifest-sha256 "$FROZEN_MANIFEST" --id "$CELL_ID" --out evidence --timeout-seconds 18000[0m
2026-09-28T19:52:44.0050615Z shell: /usr/bin/bash -e {0}
2026-09-28T19:52:44.0051065Z env:
2026-09-28T19:52:44.0051439Z   pythonLocation: /opt/hostedtoolcache/Python/3.13.15/x64
2026-09-28T19:52:44.0052003Z   PKG_CONFIG_PATH: /opt/hostedtoolcache/Python/3.13.15/x64/lib/pkgconfig
2026-09-28T19:52:44.0052640Z   Python_ROOT_DIR: /opt/hostedtoolcache/Python/3.13.15/x64
2026-09-28T19:52:44.0053179Z   Python2_ROOT_DIR: /opt/hostedtoolcache/Python/3.13.15/x64
2026-09-28T19:52:44.0053689Z   Python3_ROOT_DIR: /opt/hostedtoolcache/Python/3.13.15/x64
2026-09-28T19:52:44.0054204Z   LD_LIBRARY_PATH: /opt/hostedtoolcache/Python/3.13.15/x64/lib
2026-09-28T19:52:44.0054859Z   FROZEN_MANIFEST: 70a51be54a7e3100a5267ca310bf5c7f05a3c388a389b7c54904e6365c477cc8
2026-09-28T19:52:44.0055411Z   CELL_ID: southafrica-1990
2026-09-28T19:52:44.0055727Z ##[endgroup]
2026-09-29T00:52:58.4727483Z Distributed stability refused: InvalidEvidence: Shard did not complete unchanged
2026-09-29T00:52:58.4820398Z ##[error]Process completed with exit code 2.
2026-09-29T00:52:58.4902262Z ##[group]Run actions/upload-artifact@v4
2026-09-29T00:52:58.4902595Z with:
2026-09-29T00:52:58.4902837Z   name: full-stability-cell-southafrica-1990-1
2026-09-29T00:52:58.4903142Z   path: evidence
2026-09-29T00:52:58.4903353Z   if-no-files-found: error
2026-09-29T00:52:58.4903614Z   compression-level: 0
2026-09-29T00:52:58.4903845Z   retention-days: 7
2026-09-29T00:52:58.4904072Z   overwrite: false
2026-09-29T00:52:58.4904289Z   include-hidden-files: false
2026-09-29T00:52:58.4904530Z env:
2026-09-29T00:52:58.4904785Z   pythonLocation: /opt/hostedtoolcache/Python/3.13.15/x64
2026-09-29T00:52:58.4905236Z   PKG_CONFIG_PATH: /opt/hostedtoolcache/Python/3.13.15/x64/lib/pkgconfig
2026-09-29T00:52:58.4905675Z   Python_ROOT_DIR: /opt/hostedtoolcache/Python/3.13.15/x64
2026-09-29T00:52:58.4906085Z   Python2_ROOT_DIR: /opt/hostedtoolcache/Python/3.13.15/x64
2026-09-29T00:52:58.4906480Z   Python3_ROOT_DIR: /opt/hostedtoolcache/Python/3.13.15/x64
2026-09-29T00:52:58.4906907Z   LD_LIBRARY_PATH: /opt/hostedtoolcache/Python/3.13.15/x64/lib
2026-09-29T00:52:58.4907236Z ##[endgroup]
2026-09-29T00:52:58.6585764Z (node:4200) [DEP0040] DeprecationWarning: The `punycode` module is deprecated. Please use a userland alternative instead.
2026-09-29T00:52:58.6587426Z (Use `node --trace-deprecation ...` to show where the warning was created)
2026-09-29T00:52:58.6714388Z With the provided path, there will be 15 files uploaded
2026-09-29T00:52:58.6725031Z Artifact name is valid!
2026-09-29T00:52:58.6737799Z Root directory input is valid!
2026-09-29T00:52:58.9456931Z Beginning upload of artifact content to blob storage
2026-09-29T00:52:59.0016414Z (node:4200) [DEP0169] DeprecationWarning: `url.parse()` behavior is not standardized and prone to errors that have security implications. Use the WHATWG URL API instead. CVEs are not issued for `url.parse()` vulnerabilities.
2026-09-29T00:52:59.1766728Z Uploaded bytes 8388608
2026-09-29T00:52:59.2556954Z Uploaded bytes 16777216
2026-09-29T00:52:59.3070189Z Uploaded bytes 25165824
2026-09-29T00:52:59.3748883Z Uploaded bytes 33554432
2026-09-29T00:52:59.3840894Z Uploaded bytes 41943040
2026-09-29T00:52:59.5155412Z Uploaded bytes 48771802
2026-09-29T00:52:59.5336444Z Finished uploading artifact content to blob storage!
2026-09-29T00:52:59.5338248Z SHA256 digest of uploaded artifact zip is e3c58432b4b2a2c6dfb9c127e2d3e54328f584a9e909f566595ce2a73c19a75a
2026-09-29T00:52:59.5340468Z Finalizing artifact upload
2026-09-29T00:52:59.7401809Z Artifact full-stability-cell-southafrica-1990-1.zip successfully finalized. Artifact ID 11006458650
2026-09-29T00:52:59.7403421Z Artifact full-stability-cell-southafrica-1990-1 has been successfully uploaded! Final size is 48771802 bytes. Artifact ID is 11006458650
2026-09-29T00:52:59.7409180Z Artifact download URL: https://github.com/ridgemerkley2-web/Spheres/actions/runs/36474011141/artifacts/11006458650
2026-09-29T00:52:59.7601750Z Cleaning up orphan processes
2026-09-29T00:52:59.7871918Z ##[warning]Node.js 20 is deprecated. The following actions target Node.js 20 but are being forced to run on Node.js 24: actions/download-artifact@v4, actions/setup-python@v5, actions/upload-artifact@v4. For more information see: https://github.blog/changelog/2025-09-19-deprecation-of-node-20-on-github-actions-runners/
