2026-09-28T19:47:37.8425783Z Current runner version: '2.337.0'
2026-09-28T19:47:37.8441982Z ##[group]Runner Image Provisioner
2026-09-28T19:47:37.8442668Z Hosted Compute Agent
2026-09-28T19:47:37.8443026Z Version: 20260828.587
2026-09-28T19:47:37.8443434Z Commit: abac92662cab4cc7352de4f9f9d2e2419aad9c29
2026-09-28T19:47:37.8443914Z Build Date: 2026-08-28T16:44:25Z
2026-09-28T19:47:37.8444324Z Worker ID: {72afb236-ba25-49fd-8f6e-26487fe7d893}
2026-09-28T19:47:37.8444809Z Azure Region: centralus
2026-09-28T19:47:37.8445352Z ##[endgroup]
2026-09-28T19:47:37.8446372Z ##[group]Operating System
2026-09-28T19:47:37.8446745Z Ubuntu
2026-09-28T19:47:37.8447062Z 24.04.5
2026-09-28T19:47:37.8447412Z LTS
2026-09-28T19:47:37.8447724Z ##[endgroup]
2026-09-28T19:47:37.8448045Z ##[group]Runner Image
2026-09-28T19:47:37.8448557Z Image: ubuntu-24.04
2026-09-28T19:47:37.8448897Z Version: 20260920.314.1
2026-09-28T19:47:37.8449682Z Included Software: https://github.com/actions/runner-images/blob/ubuntu24/20260920.314/images/ubuntu/Ubuntu2404-Readme.md
2026-09-28T19:47:37.8450571Z Image Release: https://github.com/actions/runner-images/releases/tag/ubuntu24%2F20260920.314
2026-09-28T19:47:37.8451186Z ##[endgroup]
2026-09-28T19:47:37.8451844Z ##[group]GITHUB_TOKEN Permissions
2026-09-28T19:47:37.8453230Z Contents: read
2026-09-28T19:47:37.8453639Z Metadata: read
2026-09-28T19:47:37.8454220Z ##[endgroup]
2026-09-28T19:47:37.8455723Z Secret source: Actions
2026-09-28T19:47:37.8456299Z Cache mode: write
2026-09-28T19:47:37.8456779Z Prepare workflow directory
2026-09-28T19:47:37.8661759Z Prepare all required actions
2026-09-28T19:47:37.8702992Z Getting action download info
2026-09-28T19:47:38.1448905Z Download action repository 'actions/setup-python@v5' (SHA:a26af69be951a213d495a4c3e4e4022e16d87065)
2026-09-28T19:47:38.2938806Z Download action repository 'actions/download-artifact@v4' (SHA:d3f86a106a0bac45b974a628896c90dbdf5c8093)
2026-09-28T19:47:38.7591079Z Download action repository 'actions/upload-artifact@v4' (SHA:ea165f8d65b6e75b540449e92b4886f43607fa02)
2026-09-28T19:47:38.9473343Z Complete job name: cell (tonga-1990)
2026-09-28T19:47:38.9990695Z ##[group]Run actions/setup-python@v5
2026-09-28T19:47:38.9991157Z with:
2026-09-28T19:47:38.9991412Z   python-version: 3.13
2026-09-28T19:47:38.9991696Z   check-latest: false
2026-09-28T19:47:38.9993926Z   token: ***
2026-09-28T19:47:38.9994186Z   update-environment: true
2026-09-28T19:47:38.9994484Z   allow-prereleases: false
2026-09-28T19:47:38.9994771Z   freethreaded: false
2026-09-28T19:47:38.9995263Z ##[endgroup]
2026-09-28T19:47:39.0885888Z ##[group]Installed versions
2026-09-28T19:47:39.0926813Z (node:1922) [DEP0040] DeprecationWarning: The `punycode` module is deprecated. Please use a userland alternative instead.
2026-09-28T19:47:39.0927838Z (Use `node --trace-deprecation ...` to show where the warning was created)
2026-09-28T19:47:39.0928580Z Successfully set up CPython (3.13.15)
2026-09-28T19:47:39.0929408Z ##[endgroup]
2026-09-28T19:47:39.1214328Z ##[group]Run actions/download-artifact@v4
2026-09-28T19:47:39.1214750Z with:
2026-09-28T19:47:39.1215175Z   name: full-stability-frozen-1
2026-09-28T19:47:39.1215485Z   path: frozen
2026-09-28T19:47:39.1215742Z   merge-multiple: false
2026-09-28T19:47:39.1216041Z   repository: ridgemerkley2-web/Spheres
2026-09-28T19:47:39.1216360Z   run-id: 36474011141
2026-09-28T19:47:39.1216630Z env:
2026-09-28T19:47:39.1216939Z   pythonLocation: /opt/hostedtoolcache/Python/3.13.15/x64
2026-09-28T19:47:39.1217438Z   PKG_CONFIG_PATH: /opt/hostedtoolcache/Python/3.13.15/x64/lib/pkgconfig
2026-09-28T19:47:39.1217919Z   Python_ROOT_DIR: /opt/hostedtoolcache/Python/3.13.15/x64
2026-09-28T19:47:39.1218352Z   Python2_ROOT_DIR: /opt/hostedtoolcache/Python/3.13.15/x64
2026-09-28T19:47:39.1218791Z   Python3_ROOT_DIR: /opt/hostedtoolcache/Python/3.13.15/x64
2026-09-28T19:47:39.1219251Z   LD_LIBRARY_PATH: /opt/hostedtoolcache/Python/3.13.15/x64/lib
2026-09-28T19:47:39.1219665Z ##[endgroup]
2026-09-28T19:47:39.2178335Z Downloading single artifact
2026-09-28T19:47:39.2263871Z (node:1930) [DEP0040] DeprecationWarning: The `punycode` module is deprecated. Please use a userland alternative instead.
2026-09-28T19:47:39.2265741Z (Use `node --trace-deprecation ...` to show where the warning was created)
2026-09-28T19:47:39.4108155Z Preparing to download the following artifacts:
2026-09-28T19:47:39.4110421Z - full-stability-frozen-1 (ID: 10993525137, Size: 251763956, Expected Digest: sha256:c0b8cac48eb04e5c4bf171d44ae480bcc940e7884c236ab973963fed4621021f)
2026-09-28T19:47:39.5972298Z Redirecting to blob download url: https://productionresultssa15.blob.core.windows.net/actions-results/9f04f3d3-a0ec-4c2f-9243-287c869ea6f9/workflow-job-run-b4e25666-37d2-5c5e-b7c9-79c0c70c262c/artifacts/21a58e5ad768f3d825d279659e73e90fd4f566c1102ba130743afd8c79099a6b.zip
2026-09-28T19:47:39.5976893Z Starting download of artifact to: /home/runner/work/Spheres/Spheres/frozen
2026-09-28T19:47:39.8098924Z (node:1930) [DEP0005] DeprecationWarning: Buffer() is deprecated due to security and usability issues. Please use the Buffer.alloc(), Buffer.allocUnsafe(), or Buffer.from() methods instead.
2026-09-28T19:47:43.1987532Z SHA256 digest of downloaded artifact is c0b8cac48eb04e5c4bf171d44ae480bcc940e7884c236ab973963fed4621021f
2026-09-28T19:47:43.1988007Z Artifact download completed successfully.
2026-09-28T19:47:43.1988234Z Total of 1 artifact(s) downloaded
2026-09-28T19:47:43.2005889Z Download artifact has finished successfully
2026-09-28T19:47:43.2154282Z ##[group]Run chmod u+x frozen/native-test
2026-09-28T19:47:43.2154558Z [36;1mchmod u+x frozen/native-test[0m
2026-09-28T19:47:43.2154981Z [36;1mpython -B frozen/distributed_stability.py cell --bundle frozen --manifest-sha256 "$FROZEN_MANIFEST" --id "$CELL_ID" --out evidence --timeout-seconds 18000[0m
2026-09-28T19:47:43.2407295Z shell: /usr/bin/bash -e {0}
2026-09-28T19:47:43.2407503Z env:
2026-09-28T19:47:43.2407706Z   pythonLocation: /opt/hostedtoolcache/Python/3.13.15/x64
2026-09-28T19:47:43.2407999Z   PKG_CONFIG_PATH: /opt/hostedtoolcache/Python/3.13.15/x64/lib/pkgconfig
2026-09-28T19:47:43.2408293Z   Python_ROOT_DIR: /opt/hostedtoolcache/Python/3.13.15/x64
2026-09-28T19:47:43.2408550Z   Python2_ROOT_DIR: /opt/hostedtoolcache/Python/3.13.15/x64
2026-09-28T19:47:43.2408808Z   Python3_ROOT_DIR: /opt/hostedtoolcache/Python/3.13.15/x64
2026-09-28T19:47:43.2409078Z   LD_LIBRARY_PATH: /opt/hostedtoolcache/Python/3.13.15/x64/lib
2026-09-28T19:47:43.2409448Z   FROZEN_MANIFEST: 70a51be54a7e3100a5267ca310bf5c7f05a3c388a389b7c54904e6365c477cc8
2026-09-28T19:47:43.2409719Z   CELL_ID: tonga-1990
2026-09-28T19:47:43.2409884Z ##[endgroup]
2026-09-29T00:47:52.6229545Z Distributed stability refused: InvalidEvidence: Shard did not complete unchanged
2026-09-29T00:47:52.6324222Z ##[error]Process completed with exit code 2.
2026-09-29T00:47:52.6377157Z ##[group]Run actions/upload-artifact@v4
2026-09-29T00:47:52.6377354Z with:
2026-09-29T00:47:52.6377486Z   name: full-stability-cell-tonga-1990-1
2026-09-29T00:47:52.6377641Z   path: evidence
2026-09-29T00:47:52.6377764Z   if-no-files-found: error
2026-09-29T00:47:52.6377924Z   compression-level: 0
2026-09-29T00:47:52.6378056Z   retention-days: 7
2026-09-29T00:47:52.6378177Z   overwrite: false
2026-09-29T00:47:52.6378309Z   include-hidden-files: false
2026-09-29T00:47:52.6378453Z env:
2026-09-29T00:47:52.6378644Z   pythonLocation: /opt/hostedtoolcache/Python/3.13.15/x64
2026-09-29T00:47:52.6378880Z   PKG_CONFIG_PATH: /opt/hostedtoolcache/Python/3.13.15/x64/lib/pkgconfig
2026-09-29T00:47:52.6379133Z   Python_ROOT_DIR: /opt/hostedtoolcache/Python/3.13.15/x64
2026-09-29T00:47:52.6379343Z   Python2_ROOT_DIR: /opt/hostedtoolcache/Python/3.13.15/x64
2026-09-29T00:47:52.6379556Z   Python3_ROOT_DIR: /opt/hostedtoolcache/Python/3.13.15/x64
2026-09-29T00:47:52.6379797Z   LD_LIBRARY_PATH: /opt/hostedtoolcache/Python/3.13.15/x64/lib
2026-09-29T00:47:52.6379976Z ##[endgroup]
2026-09-29T00:47:52.7773156Z (node:3940) [DEP0040] DeprecationWarning: The `punycode` module is deprecated. Please use a userland alternative instead.
2026-09-29T00:47:52.7780977Z (Use `node --trace-deprecation ...` to show where the warning was created)
2026-09-29T00:47:52.8007899Z With the provided path, there will be 15 files uploaded
2026-09-29T00:47:52.8008434Z Artifact name is valid!
2026-09-29T00:47:52.8009959Z Root directory input is valid!
2026-09-29T00:47:53.1297596Z Beginning upload of artifact content to blob storage
2026-09-29T00:47:53.1711635Z (node:3940) [DEP0169] DeprecationWarning: `url.parse()` behavior is not standardized and prone to errors that have security implications. Use the WHATWG URL API instead. CVEs are not issued for `url.parse()` vulnerabilities.
2026-09-29T00:47:53.6377148Z Uploaded bytes 8388608
2026-09-29T00:47:53.7571465Z Uploaded bytes 16777216
2026-09-29T00:47:53.7578936Z Uploaded bytes 25165824
2026-09-29T00:47:53.8544826Z Uploaded bytes 33554432
2026-09-29T00:47:53.8663120Z Uploaded bytes 41943040
2026-09-29T00:47:54.0440237Z Uploaded bytes 49459648
2026-09-29T00:47:54.0820016Z Finished uploading artifact content to blob storage!
2026-09-29T00:47:54.0820707Z SHA256 digest of uploaded artifact zip is 3bbf2be1a6e1a1c056f181f8b288fab221c401d9dce682d522f0b47e8544b262
2026-09-29T00:47:54.0821343Z Finalizing artifact upload
2026-09-29T00:47:54.3095929Z Artifact full-stability-cell-tonga-1990-1.zip successfully finalized. Artifact ID 11006636576
2026-09-29T00:47:54.3096663Z Artifact full-stability-cell-tonga-1990-1 has been successfully uploaded! Final size is 49459648 bytes. Artifact ID is 11006636576
2026-09-29T00:47:54.3100666Z Artifact download URL: https://github.com/ridgemerkley2-web/Spheres/actions/runs/36474011141/artifacts/11006636576
2026-09-29T00:47:54.3262605Z Cleaning up orphan processes
2026-09-29T00:47:54.3420640Z ##[warning]Node.js 20 is deprecated. The following actions target Node.js 20 but are being forced to run on Node.js 24: actions/download-artifact@v4, actions/setup-python@v5, actions/upload-artifact@v4. For more information see: https://github.blog/changelog/2025-09-19-deprecation-of-node-20-on-github-actions-runners/
