2026-09-28T19:47:38.5881552Z Current runner version: '2.337.0'
2026-09-28T19:47:38.5907154Z ##[group]Runner Image Provisioner
2026-09-28T19:47:38.5908089Z Hosted Compute Agent
2026-09-28T19:47:38.5908697Z Version: 20260828.587
2026-09-28T19:47:38.5909329Z Commit: abac92662cab4cc7352de4f9f9d2e2419aad9c29
2026-09-28T19:47:38.5910609Z Build Date: 2026-08-28T16:44:25Z
2026-09-28T19:47:38.5911327Z Worker ID: {e672dedf-a198-4f3a-8fe7-ece32ab43e46}
2026-09-28T19:47:38.5912099Z Azure Region: westus
2026-09-28T19:47:38.5912673Z ##[endgroup]
2026-09-28T19:47:38.5914343Z ##[group]Operating System
2026-09-28T19:47:38.5915099Z Ubuntu
2026-09-28T19:47:38.5915612Z 24.04.5
2026-09-28T19:47:38.5916102Z LTS
2026-09-28T19:47:38.5916675Z ##[endgroup]
2026-09-28T19:47:38.5917215Z ##[group]Runner Image
2026-09-28T19:47:38.5917924Z Image: ubuntu-24.04
2026-09-28T19:47:38.5918478Z Version: 20260920.314.1
2026-09-28T19:47:38.5919762Z Included Software: https://github.com/actions/runner-images/blob/ubuntu24/20260920.314/images/ubuntu/Ubuntu2404-Readme.md
2026-09-28T19:47:38.5921635Z Image Release: https://github.com/actions/runner-images/releases/tag/ubuntu24%2F20260920.314
2026-09-28T19:47:38.5922746Z ##[endgroup]
2026-09-28T19:47:38.5923816Z ##[group]GITHUB_TOKEN Permissions
2026-09-28T19:47:38.5926091Z Contents: read
2026-09-28T19:47:38.5926699Z Metadata: read
2026-09-28T19:47:38.5927215Z ##[endgroup]
2026-09-28T19:47:38.5929775Z Secret source: Actions
2026-09-28T19:47:38.5931094Z Cache mode: write
2026-09-28T19:47:38.5931968Z Prepare workflow directory
2026-09-28T19:47:38.6271361Z Prepare all required actions
2026-09-28T19:47:38.6345047Z Getting action download info
2026-09-28T19:47:39.0215355Z Download action repository 'actions/setup-python@v5' (SHA:a26af69be951a213d495a4c3e4e4022e16d87065)
2026-09-28T19:47:39.1832466Z Download action repository 'actions/download-artifact@v4' (SHA:d3f86a106a0bac45b974a628896c90dbdf5c8093)
2026-09-28T19:47:39.6381758Z Download action repository 'actions/upload-artifact@v4' (SHA:ea165f8d65b6e75b540449e92b4886f43607fa02)
2026-09-28T19:47:39.8449244Z Complete job name: cell (tonga-7)
2026-09-28T19:47:39.9220784Z ##[group]Run actions/setup-python@v5
2026-09-28T19:47:39.9221768Z with:
2026-09-28T19:47:39.9222192Z   python-version: 3.13
2026-09-28T19:47:39.9222670Z   check-latest: false
2026-09-28T19:47:39.9226329Z   token: ***
2026-09-28T19:47:39.9226768Z   update-environment: true
2026-09-28T19:47:39.9227315Z   allow-prereleases: false
2026-09-28T19:47:39.9227792Z   freethreaded: false
2026-09-28T19:47:39.9228467Z ##[endgroup]
2026-09-28T19:47:40.0693864Z ##[group]Installed versions
2026-09-28T19:47:40.0759277Z (node:2138) [DEP0040] DeprecationWarning: The `punycode` module is deprecated. Please use a userland alternative instead.
2026-09-28T19:47:40.0761949Z (Use `node --trace-deprecation ...` to show where the warning was created)
2026-09-28T19:47:40.0763458Z Successfully set up CPython (3.13.15)
2026-09-28T19:47:40.0765111Z ##[endgroup]
2026-09-28T19:47:40.1132522Z ##[group]Run actions/download-artifact@v4
2026-09-28T19:47:40.1133268Z with:
2026-09-28T19:47:40.1133740Z   name: full-stability-frozen-1
2026-09-28T19:47:40.1134285Z   path: frozen
2026-09-28T19:47:40.1134751Z   merge-multiple: false
2026-09-28T19:47:40.1135276Z   repository: ridgemerkley2-web/Spheres
2026-09-28T19:47:40.1135872Z   run-id: 36474011141
2026-09-28T19:47:40.1136333Z env:
2026-09-28T19:47:40.1136880Z   pythonLocation: /opt/hostedtoolcache/Python/3.13.15/x64
2026-09-28T19:47:40.1137853Z   PKG_CONFIG_PATH: /opt/hostedtoolcache/Python/3.13.15/x64/lib/pkgconfig
2026-09-28T19:47:40.1138766Z   Python_ROOT_DIR: /opt/hostedtoolcache/Python/3.13.15/x64
2026-09-28T19:47:40.1139589Z   Python2_ROOT_DIR: /opt/hostedtoolcache/Python/3.13.15/x64
2026-09-28T19:47:40.1140733Z   Python3_ROOT_DIR: /opt/hostedtoolcache/Python/3.13.15/x64
2026-09-28T19:47:40.1141578Z   LD_LIBRARY_PATH: /opt/hostedtoolcache/Python/3.13.15/x64/lib
2026-09-28T19:47:40.1142277Z ##[endgroup]
2026-09-28T19:47:40.2817255Z Downloading single artifact
2026-09-28T19:47:40.2963047Z (node:2146) [DEP0040] DeprecationWarning: The `punycode` module is deprecated. Please use a userland alternative instead.
2026-09-28T19:47:40.2965278Z (Use `node --trace-deprecation ...` to show where the warning was created)
2026-09-28T19:47:40.5887187Z Preparing to download the following artifacts:
2026-09-28T19:47:40.5889490Z - full-stability-frozen-1 (ID: 10993525137, Size: 251763956, Expected Digest: sha256:c0b8cac48eb04e5c4bf171d44ae480bcc940e7884c236ab973963fed4621021f)
2026-09-28T19:47:40.8435142Z Redirecting to blob download url: https://productionresultssa15.blob.core.windows.net/actions-results/9f04f3d3-a0ec-4c2f-9243-287c869ea6f9/workflow-job-run-b4e25666-37d2-5c5e-b7c9-79c0c70c262c/artifacts/21a58e5ad768f3d825d279659e73e90fd4f566c1102ba130743afd8c79099a6b.zip
2026-09-28T19:47:40.8449382Z Starting download of artifact to: /home/runner/work/Spheres/Spheres/frozen
2026-09-28T19:47:41.1152287Z (node:2146) [DEP0005] DeprecationWarning: Buffer() is deprecated due to security and usability issues. Please use the Buffer.alloc(), Buffer.allocUnsafe(), or Buffer.from() methods instead.
2026-09-28T19:47:47.5782000Z SHA256 digest of downloaded artifact is c0b8cac48eb04e5c4bf171d44ae480bcc940e7884c236ab973963fed4621021f
2026-09-28T19:47:47.5801291Z Artifact download completed successfully.
2026-09-28T19:47:47.5810903Z Total of 1 artifact(s) downloaded
2026-09-28T19:47:47.5821217Z Download artifact has finished successfully
2026-09-28T19:47:47.5992319Z ##[group]Run chmod u+x frozen/native-test
2026-09-28T19:47:47.5992751Z [36;1mchmod u+x frozen/native-test[0m
2026-09-28T19:47:47.5993512Z [36;1mpython -B frozen/distributed_stability.py cell --bundle frozen --manifest-sha256 "$FROZEN_MANIFEST" --id "$CELL_ID" --out evidence --timeout-seconds 18000[0m
2026-09-28T19:47:47.6348257Z shell: /usr/bin/bash -e {0}
2026-09-28T19:47:47.6348634Z env:
2026-09-28T19:47:47.6348991Z   pythonLocation: /opt/hostedtoolcache/Python/3.13.15/x64
2026-09-28T19:47:47.6349591Z   PKG_CONFIG_PATH: /opt/hostedtoolcache/Python/3.13.15/x64/lib/pkgconfig
2026-09-28T19:47:47.6350399Z   Python_ROOT_DIR: /opt/hostedtoolcache/Python/3.13.15/x64
2026-09-28T19:47:47.6350926Z   Python2_ROOT_DIR: /opt/hostedtoolcache/Python/3.13.15/x64
2026-09-28T19:47:47.6351462Z   Python3_ROOT_DIR: /opt/hostedtoolcache/Python/3.13.15/x64
2026-09-28T19:47:47.6351998Z   LD_LIBRARY_PATH: /opt/hostedtoolcache/Python/3.13.15/x64/lib
2026-09-28T19:47:47.6352729Z   FROZEN_MANIFEST: 70a51be54a7e3100a5267ca310bf5c7f05a3c388a389b7c54904e6365c477cc8
2026-09-28T19:47:47.6353286Z   CELL_ID: tonga-7
2026-09-28T19:47:47.6353558Z ##[endgroup]
2026-09-29T00:48:02.4038639Z Distributed stability refused: InvalidEvidence: Shard did not complete unchanged
2026-09-29T00:48:02.4163627Z ##[error]Process completed with exit code 2.
2026-09-29T00:48:02.4257735Z ##[group]Run actions/upload-artifact@v4
2026-09-29T00:48:02.4258076Z with:
2026-09-29T00:48:02.4258302Z   name: full-stability-cell-tonga-7-1
2026-09-29T00:48:02.4258576Z   path: evidence
2026-09-29T00:48:02.4258800Z   if-no-files-found: error
2026-09-29T00:48:02.4259077Z   compression-level: 0
2026-09-29T00:48:02.4259304Z   retention-days: 7
2026-09-29T00:48:02.4259519Z   overwrite: false
2026-09-29T00:48:02.4259748Z   include-hidden-files: false
2026-09-29T00:48:02.4260424Z env:
2026-09-29T00:48:02.4260720Z   pythonLocation: /opt/hostedtoolcache/Python/3.13.15/x64
2026-09-29T00:48:02.4261212Z   PKG_CONFIG_PATH: /opt/hostedtoolcache/Python/3.13.15/x64/lib/pkgconfig
2026-09-29T00:48:02.4261662Z   Python_ROOT_DIR: /opt/hostedtoolcache/Python/3.13.15/x64
2026-09-29T00:48:02.4262057Z   Python2_ROOT_DIR: /opt/hostedtoolcache/Python/3.13.15/x64
2026-09-29T00:48:02.4262468Z   Python3_ROOT_DIR: /opt/hostedtoolcache/Python/3.13.15/x64
2026-09-29T00:48:02.4262915Z   LD_LIBRARY_PATH: /opt/hostedtoolcache/Python/3.13.15/x64/lib
2026-09-29T00:48:02.4263246Z ##[endgroup]
2026-09-29T00:48:02.6188157Z (node:4188) [DEP0040] DeprecationWarning: The `punycode` module is deprecated. Please use a userland alternative instead.
2026-09-29T00:48:02.6189283Z (Use `node --trace-deprecation ...` to show where the warning was created)
2026-09-29T00:48:02.6319748Z With the provided path, there will be 15 files uploaded
2026-09-29T00:48:02.6326831Z Artifact name is valid!
2026-09-29T00:48:02.6327387Z Root directory input is valid!
2026-09-29T00:48:03.0832639Z Beginning upload of artifact content to blob storage
2026-09-29T00:48:03.1479508Z (node:4188) [DEP0169] DeprecationWarning: `url.parse()` behavior is not standardized and prone to errors that have security implications. Use the WHATWG URL API instead. CVEs are not issued for `url.parse()` vulnerabilities.
2026-09-29T00:48:04.0269434Z Uploaded bytes 8388608
2026-09-29T00:48:04.0643195Z Uploaded bytes 16777216
2026-09-29T00:48:04.0829310Z Uploaded bytes 25165824
2026-09-29T00:48:04.1191294Z Uploaded bytes 33554432
2026-09-29T00:48:04.3307265Z Uploaded bytes 41943040
2026-09-29T00:48:04.5800597Z Uploaded bytes 48440533
2026-09-29T00:48:04.6549015Z Finished uploading artifact content to blob storage!
2026-09-29T00:48:04.6550407Z SHA256 digest of uploaded artifact zip is f90791e6d6d156e87b903c9debefff901bd3cde638791ec1b2a2830de6b4dd12
2026-09-29T00:48:04.6552474Z Finalizing artifact upload
2026-09-29T00:48:04.9223705Z Artifact full-stability-cell-tonga-7-1.zip successfully finalized. Artifact ID 11006876363
2026-09-29T00:48:04.9224898Z Artifact full-stability-cell-tonga-7-1 has been successfully uploaded! Final size is 48440533 bytes. Artifact ID is 11006876363
2026-09-29T00:48:04.9230811Z Artifact download URL: https://github.com/ridgemerkley2-web/Spheres/actions/runs/36474011141/artifacts/11006876363
2026-09-29T00:48:04.9458490Z Cleaning up orphan processes
2026-09-29T00:48:04.9751015Z ##[warning]Node.js 20 is deprecated. The following actions target Node.js 20 but are being forced to run on Node.js 24: actions/download-artifact@v4, actions/setup-python@v5, actions/upload-artifact@v4. For more information see: https://github.blog/changelog/2025-09-19-deprecation-of-node-20-on-github-actions-runners/
