2026-09-28T19:54:13.3674234Z Current runner version: '2.337.0'
2026-09-28T19:54:13.3696267Z ##[group]Runner Image Provisioner
2026-09-28T19:54:13.3697032Z Hosted Compute Agent
2026-09-28T19:54:13.3697589Z Version: 20260828.587
2026-09-28T19:54:13.3698133Z Commit: abac92662cab4cc7352de4f9f9d2e2419aad9c29
2026-09-28T19:54:13.3698790Z Build Date: 2026-08-28T16:44:25Z
2026-09-28T19:54:13.3699373Z Worker ID: {ad7decfd-de69-4385-ae22-a0edb19cfbf8}
2026-09-28T19:54:13.3699965Z Azure Region: westus
2026-09-28T19:54:13.3700536Z ##[endgroup]
2026-09-28T19:54:13.3701888Z ##[group]Operating System
2026-09-28T19:54:13.3702515Z Ubuntu
2026-09-28T19:54:13.3702973Z 24.04.5
2026-09-28T19:54:13.3703459Z LTS
2026-09-28T19:54:13.3704000Z ##[endgroup]
2026-09-28T19:54:13.3704483Z ##[group]Runner Image
2026-09-28T19:54:13.3705026Z Image: ubuntu-24.04
2026-09-28T19:54:13.3705525Z Version: 20260920.314.1
2026-09-28T19:54:13.3706649Z Included Software: https://github.com/actions/runner-images/blob/ubuntu24/20260920.314/images/ubuntu/Ubuntu2404-Readme.md
2026-09-28T19:54:13.3707919Z Image Release: https://github.com/actions/runner-images/releases/tag/ubuntu24%2F20260920.314
2026-09-28T19:54:13.3708736Z ##[endgroup]
2026-09-28T19:54:13.3709683Z ##[group]GITHUB_TOKEN Permissions
2026-09-28T19:54:13.3711611Z Contents: read
2026-09-28T19:54:13.3712143Z Metadata: read
2026-09-28T19:54:13.3712626Z ##[endgroup]
2026-09-28T19:54:13.3714695Z Secret source: Actions
2026-09-28T19:54:13.3715503Z Cache mode: write
2026-09-28T19:54:13.3716191Z Prepare workflow directory
2026-09-28T19:54:13.3971853Z Prepare all required actions
2026-09-28T19:54:13.4010136Z Getting action download info
2026-09-28T19:54:13.7775261Z Download action repository 'actions/setup-python@v5' (SHA:a26af69be951a213d495a4c3e4e4022e16d87065)
2026-09-28T19:54:14.1832822Z Download action repository 'actions/download-artifact@v4' (SHA:d3f86a106a0bac45b974a628896c90dbdf5c8093)
2026-09-28T19:54:14.6818703Z Download action repository 'actions/upload-artifact@v4' (SHA:ea165f8d65b6e75b540449e92b4886f43607fa02)
2026-09-28T19:54:15.0118385Z Complete job name: cell (tonga-42)
2026-09-28T19:54:15.0744593Z ##[group]Run actions/setup-python@v5
2026-09-28T19:54:15.0745377Z with:
2026-09-28T19:54:15.0745788Z   python-version: 3.13
2026-09-28T19:54:15.0746221Z   check-latest: false
2026-09-28T19:54:15.0749524Z   token: ***
2026-09-28T19:54:15.0749940Z   update-environment: true
2026-09-28T19:54:15.0750398Z   allow-prereleases: false
2026-09-28T19:54:15.0750835Z   freethreaded: false
2026-09-28T19:54:15.0751562Z ##[endgroup]
2026-09-28T19:54:15.1886669Z ##[group]Installed versions
2026-09-28T19:54:15.1993761Z (node:1915) [DEP0040] DeprecationWarning: The `punycode` module is deprecated. Please use a userland alternative instead.
2026-09-28T19:54:15.1995696Z (Use `node --trace-deprecation ...` to show where the warning was created)
2026-09-28T19:54:15.1996729Z Successfully set up CPython (3.13.15)
2026-09-28T19:54:15.1997984Z ##[endgroup]
2026-09-28T19:54:15.2305495Z ##[group]Run actions/download-artifact@v4
2026-09-28T19:54:15.2306122Z with:
2026-09-28T19:54:15.2306518Z   name: full-stability-frozen-1
2026-09-28T19:54:15.2306992Z   path: frozen
2026-09-28T19:54:15.2307392Z   merge-multiple: false
2026-09-28T19:54:15.2307847Z   repository: ridgemerkley2-web/Spheres
2026-09-28T19:54:15.2308348Z   run-id: 36474011141
2026-09-28T19:54:15.2308748Z env:
2026-09-28T19:54:15.2309210Z   pythonLocation: /opt/hostedtoolcache/Python/3.13.15/x64
2026-09-28T19:54:15.2309967Z   PKG_CONFIG_PATH: /opt/hostedtoolcache/Python/3.13.15/x64/lib/pkgconfig
2026-09-28T19:54:15.2310711Z   Python_ROOT_DIR: /opt/hostedtoolcache/Python/3.13.15/x64
2026-09-28T19:54:15.2311640Z   Python2_ROOT_DIR: /opt/hostedtoolcache/Python/3.13.15/x64
2026-09-28T19:54:15.2312316Z   Python3_ROOT_DIR: /opt/hostedtoolcache/Python/3.13.15/x64
2026-09-28T19:54:15.2313031Z   LD_LIBRARY_PATH: /opt/hostedtoolcache/Python/3.13.15/x64/lib
2026-09-28T19:54:15.2313647Z ##[endgroup]
2026-09-28T19:54:15.3511455Z Downloading single artifact
2026-09-28T19:54:15.3625423Z (node:1924) [DEP0040] DeprecationWarning: The `punycode` module is deprecated. Please use a userland alternative instead.
2026-09-28T19:54:15.3627300Z (Use `node --trace-deprecation ...` to show where the warning was created)
2026-09-28T19:54:15.6744645Z Preparing to download the following artifacts:
2026-09-28T19:54:15.6746488Z - full-stability-frozen-1 (ID: 10993525137, Size: 251763956, Expected Digest: sha256:c0b8cac48eb04e5c4bf171d44ae480bcc940e7884c236ab973963fed4621021f)
2026-09-28T19:54:15.9397655Z Redirecting to blob download url: https://productionresultssa15.blob.core.windows.net/actions-results/9f04f3d3-a0ec-4c2f-9243-287c869ea6f9/workflow-job-run-b4e25666-37d2-5c5e-b7c9-79c0c70c262c/artifacts/21a58e5ad768f3d825d279659e73e90fd4f566c1102ba130743afd8c79099a6b.zip
2026-09-28T19:54:15.9401414Z Starting download of artifact to: /home/runner/work/Spheres/Spheres/frozen
2026-09-28T19:54:16.2850909Z (node:1924) [DEP0005] DeprecationWarning: Buffer() is deprecated due to security and usability issues. Please use the Buffer.alloc(), Buffer.allocUnsafe(), or Buffer.from() methods instead.
2026-09-28T19:54:25.2138431Z SHA256 digest of downloaded artifact is c0b8cac48eb04e5c4bf171d44ae480bcc940e7884c236ab973963fed4621021f
2026-09-28T19:54:25.2139311Z Artifact download completed successfully.
2026-09-28T19:54:25.2139675Z Total of 1 artifact(s) downloaded
2026-09-28T19:54:25.2143027Z Download artifact has finished successfully
2026-09-28T19:54:25.2294653Z ##[group]Run chmod u+x frozen/native-test
2026-09-28T19:54:25.2295092Z [36;1mchmod u+x frozen/native-test[0m
2026-09-28T19:54:25.2295854Z [36;1mpython -B frozen/distributed_stability.py cell --bundle frozen --manifest-sha256 "$FROZEN_MANIFEST" --id "$CELL_ID" --out evidence --timeout-seconds 18000[0m
2026-09-28T19:54:25.2747630Z shell: /usr/bin/bash -e {0}
2026-09-28T19:54:25.2748010Z env:
2026-09-28T19:54:25.2748364Z   pythonLocation: /opt/hostedtoolcache/Python/3.13.15/x64
2026-09-28T19:54:25.2748873Z   PKG_CONFIG_PATH: /opt/hostedtoolcache/Python/3.13.15/x64/lib/pkgconfig
2026-09-28T19:54:25.2749384Z   Python_ROOT_DIR: /opt/hostedtoolcache/Python/3.13.15/x64
2026-09-28T19:54:25.2749825Z   Python2_ROOT_DIR: /opt/hostedtoolcache/Python/3.13.15/x64
2026-09-28T19:54:25.2750251Z   Python3_ROOT_DIR: /opt/hostedtoolcache/Python/3.13.15/x64
2026-09-28T19:54:25.2750721Z   LD_LIBRARY_PATH: /opt/hostedtoolcache/Python/3.13.15/x64/lib
2026-09-28T19:54:25.2751465Z   FROZEN_MANIFEST: 70a51be54a7e3100a5267ca310bf5c7f05a3c388a389b7c54904e6365c477cc8
2026-09-28T19:54:25.2751919Z   CELL_ID: tonga-42
2026-09-28T19:54:25.2752183Z ##[endgroup]
2026-09-29T00:54:37.7217825Z Distributed stability refused: InvalidEvidence: Shard did not complete unchanged
2026-09-29T00:54:37.7316857Z ##[error]Process completed with exit code 2.
2026-09-29T00:54:37.7382254Z ##[group]Run actions/upload-artifact@v4
2026-09-29T00:54:37.7382533Z with:
2026-09-29T00:54:37.7382727Z   name: full-stability-cell-tonga-42-1
2026-09-29T00:54:37.7382957Z   path: evidence
2026-09-29T00:54:37.7383143Z   if-no-files-found: error
2026-09-29T00:54:37.7383372Z   compression-level: 0
2026-09-29T00:54:37.7383564Z   retention-days: 7
2026-09-29T00:54:37.7383742Z   overwrite: false
2026-09-29T00:54:37.7383936Z   include-hidden-files: false
2026-09-29T00:54:37.7384158Z env:
2026-09-29T00:54:37.7384420Z   pythonLocation: /opt/hostedtoolcache/Python/3.13.15/x64
2026-09-29T00:54:37.7384771Z   PKG_CONFIG_PATH: /opt/hostedtoolcache/Python/3.13.15/x64/lib/pkgconfig
2026-09-29T00:54:37.7385110Z   Python_ROOT_DIR: /opt/hostedtoolcache/Python/3.13.15/x64
2026-09-29T00:54:37.7385428Z   Python2_ROOT_DIR: /opt/hostedtoolcache/Python/3.13.15/x64
2026-09-29T00:54:37.7385728Z   Python3_ROOT_DIR: /opt/hostedtoolcache/Python/3.13.15/x64
2026-09-29T00:54:37.7386065Z   LD_LIBRARY_PATH: /opt/hostedtoolcache/Python/3.13.15/x64/lib
2026-09-29T00:54:37.7386334Z ##[endgroup]
2026-09-29T00:54:37.8945352Z (node:4388) [DEP0040] DeprecationWarning: The `punycode` module is deprecated. Please use a userland alternative instead.
2026-09-29T00:54:37.8946319Z (Use `node --trace-deprecation ...` to show where the warning was created)
2026-09-29T00:54:37.9053673Z With the provided path, there will be 15 files uploaded
2026-09-29T00:54:37.9054165Z Artifact name is valid!
2026-09-29T00:54:37.9054382Z Root directory input is valid!
2026-09-29T00:54:38.3575258Z Beginning upload of artifact content to blob storage
2026-09-29T00:54:38.3993884Z (node:4388) [DEP0169] DeprecationWarning: `url.parse()` behavior is not standardized and prone to errors that have security implications. Use the WHATWG URL API instead. CVEs are not issued for `url.parse()` vulnerabilities.
2026-09-29T00:54:39.2932488Z Uploaded bytes 8388608
2026-09-29T00:54:39.3416294Z Uploaded bytes 16777216
2026-09-29T00:54:39.3496020Z Uploaded bytes 25165824
2026-09-29T00:54:39.3557381Z Uploaded bytes 33554432
2026-09-29T00:54:39.5600123Z Uploaded bytes 41943040
2026-09-29T00:54:39.6943812Z Uploaded bytes 45857163
2026-09-29T00:54:39.7630240Z Finished uploading artifact content to blob storage!
2026-09-29T00:54:39.7631012Z SHA256 digest of uploaded artifact zip is 21c5c7eb8310d8647c8ef31ce65476229795a35fdc39e837ebf72745538c7faf
2026-09-29T00:54:39.7632395Z Finalizing artifact upload
2026-09-29T00:54:40.0511940Z Artifact full-stability-cell-tonga-42-1.zip successfully finalized. Artifact ID 11007272613
2026-09-29T00:54:40.0512952Z Artifact full-stability-cell-tonga-42-1 has been successfully uploaded! Final size is 45857163 bytes. Artifact ID is 11007272613
2026-09-29T00:54:40.0519056Z Artifact download URL: https://github.com/ridgemerkley2-web/Spheres/actions/runs/36474011141/artifacts/11007272613
2026-09-29T00:54:40.0690369Z Cleaning up orphan processes
2026-09-29T00:54:40.0909016Z ##[warning]Node.js 20 is deprecated. The following actions target Node.js 20 but are being forced to run on Node.js 24: actions/download-artifact@v4, actions/setup-python@v5, actions/upload-artifact@v4. For more information see: https://github.blog/changelog/2025-09-19-deprecation-of-node-20-on-github-actions-runners/
