2026-09-29T00:47:59.6458703Z Current runner version: '2.337.0'
2026-09-29T00:47:59.6477403Z ##[group]Runner Image Provisioner
2026-09-29T00:47:59.6478212Z Hosted Compute Agent
2026-09-29T00:47:59.6478708Z Version: 20260828.587
2026-09-29T00:47:59.6479270Z Commit: abac92662cab4cc7352de4f9f9d2e2419aad9c29
2026-09-29T00:47:59.6479896Z Build Date: 2026-08-28T16:44:25Z
2026-09-29T00:47:59.6480456Z Worker ID: {9ac75842-17f0-4d45-8618-f53ec1d31977}
2026-09-29T00:47:59.6481112Z Azure Region: centralus
2026-09-29T00:47:59.6481627Z ##[endgroup]
2026-09-29T00:47:59.6482757Z ##[group]Operating System
2026-09-29T00:47:59.6483268Z Ubuntu
2026-09-29T00:47:59.6483699Z 24.04.5
2026-09-29T00:47:59.6484136Z LTS
2026-09-29T00:47:59.6484561Z ##[endgroup]
2026-09-29T00:47:59.6485326Z ##[group]Runner Image
2026-09-29T00:47:59.6485850Z Image: ubuntu-24.04
2026-09-29T00:47:59.6486327Z Version: 20260920.314.1
2026-09-29T00:47:59.6487371Z Included Software: https://github.com/actions/runner-images/blob/ubuntu24/20260920.314/images/ubuntu/Ubuntu2404-Readme.md
2026-09-29T00:47:59.6488625Z Image Release: https://github.com/actions/runner-images/releases/tag/ubuntu24%2F20260920.314
2026-09-29T00:47:59.6489438Z ##[endgroup]
2026-09-29T00:47:59.6490344Z ##[group]GITHUB_TOKEN Permissions
2026-09-29T00:47:59.6492164Z Contents: read
2026-09-29T00:47:59.6492749Z Metadata: read
2026-09-29T00:47:59.6493461Z ##[endgroup]
2026-09-29T00:47:59.6495295Z Secret source: Actions
2026-09-29T00:47:59.6496051Z Cache mode: write
2026-09-29T00:47:59.6496747Z Prepare workflow directory
2026-09-29T00:47:59.7033221Z Prepare all required actions
2026-09-29T00:47:59.7090741Z Getting action download info
2026-09-29T00:47:59.9441583Z Download action repository 'actions/setup-python@v5' (SHA:a26af69be951a213d495a4c3e4e4022e16d87065)
2026-09-29T00:48:00.4479379Z Download action repository 'actions/download-artifact@v4' (SHA:d3f86a106a0bac45b974a628896c90dbdf5c8093)
2026-09-29T00:48:01.5029672Z Download action repository 'actions/upload-artifact@v4' (SHA:ea165f8d65b6e75b540449e92b4886f43607fa02)
2026-09-29T00:48:01.7250429Z Complete job name: cell (ussr-7)
2026-09-29T00:48:01.7883103Z ##[group]Run actions/setup-python@v5
2026-09-29T00:48:01.7884216Z with:
2026-09-29T00:48:01.7885249Z   python-version: 3.13
2026-09-29T00:48:01.7886069Z   check-latest: false
2026-09-29T00:48:01.7889002Z   token: ***
2026-09-29T00:48:01.7889813Z   update-environment: true
2026-09-29T00:48:01.7890690Z   allow-prereleases: false
2026-09-29T00:48:01.7891540Z   freethreaded: false
2026-09-29T00:48:01.7892504Z ##[endgroup]
2026-09-29T00:48:01.9075177Z ##[group]Installed versions
2026-09-29T00:48:01.9135051Z (node:1925) [DEP0040] DeprecationWarning: The `punycode` module is deprecated. Please use a userland alternative instead.
2026-09-29T00:48:01.9136983Z (Use `node --trace-deprecation ...` to show where the warning was created)
2026-09-29T00:48:01.9138319Z Successfully set up CPython (3.13.15)
2026-09-29T00:48:01.9140121Z ##[endgroup]
2026-09-29T00:48:01.9448234Z ##[group]Run actions/download-artifact@v4
2026-09-29T00:48:01.9449556Z with:
2026-09-29T00:48:01.9450601Z   name: full-stability-frozen-1
2026-09-29T00:48:01.9451620Z   path: frozen
2026-09-29T00:48:01.9452868Z   merge-multiple: false
2026-09-29T00:48:01.9454081Z   repository: ridgemerkley2-web/Spheres
2026-09-29T00:48:01.9455091Z   run-id: 36474011141
2026-09-29T00:48:01.9456051Z env:
2026-09-29T00:48:01.9457940Z   pythonLocation: /opt/hostedtoolcache/Python/3.13.15/x64
2026-09-29T00:48:01.9460089Z   PKG_CONFIG_PATH: /opt/hostedtoolcache/Python/3.13.15/x64/lib/pkgconfig
2026-09-29T00:48:01.9461667Z   Python_ROOT_DIR: /opt/hostedtoolcache/Python/3.13.15/x64
2026-09-29T00:48:01.9463116Z   Python2_ROOT_DIR: /opt/hostedtoolcache/Python/3.13.15/x64
2026-09-29T00:48:01.9464520Z   Python3_ROOT_DIR: /opt/hostedtoolcache/Python/3.13.15/x64
2026-09-29T00:48:01.9466097Z   LD_LIBRARY_PATH: /opt/hostedtoolcache/Python/3.13.15/x64/lib
2026-09-29T00:48:01.9467486Z ##[endgroup]
2026-09-29T00:48:02.0751965Z Downloading single artifact
2026-09-29T00:48:02.0862734Z (node:1933) [DEP0040] DeprecationWarning: The `punycode` module is deprecated. Please use a userland alternative instead.
2026-09-29T00:48:02.0864781Z (Use `node --trace-deprecation ...` to show where the warning was created)
2026-09-29T00:48:02.2258151Z Preparing to download the following artifacts:
2026-09-29T00:48:02.2260180Z - full-stability-frozen-1 (ID: 10993525137, Size: 251763956, Expected Digest: sha256:c0b8cac48eb04e5c4bf171d44ae480bcc940e7884c236ab973963fed4621021f)
2026-09-29T00:48:02.3963039Z Redirecting to blob download url: https://productionresultssa15.blob.core.windows.net/actions-results/9f04f3d3-a0ec-4c2f-9243-287c869ea6f9/workflow-job-run-b4e25666-37d2-5c5e-b7c9-79c0c70c262c/artifacts/21a58e5ad768f3d825d279659e73e90fd4f566c1102ba130743afd8c79099a6b.zip
2026-09-29T00:48:02.3964190Z Starting download of artifact to: /home/runner/work/Spheres/Spheres/frozen
2026-09-29T00:48:02.5940160Z (node:1933) [DEP0005] DeprecationWarning: Buffer() is deprecated due to security and usability issues. Please use the Buffer.alloc(), Buffer.allocUnsafe(), or Buffer.from() methods instead.
2026-09-29T00:48:07.1764277Z SHA256 digest of downloaded artifact is c0b8cac48eb04e5c4bf171d44ae480bcc940e7884c236ab973963fed4621021f
2026-09-29T00:48:07.1765727Z Artifact download completed successfully.
2026-09-29T00:48:07.1766331Z Total of 1 artifact(s) downloaded
2026-09-29T00:48:07.1770352Z Download artifact has finished successfully
2026-09-29T00:48:07.1899256Z ##[group]Run chmod u+x frozen/native-test
2026-09-29T00:48:07.1899785Z [36;1mchmod u+x frozen/native-test[0m
2026-09-29T00:48:07.1900510Z [36;1mpython -B frozen/distributed_stability.py cell --bundle frozen --manifest-sha256 "$FROZEN_MANIFEST" --id "$CELL_ID" --out evidence --timeout-seconds 18000[0m
2026-09-29T00:48:07.2066945Z shell: /usr/bin/bash -e {0}
2026-09-29T00:48:07.2067305Z env:
2026-09-29T00:48:07.2067685Z   pythonLocation: /opt/hostedtoolcache/Python/3.13.15/x64
2026-09-29T00:48:07.2068180Z   PKG_CONFIG_PATH: /opt/hostedtoolcache/Python/3.13.15/x64/lib/pkgconfig
2026-09-29T00:48:07.2068670Z   Python_ROOT_DIR: /opt/hostedtoolcache/Python/3.13.15/x64
2026-09-29T00:48:07.2069079Z   Python2_ROOT_DIR: /opt/hostedtoolcache/Python/3.13.15/x64
2026-09-29T00:48:07.2069474Z   Python3_ROOT_DIR: /opt/hostedtoolcache/Python/3.13.15/x64
2026-09-29T00:48:07.2069921Z   LD_LIBRARY_PATH: /opt/hostedtoolcache/Python/3.13.15/x64/lib
2026-09-29T00:48:07.2070529Z   FROZEN_MANIFEST: 70a51be54a7e3100a5267ca310bf5c7f05a3c388a389b7c54904e6365c477cc8
2026-09-29T00:48:07.2070970Z   CELL_ID: ussr-7
2026-09-29T00:48:07.2071232Z ##[endgroup]
2026-09-29T05:48:19.7172893Z Distributed stability refused: InvalidEvidence: Shard did not complete unchanged
2026-09-29T05:48:19.7258446Z ##[error]Process completed with exit code 2.
2026-09-29T05:48:19.7405984Z ##[group]Run actions/upload-artifact@v4
2026-09-29T05:48:19.7406265Z with:
2026-09-29T05:48:19.7406462Z   name: full-stability-cell-ussr-7-1
2026-09-29T05:48:19.7406695Z   path: evidence
2026-09-29T05:48:19.7406891Z   if-no-files-found: error
2026-09-29T05:48:19.7407118Z   compression-level: 0
2026-09-29T05:48:19.7407312Z   retention-days: 7
2026-09-29T05:48:19.7407495Z   overwrite: false
2026-09-29T05:48:19.7407690Z   include-hidden-files: false
2026-09-29T05:48:19.7407907Z env:
2026-09-29T05:48:19.7408157Z   pythonLocation: /opt/hostedtoolcache/Python/3.13.15/x64
2026-09-29T05:48:19.7408519Z   PKG_CONFIG_PATH: /opt/hostedtoolcache/Python/3.13.15/x64/lib/pkgconfig
2026-09-29T05:48:19.7408867Z   Python_ROOT_DIR: /opt/hostedtoolcache/Python/3.13.15/x64
2026-09-29T05:48:19.7409193Z   Python2_ROOT_DIR: /opt/hostedtoolcache/Python/3.13.15/x64
2026-09-29T05:48:19.7409505Z   Python3_ROOT_DIR: /opt/hostedtoolcache/Python/3.13.15/x64
2026-09-29T05:48:19.7409863Z   LD_LIBRARY_PATH: /opt/hostedtoolcache/Python/3.13.15/x64/lib
2026-09-29T05:48:19.7410140Z ##[endgroup]
2026-09-29T05:48:19.8801675Z (node:3772) [DEP0040] DeprecationWarning: The `punycode` module is deprecated. Please use a userland alternative instead.
2026-09-29T05:48:19.8803019Z (Use `node --trace-deprecation ...` to show where the warning was created)
2026-09-29T05:48:19.8909119Z With the provided path, there will be 15 files uploaded
2026-09-29T05:48:19.8912101Z Artifact name is valid!
2026-09-29T05:48:19.8912678Z Root directory input is valid!
2026-09-29T05:48:20.2153340Z Beginning upload of artifact content to blob storage
2026-09-29T05:48:20.2613296Z (node:3772) [DEP0169] DeprecationWarning: `url.parse()` behavior is not standardized and prone to errors that have security implications. Use the WHATWG URL API instead. CVEs are not issued for `url.parse()` vulnerabilities.
2026-09-29T05:48:20.7678110Z Uploaded bytes 8388608
2026-09-29T05:48:20.8005472Z Uploaded bytes 16777216
2026-09-29T05:48:20.8406989Z Uploaded bytes 25165824
2026-09-29T05:48:20.8880411Z Uploaded bytes 33554432
2026-09-29T05:48:21.0002530Z Uploaded bytes 41943040
2026-09-29T05:48:21.2313713Z Uploaded bytes 48284268
2026-09-29T05:48:21.2717521Z Finished uploading artifact content to blob storage!
2026-09-29T05:48:21.2718724Z SHA256 digest of uploaded artifact zip is 819c980b1f1b8ac5ac2d6081b56e3a4a49b7a1b2395cdec3435b213ef51c3609
2026-09-29T05:48:21.2720142Z Finalizing artifact upload
2026-09-29T05:48:21.5174714Z Artifact full-stability-cell-ussr-7-1.zip successfully finalized. Artifact ID 11015715409
2026-09-29T05:48:21.5175866Z Artifact full-stability-cell-ussr-7-1 has been successfully uploaded! Final size is 48284268 bytes. Artifact ID is 11015715409
2026-09-29T05:48:21.5182195Z Artifact download URL: https://github.com/ridgemerkley2-web/Spheres/actions/runs/36474011141/artifacts/11015715409
2026-09-29T05:48:21.5340100Z Cleaning up orphan processes
2026-09-29T05:48:21.5503034Z ##[warning]Node.js 20 is deprecated. The following actions target Node.js 20 but are being forced to run on Node.js 24: actions/download-artifact@v4, actions/setup-python@v5, actions/upload-artifact@v4. For more information see: https://github.blog/changelog/2025-09-19-deprecation-of-node-20-on-github-actions-runners/
