2026-09-29T00:47:58.2167671Z Current runner version: '2.337.0'
2026-09-29T00:47:58.2203092Z ##[group]Runner Image Provisioner
2026-09-29T00:47:58.2204743Z Hosted Compute Agent
2026-09-29T00:47:58.2205791Z Version: 20260828.587
2026-09-29T00:47:58.2206953Z Commit: abac92662cab4cc7352de4f9f9d2e2419aad9c29
2026-09-29T00:47:58.2208377Z Build Date: 2026-08-28T16:44:25Z
2026-09-29T00:47:58.2209673Z Worker ID: {c1b3f0bd-fdf5-4911-b144-0abbabf64b47}
2026-09-29T00:47:58.2211272Z Azure Region: eastus2
2026-09-29T00:47:58.2212361Z ##[endgroup]
2026-09-29T00:47:58.2214769Z ##[group]Operating System
2026-09-29T00:47:58.2216399Z Ubuntu
2026-09-29T00:47:58.2217334Z 24.04.5
2026-09-29T00:47:58.2218159Z LTS
2026-09-29T00:47:58.2219202Z ##[endgroup]
2026-09-29T00:47:58.2220606Z ##[group]Runner Image
2026-09-29T00:47:58.2221811Z Image: ubuntu-24.04
2026-09-29T00:47:58.2222812Z Version: 20260920.314.1
2026-09-29T00:47:58.2225138Z Included Software: https://github.com/actions/runner-images/blob/ubuntu24/20260920.314/images/ubuntu/Ubuntu2404-Readme.md
2026-09-29T00:47:58.2228026Z Image Release: https://github.com/actions/runner-images/releases/tag/ubuntu24%2F20260920.314
2026-09-29T00:47:58.2230216Z ##[endgroup]
2026-09-29T00:47:58.2232233Z ##[group]GITHUB_TOKEN Permissions
2026-09-29T00:47:58.2235521Z Contents: read
2026-09-29T00:47:58.2236525Z Metadata: read
2026-09-29T00:47:58.2237643Z ##[endgroup]
2026-09-29T00:47:58.2240872Z Secret source: Actions
2026-09-29T00:47:58.2242689Z Cache mode: write
2026-09-29T00:47:58.2244288Z Prepare workflow directory
2026-09-29T00:47:58.2734177Z Prepare all required actions
2026-09-29T00:47:58.2806700Z Getting action download info
2026-09-29T00:47:58.4677229Z Download action repository 'actions/setup-python@v5' (SHA:a26af69be951a213d495a4c3e4e4022e16d87065)
2026-09-29T00:47:58.6020377Z Download action repository 'actions/download-artifact@v4' (SHA:d3f86a106a0bac45b974a628896c90dbdf5c8093)
2026-09-29T00:47:58.8065214Z Download action repository 'actions/upload-artifact@v4' (SHA:ea165f8d65b6e75b540449e92b4886f43607fa02)
2026-09-29T00:47:59.0236631Z Complete job name: cell (ussr-1990)
2026-09-29T00:47:59.1041112Z ##[group]Run actions/setup-python@v5
2026-09-29T00:47:59.1042224Z with:
2026-09-29T00:47:59.1042719Z   python-version: 3.13
2026-09-29T00:47:59.1043245Z   check-latest: false
2026-09-29T00:47:59.1047523Z   token: ***
2026-09-29T00:47:59.1048019Z   update-environment: true
2026-09-29T00:47:59.1048595Z   allow-prereleases: false
2026-09-29T00:47:59.1049138Z   freethreaded: false
2026-09-29T00:47:59.1050100Z ##[endgroup]
2026-09-29T00:47:59.2556242Z ##[group]Installed versions
2026-09-29T00:47:59.2625876Z (node:2127) [DEP0040] DeprecationWarning: The `punycode` module is deprecated. Please use a userland alternative instead.
2026-09-29T00:47:59.2627771Z (Use `node --trace-deprecation ...` to show where the warning was created)
2026-09-29T00:47:59.2629651Z Successfully set up CPython (3.13.15)
2026-09-29T00:47:59.2631564Z ##[endgroup]
2026-09-29T00:47:59.3022491Z ##[group]Run actions/download-artifact@v4
2026-09-29T00:47:59.3023233Z with:
2026-09-29T00:47:59.3023713Z   name: full-stability-frozen-1
2026-09-29T00:47:59.3024266Z   path: frozen
2026-09-29T00:47:59.3024749Z   merge-multiple: false
2026-09-29T00:47:59.3025307Z   repository: ridgemerkley2-web/Spheres
2026-09-29T00:47:59.3025923Z   run-id: 36474011141
2026-09-29T00:47:59.3026409Z env:
2026-09-29T00:47:59.3026967Z   pythonLocation: /opt/hostedtoolcache/Python/3.13.15/x64
2026-09-29T00:47:59.3027894Z   PKG_CONFIG_PATH: /opt/hostedtoolcache/Python/3.13.15/x64/lib/pkgconfig
2026-09-29T00:47:59.3028882Z   Python_ROOT_DIR: /opt/hostedtoolcache/Python/3.13.15/x64
2026-09-29T00:47:59.3031481Z   Python2_ROOT_DIR: /opt/hostedtoolcache/Python/3.13.15/x64
2026-09-29T00:47:59.3033949Z   Python3_ROOT_DIR: /opt/hostedtoolcache/Python/3.13.15/x64
2026-09-29T00:47:59.3035423Z   LD_LIBRARY_PATH: /opt/hostedtoolcache/Python/3.13.15/x64/lib
2026-09-29T00:47:59.3036680Z ##[endgroup]
2026-09-29T00:47:59.4563526Z Downloading single artifact
2026-09-29T00:47:59.4706590Z (node:2135) [DEP0040] DeprecationWarning: The `punycode` module is deprecated. Please use a userland alternative instead.
2026-09-29T00:47:59.4708557Z (Use `node --trace-deprecation ...` to show where the warning was created)
2026-09-29T00:47:59.5704927Z Preparing to download the following artifacts:
2026-09-29T00:47:59.5707890Z - full-stability-frozen-1 (ID: 10993525137, Size: 251763956, Expected Digest: sha256:c0b8cac48eb04e5c4bf171d44ae480bcc940e7884c236ab973963fed4621021f)
2026-09-29T00:47:59.7052361Z Redirecting to blob download url: https://productionresultssa15.blob.core.windows.net/actions-results/9f04f3d3-a0ec-4c2f-9243-287c869ea6f9/workflow-job-run-b4e25666-37d2-5c5e-b7c9-79c0c70c262c/artifacts/21a58e5ad768f3d825d279659e73e90fd4f566c1102ba130743afd8c79099a6b.zip
2026-09-29T00:47:59.7058776Z Starting download of artifact to: /home/runner/work/Spheres/Spheres/frozen
2026-09-29T00:47:59.7754651Z (node:2135) [DEP0005] DeprecationWarning: Buffer() is deprecated due to security and usability issues. Please use the Buffer.alloc(), Buffer.allocUnsafe(), or Buffer.from() methods instead.
2026-09-29T00:48:03.8564102Z SHA256 digest of downloaded artifact is c0b8cac48eb04e5c4bf171d44ae480bcc940e7884c236ab973963fed4621021f
2026-09-29T00:48:03.8565309Z Artifact download completed successfully.
2026-09-29T00:48:03.8566077Z Total of 1 artifact(s) downloaded
2026-09-29T00:48:03.8570370Z Download artifact has finished successfully
2026-09-29T00:48:03.8748174Z ##[group]Run chmod u+x frozen/native-test
2026-09-29T00:48:03.8748645Z [36;1mchmod u+x frozen/native-test[0m
2026-09-29T00:48:03.8749455Z [36;1mpython -B frozen/distributed_stability.py cell --bundle frozen --manifest-sha256 "$FROZEN_MANIFEST" --id "$CELL_ID" --out evidence --timeout-seconds 18000[0m
2026-09-29T00:48:03.9052646Z shell: /usr/bin/bash -e {0}
2026-09-29T00:48:03.9053042Z env:
2026-09-29T00:48:03.9053428Z   pythonLocation: /opt/hostedtoolcache/Python/3.13.15/x64
2026-09-29T00:48:03.9054042Z   PKG_CONFIG_PATH: /opt/hostedtoolcache/Python/3.13.15/x64/lib/pkgconfig
2026-09-29T00:48:03.9054658Z   Python_ROOT_DIR: /opt/hostedtoolcache/Python/3.13.15/x64
2026-09-29T00:48:03.9055216Z   Python2_ROOT_DIR: /opt/hostedtoolcache/Python/3.13.15/x64
2026-09-29T00:48:03.9055772Z   Python3_ROOT_DIR: /opt/hostedtoolcache/Python/3.13.15/x64
2026-09-29T00:48:03.9056328Z   LD_LIBRARY_PATH: /opt/hostedtoolcache/Python/3.13.15/x64/lib
2026-09-29T00:48:03.9057046Z   FROZEN_MANIFEST: 70a51be54a7e3100a5267ca310bf5c7f05a3c388a389b7c54904e6365c477cc8
2026-09-29T00:48:03.9057620Z   CELL_ID: ussr-1990
2026-09-29T00:48:03.9057931Z ##[endgroup]
2026-09-29T05:48:17.8188730Z Distributed stability refused: InvalidEvidence: Shard did not complete unchanged
2026-09-29T05:48:17.8278674Z ##[error]Process completed with exit code 2.
2026-09-29T05:48:17.8357721Z ##[group]Run actions/upload-artifact@v4
2026-09-29T05:48:17.8358043Z with:
2026-09-29T05:48:17.8358271Z   name: full-stability-cell-ussr-1990-1
2026-09-29T05:48:17.8358547Z   path: evidence
2026-09-29T05:48:17.8358761Z   if-no-files-found: error
2026-09-29T05:48:17.8359016Z   compression-level: 0
2026-09-29T05:48:17.8359237Z   retention-days: 7
2026-09-29T05:48:17.8359452Z   overwrite: false
2026-09-29T05:48:17.8359678Z   include-hidden-files: false
2026-09-29T05:48:17.8360138Z env:
2026-09-29T05:48:17.8360426Z   pythonLocation: /opt/hostedtoolcache/Python/3.13.15/x64
2026-09-29T05:48:17.8360887Z   PKG_CONFIG_PATH: /opt/hostedtoolcache/Python/3.13.15/x64/lib/pkgconfig
2026-09-29T05:48:17.8361320Z   Python_ROOT_DIR: /opt/hostedtoolcache/Python/3.13.15/x64
2026-09-29T05:48:17.8369111Z   Python2_ROOT_DIR: /opt/hostedtoolcache/Python/3.13.15/x64
2026-09-29T05:48:17.8369964Z   Python3_ROOT_DIR: /opt/hostedtoolcache/Python/3.13.15/x64
2026-09-29T05:48:17.8370433Z   LD_LIBRARY_PATH: /opt/hostedtoolcache/Python/3.13.15/x64/lib
2026-09-29T05:48:17.8370776Z ##[endgroup]
2026-09-29T05:48:18.0030777Z (node:4744) [DEP0040] DeprecationWarning: The `punycode` module is deprecated. Please use a userland alternative instead.
2026-09-29T05:48:18.0031602Z (Use `node --trace-deprecation ...` to show where the warning was created)
2026-09-29T05:48:18.0130227Z With the provided path, there will be 15 files uploaded
2026-09-29T05:48:18.0137819Z Artifact name is valid!
2026-09-29T05:48:18.0138353Z Root directory input is valid!
2026-09-29T05:48:18.2832437Z Beginning upload of artifact content to blob storage
2026-09-29T05:48:18.3469199Z (node:4744) [DEP0169] DeprecationWarning: `url.parse()` behavior is not standardized and prone to errors that have security implications. Use the WHATWG URL API instead. CVEs are not issued for `url.parse()` vulnerabilities.
2026-09-29T05:48:18.5099454Z Uploaded bytes 8388608
2026-09-29T05:48:18.5386906Z Uploaded bytes 16777216
2026-09-29T05:48:18.6987997Z Uploaded bytes 25165824
2026-09-29T05:48:18.7046754Z Uploaded bytes 33554432
2026-09-29T05:48:18.7701378Z Uploaded bytes 41943040
2026-09-29T05:48:18.8981001Z Uploaded bytes 48498310
2026-09-29T05:48:19.0019965Z Finished uploading artifact content to blob storage!
2026-09-29T05:48:19.0021306Z SHA256 digest of uploaded artifact zip is 5b926eec5b2b631c0ecc9232c1fe3151c27e67f0928e74ba19574a8e822ef3ad
2026-09-29T05:48:19.0024084Z Finalizing artifact upload
2026-09-29T05:48:19.2159524Z Artifact full-stability-cell-ussr-1990-1.zip successfully finalized. Artifact ID 11015506833
2026-09-29T05:48:19.2161682Z Artifact full-stability-cell-ussr-1990-1 has been successfully uploaded! Final size is 48498310 bytes. Artifact ID is 11015506833
2026-09-29T05:48:19.2169100Z Artifact download URL: https://github.com/ridgemerkley2-web/Spheres/actions/runs/36474011141/artifacts/11015506833
2026-09-29T05:48:19.2362394Z Cleaning up orphan processes
2026-09-29T05:48:19.2602708Z ##[warning]Node.js 20 is deprecated. The following actions target Node.js 20 but are being forced to run on Node.js 24: actions/download-artifact@v4, actions/setup-python@v5, actions/upload-artifact@v4. For more information see: https://github.blog/changelog/2025-09-19-deprecation-of-node-20-on-github-actions-runners/
