2026-09-29T00:48:04.4318503Z Current runner version: '2.337.0'
2026-09-29T00:48:04.4342250Z ##[group]Runner Image Provisioner
2026-09-29T00:48:04.4343052Z Hosted Compute Agent
2026-09-29T00:48:04.4343927Z Version: 20260828.587
2026-09-29T00:48:04.4344557Z Commit: abac92662cab4cc7352de4f9f9d2e2419aad9c29
2026-09-29T00:48:04.4345329Z Build Date: 2026-08-28T16:44:25Z
2026-09-29T00:48:04.4346037Z Worker ID: {f1cd4cab-66d6-4eea-83fa-5530ebc6ba1c}
2026-09-29T00:48:04.4346750Z Azure Region: eastus
2026-09-29T00:48:04.4347601Z ##[endgroup]
2026-09-29T00:48:04.4349059Z ##[group]Operating System
2026-09-29T00:48:04.4349671Z Ubuntu
2026-09-29T00:48:04.4350292Z 24.04.5
2026-09-29T00:48:04.4350797Z LTS
2026-09-29T00:48:04.4351412Z ##[endgroup]
2026-09-29T00:48:04.4352003Z ##[group]Runner Image
2026-09-29T00:48:04.4352634Z Image: ubuntu-24.04
2026-09-29T00:48:04.4353211Z Version: 20260920.314.1
2026-09-29T00:48:04.4354514Z Included Software: https://github.com/actions/runner-images/blob/ubuntu24/20260920.314/images/ubuntu/Ubuntu2404-Readme.md
2026-09-29T00:48:04.4356118Z Image Release: https://github.com/actions/runner-images/releases/tag/ubuntu24%2F20260920.314
2026-09-29T00:48:04.4357163Z ##[endgroup]
2026-09-29T00:48:04.4358741Z ##[group]GITHUB_TOKEN Permissions
2026-09-29T00:48:04.4362076Z Contents: read
2026-09-29T00:48:04.4362684Z Metadata: read
2026-09-29T00:48:04.4363211Z ##[endgroup]
2026-09-29T00:48:04.4365340Z Secret source: Actions
2026-09-29T00:48:04.4366353Z Cache mode: write
2026-09-29T00:48:04.4367553Z Prepare workflow directory
2026-09-29T00:48:04.4688547Z Prepare all required actions
2026-09-29T00:48:04.4735420Z Getting action download info
2026-09-29T00:48:04.6919435Z Download action repository 'actions/setup-python@v5' (SHA:a26af69be951a213d495a4c3e4e4022e16d87065)
2026-09-29T00:48:04.8318315Z Download action repository 'actions/download-artifact@v4' (SHA:d3f86a106a0bac45b974a628896c90dbdf5c8093)
2026-09-29T00:48:04.9943400Z Download action repository 'actions/upload-artifact@v4' (SHA:ea165f8d65b6e75b540449e92b4886f43607fa02)
2026-09-29T00:48:05.2001505Z Complete job name: cell (ussr-42)
2026-09-29T00:48:05.2745829Z ##[group]Run actions/setup-python@v5
2026-09-29T00:48:05.2746730Z with:
2026-09-29T00:48:05.2747167Z   python-version: 3.13
2026-09-29T00:48:05.2747877Z   check-latest: false
2026-09-29T00:48:05.2751476Z   token: ***
2026-09-29T00:48:05.2751915Z   update-environment: true
2026-09-29T00:48:05.2752410Z   allow-prereleases: false
2026-09-29T00:48:05.2752887Z   freethreaded: false
2026-09-29T00:48:05.2753591Z ##[endgroup]
2026-09-29T00:48:05.4178274Z ##[group]Installed versions
2026-09-29T00:48:05.4246223Z (node:2142) [DEP0040] DeprecationWarning: The `punycode` module is deprecated. Please use a userland alternative instead.
2026-09-29T00:48:05.4254843Z (Use `node --trace-deprecation ...` to show where the warning was created)
2026-09-29T00:48:05.4256370Z Successfully set up CPython (3.13.15)
2026-09-29T00:48:05.4258327Z ##[endgroup]
2026-09-29T00:48:05.4698940Z ##[group]Run actions/download-artifact@v4
2026-09-29T00:48:05.4699989Z with:
2026-09-29T00:48:05.4700720Z   name: full-stability-frozen-1
2026-09-29T00:48:05.4701588Z   path: frozen
2026-09-29T00:48:05.4702345Z   merge-multiple: false
2026-09-29T00:48:05.4703213Z   repository: ridgemerkley2-web/Spheres
2026-09-29T00:48:05.4704159Z   run-id: 36474011141
2026-09-29T00:48:05.4704909Z env:
2026-09-29T00:48:05.4705765Z   pythonLocation: /opt/hostedtoolcache/Python/3.13.15/x64
2026-09-29T00:48:05.4707195Z   PKG_CONFIG_PATH: /opt/hostedtoolcache/Python/3.13.15/x64/lib/pkgconfig
2026-09-29T00:48:05.4708901Z   Python_ROOT_DIR: /opt/hostedtoolcache/Python/3.13.15/x64
2026-09-29T00:48:05.4710238Z   Python2_ROOT_DIR: /opt/hostedtoolcache/Python/3.13.15/x64
2026-09-29T00:48:05.4711561Z   Python3_ROOT_DIR: /opt/hostedtoolcache/Python/3.13.15/x64
2026-09-29T00:48:05.4712918Z   LD_LIBRARY_PATH: /opt/hostedtoolcache/Python/3.13.15/x64/lib
2026-09-29T00:48:05.4714036Z ##[endgroup]
2026-09-29T00:48:05.6288847Z Downloading single artifact
2026-09-29T00:48:05.6461047Z (node:2150) [DEP0040] DeprecationWarning: The `punycode` module is deprecated. Please use a userland alternative instead.
2026-09-29T00:48:05.6463116Z (Use `node --trace-deprecation ...` to show where the warning was created)
2026-09-29T00:48:05.7358903Z Preparing to download the following artifacts:
2026-09-29T00:48:05.7361879Z - full-stability-frozen-1 (ID: 10993525137, Size: 251763956, Expected Digest: sha256:c0b8cac48eb04e5c4bf171d44ae480bcc940e7884c236ab973963fed4621021f)
2026-09-29T00:48:05.8762578Z Redirecting to blob download url: https://productionresultssa15.blob.core.windows.net/actions-results/9f04f3d3-a0ec-4c2f-9243-287c869ea6f9/workflow-job-run-b4e25666-37d2-5c5e-b7c9-79c0c70c262c/artifacts/21a58e5ad768f3d825d279659e73e90fd4f566c1102ba130743afd8c79099a6b.zip
2026-09-29T00:48:05.8769464Z Starting download of artifact to: /home/runner/work/Spheres/Spheres/frozen
2026-09-29T00:48:05.9565429Z (node:2150) [DEP0005] DeprecationWarning: Buffer() is deprecated due to security and usability issues. Please use the Buffer.alloc(), Buffer.allocUnsafe(), or Buffer.from() methods instead.
2026-09-29T00:48:10.1014043Z SHA256 digest of downloaded artifact is c0b8cac48eb04e5c4bf171d44ae480bcc940e7884c236ab973963fed4621021f
2026-09-29T00:48:10.1016019Z Artifact download completed successfully.
2026-09-29T00:48:10.1022935Z Total of 1 artifact(s) downloaded
2026-09-29T00:48:10.1023809Z Download artifact has finished successfully
2026-09-29T00:48:10.1197014Z ##[group]Run chmod u+x frozen/native-test
2026-09-29T00:48:10.1197866Z [36;1mchmod u+x frozen/native-test[0m
2026-09-29T00:48:10.1198675Z [36;1mpython -B frozen/distributed_stability.py cell --bundle frozen --manifest-sha256 "$FROZEN_MANIFEST" --id "$CELL_ID" --out evidence --timeout-seconds 18000[0m
2026-09-29T00:48:10.1515203Z shell: /usr/bin/bash -e {0}
2026-09-29T00:48:10.1515617Z env:
2026-09-29T00:48:10.1515996Z   pythonLocation: /opt/hostedtoolcache/Python/3.13.15/x64
2026-09-29T00:48:10.1516602Z   PKG_CONFIG_PATH: /opt/hostedtoolcache/Python/3.13.15/x64/lib/pkgconfig
2026-09-29T00:48:10.1517548Z   Python_ROOT_DIR: /opt/hostedtoolcache/Python/3.13.15/x64
2026-09-29T00:48:10.1518134Z   Python2_ROOT_DIR: /opt/hostedtoolcache/Python/3.13.15/x64
2026-09-29T00:48:10.1518661Z   Python3_ROOT_DIR: /opt/hostedtoolcache/Python/3.13.15/x64
2026-09-29T00:48:10.1519196Z   LD_LIBRARY_PATH: /opt/hostedtoolcache/Python/3.13.15/x64/lib
2026-09-29T00:48:10.1519897Z   FROZEN_MANIFEST: 70a51be54a7e3100a5267ca310bf5c7f05a3c388a389b7c54904e6365c477cc8
2026-09-29T00:48:10.1520484Z   CELL_ID: ussr-42
2026-09-29T00:48:10.1520787Z ##[endgroup]
2026-09-29T05:48:24.3774284Z Distributed stability refused: InvalidEvidence: Shard did not complete unchanged
2026-09-29T05:48:24.3878299Z ##[error]Process completed with exit code 2.
2026-09-29T05:48:24.3971491Z ##[group]Run actions/upload-artifact@v4
2026-09-29T05:48:24.3971875Z with:
2026-09-29T05:48:24.3972108Z   name: full-stability-cell-ussr-42-1
2026-09-29T05:48:24.3972396Z   path: evidence
2026-09-29T05:48:24.3972616Z   if-no-files-found: error
2026-09-29T05:48:24.3972876Z   compression-level: 0
2026-09-29T05:48:24.3973118Z   retention-days: 7
2026-09-29T05:48:24.3973359Z   overwrite: false
2026-09-29T05:48:24.3973590Z   include-hidden-files: false
2026-09-29T05:48:24.3973832Z env:
2026-09-29T05:48:24.3974097Z   pythonLocation: /opt/hostedtoolcache/Python/3.13.15/x64
2026-09-29T05:48:24.3974540Z   PKG_CONFIG_PATH: /opt/hostedtoolcache/Python/3.13.15/x64/lib/pkgconfig
2026-09-29T05:48:24.3974981Z   Python_ROOT_DIR: /opt/hostedtoolcache/Python/3.13.15/x64
2026-09-29T05:48:24.3975390Z   Python2_ROOT_DIR: /opt/hostedtoolcache/Python/3.13.15/x64
2026-09-29T05:48:24.3975784Z   Python3_ROOT_DIR: /opt/hostedtoolcache/Python/3.13.15/x64
2026-09-29T05:48:24.3976234Z   LD_LIBRARY_PATH: /opt/hostedtoolcache/Python/3.13.15/x64/lib
2026-09-29T05:48:24.3976573Z ##[endgroup]
2026-09-29T05:48:24.5701386Z (node:4801) [DEP0040] DeprecationWarning: The `punycode` module is deprecated. Please use a userland alternative instead.
2026-09-29T05:48:24.5702279Z (Use `node --trace-deprecation ...` to show where the warning was created)
2026-09-29T05:48:24.5821152Z With the provided path, there will be 15 files uploaded
2026-09-29T05:48:24.5827403Z Artifact name is valid!
2026-09-29T05:48:24.5828219Z Root directory input is valid!
2026-09-29T05:48:24.8188750Z Beginning upload of artifact content to blob storage
2026-09-29T05:48:24.8870993Z (node:4801) [DEP0169] DeprecationWarning: `url.parse()` behavior is not standardized and prone to errors that have security implications. Use the WHATWG URL API instead. CVEs are not issued for `url.parse()` vulnerabilities.
2026-09-29T05:48:25.1114183Z Uploaded bytes 8388608
2026-09-29T05:48:25.1502292Z Uploaded bytes 16777216
2026-09-29T05:48:25.2701058Z Uploaded bytes 25165824
2026-09-29T05:48:25.2753758Z Uploaded bytes 33554432
2026-09-29T05:48:25.2999628Z Uploaded bytes 41943040
2026-09-29T05:48:25.4293783Z Uploaded bytes 49313919
2026-09-29T05:48:25.4470411Z Finished uploading artifact content to blob storage!
2026-09-29T05:48:25.4471923Z SHA256 digest of uploaded artifact zip is 87bdb3b7313598d7fc5d747ae884c82a47bb9448c1982397f7bd6923762fcbb1
2026-09-29T05:48:25.4473909Z Finalizing artifact upload
2026-09-29T05:48:25.6206397Z Artifact full-stability-cell-ussr-42-1.zip successfully finalized. Artifact ID 11015885244
2026-09-29T05:48:25.6208624Z Artifact full-stability-cell-ussr-42-1 has been successfully uploaded! Final size is 49313919 bytes. Artifact ID is 11015885244
2026-09-29T05:48:25.6214326Z Artifact download URL: https://github.com/ridgemerkley2-web/Spheres/actions/runs/36474011141/artifacts/11015885244
2026-09-29T05:48:25.6444656Z Cleaning up orphan processes
2026-09-29T05:48:25.6693986Z ##[warning]Node.js 20 is deprecated. The following actions target Node.js 20 but are being forced to run on Node.js 24: actions/download-artifact@v4, actions/setup-python@v5, actions/upload-artifact@v4. For more information see: https://github.blog/changelog/2025-09-19-deprecation-of-node-20-on-github-actions-runners/
