2026-09-28T13:45:25Z
26d5d63ae97b0efc2cf5ddbb8a8260ed6e80d0c8
warning: unused import: `path::PathBuf`
 --> spheres-web\vendor\tiny_http\src\connection.rs:7:5
  |
7 |     path::PathBuf,
  |     ^^^^^^^^^^^^^
  |
  = note: `#[warn(unused_imports)]` (part of `#[warn(unused)]`) on by default

warning: unused import: `SequentialWriter`
 --> spheres-web\vendor\tiny_http\src\util\mod.rs:7:28
  |
7 | pub use self::sequential::{SequentialWriter, SequentialWriterBuilder};
  |                            ^^^^^^^^^^^^^^^^

warning: trait `MustBeShareDummy` is never used
   --> spheres-web\vendor\tiny_http\src\lib.rs:164:7
    |
164 | trait MustBeShareDummy: Sync + Send {}
    |       ^^^^^^^^^^^^^^^^
    |
    = note: `#[warn(dead_code)]` (part of `#[warn(unused)]`) on by default

   Compiling spheres-web v0.6.0 (D:\Spheres-s24-successors\spheres-web)
warning: `tiny_http` (lib) generated 3 warnings (run `cargo fix --lib -p tiny_http` to apply 2 suggestions)
    Finished `release` profile [optimized] target(s) in 1m 15s
     Running unittests src\main.rs (D:/spheres-target-s24\release\deps\spheres_web-55caf82b2dcec446.exe)

running 1 test
test campaign_journey::tests::s21_export_review_fixtures ... ok

test result: ok. 1 passed; 0 failed; 0 ignored; 0 measured; 455 filtered out; finished in 1.91s

     Running tests\http_connections.rs (D:/spheres-target-s24\release\deps\http_connections-8051dd677c5ff060.exe)

running 0 tests

test result: ok. 0 passed; 0 failed; 0 ignored; 0 measured; 1 filtered out; finished in 0.00s

run 1 exit=0
warning: unused import: `path::PathBuf`
 --> spheres-web\vendor\tiny_http\src\connection.rs:7:5
  |
7 |     path::PathBuf,
  |     ^^^^^^^^^^^^^
  |
  = note: `#[warn(unused_imports)]` (part of `#[warn(unused)]`) on by default

warning: unused import: `SequentialWriter`
 --> spheres-web\vendor\tiny_http\src\util\mod.rs:7:28
  |
7 | pub use self::sequential::{SequentialWriter, SequentialWriterBuilder};
  |                            ^^^^^^^^^^^^^^^^

warning: trait `MustBeShareDummy` is never used
   --> spheres-web\vendor\tiny_http\src\lib.rs:164:7
    |
164 | trait MustBeShareDummy: Sync + Send {}
    |       ^^^^^^^^^^^^^^^^
    |
    = note: `#[warn(dead_code)]` (part of `#[warn(unused)]`) on by default

warning: `tiny_http` (lib) generated 3 warnings (run `cargo fix --lib -p tiny_http` to apply 2 suggestions)
    Finished `release` profile [optimized] target(s) in 0.05s
     Running unittests src\main.rs (D:/spheres-target-s24\release\deps\spheres_web-55caf82b2dcec446.exe)

running 1 test
test campaign_journey::tests::s21_export_review_fixtures ... ok

test result: ok. 1 passed; 0 failed; 0 ignored; 0 measured; 455 filtered out; finished in 1.89s

     Running tests\http_connections.rs (D:/spheres-target-s24\release\deps\http_connections-8051dd677c5ff060.exe)

running 0 tests

test result: ok. 0 passed; 0 failed; 0 ignored; 0 measured; 1 filtered out; finished in 0.00s

run 2 exit=0
2026-09-28T13:46:45Z
