Armenia activation_save_load: passed
Azerbaijan activation_save_load: passed
Belarus activation_save_load: passed
Bosnia activation_save_load: passed
Croatia activation_save_load: passed
Estonia activation_save_load: passed
Georgia activation_save_load: passed
Kazakhstan activation_save_load: passed
Kyrgyzstan activation_save_load: passed
Latvia activation_save_load: passed
Lithuania activation_save_load: passed
Macedonia activation_save_load: passed
Moldova activation_save_load: passed
Montenegro activation_save_load: passed
Russia activation_save_load: passed
Serbia activation_save_load: passed
Slovenia activation_save_load: passed
Tajikistan activation_save_load: passed
Turkmenistan activation_save_load: passed
Ukraine activation_save_load: passed
Uzbekistan activation_save_load: passed
Croatia browser_ui: passed
Kazakhstan browser_ui: passed
Russia browser_ui: passed
Serbia browser_ui: passed
{
  "result": "D:\\spheres-scratch\\s24\\runs\\final-26d5\\result.json",
  "summary": {
    "selection_guard": {
      "passed": 23,
      "failed": 0,
      "blocked": 0,
      "unrun": 0
    },
    "activation_save_load": {
      "passed": 21,
      "failed": 0,
      "blocked": 0,
      "unrun": 2
    },
    "browser_ui": {
      "passed": 4,
      "failed": 0,
      "blocked": 0,
      "unrun": 19
    }
  },
  "validation_errors": []
}
