warning: unused import: `path::PathBuf`
 --> spheres-web\vendor\tiny_http\src\connection.rs:7:5
  |
7 |     path::PathBuf,
  |     ^^^^^^^^^^^^^
  |
  = note: `#[warn(unused_imports)]` (part of `#[warn(unused)]`) on by default

warning: unused import: `SequentialWriter`
 --> spheres-web\vendor\tiny_http\src\util\mod.rs:7:28
  |
7 | pub use self::sequential::{SequentialWriter, SequentialWriterBuilder};
  |                            ^^^^^^^^^^^^^^^^

warning: trait `MustBeShareDummy` is never used
   --> spheres-web\vendor\tiny_http\src\lib.rs:164:7
    |
164 | trait MustBeShareDummy: Sync + Send {}
    |       ^^^^^^^^^^^^^^^^
    |
    = note: `#[warn(dead_code)]` (part of `#[warn(unused)]`) on by default

warning: `tiny_http` (lib) generated 3 warnings (run `cargo fix --lib -p tiny_http` to apply 2 suggestions)
    Finished `release` profile [optimized] target(s) in 0.11s
     Running unittests src\main.rs (../integration-target\release\deps\spheres_web-55caf82b2dcec446.exe)

running 2 tests
test operations_view::tests::empty_fleet_and_unfunded_stock_do_not_invent_support_or_loss_reports ... ok
test operations_view::tests::ground_panel_preserves_native_operations_and_excludes_aircraft_and_refit_reservations ... ok

test result: ok. 2 passed; 0 failed; 0 ignored; 0 measured; 403 filtered out; finished in 0.03s

     Running tests\http_connections.rs (../integration-target\release\deps\http_connections-8051dd677c5ff060.exe)

running 0 tests

test result: ok. 0 passed; 0 failed; 0 ignored; 0 measured; 1 filtered out; finished in 0.00s

