✔ inbox opens a dated native review and cancellation sends no command (7.6104ms)
✔ one confirmation posts the exact nested command and native token once (3.0148ms)
✔ late success and failure cannot revive a cancelled or reopened dialog (5.7717ms)
✔ a newer review wins and stale world or session replacement cannot confirm (3.3705ms)
✔ mismatched command, nation, session or missing token never enables confirmation (12.4237ms)
✔ refused or locally altered reviewed commands do not spend and display native reasons (2.6407ms)
✔ server stale-review refusal adopts current state and demands a fresh review (2.5623ms)
✔ command errors refresh by reading state without retrying the order (2.1012ms)
✔ an uncertain command envelope leaves the shared receipt available for recovery (5.276ms)
✔ a command response from an older closed dialog cannot replace a newer world (2.0192ms)
✔ nested key order is immaterial, unsupported commands and unsafe labels stay inert (1.7347ms)
✔ standing policy, currency and aim controls all review before any order (8.4049ms)
✔ existing pending receipts block new or already-reviewed orders (1.9668ms)
✔ dated native history names remain escaped and original request identity is retained (0.9428ms)
✔ pending requests precede optional aims and sort by the native deadline without mutating the inbox (3.7869ms)
✔ reply dates are exclusive, the final day is singular, and closed windows never say today (1.7048ms)
✔ overdue requests retain exact deadline order when native days remaining is clamped to zero (3.1736ms)
✔ blocked acceptance retains a decline review and both request and quoted identities remain escaped (4.9188ms)
✔ future organization disclosures preserve counterfactual play and escape research notes (5.2672ms)
✔ party-only offices stay distinct from national office eligibility (0.5092ms)
✔ future paired leadership explains vacancies without replacing existing single chairs (0.735ms)
✔ explicit contenders use the supplied national role without scheduling election outcomes (0.3382ms)
✔ a future party successor does not gain national eligibility from age or biography (0.357ms)
✔ older payloads do not invent missing executive eligibility (0.2581ms)
✔ government-role explanations retain campaign appointments and escape sourced prose (16.0385ms)
✔ 1990 campaign offers a separate fictional future preview without filling its historical gap (0.5484ms)
✔ future biography, pending cartoon and researched background have distinct honest labels (0.4392ms)
✔ future preview does not show a misleading age calculated at the 1990 campaign date (0.5059ms)
✔ a registered fictional cartoon is labelled as an imagined appearance rather than historical likeness (0.3876ms)
✔ historical reference controls remain bounded and exclude fictional previews (0.4369ms)
✔ future names are searchable in campaign mode without entering historical search results (0.3227ms)
✔ actual future eligibility is taken from the server and never inferred from the biography (0.4036ms)
✔ rule-off campaigns expose future cast previews without claiming active succession eligibility (0.2961ms)
✔ seated fictional leaders stay visibly fictional in leadership and executive overview (0.7098ms)
✔ future coalition previews retain separate component identities (1.0199ms)
✔ archived sequential organizations do not appear as current future successors or search matches (0.3256ms)
✔ future text and research links are escaped and rendering does not mutate the catalogue (0.416ms)
✔ leadership gets an accessible active tab when the API supplies its read model (0.2589ms)
✔ older government payloads keep their existing four sections (0.3122ms)
✔ every party is represented, including a zero-share small partner and explicit gaps (0.4222ms)
✔ combined game rows retain each component leader instead of inventing a joint person (0.2521ms)
✔ campaign holders preserve supplied identities, dates, roles and divergence (0.2052ms)
✔ reference browsing displays reference identities without leaking current campaign holders (0.5008ms)
✔ the year list covers 1990–2026 while exact dates stop at the verified cutoff (0.1492ms)
✔ reference controls expose distinct host hooks and never an order or confirmation (0.201ms)
✔ loading reference hides a previous successful response (0.4248ms)
✔ failed reference hides stale data and retries the reference only (0.2023ms)
✔ stale nation and date responses are not presented as the selected reference (0.2608ms)
✔ campaign mode ignores an unrelated pending or failed historical response (0.2674ms)
✔ campaigns with the rule off label historical identities as references (0.49ms)
✔ unknown dates remain unknown; month and year precision stay visible (0.2766ms)
✔ acting and co-leadership are preserved with separate person identities (0.2226ms)
✔ candidate evidence is a disclosure, not a promised election outcome (0.2466ms)
✔ known people without art keep names and explicit avatar placeholders (0.2284ms)
✔ cartoon artwork is uncropped, compact and explicitly labelled (0.7296ms)
✔ overview displays only the exact bound executive cartoon and preserves the person name (0.2573ms)
✔ untrusted image URLs cannot become avatar requests (0.7848ms)
✔ source disclosures keep HTTPS evidence and reject executable or local links (0.5486ms)
✔ search includes people, native names and small component parties (0.3315ms)
✔ search does not mutate dates, terms, candidates or caller state (0.2557ms)
✔ person ages are served labels rather than a browser-derived number (0.3558ms)
✔ foreign views retain the same read-only leadership browsing controls (0.3026ms)
✔ missing leadership payload and backend errors remain explicit (0.1217ms)
✔ unknown person references do not fabricate a name, face or biography (0.191ms)
✔ party, person, component, image credits and search text are HTML escaped (0.3641ms)
✔ empty and filtered-out catalogues explain the distinction (0.1463ms)
✔ avatar attribution distinguishes generated artwork from a licensed reference image (0.2509ms)
✔ a supplied artwork license gets its own safe link and unsafe license URLs stay plain text (0.4722ms)
✔ generated cartoons expose a separate derivative artwork license without conflating the reference (1.0797ms)
✔ uncertain historical people are disclosed separately from verified holders and eligible candidates (0.4555ms)
✔ a person known only through an uncertain date can still be found without making them eligible (0.1802ms)
✔ leadership browsing does not expose a retained decision confirmation from another section (15.031ms)
✔ actual historical host uses a GET read without a command, session receipt or world adoption (14.597ms)
✔ out-of-order historical responses cannot overwrite a later selected date (6.9987ms)
✔ same-date retries use request identity so an older error cannot replace new data (11.3992ms)
✔ closing Government invalidates an in-flight reference without a late redraw (11.5005ms)
✔ switching nation clears the reference and its search before an old response returns (10.211ms)
✔ leaving Leadership invalidates pending references without clearing other tab searches (6.4517ms)
✔ switching to campaign mode rejects the old reference result (12.5833ms)
✔ reference host reports API errors and rejects wrong nation/date success payloads (29.2389ms)
✔ invalid and unresearched calendar dates never reach the API (69.6724ms)
✔ opening historical mode defaults to the campaign date bounded by researched coverage (24.3078ms)
✔ historical cache can be reused only for the same nation and date (6.1474ms)
✔ selector art credit no longer invents a verified portrait source (0.3987ms)
✔ index host preserves its CRLF line endings and every inline script parses (16.1867ms)
✔ actual tab keyboard routing follows rendered tabs, including five-tab and legacy four-tab layouts (9.6534ms)
✔ actual redraw preserves leadership search selection and filtered disclosures, scoped to the nation (15.7825ms)
ℹ tests 87
ℹ suites 0
ℹ pass 87
ℹ fail 0
ℹ cancelled 0
ℹ skipped 0
ℹ todo 0
ℹ duration_ms 493.178
