
running 1 test
S22 diagnosis day 1/31: 1 Jan 2015 -> 2 Jan 2015, observed 351.704 ms, native 501.398 ms; exact world/headlines
S22 diagnosis day 2/31: 2 Jan 2015 -> 3 Jan 2015, observed 323.060 ms, native 322.981 ms; exact world/headlines
S22 diagnosis day 3/31: 3 Jan 2015 -> 4 Jan 2015, observed 324.700 ms, native 326.999 ms; exact world/headlines
S22 diagnosis day 4/31: 4 Jan 2015 -> 5 Jan 2015, observed 321.516 ms, native 238.269 ms; exact world/headlines
S22 diagnosis day 5/31: 5 Jan 2015 -> 6 Jan 2015, observed 328.936 ms, native 330.536 ms; exact world/headlines
S22 diagnosis day 6/31: 6 Jan 2015 -> 7 Jan 2015, observed 323.355 ms, native 332.462 ms; exact world/headlines
S22 diagnosis day 7/31: 7 Jan 2015 -> 8 Jan 2015, observed 343.662 ms, native 336.979 ms; exact world/headlines
S22 diagnosis day 8/31: 8 Jan 2015 -> 9 Jan 2015, observed 309.497 ms, native 335.948 ms; exact world/headlines
S22 diagnosis day 9/31: 9 Jan 2015 -> 10 Jan 2015, observed 292.080 ms, native 290.780 ms; exact world/headlines
S22 diagnosis day 10/31: 10 Jan 2015 -> 11 Jan 2015, observed 319.472 ms, native 266.520 ms; exact world/headlines
S22 diagnosis day 11/31: 11 Jan 2015 -> 12 Jan 2015, observed 245.849 ms, native 340.378 ms; exact world/headlines
S22 diagnosis day 12/31: 12 Jan 2015 -> 13 Jan 2015, observed 260.007 ms, native 233.381 ms; exact world/headlines
S22 diagnosis day 13/31: 13 Jan 2015 -> 14 Jan 2015, observed 281.693 ms, native 275.303 ms; exact world/headlines
S22 diagnosis day 14/31: 14 Jan 2015 -> 15 Jan 2015, observed 339.846 ms, native 325.037 ms; exact world/headlines
S22 diagnosis day 15/31: 15 Jan 2015 -> 16 Jan 2015, observed 308.745 ms, native 329.016 ms; exact world/headlines
S22 diagnosis day 16/31: 16 Jan 2015 -> 17 Jan 2015, observed 330.028 ms, native 330.089 ms; exact world/headlines
S22 diagnosis day 17/31: 17 Jan 2015 -> 18 Jan 2015, observed 460.077 ms, native 456.416 ms; exact world/headlines
S22 diagnosis day 18/31: 18 Jan 2015 -> 19 Jan 2015, observed 313.928 ms, native 314.809 ms; exact world/headlines
S22 diagnosis day 19/31: 19 Jan 2015 -> 20 Jan 2015, observed 324.448 ms, native 312.308 ms; exact world/headlines
S22 diagnosis day 20/31: 20 Jan 2015 -> 21 Jan 2015, observed 308.454 ms, native 337.662 ms; exact world/headlines
S22 diagnosis day 21/31: 21 Jan 2015 -> 22 Jan 2015, observed 334.261 ms, native 312.017 ms; exact world/headlines
S22 diagnosis day 22/31: 22 Jan 2015 -> 23 Jan 2015, observed 341.356 ms, native 337.195 ms; exact world/headlines
S22 diagnosis day 23/31: 23 Jan 2015 -> 24 Jan 2015, observed 341.594 ms, native 337.469 ms; exact world/headlines
S22 diagnosis day 24/31: 24 Jan 2015 -> 25 Jan 2015, observed 343.858 ms, native 327.233 ms; exact world/headlines
S22 diagnosis day 25/31: 25 Jan 2015 -> 26 Jan 2015, observed 321.965 ms, native 301.638 ms; exact world/headlines
S22 diagnosis day 26/31: 26 Jan 2015 -> 27 Jan 2015, observed 341.838 ms, native 333.511 ms; exact world/headlines
S22 diagnosis day 27/31: 27 Jan 2015 -> 28 Jan 2015, observed 457.961 ms, native 438.250 ms; exact world/headlines
S22 diagnosis day 28/31: 28 Jan 2015 -> 29 Jan 2015, observed 231.760 ms, native 309.861 ms; exact world/headlines
S22 diagnosis day 29/31: 29 Jan 2015 -> 30 Jan 2015, observed 332.347 ms, native 324.436 ms; exact world/headlines
S22 diagnosis day 30/31: 30 Jan 2015 -> 31 Jan 2015, observed 330.170 ms, native 326.310 ms; exact world/headlines
S22 diagnosis day 31/31: 31 Jan 2015 -> 1 Feb 2015, observed 679.214 ms, native 695.246 ms; exact world/headlines
test performance::s22_daily_subsystem_diagnosis ... ok

test result: ok. 1 passed; 0 failed; 0 ignored; 0 measured; 455 filtered out; finished in 73.77s

