
running 1 test
S22 diagnosis day 1/31: 30 Nov 2035 -> 1 Dec 2035, observed 289.974 ms, native 291.260 ms; exact world/headlines
S22 diagnosis day 2/31: 1 Dec 2035 -> 2 Dec 2035, observed 14579.053 ms, native 16466.689 ms; exact world/headlines
S22 diagnosis day 3/31: 2 Dec 2035 -> 3 Dec 2035, observed 382.439 ms, native 388.696 ms; exact world/headlines
S22 diagnosis day 4/31: 3 Dec 2035 -> 4 Dec 2035, observed 378.909 ms, native 358.648 ms; exact world/headlines
S22 diagnosis day 5/31: 4 Dec 2035 -> 5 Dec 2035, observed 276.769 ms, native 275.888 ms; exact world/headlines
S22 diagnosis day 6/31: 5 Dec 2035 -> 6 Dec 2035, observed 272.747 ms, native 271.719 ms; exact world/headlines
S22 diagnosis day 7/31: 6 Dec 2035 -> 7 Dec 2035, observed 276.366 ms, native 275.055 ms; exact world/headlines
S22 diagnosis day 8/31: 7 Dec 2035 -> 8 Dec 2035, observed 268.110 ms, native 256.267 ms; exact world/headlines
S22 diagnosis day 9/31: 8 Dec 2035 -> 9 Dec 2035, observed 258.192 ms, native 266.281 ms; exact world/headlines
S22 diagnosis day 10/31: 9 Dec 2035 -> 10 Dec 2035, observed 280.428 ms, native 283.893 ms; exact world/headlines
S22 diagnosis day 11/31: 10 Dec 2035 -> 11 Dec 2035, observed 290.203 ms, native 274.733 ms; exact world/headlines
S22 diagnosis day 12/31: 11 Dec 2035 -> 12 Dec 2035, observed 312.139 ms, native 279.294 ms; exact world/headlines
S22 diagnosis day 13/31: 12 Dec 2035 -> 13 Dec 2035, observed 279.551 ms, native 275.340 ms; exact world/headlines
S22 diagnosis day 14/31: 13 Dec 2035 -> 14 Dec 2035, observed 392.304 ms, native 392.849 ms; exact world/headlines
S22 diagnosis day 15/31: 14 Dec 2035 -> 15 Dec 2035, observed 400.880 ms, native 414.868 ms; exact world/headlines
S22 diagnosis day 16/31: 15 Dec 2035 -> 16 Dec 2035, observed 411.630 ms, native 405.748 ms; exact world/headlines
S22 diagnosis day 17/31: 16 Dec 2035 -> 17 Dec 2035, observed 268.918 ms, native 372.317 ms; exact world/headlines
S22 diagnosis day 18/31: 17 Dec 2035 -> 18 Dec 2035, observed 422.482 ms, native 355.899 ms; exact world/headlines
S22 diagnosis day 19/31: 18 Dec 2035 -> 19 Dec 2035, observed 431.584 ms, native 444.135 ms; exact world/headlines
S22 diagnosis day 20/31: 19 Dec 2035 -> 20 Dec 2035, observed 415.492 ms, native 402.314 ms; exact world/headlines
S22 diagnosis day 21/31: 20 Dec 2035 -> 21 Dec 2035, observed 434.645 ms, native 405.307 ms; exact world/headlines
S22 diagnosis day 22/31: 21 Dec 2035 -> 22 Dec 2035, observed 300.885 ms, native 294.952 ms; exact world/headlines
S22 diagnosis day 23/31: 22 Dec 2035 -> 23 Dec 2035, observed 304.345 ms, native 307.475 ms; exact world/headlines
S22 diagnosis day 24/31: 23 Dec 2035 -> 24 Dec 2035, observed 377.298 ms, native 417.766 ms; exact world/headlines
S22 diagnosis day 25/31: 24 Dec 2035 -> 25 Dec 2035, observed 268.693 ms, native 274.544 ms; exact world/headlines
S22 diagnosis day 26/31: 25 Dec 2035 -> 26 Dec 2035, observed 299.605 ms, native 284.575 ms; exact world/headlines
S22 diagnosis day 27/31: 26 Dec 2035 -> 27 Dec 2035, observed 262.093 ms, native 274.852 ms; exact world/headlines
S22 diagnosis day 28/31: 27 Dec 2035 -> 28 Dec 2035, observed 660.354 ms, native 555.332 ms; exact world/headlines
S22 diagnosis day 29/31: 28 Dec 2035 -> 29 Dec 2035, observed 384.221 ms, native 278.820 ms; exact world/headlines
S22 diagnosis day 30/31: 29 Dec 2035 -> 30 Dec 2035, observed 232.801 ms, native 365.122 ms; exact world/headlines
S22 diagnosis day 31/31: 30 Dec 2035 -> 31 Dec 2035, observed 383.767 ms, native 375.380 ms; exact world/headlines
test performance::s22_daily_subsystem_diagnosis ... ok

test result: ok. 1 passed; 0 failed; 0 ignored; 0 measured; 455 filtered out; finished in 103.90s

