✔ overview routes annual renewal, building counts and advice without changing the draft (27.8267ms)
✔ overview reflects enacted plans and does not invent a construction count when unavailable (222.2609ms)
✔ annual drafts adopt the current fiscal year without changing the saved draft (185.8592ms)
✔ Welfare keeps the existing Pensions budget key and changes only its own allocation (238.5754ms)
✔ ministry presses preserve tax, rate and unrelated orders and one atomic annual draft (253.0397ms)
✔ revert discards every queued order and redraws the live budget (80.0378ms)
✔ closing the cabinet preserves drafts, removes modality and restores focus (150.456ms)
✔ cabinet keyboard navigation wraps tabs and traps focus without consuming native range keys (691.6344ms)
✔ cabinet is an accessible modal with industry and a gameplay-shortcut guard (3.8829ms)
✔ tab selection changes visibility and roving focus, never the pending budget (182.975ms)
✔ industry tab delegates opening, mounts once and closes its read lifecycle on departure (199.3013ms)
✔ cash-flow lifecycle follows overview visibility and preserves drafts (282.8405ms)
✔ cash-flow shortcuts navigate to financial controls without changing the plan or issuing orders (284.6551ms)
✔ an explicit cash-flow link reveals the summary after reopening the overview (33.6023ms)
✔ industry actions reach specific existing controls without making economic orders (258.4834ms)
✔ draft summary reacts to queued tax and includes interest exactly once (21.0893ms)
✔ enacting an untouched first budget queues the inherited plan and advances exactly one day (153.2188ms)
✔ a failed enact preserves the mixed draft and releases the busy guard for retry (263.7288ms)
✔ all draft controls are inert only while the asynchronous enact is pending (191.0764ms)
✔ dated command refusals are surfaced in the footer and live region after advance (79.1985ms)
✔ the cabinet painting is local and the original vector remains available (5.2297ms)
✔ effect previews index the served reference-anchored curve and respect its limits (179.542ms)
✔ budget cost distinguishes first enactment, cuts and reopening an enacted year (203.1252ms)
✔ the treasury card distinguishes absent books from zero money and preserves annual units (126.0584ms)
✔ qualified company identities keep supplier property and contractor fees separate (39.1337ms)
✔ role, sector and available-work filters use the correct company account (1.0933ms)
✔ supplier operating readings preserve unknowns, shortage quantities and actual receipt distinction (1.4999ms)
✔ supplier deep links cannot resolve a service contractor with the same numeric ID (1.3093ms)
✔ assignment review makes no purchase and confirmation sends the exact returned quote once (1.2416ms)
✔ a replaced campaign, intervening state or pending command invalidates open review (28.161ms)
✔ wrong action or campaign in a quote cannot become a command (3.18ms)
✔ refused quotes and refused commands do not adopt or automatically retry (1.671ms)
✔ company-network adoption uses the same explicit review and command lane (0.8272ms)
✔ late directory or command responses cannot replace another campaign (1.0083ms)
✔ designer review honors selected manufacturer and refuses unavailable deep links (2.606ms)
✔ company panel is reachable and all shipped inline JavaScript remains parseable (38.9526ms)
✔ map construction sprites resolve coarse geometry separately from close cards (100.8041ms)
✔ suggestions show at most three reason-first cards with served costs, lead times and evidence (115.6653ms)
✔ suggestions respect province scope and useful empty states without inventing a recommendation (95.1439ms)
✔ suggestion fields are escaped and unavailable timing and costs remain unavailable (51.6473ms)
✔ suggestion selection is disabled while stale, loading, busy or tied to another world or scope (607.9424ms)
✔ reviewing a suggestion sends its exact project, province and frozen size only to the read-only preview (113.9132ms)
✔ a suggestion button captures the current ledger and cannot select a replacement payload (54.0129ms)
✔ the production fetch binds suggestions to the state used for its request (65.7649ms)
✔ suggestions appear only on the queue between funding and the project list (59.7285ms)
✔ all shipped inline scripts and companion UI scripts parse (44.6079ms)
✔ funding form formats the served daily target in millions and preserves a zero draft (84.2197ms)
✔ unknown funding is not rendered as zero and blocked funding keeps the server reason (78.4271ms)
✔ setting a daily budget converts display units only and zero sends an explicit pause (62.3773ms)
✔ empty, negative and nonfinite budgets cannot place a financial order (456.3197ms)
✔ failed and uncertain commands preserve a budget draft and do not report success (139.3053ms)
✔ a pending turn or in-flight project command blocks duplicate financial orders (65.6658ms)
✔ project rows display served money, progress and ETA without construction inputs or slots (62.6107ms)
✔ project names, reasons and quoted attributes cannot inject HTML (61.5712ms)
✔ service fees remain separate from frozen construction base work and the daily total (60.4487ms)
✔ the first paid work remains visible below one percent without inventing progress on unstarted projects (56.0064ms)
✔ mines share the construction queue with map access and no unsupported management actions (56.6507ms)
✔ project start requires a matching current preview and retains served eligibility (61.7597ms)
✔ catalog removes construction recipes and political cost while preserving project effects (57.0611ms)
✔ province search matches names and codes, preserves eligible scope and reports useful no-results text (56.0802ms)
✔ province context uses real upgrades, fractional workshops and active projects without predicting output (58.6968ms)
✔ unavailable provinces and scoped catalog cards show exact served prerequisites without a start action (58.3618ms)
✔ search clear and unavailable controls update only display state (54.0117ms)
✔ workshop placement never narrows the national queue and explicit Build here scope stays fixed (63.5572ms)
✔ changing workshop location invalidates an earlier pending quote without issuing an order (54.8866ms)
✔ monthly transition notice explains all chooser screens and disables effect review without changing eligibility (68.1416ms)
✔ an explicit project link waits for its card, then reveals it once without stealing focus on refresh (82.0636ms)
✔ workshop quotes send campaign identity and ignore a delayed previous campaign (60.3442ms)
✔ workshop selection reviews impacts first and confirms the exact frozen size through the command channel (55.5844ms)
✔ stale and wrong-province workshop quotes cannot place a project or select a different impact review (130.6115ms)
✔ cancel explains sunk spending and respects server permission; priorities require allowed transitions (75.3636ms)
✔ shared construction route carries province/project intent and resets previous-campaign drafts (63.0265ms)
✔ impact review shows separate province and national before/after effects, timing and operating needs (60.5012ms)
✔ impact money uses the shared dollar scale and preserves periods, signs, zero and unknown values (54.9128ms)
✔ effect comparisons use the server timing label and keep completion as the default (52.7474ms)
✔ effects, model notes and requirements are escaped and missing estimates do not become invented gains (55.4662ms)
✔ province selection makes one read-only impact request; only confirmation starts the reviewed project (56.8518ms)
✔ a blocked preview remains informative but cannot enqueue work (68.6289ms)
✔ state adoption or campaign replacement invalidates preview permission even on the same calendar date (213.2826ms)
✔ a delayed effect response cannot overwrite a later project or an adopted state (60.1229ms)
✔ a mismatched province, project, frozen size or commodity never creates a usable preview (319.4005ms)
✔ mine effects are reviewed without a resource command, then commit the exact commodity and district (60.2969ms)
✔ loading, pending commands and read failures keep the final action unavailable and recoverable (52.5178ms)
ℹ tests 83
ℹ suites 0
ℹ pass 83
ℹ fail 0
ℹ cancelled 0
ℹ skipped 0
ℹ todo 0
ℹ duration_ms 4850.4352
