✔ Materials GDP bridge displays the served decomposition without adding observed output twice (17.651ms)
✔ An observed inherited Materials project names the included GDP share without subtracting in JavaScript (1.0496ms)
✔ All-country and province inherited estimates stay compact and expose location uncertainty (2.5105ms)
✔ Inherited counts retain tiny nonzero capacity and unknown amounts never become free zeros (0.9732ms)
✔ the real page loads the assets and refreshes selected economy readings from server state (15.3138ms)
✔ money and percentages keep missing amounts unknown, zero exact and small output visible (1.1312ms)
✔ province output, sectors and work amounts are served values, never added again in the browser (2.3048ms)
✔ classification labels distinguish inherited activity, new value, enablers and undelivered orders (5.1953ms)
✔ hostile server labels cannot create HTML or break quoted province attributes (1.2233ms)
✔ missing or legacy economic data gets an explicit fallback, not fabricated zeros (0.758ms)
✔ the national ledger retains unallocated GDP and makes mapped provinces selectable for all countries (2.9454ms)
✔ expanded sections survive insertion, reorder and async rerender by stable keys (1.3833ms)
✔ actual adopt → full map rebuild → async province refresh keeps open sections and scroll (14.9181ms)
✔ province choices remain isolated and survive a loading-only drawer and another full rebuild (10.3645ms)
✔ a new campaign clears province choices and rejects previous DOM and pending readings (10.6273ms)
✔ national fetching is lazy, caches the exact reading and does not repaint another nation (2.2258ms)
✔ same-day adoption invalidation and daily changes cannot revive old national responses (1.9751ms)
✔ request failures are visible, cached without a retry loop and explicitly retryable (1.0529ms)
✔ the existing province loader carries economy and rejects stale province responses (7.4422ms)
✔ styles keep narrow dossiers contained, large touch controls and reduced-motion support (0.1438ms)
ℹ tests 20
ℹ suites 0
ℹ pass 20
ℹ fail 0
ℹ cancelled 0
ℹ skipped 0
ℹ todo 0
ℹ duration_ms 185.6577
