
running 1 test
S22 diagnosis day 1/31: 1 Jan 2015 -> 2 Jan 2015, observed 476.070 ms, native 565.046 ms; exact world/headlines
S22 diagnosis day 2/31: 2 Jan 2015 -> 3 Jan 2015, observed 240.449 ms, native 342.089 ms; exact world/headlines
S22 diagnosis day 3/31: 3 Jan 2015 -> 4 Jan 2015, observed 349.937 ms, native 346.863 ms; exact world/headlines
S22 diagnosis day 4/31: 4 Jan 2015 -> 5 Jan 2015, observed 302.891 ms, native 366.825 ms; exact world/headlines
S22 diagnosis day 5/31: 5 Jan 2015 -> 6 Jan 2015, observed 350.868 ms, native 336.415 ms; exact world/headlines
S22 diagnosis day 6/31: 6 Jan 2015 -> 7 Jan 2015, observed 244.132 ms, native 244.419 ms; exact world/headlines
S22 diagnosis day 7/31: 7 Jan 2015 -> 8 Jan 2015, observed 359.019 ms, native 377.766 ms; exact world/headlines
S22 diagnosis day 8/31: 8 Jan 2015 -> 9 Jan 2015, observed 356.292 ms, native 282.168 ms; exact world/headlines
S22 diagnosis day 9/31: 9 Jan 2015 -> 10 Jan 2015, observed 323.901 ms, native 366.738 ms; exact world/headlines
S22 diagnosis day 10/31: 10 Jan 2015 -> 11 Jan 2015, observed 372.864 ms, native 349.506 ms; exact world/headlines
S22 diagnosis day 11/31: 11 Jan 2015 -> 12 Jan 2015, observed 326.741 ms, native 364.336 ms; exact world/headlines
S22 diagnosis day 12/31: 12 Jan 2015 -> 13 Jan 2015, observed 366.077 ms, native 374.466 ms; exact world/headlines
S22 diagnosis day 13/31: 13 Jan 2015 -> 14 Jan 2015, observed 357.652 ms, native 340.029 ms; exact world/headlines
S22 diagnosis day 14/31: 14 Jan 2015 -> 15 Jan 2015, observed 358.019 ms, native 326.142 ms; exact world/headlines
S22 diagnosis day 15/31: 15 Jan 2015 -> 16 Jan 2015, observed 349.342 ms, native 343.950 ms; exact world/headlines
S22 diagnosis day 16/31: 16 Jan 2015 -> 17 Jan 2015, observed 343.639 ms, native 333.954 ms; exact world/headlines
S22 diagnosis day 17/31: 17 Jan 2015 -> 18 Jan 2015, observed 482.928 ms, native 474.687 ms; exact world/headlines
S22 diagnosis day 18/31: 18 Jan 2015 -> 19 Jan 2015, observed 319.899 ms, native 334.528 ms; exact world/headlines
S22 diagnosis day 19/31: 19 Jan 2015 -> 20 Jan 2015, observed 346.973 ms, native 338.633 ms; exact world/headlines
S22 diagnosis day 20/31: 20 Jan 2015 -> 21 Jan 2015, observed 354.541 ms, native 346.564 ms; exact world/headlines
S22 diagnosis day 21/31: 21 Jan 2015 -> 22 Jan 2015, observed 355.720 ms, native 343.872 ms; exact world/headlines
S22 diagnosis day 22/31: 22 Jan 2015 -> 23 Jan 2015, observed 358.220 ms, native 356.195 ms; exact world/headlines
S22 diagnosis day 23/31: 23 Jan 2015 -> 24 Jan 2015, observed 300.367 ms, native 345.664 ms; exact world/headlines
S22 diagnosis day 24/31: 24 Jan 2015 -> 25 Jan 2015, observed 341.720 ms, native 319.082 ms; exact world/headlines
S22 diagnosis day 25/31: 25 Jan 2015 -> 26 Jan 2015, observed 296.581 ms, native 307.692 ms; exact world/headlines
S22 diagnosis day 26/31: 26 Jan 2015 -> 27 Jan 2015, observed 351.810 ms, native 351.760 ms; exact world/headlines
S22 diagnosis day 27/31: 27 Jan 2015 -> 28 Jan 2015, observed 492.610 ms, native 470.605 ms; exact world/headlines
S22 diagnosis day 28/31: 28 Jan 2015 -> 29 Jan 2015, observed 356.629 ms, native 350.220 ms; exact world/headlines
S22 diagnosis day 29/31: 29 Jan 2015 -> 30 Jan 2015, observed 347.321 ms, native 344.833 ms; exact world/headlines
S22 diagnosis day 30/31: 30 Jan 2015 -> 31 Jan 2015, observed 297.393 ms, native 227.575 ms; exact world/headlines
S22 diagnosis day 31/31: 31 Jan 2015 -> 1 Feb 2015, observed 832.120 ms, native 781.198 ms; exact world/headlines
test performance::s22_daily_subsystem_diagnosis ... ok

test result: ok. 1 passed; 0 failed; 0 ignored; 0 measured; 450 filtered out; finished in 69.04s

