
running 1 test
S22 diagnosis day 1/31: 30 Nov 2035 -> 1 Dec 2035, observed 339.166 ms, native 257.563 ms; exact world/headlines
S22 diagnosis day 2/31: 1 Dec 2035 -> 2 Dec 2035, observed 270.589 ms, native 226.314 ms; exact world/headlines
S22 diagnosis day 3/31: 2 Dec 2035 -> 3 Dec 2035, observed 287.541 ms, native 264.873 ms; exact world/headlines
S22 diagnosis day 4/31: 3 Dec 2035 -> 4 Dec 2035, observed 187.755 ms, native 182.547 ms; exact world/headlines
S22 diagnosis day 5/31: 4 Dec 2035 -> 5 Dec 2035, observed 178.016 ms, native 224.253 ms; exact world/headlines
S22 diagnosis day 6/31: 5 Dec 2035 -> 6 Dec 2035, observed 262.524 ms, native 294.759 ms; exact world/headlines
S22 diagnosis day 7/31: 6 Dec 2035 -> 7 Dec 2035, observed 290.835 ms, native 204.387 ms; exact world/headlines
S22 diagnosis day 8/31: 7 Dec 2035 -> 8 Dec 2035, observed 286.664 ms, native 290.887 ms; exact world/headlines
S22 diagnosis day 9/31: 8 Dec 2035 -> 9 Dec 2035, observed 289.421 ms, native 292.239 ms; exact world/headlines
S22 diagnosis day 10/31: 9 Dec 2035 -> 10 Dec 2035, observed 211.597 ms, native 209.553 ms; exact world/headlines
S22 diagnosis day 11/31: 10 Dec 2035 -> 11 Dec 2035, observed 207.609 ms, native 199.033 ms; exact world/headlines
S22 diagnosis day 12/31: 11 Dec 2035 -> 12 Dec 2035, observed 234.868 ms, native 274.852 ms; exact world/headlines
S22 diagnosis day 13/31: 12 Dec 2035 -> 13 Dec 2035, observed 217.578 ms, native 222.773 ms; exact world/headlines
S22 diagnosis day 14/31: 13 Dec 2035 -> 14 Dec 2035, observed 200.215 ms, native 196.926 ms; exact world/headlines
S22 diagnosis day 15/31: 14 Dec 2035 -> 15 Dec 2035, observed 219.930 ms, native 271.976 ms; exact world/headlines
S22 diagnosis day 16/31: 15 Dec 2035 -> 16 Dec 2035, observed 225.851 ms, native 204.777 ms; exact world/headlines
S22 diagnosis day 17/31: 16 Dec 2035 -> 17 Dec 2035, observed 190.764 ms, native 196.952 ms; exact world/headlines
S22 diagnosis day 18/31: 17 Dec 2035 -> 18 Dec 2035, observed 200.754 ms, native 190.648 ms; exact world/headlines
S22 diagnosis day 19/31: 18 Dec 2035 -> 19 Dec 2035, observed 267.246 ms, native 251.355 ms; exact world/headlines
S22 diagnosis day 20/31: 19 Dec 2035 -> 20 Dec 2035, observed 299.164 ms, native 309.772 ms; exact world/headlines
S22 diagnosis day 21/31: 20 Dec 2035 -> 21 Dec 2035, observed 317.451 ms, native 306.713 ms; exact world/headlines
S22 diagnosis day 22/31: 21 Dec 2035 -> 22 Dec 2035, observed 306.046 ms, native 305.313 ms; exact world/headlines
S22 diagnosis day 23/31: 22 Dec 2035 -> 23 Dec 2035, observed 294.184 ms, native 199.709 ms; exact world/headlines
S22 diagnosis day 24/31: 23 Dec 2035 -> 24 Dec 2035, observed 303.314 ms, native 305.755 ms; exact world/headlines
S22 diagnosis day 25/31: 24 Dec 2035 -> 25 Dec 2035, observed 296.075 ms, native 240.063 ms; exact world/headlines
S22 diagnosis day 26/31: 25 Dec 2035 -> 26 Dec 2035, observed 304.567 ms, native 309.910 ms; exact world/headlines
S22 diagnosis day 27/31: 26 Dec 2035 -> 27 Dec 2035, observed 224.003 ms, native 210.044 ms; exact world/headlines
S22 diagnosis day 28/31: 27 Dec 2035 -> 28 Dec 2035, observed 410.635 ms, native 452.652 ms; exact world/headlines
S22 diagnosis day 29/31: 28 Dec 2035 -> 29 Dec 2035, observed 226.730 ms, native 227.221 ms; exact world/headlines
S22 diagnosis day 30/31: 29 Dec 2035 -> 30 Dec 2035, observed 201.112 ms, native 192.788 ms; exact world/headlines
S22 diagnosis day 31/31: 30 Dec 2035 -> 31 Dec 2035, observed 220.276 ms, native 301.850 ms; exact world/headlines
test performance::s22_daily_subsystem_diagnosis ... ok

test result: ok. 1 passed; 0 failed; 0 ignored; 0 measured; 455 filtered out; finished in 66.28s

